Archive member included to satisfy reference by file (symbol)

C:/ST/STM32CubeIDE_1.19.0/STM32CubeIDE/plugins/com.st.stm32cube.ide.mcu.externaltools.gnu-tools-for-stm32.13.3.rel1.win32_1.0.0.202411081344/tools/bin/../lib/gcc/arm-none-eabi/13.3.1/../../../../arm-none-eabi/lib/thumb/v7e-m+fp/hard\libstdc++_nano.a(del_opv.o)
                              ./Core/Src/main.o (operator delete[](void*))
C:/ST/STM32CubeIDE_1.19.0/STM32CubeIDE/plugins/com.st.stm32cube.ide.mcu.externaltools.gnu-tools-for-stm32.13.3.rel1.win32_1.0.0.202411081344/tools/bin/../lib/gcc/arm-none-eabi/13.3.1/../../../../arm-none-eabi/lib/thumb/v7e-m+fp/hard\libstdc++_nano.a(del_opvs.o)
                              ./Core/Src/main.o (operator delete[](void*, unsigned int))
C:/ST/STM32CubeIDE_1.19.0/STM32CubeIDE/plugins/com.st.stm32cube.ide.mcu.externaltools.gnu-tools-for-stm32.13.3.rel1.win32_1.0.0.202411081344/tools/bin/../lib/gcc/arm-none-eabi/13.3.1/../../../../arm-none-eabi/lib/thumb/v7e-m+fp/hard\libstdc++_nano.a(guard.o)
                              ./Core/Src/main.o (__cxa_guard_acquire)
C:/ST/STM32CubeIDE_1.19.0/STM32CubeIDE/plugins/com.st.stm32cube.ide.mcu.externaltools.gnu-tools-for-stm32.13.3.rel1.win32_1.0.0.202411081344/tools/bin/../lib/gcc/arm-none-eabi/13.3.1/../../../../arm-none-eabi/lib/thumb/v7e-m+fp/hard\libstdc++_nano.a(new_opv.o)
                              ./Core/Src/main.o (operator new[](unsigned int))
C:/ST/STM32CubeIDE_1.19.0/STM32CubeIDE/plugins/com.st.stm32cube.ide.mcu.externaltools.gnu-tools-for-stm32.13.3.rel1.win32_1.0.0.202411081344/tools/bin/../lib/gcc/arm-none-eabi/13.3.1/../../../../arm-none-eabi/lib/thumb/v7e-m+fp/hard\libstdc++_nano.a(functexcept.o)
                              ./Core/Src/main.o (std::__throw_logic_error(char const*))
C:/ST/STM32CubeIDE_1.19.0/STM32CubeIDE/plugins/com.st.stm32cube.ide.mcu.externaltools.gnu-tools-for-stm32.13.3.rel1.win32_1.0.0.202411081344/tools/bin/../lib/gcc/arm-none-eabi/13.3.1/../../../../arm-none-eabi/lib/thumb/v7e-m+fp/hard\libstdc++_nano.a(string-inst.o)
                              ./Core/Src/main.o (std::__cxx11::basic_string<char, std::char_traits<char>, std::allocator<char> >::_M_is_local() const)
C:/ST/STM32CubeIDE_1.19.0/STM32CubeIDE/plugins/com.st.stm32cube.ide.mcu.externaltools.gnu-tools-for-stm32.13.3.rel1.win32_1.0.0.202411081344/tools/bin/../lib/gcc/arm-none-eabi/13.3.1/../../../../arm-none-eabi/lib/thumb/v7e-m+fp/hard\libstdc++_nano.a(del_op.o)
                              C:/ST/STM32CubeIDE_1.19.0/STM32CubeIDE/plugins/com.st.stm32cube.ide.mcu.externaltools.gnu-tools-for-stm32.13.3.rel1.win32_1.0.0.202411081344/tools/bin/../lib/gcc/arm-none-eabi/13.3.1/../../../../arm-none-eabi/lib/thumb/v7e-m+fp/hard\libstdc++_nano.a(del_opv.o) (operator delete(void*))
C:/ST/STM32CubeIDE_1.19.0/STM32CubeIDE/plugins/com.st.stm32cube.ide.mcu.externaltools.gnu-tools-for-stm32.13.3.rel1.win32_1.0.0.202411081344/tools/bin/../lib/gcc/arm-none-eabi/13.3.1/../../../../arm-none-eabi/lib/thumb/v7e-m+fp/hard\libstdc++_nano.a(new_op.o)
                              C:/ST/STM32CubeIDE_1.19.0/STM32CubeIDE/plugins/com.st.stm32cube.ide.mcu.externaltools.gnu-tools-for-stm32.13.3.rel1.win32_1.0.0.202411081344/tools/bin/../lib/gcc/arm-none-eabi/13.3.1/../../../../arm-none-eabi/lib/thumb/v7e-m+fp/hard\libstdc++_nano.a(new_opv.o) (operator new(unsigned int))
C:/ST/STM32CubeIDE_1.19.0/STM32CubeIDE/plugins/com.st.stm32cube.ide.mcu.externaltools.gnu-tools-for-stm32.13.3.rel1.win32_1.0.0.202411081344/tools/bin/../lib/gcc/arm-none-eabi/13.3.1/../../../../arm-none-eabi/lib/thumb/v7e-m+fp/hard\libstdc++_nano.a(new_handler.o)
                              C:/ST/STM32CubeIDE_1.19.0/STM32CubeIDE/plugins/com.st.stm32cube.ide.mcu.externaltools.gnu-tools-for-stm32.13.3.rel1.win32_1.0.0.202411081344/tools/bin/../lib/gcc/arm-none-eabi/13.3.1/../../../../arm-none-eabi/lib/thumb/v7e-m+fp/hard\libstdc++_nano.a(new_op.o) (std::get_new_handler())
C:/ST/STM32CubeIDE_1.19.0/STM32CubeIDE/plugins/com.st.stm32cube.ide.mcu.externaltools.gnu-tools-for-stm32.13.3.rel1.win32_1.0.0.202411081344/tools/bin/../lib/gcc/arm-none-eabi/13.3.1/../../../../arm-none-eabi/lib/thumb/v7e-m+fp/hard\libc_nano.a(libc_a-abort.o)
                              C:/ST/STM32CubeIDE_1.19.0/STM32CubeIDE/plugins/com.st.stm32cube.ide.mcu.externaltools.gnu-tools-for-stm32.13.3.rel1.win32_1.0.0.202411081344/tools/bin/../lib/gcc/arm-none-eabi/13.3.1/../../../../arm-none-eabi/lib/thumb/v7e-m+fp/hard\libstdc++_nano.a(functexcept.o) (abort)
C:/ST/STM32CubeIDE_1.19.0/STM32CubeIDE/plugins/com.st.stm32cube.ide.mcu.externaltools.gnu-tools-for-stm32.13.3.rel1.win32_1.0.0.202411081344/tools/bin/../lib/gcc/arm-none-eabi/13.3.1/../../../../arm-none-eabi/lib/thumb/v7e-m+fp/hard\libc_nano.a(libc_a-atoi.o)
                              ./Core/Src/main.o (atoi)
[...]
Memory Configuration

Name             Origin             Length             Attributes
RAM              0x20000000         0x00010000         xrw
RAM2             0x10000000         0x00004000         xrw
FLASH            0x0801f000         0x0001f400         xr
*default*        0x00000000         0xffffffff

Linker script and memory map

LOAD C:/ST/STM32CubeIDE_1.19.0/STM32CubeIDE/plugins/com.st.stm32cube.ide.mcu.externaltools.gnu-tools-for-stm32.13.3.rel1.win32_1.0.0.202411081344/tools/bin/../lib/gcc/arm-none-eabi/13.3.1/thumb/v7e-m+fp/hard/crti.o
LOAD C:/ST/STM32CubeIDE_1.19.0/STM32CubeIDE/plugins/com.st.stm32cube.ide.mcu.externaltools.gnu-tools-for-stm32.13.3.rel1.win32_1.0.0.202411081344/tools/bin/../lib/gcc/arm-none-eabi/13.3.1/thumb/v7e-m+fp/hard/crtbegin.o
LOAD C:/ST/STM32CubeIDE_1.19.0/STM32CubeIDE/plugins/com.st.stm32cube.ide.mcu.externaltools.gnu-tools-for-stm32.13.3.rel1.win32_1.0.0.202411081344/tools/bin/../lib/gcc/arm-none-eabi/13.3.1/../../../../arm-none-eabi/lib/thumb/v7e-m+fp/hard/crt0.o
LOAD ./Core/Src/adc.o
LOAD ./Core/Src/aes.o
LOAD ./Core/Src/aes_util.o
LOAD ./Core/Src/cencode.o
LOAD ./Core/Src/encrypt.o
LOAD ./Core/Src/fatfs_sd.o
LOAD ./Core/Src/gpio.o
LOAD ./Core/Src/i2c.o
LOAD ./Core/Src/iwdg.o
LOAD ./Core/Src/main.o
LOAD ./Core/Src/rtc.o
LOAD ./Core/Src/spi.o
LOAD ./Core/Src/stm32l4xx_hal_msp.o
LOAD ./Core/Src/stm32l4xx_it.o
LOAD ./Core/Src/syscalls.o
LOAD ./Core/Src/sysmem.o
LOAD ./Core/Src/system_stm32l4xx.o
LOAD ./Core/Src/usart.o
LOAD ./Core/Startup/startup_stm32l433vctx.o
LOAD ./Drivers/STM32L4xx_HAL_Driver/Src/stm32l4xx_hal.o
LOAD ./Drivers/STM32L4xx_HAL_Driver/Src/stm32l4xx_hal_adc.o
LOAD ./Drivers/STM32L4xx_HAL_Driver/Src/stm32l4xx_hal_adc_ex.o
LOAD ./Drivers/STM32L4xx_HAL_Driver/Src/stm32l4xx_hal_cortex.o
LOAD ./Drivers/STM32L4xx_HAL_Driver/Src/stm32l4xx_hal_dma.o
LOAD ./Drivers/STM32L4xx_HAL_Driver/Src/stm32l4xx_hal_dma_ex.o
LOAD ./Drivers/STM32L4xx_HAL_Driver/Src/stm32l4xx_hal_exti.o
LOAD ./Drivers/STM32L4xx_HAL_Driver/Src/stm32l4xx_hal_flash.o
LOAD ./Drivers/STM32L4xx_HAL_Driver/Src/stm32l4xx_hal_flash_ex.o
LOAD ./Drivers/STM32L4xx_HAL_Driver/Src/stm32l4xx_hal_flash_ramfunc.o
LOAD ./Drivers/STM32L4xx_HAL_Driver/Src/stm32l4xx_hal_gpio.o
LOAD ./Drivers/STM32L4xx_HAL_Driver/Src/stm32l4xx_hal_i2c.o
LOAD ./Drivers/STM32L4xx_HAL_Driver/Src/stm32l4xx_hal_i2c_ex.o
LOAD ./Drivers/STM32L4xx_HAL_Driver/Src/stm32l4xx_hal_iwdg.o
LOAD ./Drivers/STM32L4xx_HAL_Driver/Src/stm32l4xx_hal_pwr.o
LOAD ./Drivers/STM32L4xx_HAL_Driver/Src/stm32l4xx_hal_pwr_ex.o
LOAD ./Drivers/STM32L4xx_HAL_Driver/Src/stm32l4xx_hal_rcc.o
LOAD ./Drivers/STM32L4xx_HAL_Driver/Src/stm32l4xx_hal_rcc_ex.o
LOAD ./Drivers/STM32L4xx_HAL_Driver/Src/stm32l4xx_hal_rtc.o
LOAD ./Drivers/STM32L4xx_HAL_Driver/Src/stm32l4xx_hal_rtc_ex.o
LOAD ./Drivers/STM32L4xx_HAL_Driver/Src/stm32l4xx_hal_spi.o
LOAD ./Drivers/STM32L4xx_HAL_Driver/Src/stm32l4xx_hal_spi_ex.o
LOAD ./Drivers/STM32L4xx_HAL_Driver/Src/stm32l4xx_hal_tim.o
LOAD ./Drivers/STM32L4xx_HAL_Driver/Src/stm32l4xx_hal_tim_ex.o
LOAD ./Drivers/STM32L4xx_HAL_Driver/Src/stm32l4xx_hal_uart.o
LOAD ./Drivers/STM32L4xx_HAL_Driver/Src/stm32l4xx_hal_uart_ex.o
LOAD ./FATFS/App/fatfs.o
LOAD ./FATFS/Target/user_diskio.o
LOAD ./Middlewares/Third_Party/FatFs/src/diskio.o
LOAD ./Middlewares/Third_Party/FatFs/src/ff.o
LOAD ./Middlewares/Third_Party/FatFs/src/ff_gen_drv.o
LOAD ./Middlewares/Third_Party/FatFs/src/option/ccsbcs.o
LOAD ./Middlewares/Third_Party/FatFs/src/option/syscall.o
START GROUP
LOAD C:/ST/STM32CubeIDE_1.19.0/STM32CubeIDE/plugins/com.st.stm32cube.ide.mcu.externaltools.gnu-tools-for-stm32.13.3.rel1.win32_1.0.0.202411081344/tools/bin/../lib/gcc/arm-none-eabi/13.3.1/../../../../arm-none-eabi/lib/thumb/v7e-m+fp/hard\libstdc++_nano.a
LOAD C:/ST/STM32CubeIDE_1.19.0/STM32CubeIDE/plugins/com.st.stm32cube.ide.mcu.externaltools.gnu-tools-for-stm32.13.3.rel1.win32_1.0.0.202411081344/tools/bin/../lib/gcc/arm-none-eabi/13.3.1/../../../../arm-none-eabi/lib/thumb/v7e-m+fp/hard\libsupc++_nano.a
END GROUP
LOAD C:/ST/STM32CubeIDE_1.19.0/STM32CubeIDE/plugins/com.st.stm32cube.ide.mcu.externaltools.gnu-tools-for-stm32.13.3.rel1.win32_1.0.0.202411081344/tools/bin/../lib/gcc/arm-none-eabi/13.3.1/../../../../arm-none-eabi/lib/thumb/v7e-m+fp/hard\libstdc++_nano.a
LOAD C:/ST/STM32CubeIDE_1.19.0/STM32CubeIDE/plugins/com.st.stm32cube.ide.mcu.externaltools.gnu-tools-for-stm32.13.3.rel1.win32_1.0.0.202411081344/tools/bin/../lib/gcc/arm-none-eabi/13.3.1/../../../../arm-none-eabi/lib/thumb/v7e-m+fp/hard\libm.a
LOAD C:/ST/STM32CubeIDE_1.19.0/STM32CubeIDE/plugins/com.st.stm32cube.ide.mcu.externaltools.gnu-tools-for-stm32.13.3.rel1.win32_1.0.0.202411081344/tools/bin/../lib/gcc/arm-none-eabi/13.3.1/../../../../arm-none-eabi/lib/thumb/v7e-m+fp/hard\libc_nano.a
START GROUP
LOAD C:/ST/STM32CubeIDE_1.19.0/STM32CubeIDE/plugins/com.st.stm32cube.ide.mcu.externaltools.gnu-tools-for-stm32.13.3.rel1.win32_1.0.0.202411081344/tools/bin/../lib/gcc/arm-none-eabi/13.3.1/thumb/v7e-m+fp/hard\libgcc.a
LOAD C:/ST/STM32CubeIDE_1.19.0/STM32CubeIDE/plugins/com.st.stm32cube.ide.mcu.externaltools.gnu-tools-for-stm32.13.3.rel1.win32_1.0.0.202411081344/tools/bin/../lib/gcc/arm-none-eabi/13.3.1/../../../../arm-none-eabi/lib/thumb/v7e-m+fp/hard\libc_nano.a
END GROUP
START GROUP
LOAD C:/ST/STM32CubeIDE_1.19.0/STM32CubeIDE/plugins/com.st.stm32cube.ide.mcu.externaltools.gnu-tools-for-stm32.13.3.rel1.win32_1.0.0.202411081344/tools/bin/../lib/gcc/arm-none-eabi/13.3.1/thumb/v7e-m+fp/hard\libgcc.a
LOAD C:/ST/STM32CubeIDE_1.19.0/STM32CubeIDE/plugins/com.st.stm32cube.ide.mcu.externaltools.gnu-tools-for-stm32.13.3.rel1.win32_1.0.0.202411081344/tools/bin/../lib/gcc/arm-none-eabi/13.3.1/../../../../arm-none-eabi/lib/thumb/v7e-m+fp/hard\libc_nano.a
LOAD C:/ST/STM32CubeIDE_1.19.0/STM32CubeIDE/plugins/com.st.stm32cube.ide.mcu.externaltools.gnu-tools-for-stm32.13.3.rel1.win32_1.0.0.202411081344/tools/bin/../lib/gcc/arm-none-eabi/13.3.1/../../../../arm-none-eabi/lib/thumb/v7e-m+fp/hard\libnosys.a
END GROUP
START GROUP
LOAD C:/ST/STM32CubeIDE_1.19.0/STM32CubeIDE/plugins/com.st.stm32cube.ide.mcu.externaltools.gnu-tools-for-stm32.13.3.rel1.win32_1.0.0.202411081344/tools/bin/../lib/gcc/arm-none-eabi/13.3.1/thumb/v7e-m+fp/hard\libgcc.a
LOAD C:/ST/STM32CubeIDE_1.19.0/STM32CubeIDE/plugins/com.st.stm32cube.ide.mcu.externaltools.gnu-tools-for-stm32.13.3.rel1.win32_1.0.0.202411081344/tools/bin/../lib/gcc/arm-none-eabi/13.3.1/../../../../arm-none-eabi/lib/thumb/v7e-m+fp/hard\libc_nano.a
LOAD C:/ST/STM32CubeIDE_1.19.0/STM32CubeIDE/plugins/com.st.stm32cube.ide.mcu.externaltools.gnu-tools-for-stm32.13.3.rel1.win32_1.0.0.202411081344/tools/bin/../lib/gcc/arm-none-eabi/13.3.1/../../../../arm-none-eabi/lib/thumb/v7e-m+fp/hard\libnosys.a
END GROUP
LOAD C:/ST/STM32CubeIDE_1.19.0/STM32CubeIDE/plugins/com.st.stm32cube.ide.mcu.externaltools.gnu-tools-for-stm32.13.3.rel1.win32_1.0.0.202411081344/tools/bin/../lib/gcc/arm-none-eabi/13.3.1/thumb/v7e-m+fp/hard/crtend.o
LOAD C:/ST/STM32CubeIDE_1.19.0/STM32CubeIDE/plugins/com.st.stm32cube.ide.mcu.externaltools.gnu-tools-for-stm32.13.3.rel1.win32_1.0.0.202411081344/tools/bin/../lib/gcc/arm-none-eabi/13.3.1/thumb/v7e-m+fp/hard/crtn.o
                0x20010000                        _estack = (ORIGIN (RAM) + LENGTH (RAM))
                0x00000200                        _Min_Heap_Size = 0x200
                0x00000400                        _Min_Stack_Size = 0x400

.isr_vector     0x0801f000      0x18c
                0x0801f000                        . = ALIGN (0x4)
 *(.isr_vector)
 .isr_vector    0x0801f000      0x18c ./Core/Startup/startup_stm32l433vctx.o
                0x0801f000                g_pfnVectors
                0x0801f18c                        . = ALIGN (0x4)

.text           0x0801f190    0x11254
                0x0801f190                        . = ALIGN (0x4)
 *(.text)
 .text          0x0801f190       0x40 C:/ST/STM32CubeIDE_1.19.0/STM32CubeIDE/plugins/com.st.stm32cube.ide.mcu.externaltools.gnu-tools-for-stm32.13.3.rel1.win32_1.0.0.202411081344/tools/bin/../lib/gcc/arm-none-eabi/13.3.1/thumb/v7e-m+fp/hard/crtbegin.o
 .text          0x0801f1d0       0xa0 C:/ST/STM32CubeIDE_1.19.0/STM32CubeIDE/plugins/com.st.stm32cube.ide.mcu.externaltools.gnu-tools-for-stm32.13.3.rel1.win32_1.0.0.202411081344/tools/bin/../lib/gcc/arm-none-eabi/13.3.1/../../../../arm-none-eabi/lib/thumb/v7e-m+fp/hard\libc_nano.a(libc_a-memchr.o)
                0x0801f1d0                memchr
 .text          0x0801f270       0x10 C:/ST/STM32CubeIDE_1.19.0/STM32CubeIDE/plugins/com.st.stm32cube.ide.mcu.externaltools.gnu-tools-for-stm32.13.3.rel1.win32_1.0.0.202411081344/tools/bin/../lib/gcc/arm-none-eabi/13.3.1/../../../../arm-none-eabi/lib/thumb/v7e-m+fp/hard\libc_nano.a(libc_a-strlen.o)
                0x0801f270                strlen
 .text          0x0801f280      0x378 C:/ST/STM32CubeIDE_1.19.0/STM32CubeIDE/plugins/com.st.stm32cube.ide.mcu.externaltools.gnu-tools-for-stm32.13.3.rel1.win32_1.0.0.202411081344/tools/bin/../lib/gcc/arm-none-eabi/13.3.1/thumb/v7e-m+fp/hard\libgcc.a(_arm_addsubdf3.o)
                0x0801f280                __aeabi_drsub
                0x0801f288                __aeabi_dsub
                0x0801f288                __subdf3
                0x0801f28c                __aeabi_dadd
                0x0801f28c                __adddf3
                0x0801f504                __floatunsidf
                0x0801f504                __aeabi_ui2d
                0x0801f524                __floatsidf
                0x0801f524                __aeabi_i2d
                0x0801f548                __aeabi_f2d
                0x0801f548                __extendsfdf2
                0x0801f58c                __floatundidf
                0x0801f58c                __aeabi_ul2d
                0x0801f59c                __floatdidf
                0x0801f59c                __aeabi_l2d
 .text          0x0801f5f8      0x424 C:/ST/STM32CubeIDE_1.19.0/STM32CubeIDE/plugins/com.st.stm32cube.ide.mcu.externaltools.gnu-tools-for-stm32.13.3.rel1.win32_1.0.0.202411081344/tools/bin/../lib/gcc/arm-none-eabi/13.3.1/thumb/v7e-m+fp/hard\libgcc.a(_arm_muldivdf3.o)
                0x0801f5f8                __aeabi_dmul
                0x0801f5f8                __muldf3
                0x0801f84c                __divdf3
                0x0801f84c                __aeabi_ddiv
 .text          0x0801fa1c      0x110 C:/ST/STM32CubeIDE_1.19.0/STM32CubeIDE/plugins/com.st.stm32cube.ide.mcu.externaltools.gnu-tools-for-stm32.13.3.rel1.win32_1.0.0.202411081344/tools/bin/../lib/gcc/arm-none-eabi/13.3.1/thumb/v7e-m+fp/hard\libgcc.a(_arm_cmpdf2.o)
                0x0801fa1c                __gtdf2
                0x0801fa1c                __gedf2
                0x0801fa24                __ltdf2
                0x0801fa24                __ledf2
                0x0801fa2c                __nedf2
                0x0801fa2c                __eqdf2
                0x0801fa2c                __cmpdf2
                0x0801faa8                __aeabi_cdrcmple
                0x0801fab8                __aeabi_cdcmpeq
                0x0801fab8                __aeabi_cdcmple
                0x0801fac8                __aeabi_dcmpeq
                0x0801fadc                __aeabi_dcmplt
                0x0801faf0                __aeabi_dcmple
                0x0801fb04                __aeabi_dcmpge
                0x0801fb18                __aeabi_dcmpgt
 .text          0x0801fb2c       0x50 C:/ST/STM32CubeIDE_1.19.0/STM32CubeIDE/plugins/com.st.stm32cube.ide.mcu.externaltools.gnu-tools-for-stm32.13.3.rel1.win32_1.0.0.202411081344/tools/bin/../lib/gcc/arm-none-eabi/13.3.1/thumb/v7e-m+fp/hard\libgcc.a(_arm_fixdfsi.o)
                0x0801fb2c                __aeabi_d2iz
                0x0801fb2c                __fixdfsi
 .text          0x0801fb7c       0x40 C:/ST/STM32CubeIDE_1.19.0/STM32CubeIDE/plugins/com.st.stm32cube.ide.mcu.externaltools.gnu-tools-for-stm32.13.3.rel1.win32_1.0.0.202411081344/tools/bin/../lib/gcc/arm-none-eabi/13.3.1/thumb/v7e-m+fp/hard\libgcc.a(_arm_fixunsdfsi.o)
                0x0801fb7c                __aeabi_d2uiz
                0x0801fb7c                __fixunsdfsi
 .text          0x0801fbbc       0x30 C:/ST/STM32CubeIDE_1.19.0/STM32CubeIDE/plugins/com.st.stm32cube.ide.mcu.externaltools.gnu-tools-for-stm32.13.3.rel1.win32_1.0.0.202411081344/tools/bin/../lib/gcc/arm-none-eabi/13.3.1/thumb/v7e-m+fp/hard\libgcc.a(_aeabi_uldivmod.o)
                0x0801fbbc                __aeabi_uldivmod
 .text          0x0801fbec       0x3c C:/ST/STM32CubeIDE_1.19.0/STM32CubeIDE/plugins/com.st.stm32cube.ide.mcu.externaltools.gnu-tools-for-stm32.13.3.rel1.win32_1.0.0.202411081344/tools/bin/../lib/gcc/arm-none-eabi/13.3.1/thumb/v7e-m+fp/hard\libgcc.a(_fixunsdfdi.o)
                0x0801fbec                __fixunsdfdi
                0x0801fbec                __aeabi_d2ulz
 .text          0x0801fc28      0x2f8 C:/ST/STM32CubeIDE_1.19.0/STM32CubeIDE/plugins/com.st.stm32cube.ide.mcu.externaltools.gnu-tools-for-stm32.13.3.rel1.win32_1.0.0.202411081344/tools/bin/../lib/gcc/arm-none-eabi/13.3.1/thumb/v7e-m+fp/hard\libgcc.a(_udivmoddi4.o)
                0x0801fc28                __udivmoddi4
 .text          0x0801ff20        0x4 C:/ST/STM32CubeIDE_1.19.0/STM32CubeIDE/plugins/com.st.stm32cube.ide.mcu.externaltools.gnu-tools-for-stm32.13.3.rel1.win32_1.0.0.202411081344/tools/bin/../lib/gcc/arm-none-eabi/13.3.1/thumb/v7e-m+fp/hard\libgcc.a(_dvmd_tls.o)
                0x0801ff20                __aeabi_idiv0
                0x0801ff20                __aeabi_ldiv0
 *(.text*)
 .text.MX_ADC1_Init
                0x0801ff24       0x78 ./Core/Src/adc.o
                0x0801ff24                MX_ADC1_Init
 .text.HAL_ADC_MspInit
                0x0801ff9c       0xcc ./Core/Src/adc.o
                0x0801ff9c                HAL_ADC_MspInit
 .text.SPI_TxBuffer
                0x08020068       0x1c ./Core/Src/fatfs_sd.o
 .text.SPI_TxByte
                0x08020084       0x28 ./Core/Src/fatfs_sd.o
 .text.SELECT   0x080200ac       0x1c ./Core/Src/fatfs_sd.o
 .text.DESELECT
                0x080200c8       0x1c ./Core/Src/fatfs_sd.o
 .text.SPI_RxByte
                0x080200e4       0x34 ./Core/Src/fatfs_sd.o
 .text.SD_PowerOn
                0x08020118       0x54 ./Core/Src/fatfs_sd.o
 .text.SD_ReadyWait
                0x0802016c       0x20 ./Core/Src/fatfs_sd.o
 .text.SD_TxDataBlock
                0x0802018c       0x5e ./Core/Src/fatfs_sd.o
 .text.SD_SendCmd
                0x080201ea       0x64 ./Core/Src/fatfs_sd.o
 *fill*         0x0802024e        0x2 
 .text.SD_RxDataBlock
                0x08020250       0x48 ./Core/Src/fatfs_sd.o
 .text.SD_disk_initialize
                0x08020298      0x160 ./Core/Src/fatfs_sd.o
                0x08020298                SD_disk_initialize
 .text.SD_disk_status
                0x080203f8       0x14 ./Core/Src/fatfs_sd.o
                0x080203f8                SD_disk_status
 .text.SD_disk_read
                0x0802040c       0x8c ./Core/Src/fatfs_sd.o
                0x0802040c                SD_disk_read
 .text.SD_disk_write
                0x08020498       0xb0 ./Core/Src/fatfs_sd.o
                0x08020498                SD_disk_write
 .text.SD_disk_ioctl
                0x08020548      0x13c ./Core/Src/fatfs_sd.o
                0x08020548                SD_disk_ioctl
 .text.MX_GPIO_Init
                0x08020684      0x190 ./Core/Src/gpio.o
                0x08020684                MX_GPIO_Init
 .text.MX_I2C1_Init
                0x08020814       0x58 ./Core/Src/i2c.o
                0x08020814                MX_I2C1_Init
 .text.HAL_I2C_MspInit
                0x0802086c       0x88 ./Core/Src/i2c.o
                0x0802086c                HAL_I2C_MspInit
 .text.MX_IWDG_Init
                0x080208f4       0x2c ./Core/Src/iwdg.o
                0x080208f4                MX_IWDG_Init
 .text.__NVIC_SystemReset
                0x08020920       0x24 ./Core/Src/main.o
 .text._ZN8WIND_DIR9DirectionaSERKS0_.isra.0
                0x08020944       0x2c ./Core/Src/main.o
 .text._ZNSt7__cxx1112basic_stringIcSt11char_traitsIcESaIcEE7replaceEjjPKc.isra.0
                0x08020970       0x22 ./Core/Src/main.o
 .text._ZNSt7__cxx1112basic_stringIcSt11char_traitsIcESaIcEEC2ERKS4_.isra.0
                0x08020992       0x3e ./Core/Src/main.o
 .text._ZNK11ArduinoJson7V6211HB6detail11VariantData6acceptINS1_8ComparerINS0_18StaticJsonDocumentILj1200EEEvEEEENT_11result_typeERS8_.part.0
                0x080209d0       0x3a ./Core/Src/main.o
 .text._ZNSt7__cxx1112basic_stringIcSt11char_traitsIcESaIcEEpLEPKc.isra.0
                0x08020a0a        0x4 ./Core/Src/main.o
 .text._ZNSt7__cxx1112basic_stringIcSt11char_traitsIcESaIcEEaSEOS4_.isra.0
                0x08020a0e       0x5c ./Core/Src/main.o
 .text._ZNSt7__cxx1112basic_stringIcSt11char_traitsIcESaIcEEaSEPKc.isra.0
                0x08020a6a       0x1e ./Core/Src/main.o
 .text._ZNSt7__cxx1112basic_stringIcSt11char_traitsIcESaIcEEC2EPKcRKS3_.isra.0
                0x08020a88       0x50 ./Core/Src/main.o
 .text._ZN3SD29unmountSDEv.isra.0
                0x08020ad8       0x10 ./Core/Src/main.o
 .text._ZN11ArduinoJson7V6211HB6detail15VariantComparer9visitNullEv.isra.0
                0x08020ae8       0x34 ./Core/Src/main.o
 .text._ZNK11ArduinoJson7V6211HB6detail23ZeroTerminatedRamString4sizeEv.isra.0
                0x08020b1c        0x8 ./Core/Src/main.o
 .text._ZN11ArduinoJson7V6211HB6detail15VariantComparer6acceptINS1_8ComparerIPKcvEEEENS1_13CompareResultERT_.isra.0
                0x08020b24       0x80 ./Core/Src/main.o
 .text._ZNSt7__cxx1112basic_stringIcSt11char_traitsIcESaIcEEC2EOS4_.isra.0
                0x08020ba4       0x3e ./Core/Src/main.o
 *fill*         0x08020be2        0x2 
 .text._ZNSt7__cxx119to_stringEm
                0x08020be4       0xa4 ./Core/Src/main.o
                0x08020be4                std::__cxx11::to_string(unsigned long)
 .text._Z5s_t_dRKNSt7__cxx1112basic_stringIcSt11char_traitsIcESaIcEEE
                0x08020c88       0xe4 ./Core/Src/main.o
                0x08020c88                s_t_d(std::__cxx11::basic_string<char, std::char_traits<char>, std::allocator<char> > const&)
 .text._Z24HAL_UARTEx_ReceiveToIdleP20__UART_HandleTypeDefRNSt7__cxx1112basic_stringIcSt11char_traitsIcESaIcEEEm
                0x08020d6c       0xec ./Core/Src/main.o
                0x08020d6c                HAL_UARTEx_ReceiveToIdle(__UART_HandleTypeDef*, std::__cxx11::basic_string<char, std::char_traits<char>, std::allocator<char> >&, unsigned long)
 .text._Z9UART_InitP20__UART_HandleTypeDefP13USART_TypeDefm
                0x08020e58       0x22 ./Core/Src/main.o
                0x08020e58                UART_Init(__UART_HandleTypeDef*, USART_TypeDef*, unsigned long)
 *fill*         0x08020e7a        0x2 
 .text._Z17ADC1_CHANNEL_INITm
                0x08020e7c       0x34 ./Core/Src/main.o
                0x08020e7c                ADC1_CHANNEL_INIT(unsigned long)
 .text._ZN11ArduinoJson7V6211HB6detail11VariantSlot4nextEv
                0x08020eb0       0x10 ./Core/Src/main.o
                0x08020eb0                ArduinoJson::V6211HB::detail::VariantSlot::next()
 .text._ZNK11ArduinoJson7V6211HB6detail14CollectionData7getSlotINS1_19StaticStringAdapterEEEPNS1_11VariantSlotET_.isra.0
                0x08020ec0       0x40 ./Core/Src/main.o
 .text._ZNK11ArduinoJson7V6211HB6detail14CollectionData7getSlotINS1_14SizedRamStringEEEPNS1_11VariantSlotET_.isra.0
                0x08020f00       0x44 ./Core/Src/main.o
 .text._ZN11ArduinoJson7V6211HB13JsonPairConstC2EPKNS0_6detail11VariantSlotE
                0x08020f44       0x32 ./Core/Src/main.o
                0x08020f44                ArduinoJson::V6211HB::JsonPairConst::JsonPairConst(ArduinoJson::V6211HB::detail::VariantSlot const*)
                0x08020f44                ArduinoJson::V6211HB::JsonPairConst::JsonPairConst(ArduinoJson::V6211HB::detail::VariantSlot const*)
 .text._ZN11ArduinoJson7V6211HB12JsonDocument5clearEv
                0x08020f76       0x1a ./Core/Src/main.o
                0x08020f76                ArduinoJson::V6211HB::JsonDocument::clear()
 .text._ZN11ArduinoJson7V6211HB6detail14CollectionData7addSlotEPNS1_10MemoryPoolE
                0x08020f90       0x3c ./Core/Src/main.o
                0x08020f90                ArduinoJson::V6211HB::detail::CollectionData::addSlot(ArduinoJson::V6211HB::detail::MemoryPool*)
 .text._ZN11ArduinoJson7V6211HB6detail11parseNumberEPKcRNS1_11VariantDataE
                0x08020fcc      0x214 ./Core/Src/main.o
                0x08020fcc                ArduinoJson::V6211HB::detail::parseNumber(char const*, ArduinoJson::V6211HB::detail::VariantData&)
 .text._ZN11ArduinoJson7V6211HB6detail12StringCopier11startStringEv
                0x080211e0       0x18 ./Core/Src/main.o
                0x080211e0                ArduinoJson::V6211HB::detail::StringCopier::startString()
 .text._ZN11ArduinoJson7V6211HB6detail12StringCopier6appendEc
                0x080211f8       0x1c ./Core/Src/main.o
                0x080211f8                ArduinoJson::V6211HB::detail::StringCopier::append(char)
 .text._Z5delaym
                0x08021214       0x30 ./Core/Src/main.o
                0x08021214                delay(unsigned long)
 .text._Z15refresh_counterv
                0x08021244       0x14 ./Core/Src/main.o
                0x08021244                refresh_counter()
 .text._ZN9ParameterC2Ev
                0x08021258       0x20 ./Core/Src/main.o
                0x08021258                Parameter::Parameter()
                0x08021258                Parameter::Parameter()
 .text._ZN9VARIABLESC2EP12DynamicArrayIPS_ENSt7__cxx1112basic_stringIcSt11char_traitsIcESaIcEEEb
                0x08021278       0xb8 ./Core/Src/main.o
                0x08021278                VARIABLES::VARIABLES(DynamicArray<VARIABLES*>*, std::__cxx11::basic_string<char, std::char_traits<char>, std::allocator<char> >, bool)
                0x08021278                VARIABLES::VARIABLES(DynamicArray<VARIABLES*>*, std::__cxx11::basic_string<char, std::char_traits<char>, std::allocator<char> >, bool)
 .text._ZN9ParameterD2Ev
                0x08021330       0x16 ./Core/Src/main.o
                0x08021330                Parameter::~Parameter()
                0x08021330                Parameter::~Parameter()
 .text._ZN7PWR_PIN3SETEbm
                0x08021346       0x18 ./Core/Src/main.o
                0x08021346                PWR_PIN::SET(bool, unsigned long)
 .text._ZN3MUX6SELECTEtm.isra.0
                0x0802135e       0x2c ./Core/Src/main.o
 *fill*         0x0802138a        0x2 
 .text._Z12is_any_printv
                0x0802138c       0x1c ./Core/Src/main.o
                0x0802138c                is_any_print()
 .text._ZN12UART_PRINTER4ReadB5cxx11Em
                0x080213a8       0x4c ./Core/Src/main.o
                0x080213a8                UART_PRINTER::Read[abi:cxx11](unsigned long)
 .text._ZN12UART_PRINTER5PrintENSt7__cxx1112basic_stringIcSt11char_traitsIcESaIcEEE
                0x080213f4       0x2c ./Core/Src/main.o
                0x080213f4                UART_PRINTER::Print(std::__cxx11::basic_string<char, std::char_traits<char>, std::allocator<char> >)
 .text._ZN5RS48510WRITE_REDEE13GPIO_PinStatem
                0x08021420       0x2a ./Core/Src/main.o
                0x08021420                RS485::WRITE_REDE(GPIO_PinState, unsigned long)
 *fill*         0x0802144a        0x2 
 .text._ZN5RS4858SET_REDEEi
                0x0802144c       0xe0 ./Core/Src/main.o
                0x0802144c                RS485::SET_REDE(int)
 .text._ZN6ANALOGC2EP12DynamicArrayIP9VARIABLESENSt7__cxx1112basic_stringIcSt11char_traitsIcESaIcEEEb
                0x0802152c       0x54 ./Core/Src/main.o
                0x0802152c                ANALOG::ANALOG(DynamicArray<VARIABLES*>*, std::__cxx11::basic_string<char, std::char_traits<char>, std::allocator<char> >, bool)
                0x0802152c                ANALOG::ANALOG(DynamicArray<VARIABLES*>*, std::__cxx11::basic_string<char, std::char_traits<char>, std::allocator<char> >, bool)
 .text._ZN9IRROMETER15POLARITY_SELECTE13GPIO_PinStateS0_
                0x08021580       0x22 ./Core/Src/main.o
                0x08021580                IRROMETER::POLARITY_SELECT(GPIO_PinState, GPIO_PinState)
 *fill*         0x080215a2        0x6 
 .text._ZN9IRROMETER12IRRO_CONVERTEd
                0x080215a8      0x29c ./Core/Src/main.o
                0x080215a8                IRROMETER::IRRO_CONVERT(double)
 .text._ZN8WIND_DIR9DirectionC2Ev
                0x08021844       0x2c ./Core/Src/main.o
                0x08021844                WIND_DIR::Direction::Direction()
                0x08021844                WIND_DIR::Direction::Direction()
 .text._ZN10RAIN_GAUGE22save_no_tips_to_backupEv
                0x08021870       0x2c ./Core/Src/main.o
                0x08021870                RAIN_GAUGE::save_no_tips_to_backup()
 .text._ZN10RAIN_GAUGE24load_no_tips_from_backupEv
                0x0802189c       0x30 ./Core/Src/main.o
                0x0802189c                RAIN_GAUGE::load_no_tips_from_backup()
 .text.HAL_GPIO_EXTI_Callback
                0x080218cc       0x3c ./Core/Src/main.o
                0x080218cc                HAL_GPIO_EXTI_Callback
 .text.HAL_RTC_AlarmAEventCallback
                0x08021908        0xc ./Core/Src/main.o
                0x08021908                HAL_RTC_AlarmAEventCallback
 .text.HAL_RTCEx_AlarmBEventCallback
                0x08021914        0x4 ./Core/Src/main.o
                0x08021914                HAL_RTCEx_AlarmBEventCallback
 .text.HAL_RTCEx_WakeUpTimerEventCallback
                0x08021918       0x30 ./Core/Src/main.o
                0x08021918                HAL_RTCEx_WakeUpTimerEventCallback
 .text._Z16check_cont_flagsv
                0x08021948       0x20 ./Core/Src/main.o
                0x08021948                check_cont_flags()
 .text._Z13ALL_POWER_OFFv
                0x08021968       0x44 ./Core/Src/main.o
                0x08021968                ALL_POWER_OFF()
 .text._Z18SystemClock_Configv
                0x080219ac       0x7c ./Core/Src/main.o
                0x080219ac                SystemClock_Config()
 .text.Error_Handler
                0x08021a28        0x4 ./Core/Src/main.o
                0x08021a28                Error_Handler
 .text._ZNSt8__detail14__to_chars_lenIjEEjT_i
                0x08021a2c       0x36 ./Core/Src/main.o
                0x08021a2c                unsigned int std::__detail::__to_chars_len<unsigned int>(unsigned int, int)
 *fill*         0x08021a62        0x2 
 .text._ZNSt8__detail18__to_chars_10_implIjEEvPcjT_
                0x08021a64       0x64 ./Core/Src/main.o
                0x08021a64                void std::__detail::__to_chars_10_impl<unsigned int>(char*, unsigned int, unsigned int)
 .text._ZNSt7__cxx119to_stringEi
                0x08021ac8       0x38 ./Core/Src/main.o
                0x08021ac8                std::__cxx11::to_string(int)
 .text._Z5d_t_sB5cxx11dib
                0x08021b00      0x1b4 ./Core/Src/main.o
                0x08021b00                d_t_s[abi:cxx11](double, int, bool)
 .text._ZNSt7__cxx119to_stringEj
                0x08021cb4       0x2c ./Core/Src/main.o
                0x08021cb4                std::__cxx11::to_string(unsigned int)
 .text._ZStplIcSt11char_traitsIcESaIcEENSt7__cxx1112basic_stringIT_T0_T1_EEPKS5_RKS8_
                0x08021ce0       0x44 ./Core/Src/main.o
                0x08021ce0                std::__cxx11::basic_string<char, std::char_traits<char>, std::allocator<char> > std::operator+<char, std::char_traits<char>, std::allocator<char> >(char const*, std::__cxx11::basic_string<char, std::char_traits<char>, std::allocator<char> > const&)
 .text._Z7d_t_h_sB5cxx11m
                0x08021d24       0xb4 ./Core/Src/main.o
                0x08021d24                d_t_h_s[abi:cxx11](unsigned long)
 .text._ZStplIcSt11char_traitsIcESaIcEENSt7__cxx1112basic_stringIT_T0_T1_EEPKS5_OS8_
                0x08021dd8       0x1a ./Core/Src/main.o
                0x08021dd8                std::__cxx11::basic_string<char, std::char_traits<char>, std::allocator<char> > std::operator+<char, std::char_traits<char>, std::allocator<char> >(char const*, std::__cxx11::basic_string<char, std::char_traits<char>, std::allocator<char> >&&)
 .text._ZNK11ArduinoJson7V6211HB6detail10MemoryPool10findStringINS1_14SizedRamStringEEEPKcRKT_
                0x08021df2       0x34 ./Core/Src/main.o
                0x08021df2                char const* ArduinoJson::V6211HB::detail::MemoryPool::findString<ArduinoJson::V6211HB::detail::SizedRamString>(ArduinoJson::V6211HB::detail::SizedRamString const&) const
 .text._ZN11ArduinoJson7V6211HB6detail10MemoryPool22saveStringFromFreeZoneEj
                0x08021e26       0x22 ./Core/Src/main.o
                0x08021e26                ArduinoJson::V6211HB::detail::MemoryPool::saveStringFromFreeZone(unsigned int)
 .text._ZN12DynamicArrayI9ParameterE2atEm
                0x08021e48       0x16 ./Core/Src/main.o
                0x08021e48                DynamicArray<Parameter>::at(unsigned long)
 .text._ZN9VARIABLES14SET_PARA_VALUEEtNSt7__cxx1112basic_stringIcSt11char_traitsIcESaIcEEE
                0x08021e5e       0x3a ./Core/Src/main.o
                0x08021e5e                VARIABLES::SET_PARA_VALUE(unsigned short, std::__cxx11::basic_string<char, std::char_traits<char>, std::allocator<char> >)
 .text._ZN9VARIABLES14SET_PARA_VALUEEtdi
                0x08021e98       0xcc ./Core/Src/main.o
                0x08021e98                VARIABLES::SET_PARA_VALUE(unsigned short, double, int)
 .text._ZN6ANALOG9SET_VALUEEtRd.isra.0
                0x08021f64       0x14 ./Core/Src/main.o
 .text._ZN12DynamicArrayIbE9push_backEb
                0x08021f78       0x3a ./Core/Src/main.o
                0x08021f78                DynamicArray<bool>::push_back(bool)
 *fill*         0x08021fb2        0x2 
 .text._Z14save_ble_printb
                0x08021fb4       0x1c ./Core/Src/main.o
                0x08021fb4                save_ble_print(bool)
 .text._Z15save_uart_printb
                0x08021fd0       0x1c ./Core/Src/main.o
                0x08021fd0                save_uart_print(bool)
 .text._Z15save_both_printb
                0x08021fec       0x12 ./Core/Src/main.o
                0x08021fec                save_both_print(bool)
 .text._ZN12DynamicArrayIbE8pop_backEv
                0x08021ffe       0x3e ./Core/Src/main.o
                0x08021ffe                DynamicArray<bool>::pop_back()
 .text._Z17restore_ble_printv
                0x0802203c       0x18 ./Core/Src/main.o
                0x0802203c                restore_ble_print()
 .text._Z18restore_uart_printv
                0x08022054       0x18 ./Core/Src/main.o
                0x08022054                restore_uart_print()
 .text._Z18restore_both_printv
                0x0802206c        0xe ./Core/Src/main.o
                0x0802206c                restore_both_print()
 .text._ZN12DynamicArrayIhE2atEm
                0x0802207a       0x12 ./Core/Src/main.o
                0x0802207a                DynamicArray<unsigned char>::at(unsigned long)
 .text._ZN12UART_PRINTER5PrintER12DynamicArrayIhE
                0x0802208c       0x98 ./Core/Src/main.o
                0x0802208c                UART_PRINTER::Print(DynamicArray<unsigned char>&)
 .text._ZN5RS4857GET_CRCEP12DynamicArrayIhEb.isra.0
                0x08022124       0x48 ./Core/Src/main.o
 .text._ZStplIcSt11char_traitsIcESaIcEENSt7__cxx1112basic_stringIT_T0_T1_EEOS8_S9_
                0x0802216c       0x42 ./Core/Src/main.o
                0x0802216c                std::__cxx11::basic_string<char, std::char_traits<char>, std::allocator<char> > std::operator+<char, std::char_traits<char>, std::allocator<char> >(std::__cxx11::basic_string<char, std::char_traits<char>, std::allocator<char> >&&, std::__cxx11::basic_string<char, std::char_traits<char>, std::allocator<char> >&&)
 *fill*         0x080221ae        0x2 
 .text._Z10timestringB5cxx11St16initializer_listIhE
                0x080221b0      0x178 ./Core/Src/main.o
                0x080221b0                timestring[abi:cxx11](std::initializer_list<unsigned char>)
 .text._ZStplIcSt11char_traitsIcESaIcEENSt7__cxx1112basic_stringIT_T0_T1_EERKS8_SA_
                0x08022328       0x3a ./Core/Src/main.o
                0x08022328                std::__cxx11::basic_string<char, std::char_traits<char>, std::allocator<char> > std::operator+<char, std::char_traits<char>, std::allocator<char> >(std::__cxx11::basic_string<char, std::char_traits<char>, std::allocator<char> > const&, std::__cxx11::basic_string<char, std::char_traits<char>, std::allocator<char> > const&)
 .text._ZStplIcSt11char_traitsIcESaIcEENSt7__cxx1112basic_stringIT_T0_T1_EERKS8_PKS5_
                0x08022362       0x42 ./Core/Src/main.o
                0x08022362                std::__cxx11::basic_string<char, std::char_traits<char>, std::allocator<char> > std::operator+<char, std::char_traits<char>, std::allocator<char> >(std::__cxx11::basic_string<char, std::char_traits<char>, std::allocator<char> > const&, char const*)
 .text._ZSteqIcSt11char_traitsIcESaIcEEbRKNSt7__cxx1112basic_stringIT_T0_T1_EEPKS5_
                0x080223a4       0x2e ./Core/Src/main.o
                0x080223a4                bool std::operator==<char, std::char_traits<char>, std::allocator<char> >(std::__cxx11::basic_string<char, std::char_traits<char>, std::allocator<char> > const&, char const*)
 *fill*         0x080223d2        0x6 
 .text._ZN8WIND_DIR16SET_VALUE_STRINGEtNSt7__cxx1112basic_stringIcSt11char_traitsIcESaIcEEE.isra.0
                0x080223d8       0x54 ./Core/Src/main.o
 .text._ZN6NEOWAY14CHECK_RESPONSEEPNSt7__cxx1112basic_stringIcSt11char_traitsIcESaIcEEES6_.isra.0
                0x0802242c       0x74 ./Core/Src/main.o
 .text._ZN6NEOWAY12SEND_RECIEVEENSt7__cxx1112basic_stringIcSt11char_traitsIcESaIcEEESt16initializer_listImEtS6_IS5_E
                0x080224a0      0x408 ./Core/Src/main.o
                0x080224a0                NEOWAY::SEND_RECIEVE(std::__cxx11::basic_string<char, std::char_traits<char>, std::allocator<char> >, std::initializer_list<unsigned long>, unsigned short, std::initializer_list<std::__cxx11::basic_string<char, std::char_traits<char>, std::allocator<char> > >)
 .text._ZN6NEOWAY8BLE_SENDENSt7__cxx1112basic_stringIcSt11char_traitsIcESaIcEEE
                0x080228a8      0x16c ./Core/Src/main.o
                0x080228a8                NEOWAY::BLE_SEND(std::__cxx11::basic_string<char, std::char_traits<char>, std::allocator<char> >)
 .text._ZN10UART_DEBUG6Print2ENSt7__cxx1112basic_stringIcSt11char_traitsIcESaIcEEE
                0x08022a14       0x3a ./Core/Src/main.o
                0x08022a14                UART_DEBUG::Print2(std::__cxx11::basic_string<char, std::char_traits<char>, std::allocator<char> >)
 *fill*         0x08022a4e        0x2 
 .text._ZN3SD27mountSDEv
                0x08022a50       0x64 ./Core/Src/main.o
                0x08022a50                SD2::mountSD()
 .text._ZN3SD212handleOffsetERKNSt7__cxx1112basic_stringIcSt11char_traitsIcESaIcEEES7_
                0x08022ab4       0xf0 ./Core/Src/main.o
                0x08022ab4                SD2::handleOffset(std::__cxx11::basic_string<char, std::char_traits<char>, std::allocator<char> > const&, std::__cxx11::basic_string<char, std::char_traits<char>, std::allocator<char> > const&)
 .text._Z10initSDCardv
                0x08022ba4      0x114 ./Core/Src/main.o
                0x08022ba4                initSDCard()
 .text._Z9ota_breakbNSt7__cxx1112basic_stringIcSt11char_traitsIcESaIcEEE
                0x08022cb8       0x34 ./Core/Src/main.o
                0x08022cb8                ota_break(bool, std::__cxx11::basic_string<char, std::char_traits<char>, std::allocator<char> >)
 .text._Z10Sensortypev
                0x08022cec       0x28 ./Core/Src/main.o
                0x08022cec                Sensortype()
 .text._ZN3SD212readJsonLineERKNSt7__cxx1112basic_stringIcSt11char_traitsIcESaIcEEEm
                0x08022d14      0x188 ./Core/Src/main.o
                0x08022d14                SD2::readJsonLine(std::__cxx11::basic_string<char, std::char_traits<char>, std::allocator<char> > const&, unsigned long)
 .text._ZN3SD214readJsonLine2kERKNSt7__cxx1112basic_stringIcSt11char_traitsIcESaIcEEE
                0x08022e9c      0x11c ./Core/Src/main.o
                0x08022e9c                SD2::readJsonLine2k(std::__cxx11::basic_string<char, std::char_traits<char>, std::allocator<char> > const&)
 .text._ZN3SD26write4ERKNSt7__cxx1112basic_stringIcSt11char_traitsIcESaIcEEES7_
                0x08022fb8       0xf8 ./Core/Src/main.o
                0x08022fb8                SD2::write4(std::__cxx11::basic_string<char, std::char_traits<char>, std::allocator<char> > const&, std::__cxx11::basic_string<char, std::char_traits<char>, std::allocator<char> > const&)
 .text._ZN10UART_DEBUG10Json_printENSt7__cxx1112basic_stringIcSt11char_traitsIcESaIcEEES5_b
                0x080230b0       0xec ./Core/Src/main.o
                0x080230b0                UART_DEBUG::Json_print(std::__cxx11::basic_string<char, std::char_traits<char>, std::allocator<char> >, std::__cxx11::basic_string<char, std::char_traits<char>, std::allocator<char> >, bool)
 .text._Z10print_timeNSt7__cxx1112basic_stringIcSt11char_traitsIcESaIcEEESt16initializer_listIhE
                0x0802319c      0x1c4 ./Core/Src/main.o
                0x0802319c                print_time(std::__cxx11::basic_string<char, std::char_traits<char>, std::allocator<char> >, std::initializer_list<unsigned char>)
 .text._Z15Print_save_timev
                0x08023360       0x80 ./Core/Src/main.o
                0x08023360                Print_save_time()
 .text._Z13Set_RTC_ALARMR15RTC_TimeTypeDefm
                0x080233e0       0x98 ./Core/Src/main.o
                0x080233e0                Set_RTC_ALARM(RTC_TimeTypeDef&, unsigned long)
 .text._Z11ADD_secondsR15RTC_TimeTypeDefR15RTC_DateTypeDefm
                0x08023478      0x3f0 ./Core/Src/main.o
                0x08023478                ADD_seconds(RTC_TimeTypeDef&, RTC_DateTypeDef&, unsigned long)
 .text._Z19SET_WAKEUP_INTERVALm
                0x08023868      0x130 ./Core/Src/main.o
                0x08023868                SET_WAKEUP_INTERVAL(unsigned long)
 .text._ZN3SD211deletefile2ERKNSt7__cxx1112basic_stringIcSt11char_traitsIcESaIcEEE
                0x08023998       0xb4 ./Core/Src/main.o
                0x08023998                SD2::deletefile2(std::__cxx11::basic_string<char, std::char_traits<char>, std::allocator<char> > const&)
 *fill*         0x08023a4c        0x4 
 .text._ZN10RAIN_GAUGE11GET_READINGEb.isra.0
                0x08023a50       0xe8 ./Core/Src/main.o
 .text._ZN10WIND_SPEED10SPEED_READEmb.isra.0
                0x08023b38      0x158 ./Core/Src/main.o
 .text._ZN9IRROMETER9IRRO_READEmb.isra.0
                0x08023c90      0x318 ./Core/Src/main.o
 .text._ZN10UART_DEBUG6Print2ER12DynamicArrayIhE
                0x08023fa8       0x90 ./Core/Src/main.o
                0x08023fa8                UART_DEBUG::Print2(DynamicArray<unsigned char>&)
 .text._ZN6NEOWAY8BLE_READB5cxx11Em
                0x08024038       0xd0 ./Core/Src/main.o
                0x08024038                NEOWAY::BLE_READ[abi:cxx11](unsigned long)
 .text._ZN10UART_DEBUG9Both_ReadB5cxx11Em
                0x08024108       0x9c ./Core/Src/main.o
                0x08024108                UART_DEBUG::Both_Read[abi:cxx11](unsigned long)
 .text._ZN6NEOWAY8POWER_ONEv
                0x080241a4      0x15c ./Core/Src/main.o
                0x080241a4                NEOWAY::POWER_ON()
 .text._Z12ALL_POWER_ONv
                0x08024300       0x1c ./Core/Src/main.o
                0x08024300                ALL_POWER_ON()
 .text._ZN6NEOWAY4INITEv
                0x0802431c      0x30c ./Core/Src/main.o
                0x0802431c                NEOWAY::INIT()
 .text._ZN6NEOWAY7AWS_CONEv
                0x08024628      0x2e8 ./Core/Src/main.o
                0x08024628                NEOWAY::AWS_CON()
 .text._Z10write_fileRNSt7__cxx1112basic_stringIcSt11char_traitsIcESaIcEEES4_
                0x08024910      0x13c ./Core/Src/main.o
                0x08024910                write_file(std::__cxx11::basic_string<char, std::char_traits<char>, std::allocator<char> >&, std::__cxx11::basic_string<char, std::char_traits<char>, std::allocator<char> >)
 .text._Z13Get_save_timev
                0x08024a4c      0x30c ./Core/Src/main.o
                0x08024a4c                Get_save_time()
 .text._Z13get_file_sizeRNSt7__cxx1112basic_stringIcSt11char_traitsIcESaIcEEE
                0x08024d58      0x160 ./Core/Src/main.o
                0x08024d58                get_file_size(std::__cxx11::basic_string<char, std::char_traits<char>, std::allocator<char> >&)
 .text._ZN6NEOWAY8BLE_NAMEENSt7__cxx1112basic_stringIcSt11char_traitsIcESaIcEEE
                0x08024eb8       0xfc ./Core/Src/main.o
                0x08024eb8                NEOWAY::BLE_NAME(std::__cxx11::basic_string<char, std::char_traits<char>, std::allocator<char> >)
 .text._ZN6NEOWAY9BLE_SETUPENSt7__cxx1112basic_stringIcSt11char_traitsIcESaIcEEE
                0x08024fb4      0x234 ./Core/Src/main.o
                0x08024fb4                NEOWAY::BLE_SETUP(std::__cxx11::basic_string<char, std::char_traits<char>, std::allocator<char> >)
 .text._ZSteqIcSt11char_traitsIcESaIcEEbRKNSt7__cxx1112basic_stringIT_T0_T1_EESA_
                0x080251e8       0x24 ./Core/Src/main.o
                0x080251e8                bool std::operator==<char, std::char_traits<char>, std::allocator<char> >(std::__cxx11::basic_string<char, std::char_traits<char>, std::allocator<char> > const&, std::__cxx11::basic_string<char, std::char_traits<char>, std::allocator<char> > const&)
 .text._ZN10UART_DEBUG13Both_Get_passB5cxx11EmPi
                0x0802520c       0xb4 ./Core/Src/main.o
                0x0802520c                UART_DEBUG::Both_Get_pass[abi:cxx11](unsigned long, int*)
 .text._Z10PassAuthenv
                0x080252c0       0xd0 ./Core/Src/main.o
                0x080252c0                PassAuthen()
 .text._ZN10UART_DEBUG15Both_read_checkENSt7__cxx1112basic_stringIcSt11char_traitsIcESaIcEEEmS5_PS5_
                0x08025390      0x110 ./Core/Src/main.o
                0x08025390                UART_DEBUG::Both_read_check(std::__cxx11::basic_string<char, std::char_traits<char>, std::allocator<char> >, unsigned long, std::__cxx11::basic_string<char, std::char_traits<char>, std::allocator<char> >, std::__cxx11::basic_string<char, std::char_traits<char>, std::allocator<char> >*)
 .text._Z11GO_TO_SLEEPv
                0x080254a0      0x170 ./Core/Src/main.o
                0x080254a0                GO_TO_SLEEP()
 .text._ZN12DynamicArrayIhEC2Ev
                0x08025610       0x16 ./Core/Src/main.o
                0x08025610                DynamicArray<unsigned char>::DynamicArray()
                0x08025610                DynamicArray<unsigned char>::DynamicArray()
 .text._ZN5RS485C2EP20__UART_HandleTypeDefP12DynamicArrayIP9VARIABLESENSt7__cxx1112basic_stringIcSt11char_traitsIcESaIcEEEb
                0x08025626       0x62 ./Core/Src/main.o
                0x08025626                RS485::RS485(__UART_HandleTypeDef*, DynamicArray<VARIABLES*>*, std::__cxx11::basic_string<char, std::char_traits<char>, std::allocator<char> >, bool)
                0x08025626                RS485::RS485(__UART_HandleTypeDef*, DynamicArray<VARIABLES*>*, std::__cxx11::basic_string<char, std::char_traits<char>, std::allocator<char> >, bool)
 .text._ZN12DynamicArrayIhE5cleanEv
                0x08025688       0x1c ./Core/Src/main.o
                0x08025688                DynamicArray<unsigned char>::clean()
 .text._ZN12DynamicArrayIhE6assignIhEEvSt16initializer_listIT_E
                0x080256a4       0x36 ./Core/Src/main.o
                0x080256a4                void DynamicArray<unsigned char>::assign<unsigned char>(std::initializer_list<unsigned char>)
 .text._ZN12DynamicArrayIdE2atEm
                0x080256da       0x16 ./Core/Src/main.o
                0x080256da                DynamicArray<double>::at(unsigned long)
 .text._ZN12DynamicArrayIhE9push_backEh
                0x080256f0       0x3a ./Core/Src/main.o
                0x080256f0                DynamicArray<unsigned char>::push_back(unsigned char)
 *fill*         0x0802572a        0x2 
 .text._ZN5RS48510READ_FRAMEEP12DynamicArrayIhE
                0x0802572c      0x154 ./Core/Src/main.o
                0x0802572c                RS485::READ_FRAME(DynamicArray<unsigned char>*)
 .text._ZN5RS48510RS485_READEbb
                0x08025880      0x4d4 ./Core/Src/main.o
                0x08025880                RS485::RS485_READ(bool, bool)
 .text._ZN5RS4857ADD_CRCEP12DynamicArrayIhE.isra.0
                0x08025d54       0x20 ./Core/Src/main.o
 .text._ZN5RS4859SET_frameESt16initializer_listIhE
                0x08025d74       0x58 ./Core/Src/main.o
                0x08025d74                RS485::SET_frame(std::initializer_list<unsigned char>)
 .text._Z20change_address_rs485v.part.0
                0x08025dcc      0x2c8 ./Core/Src/main.o
 .text._Z20change_address_rs485v
                0x08026094       0x24 ./Core/Src/main.o
                0x08026094                change_address_rs485()
 .text._ZN12DynamicArrayIdE9push_backEd
                0x080260b8       0x60 ./Core/Src/main.o
                0x080260b8                DynamicArray<double>::push_back(double)
 .text._ZN6ANALOG22ANALOG_CONVERT_AVERAGEEmb
                0x08026118      0x280 ./Core/Src/main.o
                0x08026118                ANALOG::ANALOG_CONVERT_AVERAGE(unsigned long, bool)
 .text._ZN12DynamicArrayIN8WIND_DIR9DirectionEE2atEm
                0x08026398       0x16 ./Core/Src/main.o
                0x08026398                DynamicArray<WIND_DIR::Direction>::at(unsigned long)
 *fill*         0x080263ae        0x2 
 .text._ZN8WIND_DIR10SET_RANGESEv
                0x080263b0       0x94 ./Core/Src/main.o
                0x080263b0                WIND_DIR::SET_RANGES()
 .text._ZN8WIND_DIR13SORT_VOLTAGESEv
                0x08026444       0xac ./Core/Src/main.o
                0x08026444                WIND_DIR::SORT_VOLTAGES()
 .text._ZN8WIND_DIR14DIRECTION_READB5cxx11Emb
                0x080264f0      0x154 ./Core/Src/main.o
                0x080264f0                WIND_DIR::DIRECTION_READ[abi:cxx11](unsigned long, bool)
 .text._Z16SENSOR_ONLY_FUNCv
                0x08026644      0x118 ./Core/Src/main.o
                0x08026644                SENSOR_ONLY_FUNC()
 .text._Z13fetch_readingv
                0x0802675c      0x188 ./Core/Src/main.o
                0x0802675c                fetch_reading()
 .text._ZN12DynamicArrayIP9VARIABLESE2atEm
                0x080268e4       0x16 ./Core/Src/main.o
                0x080268e4                DynamicArray<VARIABLES*>::at(unsigned long)
 .text._ZN11ArduinoJson7V6211HB6detail10MemoryPool10saveStringINS1_14SizedRamStringEEEPKcT_
                0x080268fa       0x4e ./Core/Src/main.o
                0x080268fa                char const* ArduinoJson::V6211HB::detail::MemoryPool::saveString<ArduinoJson::V6211HB::detail::SizedRamString>(ArduinoJson::V6211HB::detail::SizedRamString)
 .text._ZN12DynamicArrayI9ParameterE8expand_1Ev
                0x08026948       0xac ./Core/Src/main.o
                0x08026948                DynamicArray<Parameter>::expand_1()
 .text._ZN12DynamicArrayI9ParameterE9push_backES0_
                0x080269f4       0x3e ./Core/Src/main.o
                0x080269f4                DynamicArray<Parameter>::push_back(Parameter)
 .text._ZN5RS4858ADD_PARAENSt7__cxx1112basic_stringIcSt11char_traitsIcESaIcEEEdh.isra.0
                0x08026a32       0x80 ./Core/Src/main.o
 .text._ZN9VARIABLES8ADD_PARAENSt7__cxx1112basic_stringIcSt11char_traitsIcESaIcEEE.isra.0
                0x08026ab2       0x50 ./Core/Src/main.o
 *fill*         0x08026b02        0x6 
 .text._Z12object_setupv
                0x08026b08      0x518 ./Core/Src/main.o
                0x08026b08                object_setup()
 .text._ZN12DynamicArrayIN8WIND_DIR9DirectionEE8expand_1Ev
                0x08027020       0x9c ./Core/Src/main.o
                0x08027020                DynamicArray<WIND_DIR::Direction>::expand_1()
 .text._ZN8WIND_DIR7ADD_DIREmNSt7__cxx1112basic_stringIcSt11char_traitsIcESaIcEEEd
                0x080270bc       0x80 ./Core/Src/main.o
                0x080270bc                WIND_DIR::ADD_DIR(unsigned long, std::__cxx11::basic_string<char, std::char_traits<char>, std::allocator<char> >, double)
 *fill*         0x0802713c        0x4 
 .text._ZN8WIND_DIR9DIR_SETUPEv
                0x08027140      0x2a0 ./Core/Src/main.o
                0x08027140                WIND_DIR::DIR_SETUP()
 .text._ZN8WIND_DIRC2EP12DynamicArrayIP9VARIABLESENSt7__cxx1112basic_stringIcSt11char_traitsIcESaIcEEEb
                0x080273e0       0x50 ./Core/Src/main.o
                0x080273e0                WIND_DIR::WIND_DIR(DynamicArray<VARIABLES*>*, std::__cxx11::basic_string<char, std::char_traits<char>, std::allocator<char> >, bool)
                0x080273e0                WIND_DIR::WIND_DIR(DynamicArray<VARIABLES*>*, std::__cxx11::basic_string<char, std::char_traits<char>, std::allocator<char> >, bool)
 .text.startup._Z41__static_initialization_and_destruction_0v
                0x08027430      0x6bc ./Core/Src/main.o
 .text._ZNK11ArduinoJson7V6211HB6detail11VariantData9getMemberINS1_14SizedRamStringEEEPS2_T_
                0x08027aec       0x30 ./Core/Src/main.o
                0x08027aec                ArduinoJson::V6211HB::detail::VariantData* ArduinoJson::V6211HB::detail::VariantData::getMember<ArduinoJson::V6211HB::detail::SizedRamString>(ArduinoJson::V6211HB::detail::SizedRamString) const
 .text._ZN11ArduinoJson7V6211HB6detail17arithmeticCompareIdEENS1_13CompareResultERKT_S6_
                0x08027b1c       0x32 ./Core/Src/main.o
                0x08027b1c                ArduinoJson::V6211HB::detail::CompareResult ArduinoJson::V6211HB::detail::arithmeticCompare<double>(double const&, double const&)
 .text._ZN11ArduinoJson7V6211HB6detail15VariantComparer10visitFloatEd
                0x08027b4e       0x84 ./Core/Src/main.o
                0x08027b4e                ArduinoJson::V6211HB::detail::VariantComparer::visitFloat(double)
 .text._ZN11ArduinoJson7V6211HB6detail17arithmeticCompareIyEENS1_13CompareResultERKT_S6_
                0x08027bd2       0x24 ./Core/Src/main.o
                0x08027bd2                ArduinoJson::V6211HB::detail::CompareResult ArduinoJson::V6211HB::detail::arithmeticCompare<unsigned long long>(unsigned long long const&, unsigned long long const&)
 .text._ZN11ArduinoJson7V6211HB6detail15VariantComparer20visitUnsignedIntegerEy
                0x08027bf6       0x80 ./Core/Src/main.o
                0x08027bf6                ArduinoJson::V6211HB::detail::VariantComparer::visitUnsignedInteger(unsigned long long)
 .text._ZNK11ArduinoJson7V6211HB6detail11VariantData6acceptINS1_8ComparerIbvEEEENT_11result_typeERS6_
                0x08027c76       0x8a ./Core/Src/main.o
                0x08027c76                ArduinoJson::V6211HB::detail::Comparer<bool, void>::result_type ArduinoJson::V6211HB::detail::VariantData::accept<ArduinoJson::V6211HB::detail::Comparer<bool, void> >(ArduinoJson::V6211HB::detail::Comparer<bool, void>&) const
 .text._ZN11ArduinoJson7V6211HB6detail15VariantComparer12visitBooleanEb
                0x08027d00       0x24 ./Core/Src/main.o
                0x08027d00                ArduinoJson::V6211HB::detail::VariantComparer::visitBoolean(bool)
 .text._ZNK11ArduinoJson7V6211HB6detail11VariantData6acceptINS1_8ComparerIxvEEEENT_11result_typeERS6_
                0x08027d24       0x88 ./Core/Src/main.o
                0x08027d24                ArduinoJson::V6211HB::detail::Comparer<long long, void>::result_type ArduinoJson::V6211HB::detail::VariantData::accept<ArduinoJson::V6211HB::detail::Comparer<long long, void> >(ArduinoJson::V6211HB::detail::Comparer<long long, void>&) const
 .text._ZN11ArduinoJson7V6211HB6detail15VariantComparer18visitSignedIntegerEx
                0x08027dac       0x24 ./Core/Src/main.o
                0x08027dac                ArduinoJson::V6211HB::detail::VariantComparer::visitSignedInteger(long long)
 .text._ZNK11ArduinoJson7V6211HB6detail11VariantData6acceptINS1_8ComparerINS0_16JsonVariantConstEvEEEENT_11result_typeERS7_
                0x08027dd0       0x96 ./Core/Src/main.o
                0x08027dd0                ArduinoJson::V6211HB::detail::Comparer<ArduinoJson::V6211HB::JsonVariantConst, void>::result_type ArduinoJson::V6211HB::detail::VariantData::accept<ArduinoJson::V6211HB::detail::Comparer<ArduinoJson::V6211HB::JsonVariantConst, void> >(ArduinoJson::V6211HB::detail::Comparer<ArduinoJson::V6211HB::JsonVariantConst, void>&) const
 .text._ZN11ArduinoJson7V6211HB6detail15VariantComparer11visitObjectERKNS1_14CollectionDataE
                0x08027e66       0xb6 ./Core/Src/main.o
                0x08027e66                ArduinoJson::V6211HB::detail::VariantComparer::visitObject(ArduinoJson::V6211HB::detail::CollectionData const&)
 .text._ZN11ArduinoJson7V6211HB6detail15VariantComparer10visitArrayERKNS1_14CollectionDataE
                0x08027f1c       0x4c ./Core/Src/main.o
                0x08027f1c                ArduinoJson::V6211HB::detail::VariantComparer::visitArray(ArduinoJson::V6211HB::detail::CollectionData const&)
 .text._ZNK11ArduinoJson7V6211HB6detail11VariantData6acceptINS1_8ComparerINS0_18StaticJsonDocumentILj1200EEEvEEEENT_11result_typeERS8_
                0x08027f68       0x96 ./Core/Src/main.o
                0x08027f68                ArduinoJson::V6211HB::detail::Comparer<ArduinoJson::V6211HB::StaticJsonDocument<1200u>, void>::result_type ArduinoJson::V6211HB::detail::VariantData::accept<ArduinoJson::V6211HB::detail::Comparer<ArduinoJson::V6211HB::StaticJsonDocument<1200u>, void> >(ArduinoJson::V6211HB::detail::Comparer<ArduinoJson::V6211HB::StaticJsonDocument<1200u>, void>&) const
 .text._ZN11ArduinoJson7V6211HB6detail16JsonDeserializerINS1_6ReaderINSt7__cxx1112basic_stringIcSt11char_traitsIcESaIcEEEvEENS1_12StringCopierEE7currentEv
                0x08027ffe       0x24 ./Core/Src/main.o
                0x08027ffe                ArduinoJson::V6211HB::detail::JsonDeserializer<ArduinoJson::V6211HB::detail::Reader<std::__cxx11::basic_string<char, std::char_traits<char>, std::allocator<char> >, void>, ArduinoJson::V6211HB::detail::StringCopier>::current()
 *fill*         0x08028022        0x2 
 .text._ZN11ArduinoJson7V6211HB6detail16JsonDeserializerINS1_6ReaderINSt7__cxx1112basic_stringIcSt11char_traitsIcESaIcEEEvEENS1_12StringCopierEE21skipSpacesAndCommentsEv
                0x08028024       0x3c ./Core/Src/main.o
                0x08028024                ArduinoJson::V6211HB::detail::JsonDeserializer<ArduinoJson::V6211HB::detail::Reader<std::__cxx11::basic_string<char, std::char_traits<char>, std::allocator<char> >, void>, ArduinoJson::V6211HB::detail::StringCopier>::skipSpacesAndComments()
 .text._ZN11ArduinoJson7V6211HB6detail16JsonDeserializerINS1_6ReaderINSt7__cxx1112basic_stringIcSt11char_traitsIcESaIcEEEvEENS1_12StringCopierEE11skipKeywordEPKc
                0x08028060       0x2a ./Core/Src/main.o
                0x08028060                ArduinoJson::V6211HB::detail::JsonDeserializer<ArduinoJson::V6211HB::detail::Reader<std::__cxx11::basic_string<char, std::char_traits<char>, std::allocator<char> >, void>, ArduinoJson::V6211HB::detail::StringCopier>::skipKeyword(char const*)
 *fill*         0x0802808a        0x6 
 .text._ZN11ArduinoJson7V6211HB6detail10FloatPartsIdEC2Ed
                0x08028090      0x1b4 ./Core/Src/main.o
                0x08028090                ArduinoJson::V6211HB::detail::FloatParts<double>::FloatParts(double)
                0x08028090                ArduinoJson::V6211HB::detail::FloatParts<double>::FloatParts(double)
 .text._ZN11ArduinoJson7V6211HB6detail16JsonDeserializerINS1_6ReaderINSt7__cxx1112basic_stringIcSt11char_traitsIcESaIcEEEvEENS1_12StringCopierEE3eatEc
                0x08028244       0x18 ./Core/Src/main.o
                0x08028244                ArduinoJson::V6211HB::detail::JsonDeserializer<ArduinoJson::V6211HB::detail::Reader<std::__cxx11::basic_string<char, std::char_traits<char>, std::allocator<char> >, void>, ArduinoJson::V6211HB::detail::StringCopier>::eat(char)
 .text._ZN11ArduinoJson7V6211HB6detail17CountingDecoratorINS1_6WriterINSt7__cxx1112basic_stringIcSt11char_traitsIcESaIcEEEvEEE5writeEPKhj
                0x0802825c       0x14 ./Core/Src/main.o
                0x0802825c                ArduinoJson::V6211HB::detail::CountingDecorator<ArduinoJson::V6211HB::detail::Writer<std::__cxx11::basic_string<char, std::char_traits<char>, std::allocator<char> >, void> >::write(unsigned char const*, unsigned int)
 .text._ZN11ArduinoJson7V6211HB6detail13TextFormatterINS1_6WriterINSt7__cxx1112basic_stringIcSt11char_traitsIcESaIcEEEvEEE8writeRawEPKc
                0x08028270       0x18 ./Core/Src/main.o
                0x08028270                ArduinoJson::V6211HB::detail::TextFormatter<ArduinoJson::V6211HB::detail::Writer<std::__cxx11::basic_string<char, std::char_traits<char>, std::allocator<char> >, void> >::writeRaw(char const*)
 .text._ZN11ArduinoJson7V6211HB6detail13TextFormatterINS1_6WriterINSt7__cxx1112basic_stringIcSt11char_traitsIcESaIcEEEvEEE12writeIntegerIyEENS1_9enable_ifIXsrNS1_11is_unsignedIT_EE5valueEvE4typeESF_
                0x08028288       0x46 ./Core/Src/main.o
                0x08028288                ArduinoJson::V6211HB::detail::enable_if<ArduinoJson::V6211HB::detail::is_unsigned<unsigned long long>::value, void>::type ArduinoJson::V6211HB::detail::TextFormatter<ArduinoJson::V6211HB::detail::Writer<std::__cxx11::basic_string<char, std::char_traits<char>, std::allocator<char> >, void> >::writeInteger<unsigned long long>(unsigned long long)
 .text._ZN11ArduinoJson7V6211HB6detail21variantGetOrAddMemberINS1_14SizedRamStringEEEPNS1_11VariantDataES5_T_PNS1_10MemoryPoolE
                0x080282ce       0xb6 ./Core/Src/main.o
                0x080282ce                ArduinoJson::V6211HB::detail::VariantData* ArduinoJson::V6211HB::detail::variantGetOrAddMember<ArduinoJson::V6211HB::detail::SizedRamString>(ArduinoJson::V6211HB::detail::VariantData*, ArduinoJson::V6211HB::detail::SizedRamString, ArduinoJson::V6211HB::detail::MemoryPool*)
 .text._ZN11ArduinoJson7V6211HB6detail4Utf815encodeCodepointINS1_12StringCopierEEEvmRT_
                0x08028384       0x8c ./Core/Src/main.o
                0x08028384                void ArduinoJson::V6211HB::detail::Utf8::encodeCodepoint<ArduinoJson::V6211HB::detail::StringCopier>(unsigned long, ArduinoJson::V6211HB::detail::StringCopier&)
 .text._ZN11ArduinoJson7V6211HB6detail16JsonDeserializerINS1_6ReaderINSt7__cxx1112basic_stringIcSt11char_traitsIcESaIcEEEvEENS1_12StringCopierEE17parseQuotedStringEv
                0x08028410       0xe0 ./Core/Src/main.o
                0x08028410                ArduinoJson::V6211HB::detail::JsonDeserializer<ArduinoJson::V6211HB::detail::Reader<std::__cxx11::basic_string<char, std::char_traits<char>, std::allocator<char> >, void>, ArduinoJson::V6211HB::detail::StringCopier>::parseQuotedString()
 .text._ZN11ArduinoJson7V6211HB6detail16JsonDeserializerINS1_6ReaderINSt7__cxx1112basic_stringIcSt11char_traitsIcESaIcEEEvEENS1_12StringCopierEE22canBeInNonQuotedStringEc
                0x080284f0       0x26 ./Core/Src/main.o
                0x080284f0                ArduinoJson::V6211HB::detail::JsonDeserializer<ArduinoJson::V6211HB::detail::Reader<std::__cxx11::basic_string<char, std::char_traits<char>, std::allocator<char> >, void>, ArduinoJson::V6211HB::detail::StringCopier>::canBeInNonQuotedString(char)
 .text._ZN11ArduinoJson7V6211HB6detail16JsonDeserializerINS1_6ReaderINSt7__cxx1112basic_stringIcSt11char_traitsIcESaIcEEEvEENS1_12StringCopierEE8parseKeyEv
                0x08028516       0x56 ./Core/Src/main.o
                0x08028516                ArduinoJson::V6211HB::detail::JsonDeserializer<ArduinoJson::V6211HB::detail::Reader<std::__cxx11::basic_string<char, std::char_traits<char>, std::allocator<char> >, void>, ArduinoJson::V6211HB::detail::StringCopier>::parseKey()
 .text._ZN11ArduinoJson7V6211HB6detail16JsonDeserializerINS1_6ReaderINSt7__cxx1112basic_stringIcSt11char_traitsIcESaIcEEEvEENS1_12StringCopierEE12parseVariantINS1_14AllowAllFilterEEENS0_20DeserializationError4CodeERNS1_11VariantDataET_NS0_21DeserializationOption12NestingLimitE.isra.0
                0x0802856c      0x26c ./Core/Src/main.o
 .text._ZN11ArduinoJson7V6211HB6detail11deserializeINS1_16JsonDeserializerERNSt7__cxx1112basic_stringIcSt11char_traitsIcESaIcEEEJEvEENS0_20DeserializationErrorERNS0_12JsonDocumentEOT0_DpT1_
                0x080287d8       0x48 ./Core/Src/main.o
                0x080287d8                ArduinoJson::V6211HB::DeserializationError ArduinoJson::V6211HB::detail::deserialize<ArduinoJson::V6211HB::detail::JsonDeserializer, std::__cxx11::basic_string<char, std::char_traits<char>, std::allocator<char> >&, , void>(ArduinoJson::V6211HB::JsonDocument&, std::__cxx11::basic_string<char, std::char_traits<char>, std::allocator<char> >&)
 .text._Z14JSON_EXTRACTERPNSt7__cxx1112basic_stringIcSt11char_traitsIcESaIcEEEPN11ArduinoJson7V6211HB18StaticJsonDocumentILj1200EEE
                0x08028820       0x84 ./Core/Src/main.o
                0x08028820                JSON_EXTRACTER(std::__cxx11::basic_string<char, std::char_traits<char>, std::allocator<char> >*, ArduinoJson::V6211HB::StaticJsonDocument<1200u>*)
 .text._ZN11ArduinoJson7V6211HB6detail17CountingDecoratorINS1_6WriterINSt7__cxx1112basic_stringIcSt11char_traitsIcESaIcEEEvEEE5writeEh
                0x080288a4       0x12 ./Core/Src/main.o
                0x080288a4                ArduinoJson::V6211HB::detail::CountingDecorator<ArduinoJson::V6211HB::detail::Writer<std::__cxx11::basic_string<char, std::char_traits<char>, std::allocator<char> >, void> >::write(unsigned char)
 *fill*         0x080288b6        0x2 
 .text._ZN11ArduinoJson7V6211HB6detail13TextFormatterINS1_6WriterINSt7__cxx1112basic_stringIcSt11char_traitsIcESaIcEEEvEEE10writeFloatIdEEvT_
                0x080288b8      0x12c ./Core/Src/main.o
                0x080288b8                void ArduinoJson::V6211HB::detail::TextFormatter<ArduinoJson::V6211HB::detail::Writer<std::__cxx11::basic_string<char, std::char_traits<char>, std::allocator<char> >, void> >::writeFloat<double>(double)
 .text._ZN11ArduinoJson7V6211HB6detail13TextFormatterINS1_6WriterINSt7__cxx1112basic_stringIcSt11char_traitsIcESaIcEEEvEEE9writeCharEc
                0x080289e4       0x3c ./Core/Src/main.o
                0x080289e4                ArduinoJson::V6211HB::detail::TextFormatter<ArduinoJson::V6211HB::detail::Writer<std::__cxx11::basic_string<char, std::char_traits<char>, std::allocator<char> >, void> >::writeChar(char)
 .text._ZNK11ArduinoJson7V6211HB6detail11VariantData6acceptINS1_14JsonSerializerINS1_6WriterINSt7__cxx1112basic_stringIcSt11char_traitsIcESaIcEEEvEEEEEENT_11result_typeERSE_.isra.0
                0x08028a20      0x144 ./Core/Src/main.o
 .text._ZN11ArduinoJson7V6211HB13serializeJsonINSt7__cxx1112basic_stringIcSt11char_traitsIcESaIcEEEEEjNS0_16JsonVariantConstERT_.isra.0
                0x08028b64       0x24 ./Core/Src/main.o
 .text._ZN12JSON_HANDLER14MAKE_DATA_JSONENS_10clear_enumEb
                0x08028b88      0x1bc ./Core/Src/main.o
                0x08028b88                JSON_HANDLER::MAKE_DATA_JSON(JSON_HANDLER::clear_enum, bool)
 .text._Z14neoway_publishNSt7__cxx1112basic_stringIcSt11char_traitsIcESaIcEEEh
                0x08028d44      0x180 ./Core/Src/main.o
                0x08028d44                neoway_publish(std::__cxx11::basic_string<char, std::char_traits<char>, std::allocator<char> >, unsigned char)
 .text._ZN11ArduinoJson7V6211HB15convertFromJsonENS0_16JsonVariantConstERNSt7__cxx1112basic_stringIcSt11char_traitsIcESaIcEEE
                0x08028ec4       0x38 ./Core/Src/main.o
                0x08028ec4                ArduinoJson::V6211HB::convertFromJson(ArduinoJson::V6211HB::JsonVariantConst, std::__cxx11::basic_string<char, std::char_traits<char>, std::allocator<char> >&)
 *fill*         0x08028efc        0x4 
 .text._Z13UPDATE_CONFIGRKN11ArduinoJson7V6211HB18StaticJsonDocumentILj1200EEE
                0x08028f00       0x98 ./Core/Src/main.o
                0x08028f00                UPDATE_CONFIG(ArduinoJson::V6211HB::StaticJsonDocument<1200u> const&)
 .text._Z11config_filev
                0x08028f98       0xf8 ./Core/Src/main.o
                0x08028f98                config_file()
 .text._ZN12JSON_HANDLER14MAKE_META_JSONENS_10clear_enumEb
                0x08029090       0xd4 ./Core/Src/main.o
                0x08029090                JSON_HANDLER::MAKE_META_JSON(JSON_HANDLER::clear_enum, bool)
 .text._Z10MENU_PRINTb
                0x08029164      0x4b4 ./Core/Src/main.o
                0x08029164                MENU_PRINT(bool)
 .text._Z16save_meta_neowayv
                0x08029618       0x34 ./Core/Src/main.o
                0x08029618                save_meta_neoway()
 *fill*         0x0802964c        0x4 
 .text.startup.main
                0x08029650      0x7b8 ./Core/Src/main.o
                0x08029650                main
 .text.startup._GLOBAL__sub_I_neo_control
                0x08029e08        0x4 ./Core/Src/main.o
 .text.exit._GLOBAL__sub_D_neo_control
                0x08029e0c      0x1d0 ./Core/Src/main.o
 .text.MX_RTC_Init
                0x08029fdc       0xfc ./Core/Src/rtc.o
                0x08029fdc                MX_RTC_Init
 .text.HAL_RTC_MspInit
                0x0802a0d8       0x6c ./Core/Src/rtc.o
                0x0802a0d8                HAL_RTC_MspInit
 .text.MX_SPI2_Init
                0x0802a144       0x4c ./Core/Src/spi.o
                0x0802a144                MX_SPI2_Init
 .text.HAL_SPI_MspInit
                0x0802a190       0x68 ./Core/Src/spi.o
                0x0802a190                HAL_SPI_MspInit
 .text.HAL_MspInit
                0x0802a1f8       0x4c ./Core/Src/stm32l4xx_hal_msp.o
                0x0802a1f8                HAL_MspInit
 .text.SDTimer_Handler
                0x0802a244       0x2c ./Core/Src/stm32l4xx_it.o
                0x0802a244                SDTimer_Handler
 .text.NMI_Handler
                0x0802a270        0x2 ./Core/Src/stm32l4xx_it.o
                0x0802a270                NMI_Handler
 .text.HardFault_Handler
                0x0802a272        0x2 ./Core/Src/stm32l4xx_it.o
                0x0802a272                HardFault_Handler
 .text.MemManage_Handler
                0x0802a274        0x2 ./Core/Src/stm32l4xx_it.o
                0x0802a274                MemManage_Handler
 .text.BusFault_Handler
                0x0802a276        0x2 ./Core/Src/stm32l4xx_it.o
                0x0802a276                BusFault_Handler
 .text.UsageFault_Handler
                0x0802a278        0x2 ./Core/Src/stm32l4xx_it.o
                0x0802a278                UsageFault_Handler
 .text.SVC_Handler
                0x0802a27a        0x2 ./Core/Src/stm32l4xx_it.o
                0x0802a27a                SVC_Handler
 .text.DebugMon_Handler
                0x0802a27c        0x2 ./Core/Src/stm32l4xx_it.o
                0x0802a27c                DebugMon_Handler
 .text.PendSV_Handler
                0x0802a27e        0x2 ./Core/Src/stm32l4xx_it.o
                0x0802a27e                PendSV_Handler
 .text.SysTick_Handler
                0x0802a280       0x28 ./Core/Src/stm32l4xx_it.o
                0x0802a280                SysTick_Handler
 .text.RTC_WKUP_IRQHandler
                0x0802a2a8        0xc ./Core/Src/stm32l4xx_it.o
                0x0802a2a8                RTC_WKUP_IRQHandler
 .text.RCC_IRQHandler
                0x0802a2b4        0x2 ./Core/Src/stm32l4xx_it.o
                0x0802a2b4                RCC_IRQHandler
 .text.EXTI9_5_IRQHandler
                0x0802a2b6        0x8 ./Core/Src/stm32l4xx_it.o
                0x0802a2b6                EXTI9_5_IRQHandler
 *fill*         0x0802a2be        0x2 
 .text.RTC_Alarm_IRQHandler
                0x0802a2c0        0xc ./Core/Src/stm32l4xx_it.o
                0x0802a2c0                RTC_Alarm_IRQHandler
 .text._getpid  0x0802a2cc        0x4 ./Core/Src/syscalls.o
                0x0802a2cc                _getpid
 .text._kill    0x0802a2d0       0x10 ./Core/Src/syscalls.o
                0x0802a2d0                _kill
 .text._exit    0x0802a2e0        0xc ./Core/Src/syscalls.o
                0x0802a2e0                _exit
 .text._sbrk    0x0802a2ec       0x40 ./Core/Src/sysmem.o
                0x0802a2ec                _sbrk
 .text.SystemInit
                0x0802a32c       0x1c ./Core/Src/system_stm32l4xx.o
                0x0802a32c                SystemInit
 .text.MX_LPUART1_UART_Init
                0x0802a348       0x38 ./Core/Src/usart.o
                0x0802a348                MX_LPUART1_UART_Init
 .text.MX_USART1_UART_Init
                0x0802a380       0x3c ./Core/Src/usart.o
                0x0802a380                MX_USART1_UART_Init
 .text.MX_USART2_UART_Init
                0x0802a3bc       0x3c ./Core/Src/usart.o
                0x0802a3bc                MX_USART2_UART_Init
 .text.HAL_UART_MspInit
                0x0802a3f8      0x150 ./Core/Src/usart.o
                0x0802a3f8                HAL_UART_MspInit
 .text.HAL_UART_MspDeInit
                0x0802a548       0x64 ./Core/Src/usart.o
                0x0802a548                HAL_UART_MspDeInit
 .text.Reset_Handler
                0x0802a5ac       0x50 ./Core/Startup/startup_stm32l433vctx.o
                0x0802a5ac                Reset_Handler
 .text.Default_Handler
                0x0802a5fc        0x2 ./Core/Startup/startup_stm32l433vctx.o
                0x0802a5fc                EXTI2_IRQHandler
                0x0802a5fc                TIM1_CC_IRQHandler
                0x0802a5fc                TSC_IRQHandler
                0x0802a5fc                TAMP_STAMP_IRQHandler
                0x0802a5fc                EXTI3_IRQHandler
                0x0802a5fc                LPTIM2_IRQHandler
                0x0802a5fc                I2C3_ER_IRQHandler
                0x0802a5fc                EXTI0_IRQHandler
                0x0802a5fc                I2C2_EV_IRQHandler
                0x0802a5fc                CAN1_RX0_IRQHandler
                0x0802a5fc                FPU_IRQHandler
                0x0802a5fc                TIM1_UP_TIM16_IRQHandler
                0x0802a5fc                SPI1_IRQHandler
                0x0802a5fc                TIM6_DAC_IRQHandler
                0x0802a5fc                DMA2_Channel2_IRQHandler
                0x0802a5fc                DMA1_Channel4_IRQHandler
                0x0802a5fc                ADC1_IRQHandler
                0x0802a5fc                USART3_IRQHandler
                0x0802a5fc                DMA1_Channel7_IRQHandler
                0x0802a5fc                CAN1_RX1_IRQHandler
                0x0802a5fc                LCD_IRQHandler
                0x0802a5fc                DMA2_Channel1_IRQHandler
                0x0802a5fc                QUADSPI_IRQHandler
                0x0802a5fc                I2C1_EV_IRQHandler
                0x0802a5fc                DMA1_Channel6_IRQHandler
                0x0802a5fc                DMA2_Channel4_IRQHandler
                0x0802a5fc                TIM1_TRG_COM_IRQHandler
                0x0802a5fc                DMA1_Channel1_IRQHandler
                0x0802a5fc                Default_Handler
                0x0802a5fc                DMA2_Channel7_IRQHandler
                0x0802a5fc                EXTI15_10_IRQHandler
                0x0802a5fc                TIM7_IRQHandler
                0x0802a5fc                SDMMC1_IRQHandler
                0x0802a5fc                I2C3_EV_IRQHandler
                0x0802a5fc                USB_IRQHandler
                0x0802a5fc                PVD_PVM_IRQHandler
                0x0802a5fc                SPI2_IRQHandler
                0x0802a5fc                CAN1_TX_IRQHandler
                0x0802a5fc                DMA2_Channel5_IRQHandler
                0x0802a5fc                CRS_IRQHandler
                0x0802a5fc                DMA1_Channel5_IRQHandler
                0x0802a5fc                EXTI4_IRQHandler
                0x0802a5fc                RNG_IRQHandler
                0x0802a5fc                DMA1_Channel3_IRQHandler
                0x0802a5fc                COMP_IRQHandler
                0x0802a5fc                WWDG_IRQHandler
                0x0802a5fc                LPUART1_IRQHandler
                0x0802a5fc                DMA2_Channel6_IRQHandler
                0x0802a5fc                TIM2_IRQHandler
                0x0802a5fc                EXTI1_IRQHandler
                0x0802a5fc                USART2_IRQHandler
                0x0802a5fc                I2C2_ER_IRQHandler
                0x0802a5fc                DMA1_Channel2_IRQHandler
                0x0802a5fc                CAN1_SCE_IRQHandler
                0x0802a5fc                FLASH_IRQHandler
                0x0802a5fc                USART1_IRQHandler
                0x0802a5fc                SPI3_IRQHandler
                0x0802a5fc                I2C1_ER_IRQHandler
                0x0802a5fc                SWPMI1_IRQHandler
                0x0802a5fc                LPTIM1_IRQHandler
                0x0802a5fc                SAI1_IRQHandler
                0x0802a5fc                DMA2_Channel3_IRQHandler
                0x0802a5fc                TIM1_BRK_TIM15_IRQHandler
 *fill*         0x0802a5fe        0x2 
 .text.HAL_InitTick
                0x0802a600       0x4c ./Drivers/STM32L4xx_HAL_Driver/Src/stm32l4xx_hal.o
                0x0802a600                HAL_InitTick
 .text.HAL_Init
                0x0802a64c       0x1e ./Drivers/STM32L4xx_HAL_Driver/Src/stm32l4xx_hal.o
                0x0802a64c                HAL_Init
 *fill*         0x0802a66a        0x2 
 .text.HAL_IncTick
                0x0802a66c       0x18 ./Drivers/STM32L4xx_HAL_Driver/Src/stm32l4xx_hal.o
                0x0802a66c                HAL_IncTick
 .text.HAL_GetTick
                0x0802a684        0xc ./Drivers/STM32L4xx_HAL_Driver/Src/stm32l4xx_hal.o
                0x0802a684                HAL_GetTick
 .text.HAL_Delay
                0x0802a690       0x28 ./Drivers/STM32L4xx_HAL_Driver/Src/stm32l4xx_hal.o
                0x0802a690                HAL_Delay
 .text.HAL_SYSCFG_VREFBUF_HighImpedanceConfig
                0x0802a6b8       0x14 ./Drivers/STM32L4xx_HAL_Driver/Src/stm32l4xx_hal.o
                0x0802a6b8                HAL_SYSCFG_VREFBUF_HighImpedanceConfig
 .text.HAL_SYSCFG_DisableVREFBUF
                0x0802a6cc       0x10 ./Drivers/STM32L4xx_HAL_Driver/Src/stm32l4xx_hal.o
                0x0802a6cc                HAL_SYSCFG_DisableVREFBUF
 .text.LL_ADC_SetChannelSamplingTime
                0x0802a6dc       0x20 ./Drivers/STM32L4xx_HAL_Driver/Src/stm32l4xx_hal_adc.o
 .text.LL_ADC_REG_IsConversionOngoing
                0x0802a6fc        0x8 ./Drivers/STM32L4xx_HAL_Driver/Src/stm32l4xx_hal_adc.o
 .text.HAL_ADC_Init
                0x0802a704      0x198 ./Drivers/STM32L4xx_HAL_Driver/Src/stm32l4xx_hal_adc.o
                0x0802a704                HAL_ADC_Init
 .text.HAL_ADC_PollForConversion
                0x0802a89c       0xa0 ./Drivers/STM32L4xx_HAL_Driver/Src/stm32l4xx_hal_adc.o
                0x0802a89c                HAL_ADC_PollForConversion
 .text.HAL_ADC_GetValue
                0x0802a93c        0x6 ./Drivers/STM32L4xx_HAL_Driver/Src/stm32l4xx_hal_adc.o
                0x0802a93c                HAL_ADC_GetValue
 *fill*         0x0802a942        0x2 
 .text.HAL_ADC_ConfigChannel
                0x0802a944      0x364 ./Drivers/STM32L4xx_HAL_Driver/Src/stm32l4xx_hal_adc.o
                0x0802a944                HAL_ADC_ConfigChannel
 .text.ADC_ConversionStop
                0x0802aca8       0xcc ./Drivers/STM32L4xx_HAL_Driver/Src/stm32l4xx_hal_adc.o
                0x0802aca8                ADC_ConversionStop
 .text.ADC_Enable
                0x0802ad74       0xb0 ./Drivers/STM32L4xx_HAL_Driver/Src/stm32l4xx_hal_adc.o
                0x0802ad74                ADC_Enable
 .text.HAL_ADC_Start
                0x0802ae24       0x82 ./Drivers/STM32L4xx_HAL_Driver/Src/stm32l4xx_hal_adc.o
                0x0802ae24                HAL_ADC_Start
 .text.ADC_Disable
                0x0802aea6       0x68 ./Drivers/STM32L4xx_HAL_Driver/Src/stm32l4xx_hal_adc.o
                0x0802aea6                ADC_Disable
 .text.HAL_ADC_Stop
                0x0802af0e       0x3e ./Drivers/STM32L4xx_HAL_Driver/Src/stm32l4xx_hal_adc.o
                0x0802af0e                HAL_ADC_Stop
 .text.HAL_ADCEx_Calibration_Start
                0x0802af4c       0x90 ./Drivers/STM32L4xx_HAL_Driver/Src/stm32l4xx_hal_adc_ex.o
                0x0802af4c                HAL_ADCEx_Calibration_Start
 .text.HAL_NVIC_SetPriorityGrouping
                0x0802afdc       0x24 ./Drivers/STM32L4xx_HAL_Driver/Src/stm32l4xx_hal_cortex.o
                0x0802afdc                HAL_NVIC_SetPriorityGrouping
 .text.HAL_NVIC_SetPriority
                0x0802b000       0x64 ./Drivers/STM32L4xx_HAL_Driver/Src/stm32l4xx_hal_cortex.o
                0x0802b000                HAL_NVIC_SetPriority
 .text.HAL_NVIC_EnableIRQ
                0x0802b064       0x1c ./Drivers/STM32L4xx_HAL_Driver/Src/stm32l4xx_hal_cortex.o
                0x0802b064                HAL_NVIC_EnableIRQ
 .text.HAL_SYSTICK_Config
                0x0802b080       0x28 ./Drivers/STM32L4xx_HAL_Driver/Src/stm32l4xx_hal_cortex.o
                0x0802b080                HAL_SYSTICK_Config
 .text.HAL_GPIO_Init
                0x0802b0a8      0x188 ./Drivers/STM32L4xx_HAL_Driver/Src/stm32l4xx_hal_gpio.o
                0x0802b0a8                HAL_GPIO_Init
 .text.HAL_GPIO_DeInit
                0x0802b230       0xf4 ./Drivers/STM32L4xx_HAL_Driver/Src/stm32l4xx_hal_gpio.o
                0x0802b230                HAL_GPIO_DeInit
 .text.HAL_GPIO_ReadPin
                0x0802b324        0xc ./Drivers/STM32L4xx_HAL_Driver/Src/stm32l4xx_hal_gpio.o
                0x0802b324                HAL_GPIO_ReadPin
 .text.HAL_GPIO_WritePin
                0x0802b330        0xa ./Drivers/STM32L4xx_HAL_Driver/Src/stm32l4xx_hal_gpio.o
                0x0802b330                HAL_GPIO_WritePin
 *fill*         0x0802b33a        0x2 
 .text.HAL_GPIO_EXTI_IRQHandler
                0x0802b33c       0x18 ./Drivers/STM32L4xx_HAL_Driver/Src/stm32l4xx_hal_gpio.o
                0x0802b33c                HAL_GPIO_EXTI_IRQHandler
 .text.HAL_I2C_Init
                0x0802b354       0xaa ./Drivers/STM32L4xx_HAL_Driver/Src/stm32l4xx_hal_i2c.o
                0x0802b354                HAL_I2C_Init
 .text.HAL_I2CEx_ConfigAnalogFilter
                0x0802b3fe       0x4c ./Drivers/STM32L4xx_HAL_Driver/Src/stm32l4xx_hal_i2c_ex.o
                0x0802b3fe                HAL_I2CEx_ConfigAnalogFilter
 .text.HAL_I2CEx_ConfigDigitalFilter
                0x0802b44a       0x4a ./Drivers/STM32L4xx_HAL_Driver/Src/stm32l4xx_hal_i2c_ex.o
                0x0802b44a                HAL_I2CEx_ConfigDigitalFilter
 .text.HAL_IWDG_Init
                0x0802b494       0x5a ./Drivers/STM32L4xx_HAL_Driver/Src/stm32l4xx_hal_iwdg.o
                0x0802b494                HAL_IWDG_Init
 .text.HAL_IWDG_Refresh
                0x0802b4ee        0xc ./Drivers/STM32L4xx_HAL_Driver/Src/stm32l4xx_hal_iwdg.o
                0x0802b4ee                HAL_IWDG_Refresh
 *fill*         0x0802b4fa        0x2 
 .text.HAL_PWR_EnableBkUpAccess
                0x0802b4fc       0x10 ./Drivers/STM32L4xx_HAL_Driver/Src/stm32l4xx_hal_pwr.o
                0x0802b4fc                HAL_PWR_EnableBkUpAccess
 .text.HAL_PWR_EnterSLEEPMode
                0x0802b50c       0x40 ./Drivers/STM32L4xx_HAL_Driver/Src/stm32l4xx_hal_pwr.o
                0x0802b50c                HAL_PWR_EnterSLEEPMode
 .text.HAL_PWR_EnableSleepOnExit
                0x0802b54c       0x10 ./Drivers/STM32L4xx_HAL_Driver/Src/stm32l4xx_hal_pwr.o
                0x0802b54c                HAL_PWR_EnableSleepOnExit
 .text.HAL_PWR_DisableSleepOnExit
                0x0802b55c       0x10 ./Drivers/STM32L4xx_HAL_Driver/Src/stm32l4xx_hal_pwr.o
                0x0802b55c                HAL_PWR_DisableSleepOnExit
 .text.HAL_PWREx_GetVoltageRange
                0x0802b56c       0x10 ./Drivers/STM32L4xx_HAL_Driver/Src/stm32l4xx_hal_pwr_ex.o
                0x0802b56c                HAL_PWREx_GetVoltageRange
 .text.HAL_PWREx_ControlVoltageScaling
                0x0802b57c       0x6c ./Drivers/STM32L4xx_HAL_Driver/Src/stm32l4xx_hal_pwr_ex.o
                0x0802b57c                HAL_PWREx_ControlVoltageScaling
 .text.HAL_PWREx_EnableLowPowerRunMode
                0x0802b5e8       0x10 ./Drivers/STM32L4xx_HAL_Driver/Src/stm32l4xx_hal_pwr_ex.o
                0x0802b5e8                HAL_PWREx_EnableLowPowerRunMode
 .text.HAL_PWREx_DisableLowPowerRunMode
                0x0802b5f8       0x40 ./Drivers/STM32L4xx_HAL_Driver/Src/stm32l4xx_hal_pwr_ex.o
                0x0802b5f8                HAL_PWREx_DisableLowPowerRunMode
 .text.RCC_SetFlashLatencyFromMSIRange
                0x0802b638       0x84 ./Drivers/STM32L4xx_HAL_Driver/Src/stm32l4xx_hal_rcc.o
 .text.HAL_RCC_GetSysClockFreq
                0x0802b6bc       0x8c ./Drivers/STM32L4xx_HAL_Driver/Src/stm32l4xx_hal_rcc.o
                0x0802b6bc                HAL_RCC_GetSysClockFreq
 .text.HAL_RCC_OscConfig
                0x0802b748      0x544 ./Drivers/STM32L4xx_HAL_Driver/Src/stm32l4xx_hal_rcc.o
                0x0802b748                HAL_RCC_OscConfig
 .text.HAL_RCC_ClockConfig
                0x0802bc8c      0x154 ./Drivers/STM32L4xx_HAL_Driver/Src/stm32l4xx_hal_rcc.o
                0x0802bc8c                HAL_RCC_ClockConfig
 .text.HAL_RCC_GetPCLK1Freq
                0x0802bde0       0x24 ./Drivers/STM32L4xx_HAL_Driver/Src/stm32l4xx_hal_rcc.o
                0x0802bde0                HAL_RCC_GetPCLK1Freq
 .text.HAL_RCC_GetPCLK2Freq
                0x0802be04       0x24 ./Drivers/STM32L4xx_HAL_Driver/Src/stm32l4xx_hal_rcc.o
                0x0802be04                HAL_RCC_GetPCLK2Freq
 .text.RCCEx_PLLSAI1_Config
                0x0802be28      0x10c ./Drivers/STM32L4xx_HAL_Driver/Src/stm32l4xx_hal_rcc_ex.o
 .text.HAL_RCCEx_PeriphCLKConfig
                0x0802bf34      0x318 ./Drivers/STM32L4xx_HAL_Driver/Src/stm32l4xx_hal_rcc_ex.o
                0x0802bf34                HAL_RCCEx_PeriphCLKConfig
 .text.HAL_RTC_AlarmIRQHandler
                0x0802c24c       0x54 ./Drivers/STM32L4xx_HAL_Driver/Src/stm32l4xx_hal_rtc.o
                0x0802c24c                HAL_RTC_AlarmIRQHandler
 .text.HAL_RTC_WaitForSynchro
                0x0802c2a0       0x30 ./Drivers/STM32L4xx_HAL_Driver/Src/stm32l4xx_hal_rtc.o
                0x0802c2a0                HAL_RTC_WaitForSynchro
 .text.RTC_EnterInitMode
                0x0802c2d0       0x48 ./Drivers/STM32L4xx_HAL_Driver/Src/stm32l4xx_hal_rtc.o
                0x0802c2d0                RTC_EnterInitMode
 .text.RTC_ExitInitMode
                0x0802c318       0x44 ./Drivers/STM32L4xx_HAL_Driver/Src/stm32l4xx_hal_rtc.o
                0x0802c318                RTC_ExitInitMode
 .text.HAL_RTC_Init
                0x0802c35c       0x9a ./Drivers/STM32L4xx_HAL_Driver/Src/stm32l4xx_hal_rtc.o
                0x0802c35c                HAL_RTC_Init
 .text.RTC_ByteToBcd2
                0x0802c3f6       0x16 ./Drivers/STM32L4xx_HAL_Driver/Src/stm32l4xx_hal_rtc.o
                0x0802c3f6                RTC_ByteToBcd2
 .text.HAL_RTC_SetTime
                0x0802c40c       0xc2 ./Drivers/STM32L4xx_HAL_Driver/Src/stm32l4xx_hal_rtc.o
                0x0802c40c                HAL_RTC_SetTime
 .text.HAL_RTC_SetDate
                0x0802c4ce       0x98 ./Drivers/STM32L4xx_HAL_Driver/Src/stm32l4xx_hal_rtc.o
                0x0802c4ce                HAL_RTC_SetDate
 *fill*         0x0802c566        0x2 
 .text.HAL_RTC_SetAlarm_IT
                0x0802c568      0x170 ./Drivers/STM32L4xx_HAL_Driver/Src/stm32l4xx_hal_rtc.o
                0x0802c568                HAL_RTC_SetAlarm_IT
 .text.RTC_Bcd2ToByte
                0x0802c6d8       0x12 ./Drivers/STM32L4xx_HAL_Driver/Src/stm32l4xx_hal_rtc.o
                0x0802c6d8                RTC_Bcd2ToByte
 .text.HAL_RTC_GetTime
                0x0802c6ea       0x46 ./Drivers/STM32L4xx_HAL_Driver/Src/stm32l4xx_hal_rtc.o
                0x0802c6ea                HAL_RTC_GetTime
 .text.HAL_RTC_GetDate
                0x0802c730       0x3a ./Drivers/STM32L4xx_HAL_Driver/Src/stm32l4xx_hal_rtc.o
                0x0802c730                HAL_RTC_GetDate
 .text.HAL_RTC_GetAlarm
                0x0802c76a       0x7a ./Drivers/STM32L4xx_HAL_Driver/Src/stm32l4xx_hal_rtc.o
                0x0802c76a                HAL_RTC_GetAlarm
 .text.HAL_RTCEx_SetWakeUpTimer_IT
                0x0802c7e4       0xbc ./Drivers/STM32L4xx_HAL_Driver/Src/stm32l4xx_hal_rtc_ex.o
                0x0802c7e4                HAL_RTCEx_SetWakeUpTimer_IT
 .text.HAL_RTCEx_WakeUpTimerIRQHandler
                0x0802c8a0       0x30 ./Drivers/STM32L4xx_HAL_Driver/Src/stm32l4xx_hal_rtc_ex.o
                0x0802c8a0                HAL_RTCEx_WakeUpTimerIRQHandler
 .text.HAL_RTCEx_BKUPWrite
                0x0802c8d0       0x18 ./Drivers/STM32L4xx_HAL_Driver/Src/stm32l4xx_hal_rtc_ex.o
                0x0802c8d0                HAL_RTCEx_BKUPWrite
 .text.HAL_RTCEx_BKUPRead
                0x0802c8e8        0xa ./Drivers/STM32L4xx_HAL_Driver/Src/stm32l4xx_hal_rtc_ex.o
                0x0802c8e8                HAL_RTCEx_BKUPRead
 *fill*         0x0802c8f2        0x2 
 .text.SPI_WaitFlagStateUntilTimeout.constprop.0
                0x0802c8f4       0xa4 ./Drivers/STM32L4xx_HAL_Driver/Src/stm32l4xx_hal_spi.o
 .text.SPI_WaitFifoStateUntilTimeout.constprop.0
                0x0802c998       0xc8 ./Drivers/STM32L4xx_HAL_Driver/Src/stm32l4xx_hal_spi.o
 .text.SPI_EndRxTxTransaction
                0x0802ca60       0x44 ./Drivers/STM32L4xx_HAL_Driver/Src/stm32l4xx_hal_spi.o
 .text.HAL_SPI_Init
                0x0802caa4       0xd4 ./Drivers/STM32L4xx_HAL_Driver/Src/stm32l4xx_hal_spi.o
                0x0802caa4                HAL_SPI_Init
 .text.HAL_SPI_Transmit
                0x0802cb78      0x194 ./Drivers/STM32L4xx_HAL_Driver/Src/stm32l4xx_hal_spi.o
                0x0802cb78                HAL_SPI_Transmit
 .text.HAL_SPI_TransmitReceive
                0x0802cd0c      0x25c ./Drivers/STM32L4xx_HAL_Driver/Src/stm32l4xx_hal_spi.o
                0x0802cd0c                HAL_SPI_TransmitReceive
 .text.UART_EndRxTransfer
                0x0802cf68       0x50 ./Drivers/STM32L4xx_HAL_Driver/Src/stm32l4xx_hal_uart.o
 .text.UART_SetConfig
                0x0802cfb8      0x1cc ./Drivers/STM32L4xx_HAL_Driver/Src/stm32l4xx_hal_uart.o
                0x0802cfb8                UART_SetConfig
 .text.UART_AdvFeatureConfig
                0x0802d184       0xa8 ./Drivers/STM32L4xx_HAL_Driver/Src/stm32l4xx_hal_uart.o
                0x0802d184                UART_AdvFeatureConfig
 .text.UART_WaitOnFlagUntilTimeout
                0x0802d22c       0x88 ./Drivers/STM32L4xx_HAL_Driver/Src/stm32l4xx_hal_uart.o
                0x0802d22c                UART_WaitOnFlagUntilTimeout
 .text.HAL_UART_Transmit
                0x0802d2b4       0xa2 ./Drivers/STM32L4xx_HAL_Driver/Src/stm32l4xx_hal_uart.o
                0x0802d2b4                HAL_UART_Transmit
 .text.UART_CheckIdleState
                0x0802d356       0xb2 ./Drivers/STM32L4xx_HAL_Driver/Src/stm32l4xx_hal_uart.o
                0x0802d356                UART_CheckIdleState
 .text.HAL_UART_Init
                0x0802d408       0x5c ./Drivers/STM32L4xx_HAL_Driver/Src/stm32l4xx_hal_uart.o
                0x0802d408                HAL_UART_Init
 .text.MX_FATFS_Init
                0x0802d464       0x1c ./FATFS/App/fatfs.o
                0x0802d464                MX_FATFS_Init
 .text.get_fattime
                0x0802d480        0x4 ./FATFS/App/fatfs.o
                0x0802d480                get_fattime
 .text.USER_initialize
                0x0802d484        0xa ./FATFS/Target/user_diskio.o
                0x0802d484                USER_initialize
 .text.USER_status
                0x0802d48e        0xa ./FATFS/Target/user_diskio.o
                0x0802d48e                USER_status
 .text.USER_read
                0x0802d498        0xa ./FATFS/Target/user_diskio.o
                0x0802d498                USER_read
 .text.USER_write
                0x0802d4a2        0xa ./FATFS/Target/user_diskio.o
                0x0802d4a2                USER_write
 .text.USER_ioctl
                0x0802d4ac        0xa ./FATFS/Target/user_diskio.o
                0x0802d4ac                USER_ioctl
 *fill*         0x0802d4b6        0x2 
 .text.disk_status
                0x0802d4b8       0x14 ./Middlewares/Third_Party/FatFs/src/diskio.o
                0x0802d4b8                disk_status
 .text.disk_initialize
                0x0802d4cc       0x20 ./Middlewares/Third_Party/FatFs/src/diskio.o
                0x0802d4cc                disk_initialize
 .text.disk_read
                0x0802d4ec       0x1c ./Middlewares/Third_Party/FatFs/src/diskio.o
                0x0802d4ec                disk_read
 .text.disk_write
                0x0802d508       0x1c ./Middlewares/Third_Party/FatFs/src/diskio.o
                0x0802d508                disk_write
 .text.disk_ioctl
                0x0802d524       0x1c ./Middlewares/Third_Party/FatFs/src/diskio.o
                0x0802d524                disk_ioctl
 .text.ld_dword
                0x0802d540        0x4 ./Middlewares/Third_Party/FatFs/src/ff.o
 .text.st_dword
                0x0802d544       0x10 ./Middlewares/Third_Party/FatFs/src/ff.o
 .text.mem_set  0x0802d554        0xc ./Middlewares/Third_Party/FatFs/src/ff.o
 .text.chk_lock
                0x0802d560       0x74 ./Middlewares/Third_Party/FatFs/src/ff.o
 .text.inc_lock
                0x0802d5d4       0x84 ./Middlewares/Third_Party/FatFs/src/ff.o
 .text.dec_lock
                0x0802d658       0x3c ./Middlewares/Third_Party/FatFs/src/ff.o
 .text.clear_lock
                0x0802d694       0x1c ./Middlewares/Third_Party/FatFs/src/ff.o
 .text.clust2sect
                0x0802d6b0       0x16 ./Middlewares/Third_Party/FatFs/src/ff.o
 .text.clmt_clust
                0x0802d6c6       0x26 ./Middlewares/Third_Party/FatFs/src/ff.o
 .text.sum_sfn  0x0802d6ec       0x1e ./Middlewares/Third_Party/FatFs/src/ff.o
 .text.get_ldnumber
                0x0802d70a       0x30 ./Middlewares/Third_Party/FatFs/src/ff.o
 .text.validate
                0x0802d73a       0x34 ./Middlewares/Third_Party/FatFs/src/ff.o
 .text.sync_window
                0x0802d76e       0x4a ./Middlewares/Third_Party/FatFs/src/ff.o
 .text.get_fileinfo
                0x0802d7b8       0xe8 ./Middlewares/Third_Party/FatFs/src/ff.o
 .text.mem_cpy.part.0
                0x0802d8a0       0x12 ./Middlewares/Third_Party/FatFs/src/ff.o
 .text.st_clust
                0x0802d8b2       0x18 ./Middlewares/Third_Party/FatFs/src/ff.o
 .text.move_window
                0x0802d8ca       0x32 ./Middlewares/Third_Party/FatFs/src/ff.o
 .text.check_fs
                0x0802d8fc       0x78 ./Middlewares/Third_Party/FatFs/src/ff.o
 .text.find_volume
                0x0802d974      0x290 ./Middlewares/Third_Party/FatFs/src/ff.o
 .text.put_fat  0x0802dc04      0x122 ./Middlewares/Third_Party/FatFs/src/ff.o
 .text.sync_fs  0x0802dd26       0x94 ./Middlewares/Third_Party/FatFs/src/ff.o
 .text.ld_clust.isra.0
                0x0802ddba       0x10 ./Middlewares/Third_Party/FatFs/src/ff.o
 .text.get_fat.isra.0
                0x0802ddca       0xd6 ./Middlewares/Third_Party/FatFs/src/ff.o
 .text.remove_chain
                0x0802dea0       0x6e ./Middlewares/Third_Party/FatFs/src/ff.o
 .text.create_chain
                0x0802df0e       0xb0 ./Middlewares/Third_Party/FatFs/src/ff.o
 .text.dir_next
                0x0802dfbe       0xf8 ./Middlewares/Third_Party/FatFs/src/ff.o
 .text.dir_sdi  0x0802e0b6       0x86 ./Middlewares/Third_Party/FatFs/src/ff.o
 .text.dir_find
                0x0802e13c      0x15c ./Middlewares/Third_Party/FatFs/src/ff.o
 .text.dir_register
                0x0802e298      0x284 ./Middlewares/Third_Party/FatFs/src/ff.o
 .text.follow_path
                0x0802e51c      0x27c ./Middlewares/Third_Party/FatFs/src/ff.o
 .text.f_mount  0x0802e798       0x54 ./Middlewares/Third_Party/FatFs/src/ff.o
                0x0802e798                f_mount
 .text.f_open   0x0802e7ec      0x200 ./Middlewares/Third_Party/FatFs/src/ff.o
                0x0802e7ec                f_open
 .text.f_read   0x0802e9ec      0x178 ./Middlewares/Third_Party/FatFs/src/ff.o
                0x0802e9ec                f_read
 .text.f_write  0x0802eb64      0x19e ./Middlewares/Third_Party/FatFs/src/ff.o
                0x0802eb64                f_write
 .text.f_sync   0x0802ed02       0x96 ./Middlewares/Third_Party/FatFs/src/ff.o
                0x0802ed02                f_sync
 .text.f_close  0x0802ed98       0x22 ./Middlewares/Third_Party/FatFs/src/ff.o
                0x0802ed98                f_close
 .text.f_lseek  0x0802edba      0x210 ./Middlewares/Third_Party/FatFs/src/ff.o
                0x0802edba                f_lseek
 .text.f_stat   0x0802efca       0x3e ./Middlewares/Third_Party/FatFs/src/ff.o
                0x0802efca                f_stat
 .text.f_gets   0x0802f008       0x4a ./Middlewares/Third_Party/FatFs/src/ff.o
                0x0802f008                f_gets
 *fill*         0x0802f052        0x2 
 .text.FATFS_LinkDriverEx
                0x0802f054       0x40 ./Middlewares/Third_Party/FatFs/src/ff_gen_drv.o
                0x0802f054                FATFS_LinkDriverEx
 .text.FATFS_LinkDriver
                0x0802f094        0x6 ./Middlewares/Third_Party/FatFs/src/ff_gen_drv.o
                0x0802f094                FATFS_LinkDriver
 *fill*         0x0802f09a        0x2 
 .text.FATFS_UnLinkDriverEx
                0x0802f09c       0x30 ./Middlewares/Third_Party/FatFs/src/ff_gen_drv.o
                0x0802f09c                FATFS_UnLinkDriverEx
 .text.FATFS_UnLinkDriver
                0x0802f0cc        0x6 ./Middlewares/Third_Party/FatFs/src/ff_gen_drv.o
                0x0802f0cc                FATFS_UnLinkDriver
 *fill*         0x0802f0d2        0x2 
 .text.ff_convert
                0x0802f0d4       0x38 ./Middlewares/Third_Party/FatFs/src/option/ccsbcs.o
                0x0802f0d4                ff_convert
 .text.ff_wtoupper