Archive member included to satisfy reference by file (symbol)

C:/ST/STM32CubeIDE_1.16.0/STM32CubeIDE/plugins/com.st.stm32cube.ide.mcu.externaltools.gnu-tools-for-stm32.12.3.rel1.win32_1.0.200.202406191623/tools/bin/../lib/gcc/arm-none-eabi/12.3.1/../../../../arm-none-eabi/lib/thumb/v7e-m+fp/hard\libstdc++_nano.a(del_opv.o)
                              ./Core/Src/main.o (operator delete[](void*))
C:/ST/STM32CubeIDE_1.16.0/STM32CubeIDE/plugins/com.st.stm32cube.ide.mcu.externaltools.gnu-tools-for-stm32.12.3.rel1.win32_1.0.200.202406191623/tools/bin/../lib/gcc/arm-none-eabi/12.3.1/../../../../arm-none-eabi/lib/thumb/v7e-m+fp/hard\libstdc++_nano.a(del_opvs.o)
                              ./Core/Src/main.o (operator delete[](void*, unsigned int))
C:/ST/STM32CubeIDE_1.16.0/STM32CubeIDE/plugins/com.st.stm32cube.ide.mcu.externaltools.gnu-tools-for-stm32.12.3.rel1.win32_1.0.200.202406191623/tools/bin/../lib/gcc/arm-none-eabi/12.3.1/../../../../arm-none-eabi/lib/thumb/v7e-m+fp/hard\libstdc++_nano.a(guard.o)
                              ./Core/Src/main.o (__cxa_guard_acquire)
C:/ST/STM32CubeIDE_1.16.0/STM32CubeIDE/plugins/com.st.stm32cube.ide.mcu.externaltools.gnu-tools-for-stm32.12.3.rel1.win32_1.0.200.202406191623/tools/bin/../lib/gcc/arm-none-eabi/12.3.1/../../../../arm-none-eabi/lib/thumb/v7e-m+fp/hard\libstdc++_nano.a(new_opv.o)
                              ./Core/Src/main.o (operator new[](unsigned int))
C:/ST/STM32CubeIDE_1.16.0/STM32CubeIDE/plugins/com.st.stm32cube.ide.mcu.externaltools.gnu-tools-for-stm32.12.3.rel1.win32_1.0.200.202406191623/tools/bin/../lib/gcc/arm-none-eabi/12.3.1/../../../../arm-none-eabi/lib/thumb/v7e-m+fp/hard\libstdc++_nano.a(allocator-inst.o)
                              ./Core/Src/main.o (std::allocator<char>::allocator())
C:/ST/STM32CubeIDE_1.16.0/STM32CubeIDE/plugins/com.st.stm32cube.ide.mcu.externaltools.gnu-tools-for-stm32.12.3.rel1.win32_1.0.200.202406191623/tools/bin/../lib/gcc/arm-none-eabi/12.3.1/../../../../arm-none-eabi/lib/thumb/v7e-m+fp/hard\libstdc++_nano.a(string-inst.o)
                              ./Core/Src/main.o (std::__cxx11::basic_string<char, std::char_traits<char>, std::allocator<char> >::basic_string())
C:/ST/STM32CubeIDE_1.16.0/STM32CubeIDE/plugins/com.st.stm32cube.ide.mcu.externaltools.gnu-tools-for-stm32.12.3.rel1.win32_1.0.200.202406191623/tools/bin/../lib/gcc/arm-none-eabi/12.3.1/../../../../arm-none-eabi/lib/thumb/v7e-m+fp/hard\libstdc++_nano.a(del_op.o)
                              C:/ST/STM32CubeIDE_1.16.0/STM32CubeIDE/plugins/com.st.stm32cube.ide.mcu.externaltools.gnu-tools-for-stm32.12.3.rel1.win32_1.0.200.202406191623/tools/bin/../lib/gcc/arm-none-eabi/12.3.1/../../../../arm-none-eabi/lib/thumb/v7e-m+fp/hard\libstdc++_nano.a(del_opv.o) (operator delete(void*))
C:/ST/STM32CubeIDE_1.16.0/STM32CubeIDE/plugins/com.st.stm32cube.ide.mcu.externaltools.gnu-tools-for-stm32.12.3.rel1.win32_1.0.200.202406191623/tools/bin/../lib/gcc/arm-none-eabi/12.3.1/../../../../arm-none-eabi/lib/thumb/v7e-m+fp/hard\libstdc++_nano.a(new_op.o)
                              C:/ST/STM32CubeIDE_1.16.0/STM32CubeIDE/plugins/com.st.stm32cube.ide.mcu.externaltools.gnu-tools-for-stm32.12.3.rel1.win32_1.0.200.202406191623/tools/bin/../lib/gcc/arm-none-eabi/12.3.1/../../../../arm-none-eabi/lib/thumb/v7e-m+fp/hard\libstdc++_nano.a(new_opv.o) (operator new(unsigned int))
C:/ST/STM32CubeIDE_1.16.0/STM32CubeIDE/plugins/com.st.stm32cube.ide.mcu.externaltools.gnu-tools-for-stm32.12.3.rel1.win32_1.0.200.202406191623/tools/bin/../lib/gcc/arm-none-eabi/12.3.1/../../../../arm-none-eabi/lib/thumb/v7e-m+fp/hard\libstdc++_nano.a(functexcept.o)
                              C:/ST/STM32CubeIDE_1.16.0/STM32CubeIDE/plugins/com.st.stm32cube.ide.mcu.externaltools.gnu-tools-for-stm32.12.3.rel1.win32_1.0.200.202406191623/tools/bin/../lib/gcc/arm-none-eabi/12.3.1/../../../../arm-none-eabi/lib/thumb/v7e-m+fp/hard\libstdc++_nano.a(string-inst.o) (std::__throw_bad_alloc())
C:/ST/STM32CubeIDE_1.16.0/STM32CubeIDE/plugins/com.st.stm32cube.ide.mcu.externaltools.gnu-tools-for-stm32.12.3.rel1.win32_1.0.200.202406191623/tools/bin/../lib/gcc/arm-none-eabi/12.3.1/../../../../arm-none-eabi/lib/thumb/v7e-m+fp/hard\libstdc++_nano.a(new_handler.o)
                              C:/ST/STM32CubeIDE_1.16.0/STM32CubeIDE/plugins/com.st.stm32cube.ide.mcu.externaltools.gnu-tools-for-stm32.12.3.rel1.win32_1.0.200.202406191623/tools/bin/../lib/gcc/arm-none-eabi/12.3.1/../../../../arm-none-eabi/lib/thumb/v7e-m+fp/hard\libstdc++_nano.a(new_op.o) (std::get_new_handler())
C:/ST/STM32CubeIDE_1.16.0/STM32CubeIDE/plugins/com.st.stm32cube.ide.mcu.externaltools.gnu-tools-for-stm32.12.3.rel1.win32_1.0.200.202406191623/tools/bin/../lib/gcc/arm-none-eabi/12.3.1/../../../../arm-none-eabi/lib/thumb/v7e-m+fp/hard\libc_nano.a(libc_a-abort.o)
[...]
Memory Configuration

Name             Origin             Length             Attributes
RAM              0x20000000         0x00010000         xrw
RAM2             0x10000000         0x00004000         xrw
FLASH            0x0801f000         0x0001f400         xr
*default*        0x00000000         0xffffffff

Linker script and memory map

LOAD C:/ST/STM32CubeIDE_1.16.0/STM32CubeIDE/plugins/com.st.stm32cube.ide.mcu.externaltools.gnu-tools-for-stm32.12.3.rel1.win32_1.0.200.202406191623/tools/bin/../lib/gcc/arm-none-eabi/12.3.1/thumb/v7e-m+fp/hard/crti.o
LOAD C:/ST/STM32CubeIDE_1.16.0/STM32CubeIDE/plugins/com.st.stm32cube.ide.mcu.externaltools.gnu-tools-for-stm32.12.3.rel1.win32_1.0.200.202406191623/tools/bin/../lib/gcc/arm-none-eabi/12.3.1/thumb/v7e-m+fp/hard/crtbegin.o
LOAD C:/ST/STM32CubeIDE_1.16.0/STM32CubeIDE/plugins/com.st.stm32cube.ide.mcu.externaltools.gnu-tools-for-stm32.12.3.rel1.win32_1.0.200.202406191623/tools/bin/../lib/gcc/arm-none-eabi/12.3.1/../../../../arm-none-eabi/lib/thumb/v7e-m+fp/hard/crt0.o
LOAD ./Core/Src/adc.o
LOAD ./Core/Src/gpio.o
LOAD ./Core/Src/i2c.o
LOAD ./Core/Src/iwdg.o
LOAD ./Core/Src/main.o
LOAD ./Core/Src/rtc.o
LOAD ./Core/Src/stm32l4xx_hal_msp.o
LOAD ./Core/Src/stm32l4xx_it.o
LOAD ./Core/Src/syscalls.o
LOAD ./Core/Src/sysmem.o
LOAD ./Core/Src/system_stm32l4xx.o
LOAD ./Core/Src/usart.o
LOAD ./Core/Startup/startup_stm32l433vctx.o
LOAD ./Drivers/STM32L4xx_HAL_Driver/Src/stm32l4xx_hal.o
LOAD ./Drivers/STM32L4xx_HAL_Driver/Src/stm32l4xx_hal_adc.o
LOAD ./Drivers/STM32L4xx_HAL_Driver/Src/stm32l4xx_hal_adc_ex.o
LOAD ./Drivers/STM32L4xx_HAL_Driver/Src/stm32l4xx_hal_cortex.o
LOAD ./Drivers/STM32L4xx_HAL_Driver/Src/stm32l4xx_hal_dma.o
LOAD ./Drivers/STM32L4xx_HAL_Driver/Src/stm32l4xx_hal_dma_ex.o
LOAD ./Drivers/STM32L4xx_HAL_Driver/Src/stm32l4xx_hal_exti.o
LOAD ./Drivers/STM32L4xx_HAL_Driver/Src/stm32l4xx_hal_flash.o
LOAD ./Drivers/STM32L4xx_HAL_Driver/Src/stm32l4xx_hal_flash_ex.o
LOAD ./Drivers/STM32L4xx_HAL_Driver/Src/stm32l4xx_hal_flash_ramfunc.o
LOAD ./Drivers/STM32L4xx_HAL_Driver/Src/stm32l4xx_hal_gpio.o
LOAD ./Drivers/STM32L4xx_HAL_Driver/Src/stm32l4xx_hal_i2c.o
LOAD ./Drivers/STM32L4xx_HAL_Driver/Src/stm32l4xx_hal_i2c_ex.o
LOAD ./Drivers/STM32L4xx_HAL_Driver/Src/stm32l4xx_hal_iwdg.o
LOAD ./Drivers/STM32L4xx_HAL_Driver/Src/stm32l4xx_hal_pwr.o
LOAD ./Drivers/STM32L4xx_HAL_Driver/Src/stm32l4xx_hal_pwr_ex.o
LOAD ./Drivers/STM32L4xx_HAL_Driver/Src/stm32l4xx_hal_rcc.o
LOAD ./Drivers/STM32L4xx_HAL_Driver/Src/stm32l4xx_hal_rcc_ex.o
LOAD ./Drivers/STM32L4xx_HAL_Driver/Src/stm32l4xx_hal_rtc.o
LOAD ./Drivers/STM32L4xx_HAL_Driver/Src/stm32l4xx_hal_rtc_ex.o
LOAD ./Drivers/STM32L4xx_HAL_Driver/Src/stm32l4xx_hal_tim.o
LOAD ./Drivers/STM32L4xx_HAL_Driver/Src/stm32l4xx_hal_tim_ex.o
LOAD ./Drivers/STM32L4xx_HAL_Driver/Src/stm32l4xx_hal_uart.o
LOAD ./Drivers/STM32L4xx_HAL_Driver/Src/stm32l4xx_hal_uart_ex.o
START GROUP
LOAD C:/ST/STM32CubeIDE_1.16.0/STM32CubeIDE/plugins/com.st.stm32cube.ide.mcu.externaltools.gnu-tools-for-stm32.12.3.rel1.win32_1.0.200.202406191623/tools/bin/../lib/gcc/arm-none-eabi/12.3.1/../../../../arm-none-eabi/lib/thumb/v7e-m+fp/hard\libstdc++_nano.a
LOAD C:/ST/STM32CubeIDE_1.16.0/STM32CubeIDE/plugins/com.st.stm32cube.ide.mcu.externaltools.gnu-tools-for-stm32.12.3.rel1.win32_1.0.200.202406191623/tools/bin/../lib/gcc/arm-none-eabi/12.3.1/../../../../arm-none-eabi/lib/thumb/v7e-m+fp/hard\libsupc++_nano.a
END GROUP
LOAD C:/ST/STM32CubeIDE_1.16.0/STM32CubeIDE/plugins/com.st.stm32cube.ide.mcu.externaltools.gnu-tools-for-stm32.12.3.rel1.win32_1.0.200.202406191623/tools/bin/../lib/gcc/arm-none-eabi/12.3.1/../../../../arm-none-eabi/lib/thumb/v7e-m+fp/hard\libstdc++_nano.a
LOAD C:/ST/STM32CubeIDE_1.16.0/STM32CubeIDE/plugins/com.st.stm32cube.ide.mcu.externaltools.gnu-tools-for-stm32.12.3.rel1.win32_1.0.200.202406191623/tools/bin/../lib/gcc/arm-none-eabi/12.3.1/../../../../arm-none-eabi/lib/thumb/v7e-m+fp/hard\libm.a
LOAD C:/ST/STM32CubeIDE_1.16.0/STM32CubeIDE/plugins/com.st.stm32cube.ide.mcu.externaltools.gnu-tools-for-stm32.12.3.rel1.win32_1.0.200.202406191623/tools/bin/../lib/gcc/arm-none-eabi/12.3.1/../../../../arm-none-eabi/lib/thumb/v7e-m+fp/hard\libc_nano.a
START GROUP
LOAD C:/ST/STM32CubeIDE_1.16.0/STM32CubeIDE/plugins/com.st.stm32cube.ide.mcu.externaltools.gnu-tools-for-stm32.12.3.rel1.win32_1.0.200.202406191623/tools/bin/../lib/gcc/arm-none-eabi/12.3.1/thumb/v7e-m+fp/hard\libgcc.a
LOAD C:/ST/STM32CubeIDE_1.16.0/STM32CubeIDE/plugins/com.st.stm32cube.ide.mcu.externaltools.gnu-tools-for-stm32.12.3.rel1.win32_1.0.200.202406191623/tools/bin/../lib/gcc/arm-none-eabi/12.3.1/../../../../arm-none-eabi/lib/thumb/v7e-m+fp/hard\libc_nano.a
END GROUP
START GROUP
LOAD C:/ST/STM32CubeIDE_1.16.0/STM32CubeIDE/plugins/com.st.stm32cube.ide.mcu.externaltools.gnu-tools-for-stm32.12.3.rel1.win32_1.0.200.202406191623/tools/bin/../lib/gcc/arm-none-eabi/12.3.1/thumb/v7e-m+fp/hard\libgcc.a
LOAD C:/ST/STM32CubeIDE_1.16.0/STM32CubeIDE/plugins/com.st.stm32cube.ide.mcu.externaltools.gnu-tools-for-stm32.12.3.rel1.win32_1.0.200.202406191623/tools/bin/../lib/gcc/arm-none-eabi/12.3.1/../../../../arm-none-eabi/lib/thumb/v7e-m+fp/hard\libc_nano.a
LOAD C:/ST/STM32CubeIDE_1.16.0/STM32CubeIDE/plugins/com.st.stm32cube.ide.mcu.externaltools.gnu-tools-for-stm32.12.3.rel1.win32_1.0.200.202406191623/tools/bin/../lib/gcc/arm-none-eabi/12.3.1/../../../../arm-none-eabi/lib/thumb/v7e-m+fp/hard\libnosys.a
END GROUP
START GROUP
LOAD C:/ST/STM32CubeIDE_1.16.0/STM32CubeIDE/plugins/com.st.stm32cube.ide.mcu.externaltools.gnu-tools-for-stm32.12.3.rel1.win32_1.0.200.202406191623/tools/bin/../lib/gcc/arm-none-eabi/12.3.1/thumb/v7e-m+fp/hard\libgcc.a
LOAD C:/ST/STM32CubeIDE_1.16.0/STM32CubeIDE/plugins/com.st.stm32cube.ide.mcu.externaltools.gnu-tools-for-stm32.12.3.rel1.win32_1.0.200.202406191623/tools/bin/../lib/gcc/arm-none-eabi/12.3.1/../../../../arm-none-eabi/lib/thumb/v7e-m+fp/hard\libc_nano.a
LOAD C:/ST/STM32CubeIDE_1.16.0/STM32CubeIDE/plugins/com.st.stm32cube.ide.mcu.externaltools.gnu-tools-for-stm32.12.3.rel1.win32_1.0.200.202406191623/tools/bin/../lib/gcc/arm-none-eabi/12.3.1/../../../../arm-none-eabi/lib/thumb/v7e-m+fp/hard\libnosys.a
END GROUP
LOAD C:/ST/STM32CubeIDE_1.16.0/STM32CubeIDE/plugins/com.st.stm32cube.ide.mcu.externaltools.gnu-tools-for-stm32.12.3.rel1.win32_1.0.200.202406191623/tools/bin/../lib/gcc/arm-none-eabi/12.3.1/thumb/v7e-m+fp/hard/crtend.o
LOAD C:/ST/STM32CubeIDE_1.16.0/STM32CubeIDE/plugins/com.st.stm32cube.ide.mcu.externaltools.gnu-tools-for-stm32.12.3.rel1.win32_1.0.200.202406191623/tools/bin/../lib/gcc/arm-none-eabi/12.3.1/thumb/v7e-m+fp/hard/crtn.o
                0x20010000                        _estack = (ORIGIN (RAM) + LENGTH (RAM))
                0x00000200                        _Min_Heap_Size = 0x200
                0x00000400                        _Min_Stack_Size = 0x400

.isr_vector     0x0801f000      0x18c
                0x0801f000                        . = ALIGN (0x4)
 *(.isr_vector)
 .isr_vector    0x0801f000      0x18c ./Core/Startup/startup_stm32l433vctx.o
                0x0801f000                g_pfnVectors
                0x0801f18c                        . = ALIGN (0x4)

.text           0x0801f190    0x1e7ac
                0x0801f190                        . = ALIGN (0x4)
 *(.text)
 .text          0x0801f190       0x40 C:/ST/STM32CubeIDE_1.16.0/STM32CubeIDE/plugins/com.st.stm32cube.ide.mcu.externaltools.gnu-tools-for-stm32.12.3.rel1.win32_1.0.200.202406191623/tools/bin/../lib/gcc/arm-none-eabi/12.3.1/thumb/v7e-m+fp/hard/crtbegin.o
 .text          0x0801f1d0       0xa0 C:/ST/STM32CubeIDE_1.16.0/STM32CubeIDE/plugins/com.st.stm32cube.ide.mcu.externaltools.gnu-tools-for-stm32.12.3.rel1.win32_1.0.200.202406191623/tools/bin/../lib/gcc/arm-none-eabi/12.3.1/../../../../arm-none-eabi/lib/thumb/v7e-m+fp/hard\libc_nano.a(libc_a-memchr.o)
                0x0801f1d0                memchr
 .text          0x0801f270       0x10 C:/ST/STM32CubeIDE_1.16.0/STM32CubeIDE/plugins/com.st.stm32cube.ide.mcu.externaltools.gnu-tools-for-stm32.12.3.rel1.win32_1.0.200.202406191623/tools/bin/../lib/gcc/arm-none-eabi/12.3.1/../../../../arm-none-eabi/lib/thumb/v7e-m+fp/hard\libc_nano.a(libc_a-strlen.o)
                0x0801f270                strlen
 .text          0x0801f280      0x378 C:/ST/STM32CubeIDE_1.16.0/STM32CubeIDE/plugins/com.st.stm32cube.ide.mcu.externaltools.gnu-tools-for-stm32.12.3.rel1.win32_1.0.200.202406191623/tools/bin/../lib/gcc/arm-none-eabi/12.3.1/thumb/v7e-m+fp/hard\libgcc.a(_arm_addsubdf3.o)
                0x0801f280                __aeabi_drsub
                0x0801f288                __aeabi_dsub
                0x0801f288                __subdf3
                0x0801f28c                __aeabi_dadd
                0x0801f28c                __adddf3
                0x0801f504                __floatunsidf
                0x0801f504                __aeabi_ui2d
                0x0801f524                __floatsidf
                0x0801f524                __aeabi_i2d
                0x0801f548                __aeabi_f2d
                0x0801f548                __extendsfdf2
                0x0801f58c                __floatundidf
                0x0801f58c                __aeabi_ul2d
                0x0801f59c                __floatdidf
                0x0801f59c                __aeabi_l2d
 .text          0x0801f5f8      0x424 C:/ST/STM32CubeIDE_1.16.0/STM32CubeIDE/plugins/com.st.stm32cube.ide.mcu.externaltools.gnu-tools-for-stm32.12.3.rel1.win32_1.0.200.202406191623/tools/bin/../lib/gcc/arm-none-eabi/12.3.1/thumb/v7e-m+fp/hard\libgcc.a(_arm_muldivdf3.o)
                0x0801f5f8                __aeabi_dmul
                0x0801f5f8                __muldf3
                0x0801f84c                __divdf3
                0x0801f84c                __aeabi_ddiv
 .text          0x0801fa1c      0x110 C:/ST/STM32CubeIDE_1.16.0/STM32CubeIDE/plugins/com.st.stm32cube.ide.mcu.externaltools.gnu-tools-for-stm32.12.3.rel1.win32_1.0.200.202406191623/tools/bin/../lib/gcc/arm-none-eabi/12.3.1/thumb/v7e-m+fp/hard\libgcc.a(_arm_cmpdf2.o)
                0x0801fa1c                __gtdf2
                0x0801fa1c                __gedf2
                0x0801fa24                __ltdf2
                0x0801fa24                __ledf2
                0x0801fa2c                __nedf2
                0x0801fa2c                __eqdf2
                0x0801fa2c                __cmpdf2
                0x0801faa8                __aeabi_cdrcmple
                0x0801fab8                __aeabi_cdcmpeq
                0x0801fab8                __aeabi_cdcmple
                0x0801fac8                __aeabi_dcmpeq
                0x0801fadc                __aeabi_dcmplt
                0x0801faf0                __aeabi_dcmple
                0x0801fb04                __aeabi_dcmpge
                0x0801fb18                __aeabi_dcmpgt
 .text          0x0801fb2c       0x50 C:/ST/STM32CubeIDE_1.16.0/STM32CubeIDE/plugins/com.st.stm32cube.ide.mcu.externaltools.gnu-tools-for-stm32.12.3.rel1.win32_1.0.200.202406191623/tools/bin/../lib/gcc/arm-none-eabi/12.3.1/thumb/v7e-m+fp/hard\libgcc.a(_arm_fixdfsi.o)
                0x0801fb2c                __aeabi_d2iz
                0x0801fb2c                __fixdfsi
 .text          0x0801fb7c       0x40 C:/ST/STM32CubeIDE_1.16.0/STM32CubeIDE/plugins/com.st.stm32cube.ide.mcu.externaltools.gnu-tools-for-stm32.12.3.rel1.win32_1.0.200.202406191623/tools/bin/../lib/gcc/arm-none-eabi/12.3.1/thumb/v7e-m+fp/hard\libgcc.a(_arm_fixunsdfsi.o)
                0x0801fb7c                __aeabi_d2uiz
                0x0801fb7c                __fixunsdfsi
 .text          0x0801fbbc       0x30 C:/ST/STM32CubeIDE_1.16.0/STM32CubeIDE/plugins/com.st.stm32cube.ide.mcu.externaltools.gnu-tools-for-stm32.12.3.rel1.win32_1.0.200.202406191623/tools/bin/../lib/gcc/arm-none-eabi/12.3.1/thumb/v7e-m+fp/hard\libgcc.a(_aeabi_uldivmod.o)
                0x0801fbbc                __aeabi_uldivmod
 .text          0x0801fbec       0x3c C:/ST/STM32CubeIDE_1.16.0/STM32CubeIDE/plugins/com.st.stm32cube.ide.mcu.externaltools.gnu-tools-for-stm32.12.3.rel1.win32_1.0.200.202406191623/tools/bin/../lib/gcc/arm-none-eabi/12.3.1/thumb/v7e-m+fp/hard\libgcc.a(_fixunsdfdi.o)
                0x0801fbec                __fixunsdfdi
                0x0801fbec                __aeabi_d2ulz
 .text          0x0801fc28      0x2bc C:/ST/STM32CubeIDE_1.16.0/STM32CubeIDE/plugins/com.st.stm32cube.ide.mcu.externaltools.gnu-tools-for-stm32.12.3.rel1.win32_1.0.200.202406191623/tools/bin/../lib/gcc/arm-none-eabi/12.3.1/thumb/v7e-m+fp/hard\libgcc.a(_udivmoddi4.o)
                0x0801fc28                __udivmoddi4
 .text          0x0801fee4        0x4 C:/ST/STM32CubeIDE_1.16.0/STM32CubeIDE/plugins/com.st.stm32cube.ide.mcu.externaltools.gnu-tools-for-stm32.12.3.rel1.win32_1.0.200.202406191623/tools/bin/../lib/gcc/arm-none-eabi/12.3.1/thumb/v7e-m+fp/hard\libgcc.a(_dvmd_tls.o)
                0x0801fee4                __aeabi_idiv0
                0x0801fee4                __aeabi_ldiv0
 *(.text*)
 .text.MX_ADC1_Init
                0x0801fee8       0xc8 ./Core/Src/adc.o
                0x0801fee8                MX_ADC1_Init
 .text.HAL_ADC_MspInit
                0x0801ffb0      0x110 ./Core/Src/adc.o
                0x0801ffb0                HAL_ADC_MspInit
 .text.MX_GPIO_Init
                0x080200c0      0x1f0 ./Core/Src/gpio.o
                0x080200c0                MX_GPIO_Init
 .text.MX_I2C1_Init
                0x080202b0       0x80 ./Core/Src/i2c.o
                0x080202b0                MX_I2C1_Init
 .text.HAL_I2C_MspInit
                0x08020330       0xb8 ./Core/Src/i2c.o
                0x08020330                HAL_I2C_MspInit
 .text.I2CSensorREDE
                0x080203e8      0x114 ./Core/Src/i2c.o
                0x080203e8                I2CSensorREDE
 .text.MX_IWDG_Init
                0x080204fc       0x3c ./Core/Src/iwdg.o
                0x080204fc                MX_IWDG_Init
 .text.__NVIC_SystemReset
                0x08020538       0x2c ./Core/Src/main.o
 .text._ZNSt11char_traitsIcE7compareEPKcS2_j
                0x08020564       0x2c ./Core/Src/main.o
                0x08020564                std::char_traits<char>::compare(char const*, char const*, unsigned int)
 .text._ZNSt11char_traitsIcE6lengthEPKc
                0x08020590       0x18 ./Core/Src/main.o
                0x08020590                std::char_traits<char>::length(char const*)
 .text._ZNSt7__cxx119to_stringEi
                0x080205a8       0x72 ./Core/Src/main.o
                0x080205a8                std::__cxx11::to_string(int)
 .text._ZNSt7__cxx119to_stringEm
                0x0802061a       0x5c ./Core/Src/main.o
                0x0802061a                std::__cxx11::to_string(unsigned long)
 .text._ZNSt7__cxx119to_stringEy
                0x08020676       0x60 ./Core/Src/main.o
                0x08020676                std::__cxx11::to_string(unsigned long long)
 .text._ZNKSt17integral_constantIbLb1EEcvbEv
                0x080206d6       0x16 ./Core/Src/main.o
                0x080206d6                std::integral_constant<bool, true>::operator bool() const
 .text._Z7d_t_h_sB5cxx11m
                0x080206ec       0xd8 ./Core/Src/main.o
                0x080206ec                d_t_h_s[abi:cxx11](unsigned long)
 .text._Z5d_t_sB5cxx11dib
                0x080207c4      0x148 ./Core/Src/main.o
                0x080207c4                d_t_s[abi:cxx11](double, int, bool)
 .text._Z5s_t_dRKNSt7__cxx1112basic_stringIcSt11char_traitsIcESaIcEEE
                0x0802090c      0x1b0 ./Core/Src/main.o
                0x0802090c                s_t_d(std::__cxx11::basic_string<char, std::char_traits<char>, std::allocator<char> > const&)
 .text._Z24HAL_UARTEx_ReceiveToIdleP20__UART_HandleTypeDefRNSt7__cxx1112basic_stringIcSt11char_traitsIcESaIcEEEm
                0x08020abc      0x22c ./Core/Src/main.o
                0x08020abc                HAL_UARTEx_ReceiveToIdle(__UART_HandleTypeDef*, std::__cxx11::basic_string<char, std::char_traits<char>, std::allocator<char> >&, unsigned long)
 .text._Z9UART_InitP20__UART_HandleTypeDefP13USART_TypeDefm
                0x08020ce8       0x5e ./Core/Src/main.o
                0x08020ce8                UART_Init(__UART_HandleTypeDef*, USART_TypeDef*, unsigned long)
 *fill*         0x08020d46        0x2 
 .text._Z17ADC1_CHANNEL_INITm
                0x08020d48       0x60 ./Core/Src/main.o
                0x08020d48                ADC1_CHANNEL_INIT(unsigned long)
 .text._ZN11ArduinoJson7V6211HB6detail23ZeroTerminatedRamStringC2EPKc
                0x08020da8       0x1e ./Core/Src/main.o
                0x08020da8                ArduinoJson::V6211HB::detail::ZeroTerminatedRamString::ZeroTerminatedRamString(char const*)
                0x08020da8                ArduinoJson::V6211HB::detail::ZeroTerminatedRamString::ZeroTerminatedRamString(char const*)
 .text._ZNK11ArduinoJson7V6211HB6detail23ZeroTerminatedRamString6isNullEv
                0x08020dc6       0x22 ./Core/Src/main.o
                0x08020dc6                ArduinoJson::V6211HB::detail::ZeroTerminatedRamString::isNull() const
 .text._ZNK11ArduinoJson7V6211HB6detail23ZeroTerminatedRamString4sizeEv
                0x08020de8       0x28 ./Core/Src/main.o
                0x08020de8                ArduinoJson::V6211HB::detail::ZeroTerminatedRamString::size() const
 .text._ZNK11ArduinoJson7V6211HB6detail23ZeroTerminatedRamStringixEj
                0x08020e10       0x20 ./Core/Src/main.o
                0x08020e10                ArduinoJson::V6211HB::detail::ZeroTerminatedRamString::operator[](unsigned int) const
 .text._ZN11ArduinoJson7V6211HB6detail19StaticStringAdapterC2EPKc
                0x08020e30       0x1e ./Core/Src/main.o
                0x08020e30                ArduinoJson::V6211HB::detail::StaticStringAdapter::StaticStringAdapter(char const*)
                0x08020e30                ArduinoJson::V6211HB::detail::StaticStringAdapter::StaticStringAdapter(char const*)
 .text._ZN11ArduinoJson7V6211HB6detail13StringAdapterIPKcvE5adaptES4_
                0x08020e4e       0x1e ./Core/Src/main.o
                0x08020e4e                ArduinoJson::V6211HB::detail::StringAdapter<char const*, void>::adapt(char const*)
 .text._ZN11ArduinoJson7V6211HB6detail14SizedRamStringC2EPKcj
                0x08020e6c       0x26 ./Core/Src/main.o
                0x08020e6c                ArduinoJson::V6211HB::detail::SizedRamString::SizedRamString(char const*, unsigned int)
                0x08020e6c                ArduinoJson::V6211HB::detail::SizedRamString::SizedRamString(char const*, unsigned int)
 .text._ZNK11ArduinoJson7V6211HB6detail14SizedRamString6isNullEv
                0x08020e92       0x22 ./Core/Src/main.o
                0x08020e92                ArduinoJson::V6211HB::detail::SizedRamString::isNull() const
 .text._ZNK11ArduinoJson7V6211HB6detail14SizedRamString4sizeEv
                0x08020eb4       0x18 ./Core/Src/main.o
                0x08020eb4                ArduinoJson::V6211HB::detail::SizedRamString::size() const
 .text._ZNK11ArduinoJson7V6211HB6detail14SizedRamStringixEj
                0x08020ecc       0x20 ./Core/Src/main.o
                0x08020ecc                ArduinoJson::V6211HB::detail::SizedRamString::operator[](unsigned int) const
 .text._ZNK11ArduinoJson7V6211HB6detail14SizedRamString4dataEv
                0x08020eec       0x18 ./Core/Src/main.o
                0x08020eec                ArduinoJson::V6211HB::detail::SizedRamString::data() const
 .text._ZNK11ArduinoJson7V6211HB6detail14SizedRamString13storagePolicyEv
                0x08020f04       0x16 ./Core/Src/main.o
                0x08020f04                ArduinoJson::V6211HB::detail::SizedRamString::storagePolicy() const
 .text._ZN11ArduinoJson7V6211HB10JsonStringC2Ev
                0x08020f1a       0x28 ./Core/Src/main.o
                0x08020f1a                ArduinoJson::V6211HB::JsonString::JsonString()
                0x08020f1a                ArduinoJson::V6211HB::JsonString::JsonString()
 .text._ZN11ArduinoJson7V6211HB10JsonStringC2EPKcNS1_9OwnershipE
                0x08020f42       0x3a ./Core/Src/main.o
                0x08020f42                ArduinoJson::V6211HB::JsonString::JsonString(char const*, ArduinoJson::V6211HB::JsonString::Ownership)
                0x08020f42                ArduinoJson::V6211HB::JsonString::JsonString(char const*, ArduinoJson::V6211HB::JsonString::Ownership)
 .text._ZN11ArduinoJson7V6211HB10JsonStringC2EPKcjNS1_9OwnershipE
                0x08020f7c       0x2e ./Core/Src/main.o
                0x08020f7c                ArduinoJson::V6211HB::JsonString::JsonString(char const*, unsigned int, ArduinoJson::V6211HB::JsonString::Ownership)
                0x08020f7c                ArduinoJson::V6211HB::JsonString::JsonString(char const*, unsigned int, ArduinoJson::V6211HB::JsonString::Ownership)
 .text._ZNK11ArduinoJson7V6211HB10JsonString5c_strEv
                0x08020faa       0x18 ./Core/Src/main.o
                0x08020faa                ArduinoJson::V6211HB::JsonString::c_str() const
 .text._ZNK11ArduinoJson7V6211HB10JsonString8isLinkedEv
                0x08020fc2       0x22 ./Core/Src/main.o
                0x08020fc2                ArduinoJson::V6211HB::JsonString::isLinked() const
 .text._ZNK11ArduinoJson7V6211HB10JsonString4sizeEv
                0x08020fe4       0x18 ./Core/Src/main.o
                0x08020fe4                ArduinoJson::V6211HB::JsonString::size() const
 .text._ZNK11ArduinoJson7V6211HB10JsonStringcvbEv
                0x08020ffc       0x22 ./Core/Src/main.o
                0x08020ffc                ArduinoJson::V6211HB::JsonString::operator bool() const
 .text._ZN11ArduinoJson7V6211HB6detail17JsonStringAdapterC2ERKNS0_10JsonStringE
                0x0802101e       0x3e ./Core/Src/main.o
                0x0802101e                ArduinoJson::V6211HB::detail::JsonStringAdapter::JsonStringAdapter(ArduinoJson::V6211HB::JsonString const&)
                0x0802101e                ArduinoJson::V6211HB::detail::JsonStringAdapter::JsonStringAdapter(ArduinoJson::V6211HB::JsonString const&)
 .text._ZNK11ArduinoJson7V6211HB6detail17JsonStringAdapter13storagePolicyEv
                0x0802105c       0x1c ./Core/Src/main.o
                0x0802105c                ArduinoJson::V6211HB::detail::JsonStringAdapter::storagePolicy() const
 .text._ZN11ArduinoJson7V6211HB6detail13StringAdapterINS0_10JsonStringEvE5adaptERKS3_
                0x08021078       0x1a ./Core/Src/main.o
                0x08021078                ArduinoJson::V6211HB::detail::StringAdapter<ArduinoJson::V6211HB::JsonString, void>::adapt(ArduinoJson::V6211HB::JsonString const&)
 .text._ZNK11ArduinoJson7V6211HB6detail14CollectionData4headEv
                0x08021092       0x18 ./Core/Src/main.o
                0x08021092                ArduinoJson::V6211HB::detail::CollectionData::head() const
 .text._ZN11ArduinoJson7V6211HB6detail11VariantSlot4dataEv
                0x080210aa       0x16 ./Core/Src/main.o
                0x080210aa                ArduinoJson::V6211HB::detail::VariantSlot::data()
 .text._ZNK11ArduinoJson7V6211HB6detail11VariantSlot4dataEv
                0x080210c0       0x16 ./Core/Src/main.o
                0x080210c0                ArduinoJson::V6211HB::detail::VariantSlot::data() const
 .text._ZN11ArduinoJson7V6211HB6detail11VariantSlot4nextEv
                0x080210d6       0x2e ./Core/Src/main.o
                0x080210d6                ArduinoJson::V6211HB::detail::VariantSlot::next()
 .text._ZNK11ArduinoJson7V6211HB6detail11VariantSlot4nextEv
                0x08021104       0x18 ./Core/Src/main.o
                0x08021104                ArduinoJson::V6211HB::detail::VariantSlot::next() const
 .text._ZN11ArduinoJson7V6211HB6detail11VariantSlot7setNextEPS2_
                0x0802111c       0x2e ./Core/Src/main.o
                0x0802111c                ArduinoJson::V6211HB::detail::VariantSlot::setNext(ArduinoJson::V6211HB::detail::VariantSlot*)
 .text._ZN11ArduinoJson7V6211HB6detail11VariantSlot14setNextNotNullEPS2_
                0x0802114a       0x24 ./Core/Src/main.o
                0x0802114a                ArduinoJson::V6211HB::detail::VariantSlot::setNextNotNull(ArduinoJson::V6211HB::detail::VariantSlot*)
 .text._ZN11ArduinoJson7V6211HB6detail11VariantSlot6setKeyENS0_10JsonStringE
                0x0802116e       0x50 ./Core/Src/main.o
                0x0802116e                ArduinoJson::V6211HB::detail::VariantSlot::setKey(ArduinoJson::V6211HB::JsonString)
 .text._ZNK11ArduinoJson7V6211HB6detail11VariantSlot3keyEv
                0x080211be       0x18 ./Core/Src/main.o
                0x080211be                ArduinoJson::V6211HB::detail::VariantSlot::key() const
 .text._ZNK11ArduinoJson7V6211HB6detail11VariantSlot7ownsKeyEv
                0x080211d6       0x20 ./Core/Src/main.o
                0x080211d6                ArduinoJson::V6211HB::detail::VariantSlot::ownsKey() const
 .text._ZN11ArduinoJson7V6211HB6detail11VariantSlot5clearEv
                0x080211f6       0x26 ./Core/Src/main.o
                0x080211f6                ArduinoJson::V6211HB::detail::VariantSlot::clear()
 .text._ZN11ArduinoJson7V6211HB6detail10MemoryPoolC2EPcj
                0x0802121c       0x54 ./Core/Src/main.o
                0x0802121c                ArduinoJson::V6211HB::detail::MemoryPool::MemoryPool(char*, unsigned int)
                0x0802121c                ArduinoJson::V6211HB::detail::MemoryPool::MemoryPool(char*, unsigned int)
 .text._ZNK11ArduinoJson7V6211HB6detail10MemoryPool10overflowedEv
                0x08021270       0x18 ./Core/Src/main.o
                0x08021270                ArduinoJson::V6211HB::detail::MemoryPool::overflowed() const
 .text._ZN11ArduinoJson7V6211HB6detail10MemoryPool12allocVariantEv
                0x08021288       0x18 ./Core/Src/main.o
                0x08021288                ArduinoJson::V6211HB::detail::MemoryPool::allocVariant()
 .text._ZNK11ArduinoJson7V6211HB6detail10MemoryPool11getFreeZoneEPPcPj
                0x080212a0       0x30 ./Core/Src/main.o
                0x080212a0                ArduinoJson::V6211HB::detail::MemoryPool::getFreeZone(char**, unsigned int*) const
 .text._ZN11ArduinoJson7V6211HB6detail10MemoryPool22saveStringFromFreeZoneEj
                0x080212d0       0x62 ./Core/Src/main.o
                0x080212d0                ArduinoJson::V6211HB::detail::MemoryPool::saveStringFromFreeZone(unsigned int)
 .text._ZN11ArduinoJson7V6211HB6detail10MemoryPool16markAsOverflowedEv
                0x08021332       0x1a ./Core/Src/main.o
                0x08021332                ArduinoJson::V6211HB::detail::MemoryPool::markAsOverflowed()
 .text._ZN11ArduinoJson7V6211HB6detail10MemoryPool5clearEv
                0x0802134c       0x2a ./Core/Src/main.o
                0x0802134c                ArduinoJson::V6211HB::detail::MemoryPool::clear()
 .text._ZNK11ArduinoJson7V6211HB6detail10MemoryPool8canAllocEj
                0x08021376       0x2c ./Core/Src/main.o
                0x08021376                ArduinoJson::V6211HB::detail::MemoryPool::canAlloc(unsigned int) const
 .text._ZN11ArduinoJson7V6211HB6detail10MemoryPool15checkInvariantsEv
                0x080213a2       0x14 ./Core/Src/main.o
                0x080213a2                ArduinoJson::V6211HB::detail::MemoryPool::checkInvariants()
 .text._ZN11ArduinoJson7V6211HB6detail10MemoryPool11allocStringEj
                0x080213b6       0x4a ./Core/Src/main.o
                0x080213b6                ArduinoJson::V6211HB::detail::MemoryPool::allocString(unsigned int)
 .text._ZN11ArduinoJson7V6211HB6detail10MemoryPool10allocRightEj
                0x08021400       0x42 ./Core/Src/main.o
                0x08021400                ArduinoJson::V6211HB::detail::MemoryPool::allocRight(unsigned int)
 .text._ZN11ArduinoJson7V6211HB6detail11VariantDataC2Ev
                0x08021442       0x1c ./Core/Src/main.o
                0x08021442                ArduinoJson::V6211HB::detail::VariantData::VariantData()
                0x08021442                ArduinoJson::V6211HB::detail::VariantData::VariantData()
 .text._ZN11ArduinoJson7V6211HB6detail11VariantData8asObjectEv
                0x0802145e       0x22 ./Core/Src/main.o
                0x0802145e                ArduinoJson::V6211HB::detail::VariantData::asObject()
 .text._ZNK11ArduinoJson7V6211HB6detail11VariantData8asObjectEv
                0x08021480       0x18 ./Core/Src/main.o
                0x08021480                ArduinoJson::V6211HB::detail::VariantData::asObject() const
 .text._ZNK11ArduinoJson7V6211HB6detail11VariantData7isFloatEv
                0x08021498       0x26 ./Core/Src/main.o
                0x08021498                ArduinoJson::V6211HB::detail::VariantData::isFloat() const
 .text._ZNK11ArduinoJson7V6211HB6detail11VariantData8isObjectEv
                0x080214be       0x26 ./Core/Src/main.o
                0x080214be                ArduinoJson::V6211HB::detail::VariantData::isObject() const
 .text._ZNK11ArduinoJson7V6211HB6detail11VariantData6isNullEv
                0x080214e4       0x22 ./Core/Src/main.o
                0x080214e4                ArduinoJson::V6211HB::detail::VariantData::isNull() const
 .text._ZNK11ArduinoJson7V6211HB6detail11VariantData10isEnclosedEv
                0x08021506       0x1e ./Core/Src/main.o
                0x08021506                ArduinoJson::V6211HB::detail::VariantData::isEnclosed() const
 .text._ZN11ArduinoJson7V6211HB6detail11VariantData10setBooleanEb
                0x08021524       0x22 ./Core/Src/main.o
                0x08021524                ArduinoJson::V6211HB::detail::VariantData::setBoolean(bool)
 .text._ZN11ArduinoJson7V6211HB6detail11VariantData8setFloatEd
                0x08021546       0x26 ./Core/Src/main.o
                0x08021546                ArduinoJson::V6211HB::detail::VariantData::setFloat(double)
 .text._ZN11ArduinoJson7V6211HB6detail11VariantData7setNullEv
                0x0802156c       0x18 ./Core/Src/main.o
                0x0802156c                ArduinoJson::V6211HB::detail::VariantData::setNull()
 .text._ZN11ArduinoJson7V6211HB6detail11VariantData9setStringENS0_10JsonStringE
                0x08021584       0x52 ./Core/Src/main.o
                0x08021584                ArduinoJson::V6211HB::detail::VariantData::setString(ArduinoJson::V6211HB::JsonString)
 .text._ZN11ArduinoJson7V6211HB6detail11VariantData7toArrayEv
                0x080215d6       0x22 ./Core/Src/main.o
                0x080215d6                ArduinoJson::V6211HB::detail::VariantData::toArray()
 .text._ZN11ArduinoJson7V6211HB6detail11VariantData8toObjectEv
                0x080215f8       0x22 ./Core/Src/main.o
                0x080215f8                ArduinoJson::V6211HB::detail::VariantData::toObject()
 .text._ZNK11ArduinoJson7V6211HB6detail11VariantData4typeEv
                0x0802161a       0x1e ./Core/Src/main.o
                0x0802161a                ArduinoJson::V6211HB::detail::VariantData::type() const
 .text._ZN11ArduinoJson7V6211HB6detail11VariantData7setTypeEh
                0x08021638       0x34 ./Core/Src/main.o
                0x08021638                ArduinoJson::V6211HB::detail::VariantData::setType(unsigned char)
 .text._ZN11ArduinoJson7V6211HB6detail11VariantData19VariantStringSetterC2EPS2_
                0x0802166c       0x1e ./Core/Src/main.o
                0x0802166c                ArduinoJson::V6211HB::detail::VariantData::VariantStringSetter::VariantStringSetter(ArduinoJson::V6211HB::detail::VariantData*)
                0x0802166c                ArduinoJson::V6211HB::detail::VariantData::VariantStringSetter::VariantStringSetter(ArduinoJson::V6211HB::detail::VariantData*)
 .text._ZN11ArduinoJson7V6211HB6detail15variantCopyFromEPNS1_11VariantDataEPKS2_PNS1_10MemoryPoolE
                0x0802168a       0x3c ./Core/Src/main.o
                0x0802168a                ArduinoJson::V6211HB::detail::variantCopyFrom(ArduinoJson::V6211HB::detail::VariantData*, ArduinoJson::V6211HB::detail::VariantData const*, ArduinoJson::V6211HB::detail::MemoryPool*)
 .text._ZN11ArduinoJson7V6211HB6detail14variantSetNullEPNS1_11VariantDataE
                0x080216c6       0x1e ./Core/Src/main.o
                0x080216c6                ArduinoJson::V6211HB::detail::variantSetNull(ArduinoJson::V6211HB::detail::VariantData*)
 .text._ZN11ArduinoJson7V6211HB16JsonVariantConstC2Ev
                0x080216e4       0x1c ./Core/Src/main.o
                0x080216e4                ArduinoJson::V6211HB::JsonVariantConst::JsonVariantConst()
                0x080216e4                ArduinoJson::V6211HB::JsonVariantConst::JsonVariantConst()
 .text._ZN11ArduinoJson7V6211HB16JsonVariantConstC2EPKNS0_6detail11VariantDataE
                0x08021700       0x1e ./Core/Src/main.o
                0x08021700                ArduinoJson::V6211HB::JsonVariantConst::JsonVariantConst(ArduinoJson::V6211HB::detail::VariantData const*)
                0x08021700                ArduinoJson::V6211HB::JsonVariantConst::JsonVariantConst(ArduinoJson::V6211HB::detail::VariantData const*)
 .text._ZNK11ArduinoJson7V6211HB16JsonVariantConst7getDataEv
                0x0802171e       0x18 ./Core/Src/main.o
                0x0802171e                ArduinoJson::V6211HB::JsonVariantConst::getData() const
 .text._ZN11ArduinoJson7V6211HB11JsonVariantC2EPNS0_6detail10MemoryPoolEPNS2_11VariantDataE
                0x08021736       0x26 ./Core/Src/main.o
                0x08021736                ArduinoJson::V6211HB::JsonVariant::JsonVariant(ArduinoJson::V6211HB::detail::MemoryPool*, ArduinoJson::V6211HB::detail::VariantData*)
                0x08021736                ArduinoJson::V6211HB::JsonVariant::JsonVariant(ArduinoJson::V6211HB::detail::MemoryPool*, ArduinoJson::V6211HB::detail::VariantData*)
 .text._ZN11ArduinoJson7V6211HB9ConverterINS0_11JsonVariantEvE8fromJsonES2_
                0x0802175c       0x28 ./Core/Src/main.o
                0x0802175c                ArduinoJson::V6211HB::Converter<ArduinoJson::V6211HB::JsonVariant, void>::fromJson(ArduinoJson::V6211HB::JsonVariant)
 .text._ZN11ArduinoJson7V6211HB9ConverterINS0_16JsonVariantConstEvE6toJsonES2_NS0_11JsonVariantE
                0x08021784       0x40 ./Core/Src/main.o
                0x08021784                ArduinoJson::V6211HB::Converter<ArduinoJson::V6211HB::JsonVariantConst, void>::toJson(ArduinoJson::V6211HB::JsonVariantConst, ArduinoJson::V6211HB::JsonVariant)
 .text._ZN11ArduinoJson7V6211HB9ConverterINS0_16JsonVariantConstEvE8fromJsonES2_
                0x080217c4       0x2a ./Core/Src/main.o
                0x080217c4                ArduinoJson::V6211HB::Converter<ArduinoJson::V6211HB::JsonVariantConst, void>::fromJson(ArduinoJson::V6211HB::JsonVariantConst)
 .text._ZN11ArduinoJson7V6211HB6detail13SlotKeySetterC2EPNS1_11VariantSlotE
                0x080217ee       0x1e ./Core/Src/main.o
                0x080217ee                ArduinoJson::V6211HB::detail::SlotKeySetter::SlotKeySetter(ArduinoJson::V6211HB::detail::VariantSlot*)
                0x080217ee                ArduinoJson::V6211HB::detail::SlotKeySetter::SlotKeySetter(ArduinoJson::V6211HB::detail::VariantSlot*)
 .text._ZN11ArduinoJson7V6211HB6detail8slotSizeEPKNS1_11VariantSlotE
                0x0802180c       0x2c ./Core/Src/main.o
                0x0802180c                ArduinoJson::V6211HB::detail::slotSize(ArduinoJson::V6211HB::detail::VariantSlot const*)
 .text._ZN11ArduinoJson7V6211HB6detail8slotDataEPNS1_11VariantSlotE
                0x08021838       0x16 ./Core/Src/main.o
                0x08021838                ArduinoJson::V6211HB::detail::slotData(ArduinoJson::V6211HB::detail::VariantSlot*)
 .text._ZN11ArduinoJson7V6211HB22JsonArrayConstIteratorC2Ev
                0x0802184e       0x1c ./Core/Src/main.o
                0x0802184e                ArduinoJson::V6211HB::JsonArrayConstIterator::JsonArrayConstIterator()
                0x0802184e                ArduinoJson::V6211HB::JsonArrayConstIterator::JsonArrayConstIterator()
 .text._ZN11ArduinoJson7V6211HB22JsonArrayConstIteratorC2EPKNS0_6detail11VariantSlotE
                0x0802186a       0x1e ./Core/Src/main.o
                0x0802186a                ArduinoJson::V6211HB::JsonArrayConstIterator::JsonArrayConstIterator(ArduinoJson::V6211HB::detail::VariantSlot const*)
                0x0802186a                ArduinoJson::V6211HB::JsonArrayConstIterator::JsonArrayConstIterator(ArduinoJson::V6211HB::detail::VariantSlot const*)
 .text._ZNK11ArduinoJson7V6211HB22JsonArrayConstIteratordeEv
                0x08021888       0x2a ./Core/Src/main.o
                0x08021888                ArduinoJson::V6211HB::JsonArrayConstIterator::operator*() const
 .text._ZNK11ArduinoJson7V6211HB22JsonArrayConstIteratoreqERKS1_
                0x080218b2       0x28 ./Core/Src/main.o
                0x080218b2                ArduinoJson::V6211HB::JsonArrayConstIterator::operator==(ArduinoJson::V6211HB::JsonArrayConstIterator const&) const
 .text._ZN11ArduinoJson7V6211HB22JsonArrayConstIteratorppEv
                0x080218da       0x22 ./Core/Src/main.o
                0x080218da                ArduinoJson::V6211HB::JsonArrayConstIterator::operator++()
 .text._ZN11ArduinoJson7V6211HB13JsonPairConstC2EPKNS0_6detail11VariantSlotE
                0x080218fc       0x7e ./Core/Src/main.o
                0x080218fc                ArduinoJson::V6211HB::JsonPairConst::JsonPairConst(ArduinoJson::V6211HB::detail::VariantSlot const*)
                0x080218fc                ArduinoJson::V6211HB::JsonPairConst::JsonPairConst(ArduinoJson::V6211HB::detail::VariantSlot const*)
 .text._ZNK11ArduinoJson7V6211HB13JsonPairConst3keyEv
                0x0802197a       0x20 ./Core/Src/main.o
                0x0802197a                ArduinoJson::V6211HB::JsonPairConst::key() const
 .text._ZNK11ArduinoJson7V6211HB13JsonPairConst5valueEv
                0x0802199a       0x18 ./Core/Src/main.o
                0x0802199a                ArduinoJson::V6211HB::JsonPairConst::value() const
 .text._ZN11ArduinoJson7V6211HB16JsonPairConstPtrC2EPKNS0_6detail11VariantSlotE
                0x080219b2       0x1e ./Core/Src/main.o
                0x080219b2                ArduinoJson::V6211HB::JsonPairConstPtr::JsonPairConstPtr(ArduinoJson::V6211HB::detail::VariantSlot const*)
                0x080219b2                ArduinoJson::V6211HB::JsonPairConstPtr::JsonPairConstPtr(ArduinoJson::V6211HB::detail::VariantSlot const*)
 .text._ZNK11ArduinoJson7V6211HB16JsonPairConstPtrptEv
                0x080219d0       0x16 ./Core/Src/main.o
                0x080219d0                ArduinoJson::V6211HB::JsonPairConstPtr::operator->() const
 .text._ZN11ArduinoJson7V6211HB23JsonObjectConstIteratorC2Ev
                0x080219e6       0x1c ./Core/Src/main.o
                0x080219e6                ArduinoJson::V6211HB::JsonObjectConstIterator::JsonObjectConstIterator()
                0x080219e6                ArduinoJson::V6211HB::JsonObjectConstIterator::JsonObjectConstIterator()
 .text._ZN11ArduinoJson7V6211HB23JsonObjectConstIteratorC2EPKNS0_6detail11VariantSlotE
                0x08021a02       0x1e ./Core/Src/main.o
                0x08021a02                ArduinoJson::V6211HB::JsonObjectConstIterator::JsonObjectConstIterator(ArduinoJson::V6211HB::detail::VariantSlot const*)
                0x08021a02                ArduinoJson::V6211HB::JsonObjectConstIterator::JsonObjectConstIterator(ArduinoJson::V6211HB::detail::VariantSlot const*)
 .text._ZN11ArduinoJson7V6211HB23JsonObjectConstIteratorptEv
                0x08021a20       0x1e ./Core/Src/main.o
                0x08021a20                ArduinoJson::V6211HB::JsonObjectConstIterator::operator->()
 .text._ZNK11ArduinoJson7V6211HB23JsonObjectConstIteratorneERKS1_
                0x08021a3e       0x28 ./Core/Src/main.o
                0x08021a3e                ArduinoJson::V6211HB::JsonObjectConstIterator::operator!=(ArduinoJson::V6211HB::JsonObjectConstIterator const&) const
 .text._ZN11ArduinoJson7V6211HB23JsonObjectConstIteratorppEv
                0x08021a66       0x22 ./Core/Src/main.o
                0x08021a66                ArduinoJson::V6211HB::JsonObjectConstIterator::operator++()
 .text._ZN11ArduinoJson7V6211HB15JsonObjectConstC2EPKNS0_6detail14CollectionDataE
                0x08021a88       0x1e ./Core/Src/main.o
                0x08021a88                ArduinoJson::V6211HB::JsonObjectConst::JsonObjectConst(ArduinoJson::V6211HB::detail::CollectionData const*)
                0x08021a88                ArduinoJson::V6211HB::JsonObjectConst::JsonObjectConst(ArduinoJson::V6211HB::detail::CollectionData const*)
 .text._ZN11ArduinoJson7V6211HB12JsonDocument5clearEv
                0x08021aa6       0x22 ./Core/Src/main.o
                0x08021aa6                ArduinoJson::V6211HB::JsonDocument::clear()
 .text._ZN11ArduinoJson7V6211HB12JsonDocument3setERKS1_
                0x08021ac8       0xb8 ./Core/Src/main.o
                0x08021ac8                ArduinoJson::V6211HB::JsonDocument::set(ArduinoJson::V6211HB::JsonDocument const&)
 .text._ZN11ArduinoJson7V6211HB12JsonDocumentC2EPcj
                0x08021b80       0x2c ./Core/Src/main.o
                0x08021b80                ArduinoJson::V6211HB::JsonDocument::JsonDocument(char*, unsigned int)
                0x08021b80                ArduinoJson::V6211HB::JsonDocument::JsonDocument(char*, unsigned int)
 .text._ZN11ArduinoJson7V6211HB12JsonDocumentD2Ev
                0x08021bac       0x16 ./Core/Src/main.o
                0x08021bac                ArduinoJson::V6211HB::JsonDocument::~JsonDocument()
                0x08021bac                ArduinoJson::V6211HB::JsonDocument::~JsonDocument()
 .text._ZN11ArduinoJson7V6211HB12JsonDocument10getVariantEv
                0x08021bc2       0x20 ./Core/Src/main.o
                0x08021bc2                ArduinoJson::V6211HB::JsonDocument::getVariant()
 .text._ZNK11ArduinoJson7V6211HB12JsonDocument10getVariantEv
                0x08021be2       0x24 ./Core/Src/main.o
                0x08021be2                ArduinoJson::V6211HB::JsonDocument::getVariant() const
 .text._ZN11ArduinoJson7V6211HB12JsonDocument7getPoolEv
                0x08021c06       0x16 ./Core/Src/main.o
                0x08021c06                ArduinoJson::V6211HB::JsonDocument::getPool()
 .text._ZN11ArduinoJson7V6211HB12JsonDocument7getDataEv
                0x08021c1c       0x18 ./Core/Src/main.o
                0x08021c1c                ArduinoJson::V6211HB::JsonDocument::getData()
 .text._ZNK11ArduinoJson7V6211HB12JsonDocument7getDataEv
                0x08021c34       0x18 ./Core/Src/main.o
                0x08021c34                ArduinoJson::V6211HB::JsonDocument::getData() const
 .text._ZN11ArduinoJson7V6211HB12JsonDocument15getOrCreateDataEv
                0x08021c4c       0x18 ./Core/Src/main.o
                0x08021c4c                ArduinoJson::V6211HB::JsonDocument::getOrCreateData()
 .text._ZN11ArduinoJson7V6211HB6detail14CollectionData7addSlotEPNS1_10MemoryPoolE
                0x08021c64       0x54 ./Core/Src/main.o
                0x08021c64                ArduinoJson::V6211HB::detail::CollectionData::addSlot(ArduinoJson::V6211HB::detail::MemoryPool*)
 .text._ZN11ArduinoJson7V6211HB6detail14CollectionData10addElementEPNS1_10MemoryPoolE
                0x08021cb8       0x24 ./Core/Src/main.o
                0x08021cb8                ArduinoJson::V6211HB::detail::CollectionData::addElement(ArduinoJson::V6211HB::detail::MemoryPool*)
 .text._ZN11ArduinoJson7V6211HB6detail14CollectionData5clearEv
                0x08021cdc       0x20 ./Core/Src/main.o
                0x08021cdc                ArduinoJson::V6211HB::detail::CollectionData::clear()
 .text._ZN11ArduinoJson7V6211HB6detail14CollectionData8copyFromERKS2_PNS1_10MemoryPoolE
                0x08021cfc       0xca ./Core/Src/main.o
                0x08021cfc                ArduinoJson::V6211HB::detail::CollectionData::copyFrom(ArduinoJson::V6211HB::detail::CollectionData const&, ArduinoJson::V6211HB::detail::MemoryPool*)
 .text._ZNK11ArduinoJson7V6211HB6detail14CollectionData15getPreviousSlotEPNS1_11VariantSlotE
                0x08021dc6       0x3a ./Core/Src/main.o
                0x08021dc6                ArduinoJson::V6211HB::detail::CollectionData::getPreviousSlot(ArduinoJson::V6211HB::detail::VariantSlot*) const
 .text._ZN11ArduinoJson7V6211HB6detail14CollectionData10removeSlotEPNS1_11VariantSlotE
                0x08021e00       0x4e ./Core/Src/main.o
                0x08021e00                ArduinoJson::V6211HB::detail::CollectionData::removeSlot(ArduinoJson::V6211HB::detail::VariantSlot*)
 .text._ZNK11ArduinoJson7V6211HB6detail14CollectionData4sizeEv
                0x08021e4e       0x1c ./Core/Src/main.o
                0x08021e4e                ArduinoJson::V6211HB::detail::CollectionData::size() const
 .text._ZN11ArduinoJson7V6211HB6detail14EscapeSequence10escapeCharEc
                0x08021e6a       0x3a ./Core/Src/main.o
                0x08021e6a                ArduinoJson::V6211HB::detail::EscapeSequence::escapeChar(char)
 .text._ZN11ArduinoJson7V6211HB6detail14EscapeSequence12unescapeCharEc
                0x08021ea4       0x40 ./Core/Src/main.o
                0x08021ea4                ArduinoJson::V6211HB::detail::EscapeSequence::unescapeChar(char)
 .text._ZN11ArduinoJson7V6211HB6detail14EscapeSequence11escapeTableEb
                0x08021ee4       0x2c ./Core/Src/main.o
                0x08021ee4                ArduinoJson::V6211HB::detail::EscapeSequence::escapeTable(bool)
 .text._ZN11ArduinoJson7V6211HB9ConverterINS0_10JsonStringEvE8fromJsonENS0_16JsonVariantConstE
                0x08021f10       0x3c ./Core/Src/main.o
                0x08021f10                ArduinoJson::V6211HB::Converter<ArduinoJson::V6211HB::JsonString, void>::fromJson(ArduinoJson::V6211HB::JsonVariantConst)
 .text._ZN11ArduinoJson7V6211HB15convertFromJsonENS0_16JsonVariantConstERNSt7__cxx1112basic_stringIcSt11char_traitsIcESaIcEEE
                0x08021f4c       0x5c ./Core/Src/main.o
                0x08021f4c                ArduinoJson::V6211HB::convertFromJson(ArduinoJson::V6211HB::JsonVariantConst, std::__cxx11::basic_string<char, std::char_traits<char>, std::allocator<char> >&)
 .text._ZN11ArduinoJson7V6211HB6detail12NullComparer9visitNullEv
                0x08021fa8       0x16 ./Core/Src/main.o
                0x08021fa8                ArduinoJson::V6211HB::detail::NullComparer::visitNull()
 .text._ZN11ArduinoJson7V6211HB6detail13ArrayComparerC2ERKNS1_14CollectionDataE
                0x08021fbe       0x1e ./Core/Src/main.o
                0x08021fbe                ArduinoJson::V6211HB::detail::ArrayComparer::ArrayComparer(ArduinoJson::V6211HB::detail::CollectionData const&)
                0x08021fbe                ArduinoJson::V6211HB::detail::ArrayComparer::ArrayComparer(ArduinoJson::V6211HB::detail::CollectionData const&)
 .text._ZN11ArduinoJson7V6211HB6detail13ArrayComparer10visitArrayERKNS1_14CollectionDataE
                0x08021fdc      0x170 ./Core/Src/main.o
                0x08021fdc                ArduinoJson::V6211HB::detail::ArrayComparer::visitArray(ArduinoJson::V6211HB::detail::CollectionData const&)
 .text._ZN11ArduinoJson7V6211HB6detail14ObjectComparerC2ERKNS1_14CollectionDataE
                0x0802214c       0x1e ./Core/Src/main.o
                0x0802214c                ArduinoJson::V6211HB::detail::ObjectComparer::ObjectComparer(ArduinoJson::V6211HB::detail::CollectionData const&)
                0x0802214c                ArduinoJson::V6211HB::detail::ObjectComparer::ObjectComparer(ArduinoJson::V6211HB::detail::CollectionData const&)
 .text._ZN11ArduinoJson7V6211HB6detail14ObjectComparer11visitObjectERKNS1_14CollectionDataE
                0x0802216a      0x186 ./Core/Src/main.o
                0x0802216a                ArduinoJson::V6211HB::detail::ObjectComparer::visitObject(ArduinoJson::V6211HB::detail::CollectionData const&)
 .text._ZN11ArduinoJson7V6211HB6detail11RawComparerC2EPKcj
                0x080222f0       0x26 ./Core/Src/main.o
                0x080222f0                ArduinoJson::V6211HB::detail::RawComparer::RawComparer(char const*, unsigned int)
                0x080222f0                ArduinoJson::V6211HB::detail::RawComparer::RawComparer(char const*, unsigned int)
 .text._ZN11ArduinoJson7V6211HB6detail11RawComparer12visitRawJsonEPKcj
                0x08022316       0x4e ./Core/Src/main.o
                0x08022316                ArduinoJson::V6211HB::detail::RawComparer::visitRawJson(char const*, unsigned int)
 .text._ZN11ArduinoJson7V6211HB6detail15VariantComparerC2EPKNS1_11VariantDataE
                0x08022364       0x1e ./Core/Src/main.o
                0x08022364                ArduinoJson::V6211HB::detail::VariantComparer::VariantComparer(ArduinoJson::V6211HB::detail::VariantData const*)
                0x08022364                ArduinoJson::V6211HB::detail::VariantComparer::VariantComparer(ArduinoJson::V6211HB::detail::VariantData const*)
 .text._ZN11ArduinoJson7V6211HB6detail15VariantComparer10visitArrayERKNS1_14CollectionDataE
                0x08022382       0x2c ./Core/Src/main.o
                0x08022382                ArduinoJson::V6211HB::detail::VariantComparer::visitArray(ArduinoJson::V6211HB::detail::CollectionData const&)
 .text._ZN11ArduinoJson7V6211HB6detail15VariantComparer11visitObjectERKNS1_14CollectionDataE
                0x080223ae       0x2c ./Core/Src/main.o
                0x080223ae                ArduinoJson::V6211HB::detail::VariantComparer::visitObject(ArduinoJson::V6211HB::detail::CollectionData const&)
 .text._ZN11ArduinoJson7V6211HB6detail15VariantComparer10visitFloatEd
                0x080223da       0x30 ./Core/Src/main.o
                0x080223da                ArduinoJson::V6211HB::detail::VariantComparer::visitFloat(double)
 .text._ZN11ArduinoJson7V6211HB6detail15VariantComparer11visitStringEPKcj
                0x0802240a       0x2e ./Core/Src/main.o
                0x0802240a                ArduinoJson::V6211HB::detail::VariantComparer::visitString(char const*, unsigned int)
 .text._ZN11ArduinoJson7V6211HB6detail15VariantComparer12visitRawJsonEPKcj
                0x08022438       0x30 ./Core/Src/main.o
                0x08022438                ArduinoJson::V6211HB::detail::VariantComparer::visitRawJson(char const*, unsigned int)
 .text._ZN11ArduinoJson7V6211HB6detail15VariantComparer18visitSignedIntegerEx
                0x08022468       0x30 ./Core/Src/main.o
                0x08022468                ArduinoJson::V6211HB::detail::VariantComparer::visitSignedInteger(long long)
 .text._ZN11ArduinoJson7V6211HB6detail15VariantComparer20visitUnsignedIntegerEy
                0x08022498       0x30 ./Core/Src/main.o
                0x08022498                ArduinoJson::V6211HB::detail::VariantComparer::visitUnsignedInteger(unsigned long long)
 .text._ZN11ArduinoJson7V6211HB6detail15VariantComparer12visitBooleanEb
                0x080224c8       0x30 ./Core/Src/main.o
                0x080224c8                ArduinoJson::V6211HB::detail::VariantComparer::visitBoolean(bool)
 .text._ZN11ArduinoJson7V6211HB6detail15VariantComparer9visitNullEv
                0x080224f8       0x1e ./Core/Src/main.o
                0x080224f8                ArduinoJson::V6211HB::detail::VariantComparer::visitNull()
 .text._ZN11ArduinoJson7V6211HB6detail7isdigitEc
                0x08022516       0x28 ./Core/Src/main.o
                0x08022516                ArduinoJson::V6211HB::detail::isdigit(char)
 *fill*         0x0802253e        0x2 
 .text._ZN11ArduinoJson7V6211HB6detail11parseNumberEPKcRNS1_11VariantDataE
                0x08022540      0x420 ./Core/Src/main.o
                0x08022540                ArduinoJson::V6211HB::detail::parseNumber(char const*, ArduinoJson::V6211HB::detail::VariantData&)
 .text._ZNK11ArduinoJson7V6211HB6detail11VariantData8asStringEv
                0x08022960       0x4e ./Core/Src/main.o
                0x08022960                ArduinoJson::V6211HB::detail::VariantData::asString() const
 .text._ZN11ArduinoJson7V6211HB6detail11VariantData8copyFromERKS2_PNS1_10MemoryPoolE
                0x080229ae       0xd0 ./Core/Src/main.o
                0x080229ae                ArduinoJson::V6211HB::detail::VariantData::copyFrom(ArduinoJson::V6211HB::detail::VariantData const&, ArduinoJson::V6211HB::detail::MemoryPool*)
 .text._ZN11ArduinoJson7V6211HB20DeserializationErrorC2ENS1_4CodeE
                0x08022a7e       0x20 ./Core/Src/main.o
                0x08022a7e                ArduinoJson::V6211HB::DeserializationError::DeserializationError(ArduinoJson::V6211HB::DeserializationError::Code)
                0x08022a7e                ArduinoJson::V6211HB::DeserializationError::DeserializationError(ArduinoJson::V6211HB::DeserializationError::Code)
 .text._ZNK11ArduinoJson7V6211HB6detail14AllowAllFilter5allowEv
                0x08022a9e       0x16 ./Core/Src/main.o
                0x08022a9e                ArduinoJson::V6211HB::detail::AllowAllFilter::allow() const
 .text._ZNK11ArduinoJson7V6211HB6detail14AllowAllFilter10allowArrayEv
                0x08022ab4       0x16 ./Core/Src/main.o
                0x08022ab4                ArduinoJson::V6211HB::detail::AllowAllFilter::allowArray() const
 .text._ZNK11ArduinoJson7V6211HB6detail14AllowAllFilter11allowObjectEv
                0x08022aca       0x16 ./Core/Src/main.o
                0x08022aca                ArduinoJson::V6211HB::detail::AllowAllFilter::allowObject() const
 .text._ZNK11ArduinoJson7V6211HB6detail14AllowAllFilter10allowValueEv
                0x08022ae0       0x16 ./Core/Src/main.o
                0x08022ae0                ArduinoJson::V6211HB::detail::AllowAllFilter::allowValue() const
 .text._ZN11ArduinoJson7V6211HB21DeserializationOption12NestingLimitC2Ev
                0x08022af6       0x1c ./Core/Src/main.o
                0x08022af6                ArduinoJson::V6211HB::DeserializationOption::NestingLimit::NestingLimit()
                0x08022af6                ArduinoJson::V6211HB::DeserializationOption::NestingLimit::NestingLimit()
 .text._ZN11ArduinoJson7V6211HB21DeserializationOption12NestingLimitC2Eh
                0x08022b12       0x20 ./Core/Src/main.o
                0x08022b12                ArduinoJson::V6211HB::DeserializationOption::NestingLimit::NestingLimit(unsigned char)
                0x08022b12                ArduinoJson::V6211HB::DeserializationOption::NestingLimit::NestingLimit(unsigned char)
 .text._ZNK11ArduinoJson7V6211HB21DeserializationOption12NestingLimit9decrementEv
                0x08022b32       0x26 ./Core/Src/main.o
                0x08022b32                ArduinoJson::V6211HB::DeserializationOption::NestingLimit::decrement() const
 .text._ZNK11ArduinoJson7V6211HB21DeserializationOption12NestingLimit7reachedEv
                0x08022b58       0x22 ./Core/Src/main.o
                0x08022b58                ArduinoJson::V6211HB::DeserializationOption::NestingLimit::reached() const
 .text._ZN11ArduinoJson7V6211HB6detail26makeDeserializationOptionsENS0_21DeserializationOption12NestingLimitE
                0x08022b7a       0x26 ./Core/Src/main.o
                0x08022b7a                ArduinoJson::V6211HB::detail::makeDeserializationOptions(ArduinoJson::V6211HB::DeserializationOption::NestingLimit)
 .text._ZN11ArduinoJson7V6211HB6detail12StringCopierC2EPNS1_10MemoryPoolE
                0x08022ba0       0x1e ./Core/Src/main.o
                0x08022ba0                ArduinoJson::V6211HB::detail::StringCopier::StringCopier(ArduinoJson::V6211HB::detail::MemoryPool*)
                0x08022ba0                ArduinoJson::V6211HB::detail::StringCopier::StringCopier(ArduinoJson::V6211HB::detail::MemoryPool*)
 .text._ZN11ArduinoJson7V6211HB6detail12StringCopier11startStringEv
                0x08022bbe       0x3a ./Core/Src/main.o
                0x08022bbe                ArduinoJson::V6211HB::detail::StringCopier::startString()
 .text._ZN11ArduinoJson7V6211HB6detail12StringCopier4saveEv
                0x08022bf8       0x30 ./Core/Src/main.o
                0x08022bf8                ArduinoJson::V6211HB::detail::StringCopier::save()
 .text._ZN11ArduinoJson7V6211HB6detail12StringCopier6appendEc
                0x08022c28       0x42 ./Core/Src/main.o
                0x08022c28                ArduinoJson::V6211HB::detail::StringCopier::append(char)
 .text._ZNK11ArduinoJson7V6211HB6detail12StringCopier7isValidEv
                0x08022c6a       0x22 ./Core/Src/main.o
                0x08022c6a                ArduinoJson::V6211HB::detail::StringCopier::isValid() const
 .text._ZNK11ArduinoJson7V6211HB6detail12StringCopier3strEv
                0x08022c8c       0x30 ./Core/Src/main.o
                0x08022c8c                ArduinoJson::V6211HB::detail::StringCopier::str() const
 .text._ZN11ArduinoJson7V6211HB6detail5Utf1615isHighSurrogateEt
                0x08022cbc       0x2c ./Core/Src/main.o
                0x08022cbc                ArduinoJson::V6211HB::detail::Utf16::isHighSurrogate(unsigned short)
 .text._ZN11ArduinoJson7V6211HB6detail5Utf1614isLowSurrogateEt
                0x08022ce8       0x2c ./Core/Src/main.o
                0x08022ce8                ArduinoJson::V6211HB::detail::Utf16::isLowSurrogate(unsigned short)
 .text._ZN11ArduinoJson7V6211HB6detail5Utf169CodepointC2Ev
                0x08022d14       0x22 ./Core/Src/main.o
                0x08022d14                ArduinoJson::V6211HB::detail::Utf16::Codepoint::Codepoint()
                0x08022d14                ArduinoJson::V6211HB::detail::Utf16::Codepoint::Codepoint()
 .text._ZN11ArduinoJson7V6211HB6detail5Utf169Codepoint6appendEt
                0x08022d36       0x64 ./Core/Src/main.o
                0x08022d36                ArduinoJson::V6211HB::detail::Utf16::Codepoint::append(unsigned short)
 .text._ZNK11ArduinoJson7V6211HB6detail5Utf169Codepoint5valueEv
                0x08022d9a       0x18 ./Core/Src/main.o
                0x08022d9a                ArduinoJson::V6211HB::detail::Utf16::Codepoint::value() const
 *fill*         0x08022db2        0x2 
 .text._Z5delaym
                0x08022db4       0x50 ./Core/Src/main.o
                0x08022db4                delay(unsigned long)
 .text._Z15refresh_counterv
                0x08022e04       0x18 ./Core/Src/main.o
                0x08022e04                refresh_counter()
 .text._ZN9VARIABLESC2EP12DynamicArrayIPS_ENSt7__cxx1112basic_stringIcSt11char_traitsIcESaIcEEEb
                0x08022e1c       0x9c ./Core/Src/main.o
                0x08022e1c                VARIABLES::VARIABLES(DynamicArray<VARIABLES*>*, std::__cxx11::basic_string<char, std::char_traits<char>, std::allocator<char> >, bool)
                0x08022e1c                VARIABLES::VARIABLES(DynamicArray<VARIABLES*>*, std::__cxx11::basic_string<char, std::char_traits<char>, std::allocator<char> >, bool)
 .text._ZN9ParameterC2Ev
                0x08022eb8       0x48 ./Core/Src/main.o
                0x08022eb8                Parameter::Parameter()
                0x08022eb8                Parameter::Parameter()
 .text._ZN9ParameterD2Ev
                0x08022f00       0x26 ./Core/Src/main.o
                0x08022f00                Parameter::~Parameter()
                0x08022f00                Parameter::~Parameter()
 .text._ZN9ParameterC2ERKS_
                0x08022f26       0x44 ./Core/Src/main.o
                0x08022f26                Parameter::Parameter(Parameter const&)
                0x08022f26                Parameter::Parameter(Parameter const&)
 .text._ZN9VARIABLES8ADD_PARAENSt7__cxx1112basic_stringIcSt11char_traitsIcESaIcEEE
                0x08022f6a       0x70 ./Core/Src/main.o
                0x08022f6a                VARIABLES::ADD_PARA(std::__cxx11::basic_string<char, std::char_traits<char>, std::allocator<char> >)
 .text._ZN9VARIABLES14SET_PARA_VALUEEtdi
                0x08022fda       0x90 ./Core/Src/main.o
                0x08022fda                VARIABLES::SET_PARA_VALUE(unsigned short, double, int)
 .text._ZN9VARIABLES14SET_PARA_VALUEEtNSt7__cxx1112basic_stringIcSt11char_traitsIcESaIcEEE
                0x0802306a       0x74 ./Core/Src/main.o
                0x0802306a                VARIABLES::SET_PARA_VALUE(unsigned short, std::__cxx11::basic_string<char, std::char_traits<char>, std::allocator<char> >)
 .text._ZN9VARIABLES16GET_VALUE_DOUBLEEh
                0x080230de       0x32 ./Core/Src/main.o
                0x080230de                VARIABLES::GET_VALUE_DOUBLE(unsigned char)
 .text._ZN9VARIABLES9GET_VALUEB5cxx11Eh
                0x08023110       0x30 ./Core/Src/main.o
                0x08023110                VARIABLES::GET_VALUE[abi:cxx11](unsigned char)
 .text._ZN9VARIABLES8GET_NAMEB5cxx11Eh
                0x08023140       0x30 ./Core/Src/main.o
                0x08023140                VARIABLES::GET_NAME[abi:cxx11](unsigned char)
 .text._ZN9VARIABLES13GET_PARA_SIZEEv
                0x08023170       0x1c ./Core/Src/main.o
                0x08023170                VARIABLES::GET_PARA_SIZE()
 .text._ZNK9VARIABLES9GET_indexEv
                0x0802318c       0x1a ./Core/Src/main.o
                0x0802318c                VARIABLES::GET_index() const
 .text._ZNK9VARIABLES12GET_VAR_NAMEB5cxx11Ev
                0x080231a6       0x16 ./Core/Src/main.o
                0x080231a6                VARIABLES::GET_VAR_NAME[abi:cxx11]() const
 .text._ZNK9VARIABLES14IS_add_to_jsonEv
                0x080231bc       0x1a ./Core/Src/main.o
                0x080231bc                VARIABLES::IS_add_to_json() const
 .text._ZN9VARIABLES15SET_add_to_jsonEb
                0x080231d6       0x20 ./Core/Src/main.o
                0x080231d6                VARIABLES::SET_add_to_json(bool)
 .text._ZNK9VARIABLES18GET_VAR_VALUE_CONNEv
                0x080231f6       0x24 ./Core/Src/main.o
                0x080231f6                VARIABLES::GET_VAR_VALUE_CONN() const
 .text._ZN9VARIABLES18SET_VAR_VALUE_CONNEd
                0x0802321a       0x22 ./Core/Src/main.o
                0x0802321a                VARIABLES::SET_VAR_VALUE_CONN(double)
 .text._ZN9VARIABLES22GET_VAR_VALUE_CONN_PTREv
                0x0802323c       0x18 ./Core/Src/main.o
                0x0802323c                VARIABLES::GET_VAR_VALUE_CONN_PTR()
 .text._ZN7PWR_PINC2EP12GPIO_TypeDeft
                0x08023254       0x24 ./Core/Src/main.o
                0x08023254                PWR_PIN::PWR_PIN(GPIO_TypeDef*, unsigned short)
                0x08023254                PWR_PIN::PWR_PIN(GPIO_TypeDef*, unsigned short)
 .text._ZN7PWR_PIN10SET_PWRPINEP12GPIO_TypeDeft
                0x08023278       0x26 ./Core/Src/main.o
                0x08023278                PWR_PIN::SET_PWRPIN(GPIO_TypeDef*, unsigned short)
 .text._ZN7PWR_PIN3SETEbm
                0x0802329e       0x36 ./Core/Src/main.o
                0x0802329e                PWR_PIN::SET(bool, unsigned long)
 .text._ZN7PWR_PIN5PULSEEbmm
                0x080232d4       0x36 ./Core/Src/main.o
                0x080232d4                PWR_PIN::PULSE(bool, unsigned long, unsigned long)
 .text._ZN3MUXC2EP7PWR_PINS1_S1_
                0x0802330a       0x2e ./Core/Src/main.o
                0x0802330a                MUX::MUX(PWR_PIN*, PWR_PIN*, PWR_PIN*)
                0x0802330a                MUX::MUX(PWR_PIN*, PWR_PIN*, PWR_PIN*)
 .text._ZN3MUX6SELECTEtm
                0x08023338       0x72 ./Core/Src/main.o
                0x08023338                MUX::SELECT(unsigned short, unsigned long)
 *fill*         0x080233aa        0x2 
 .text._Z14set_both_printb
                0x080233ac       0x2c ./Core/Src/main.o
                0x080233ac                set_both_print(bool)
 .text._Z14set_uart_printb
                0x080233d8       0x20 ./Core/Src/main.o
                0x080233d8                set_uart_print(bool)
 .text._Z13is_uart_printv
                0x080233f8       0x18 ./Core/Src/main.o
                0x080233f8                is_uart_print()
 .text._Z13set_ble_printb
                0x08023410       0x20 ./Core/Src/main.o
                0x08023410                set_ble_print(bool)
 .text._Z12is_ble_printv
                0x08023430       0x18 ./Core/Src/main.o
                0x08023430                is_ble_print()
 .text._Z14save_ble_printb
                0x08023448       0x2c ./Core/Src/main.o
                0x08023448                save_ble_print(bool)
 .text._Z17restore_ble_printv
                0x08023474       0x1c ./Core/Src/main.o
                0x08023474                restore_ble_print()
 .text._Z15save_uart_printb
                0x08023490       0x2c ./Core/Src/main.o
                0x08023490                save_uart_print(bool)
 .text._Z18restore_uart_printv
                0x080234bc       0x1c ./Core/Src/main.o
                0x080234bc                restore_uart_print()
 .text._Z12is_any_printv
                0x080234d8       0x30 ./Core/Src/main.o
                0x080234d8                is_any_print()
 .text._Z15save_both_printb
                0x08023508       0x22 ./Core/Src/main.o
                0x08023508                save_both_print(bool)
 .text._Z18restore_both_printv
                0x0802352a       0x10 ./Core/Src/main.o
                0x0802352a                restore_both_print()
 .text._ZN12UART_PRINTERC2EP20__UART_HandleTypeDefNSt7__cxx1112basic_stringIcSt11char_traitsIcESaIcEEE
                0x0802353a       0x32 ./Core/Src/main.o
                0x0802353a                UART_PRINTER::UART_PRINTER(__UART_HandleTypeDef*, std::__cxx11::basic_string<char, std::char_traits<char>, std::allocator<char> >)
                0x0802353a                UART_PRINTER::UART_PRINTER(__UART_HandleTypeDef*, std::__cxx11::basic_string<char, std::char_traits<char>, std::allocator<char> >)
 .text._ZN12UART_PRINTER4ReadB5cxx11Em
                0x0802356c       0x6c ./Core/Src/main.o
                0x0802356c                UART_PRINTER::Read[abi:cxx11](unsigned long)
 .text._ZN12UART_PRINTER5PrintENSt7__cxx1112basic_stringIcSt11char_traitsIcESaIcEEE
                0x080235d8       0x48 ./Core/Src/main.o
                0x080235d8                UART_PRINTER::Print(std::__cxx11::basic_string<char, std::char_traits<char>, std::allocator<char> >)
 .text._ZN12UART_PRINTER5PrintER12DynamicArrayIhE
                0x08023620      0x15c ./Core/Src/main.o
                0x08023620                UART_PRINTER::Print(DynamicArray<unsigned char>&)
 .text._ZN12UART_PRINTER8get_passB5cxx11Ev
                0x0802377c       0x1e ./Core/Src/main.o
                0x0802377c                UART_PRINTER::get_pass[abi:cxx11]()
 *fill*         0x0802379a        0x2 
 .text._ZN6NEOWAYC2EP20__UART_HandleTypeDef
                0x0802379c      0x198 ./Core/Src/main.o
                0x0802379c                NEOWAY::NEOWAY(__UART_HandleTypeDef*)
                0x0802379c                NEOWAY::NEOWAY(__UART_HandleTypeDef*)
 .text._ZN6NEOWAY5STARTEv
                0x08023934       0x3c ./Core/Src/main.o
                0x08023934                NEOWAY::START()
 .text._ZN6NEOWAY12GET_BLE_RESPB5cxx11Ev
                0x08023970       0x2a ./Core/Src/main.o
                0x08023970                NEOWAY::GET_BLE_RESP[abi:cxx11]()
 .text._ZNKSt16initializer_listImE4sizeEv
                0x0802399a       0x18 ./Core/Src/main.o
                0x0802399a                std::initializer_list<unsigned long>::size() const
 .text._ZNKSt16initializer_listINSt7__cxx1112basic_stringIcSt11char_traitsIcESaIcEEEE4sizeEv
                0x080239b2       0x18 ./Core/Src/main.o
                0x080239b2                std::initializer_list<std::__cxx11::basic_string<char, std::char_traits<char>, std::allocator<char> > >::size() const
 *fill*         0x080239ca        0x2 
 .text._ZN6NEOWAY12SEND_RECIEVEENSt7__cxx1112basic_stringIcSt11char_traitsIcESaIcEEESt16initializer_listImEtS6_IS5_E
                0x080239cc      0x848 ./Core/Src/main.o
                0x080239cc                NEOWAY::SEND_RECIEVE(std::__cxx11::basic_string<char, std::char_traits<char>, std::allocator<char> >, std::initializer_list<unsigned long>, unsigned short, std::initializer_list<std::__cxx11::basic_string<char, std::char_traits<char>, std::allocator<char> > >)
 .text._ZN6NEOWAY14CHECK_RESPONSEEPNSt7__cxx1112basic_stringIcSt11char_traitsIcESaIcEEES6_
                0x08024214       0xf0 ./Core/Src/main.o
                0x08024214                NEOWAY::CHECK_RESPONSE(std::__cxx11::basic_string<char, std::char_traits<char>, std::allocator<char> >*, std::__cxx11::basic_string<char, std::char_traits<char>, std::allocator<char> >*)
 .text._ZNK6NEOWAY18GET_data_pub_topicB5cxx11Ev
                0x08024304       0x18 ./Core/Src/main.o
                0x08024304                NEOWAY::GET_data_pub_topic[abi:cxx11]() const
 .text._ZN6NEOWAY18SET_data_pub_topicERKNSt7__cxx1112basic_stringIcSt11char_traitsIcESaIcEEE
                0x0802431c       0x1e ./Core/Src/main.o
                0x0802431c                NEOWAY::SET_data_pub_topic(std::__cxx11::basic_string<char, std::char_traits<char>, std::allocator<char> > const&)
 *fill*         0x0802433a        0x2 
 .text._ZN6NEOWAY8BLE_NAMEENSt7__cxx1112basic_stringIcSt11char_traitsIcESaIcEEE
                0x0802433c      0x1c8 ./Core/Src/main.o
                0x0802433c                NEOWAY::BLE_NAME(std::__cxx11::basic_string<char, std::char_traits<char>, std::allocator<char> >)
 .text._ZN6NEOWAY9BLE_SETUPENSt7__cxx1112basic_stringIcSt11char_traitsIcESaIcEEE
                0x08024504      0x638 ./Core/Src/main.o
                0x08024504                NEOWAY::BLE_SETUP(std::__cxx11::basic_string<char, std::char_traits<char>, std::allocator<char> >)
 .text._ZN6NEOWAY8BLE_READB5cxx11Em
                0x08024b3c      0x13c ./Core/Src/main.o
                0x08024b3c                NEOWAY::BLE_READ[abi:cxx11](unsigned long)
 .text._ZN6NEOWAY8BLE_SENDENSt7__cxx1112basic_stringIcSt11char_traitsIcESaIcEEE
                0x08024c78      0x26c ./Core/Src/main.o
                0x08024c78                NEOWAY::BLE_SEND(std::__cxx11::basic_string<char, std::char_traits<char>, std::allocator<char> >)
 .text._ZN6NEOWAY8POWER_ONEv
                0x08024ee4      0x2ac ./Core/Src/main.o
                0x08024ee4                NEOWAY::POWER_ON()
 .text._ZN6NEOWAY9POWER_OFFEv
                0x08025190       0x38 ./Core/Src/main.o
                0x08025190                NEOWAY::POWER_OFF()
 .text._ZN6NEOWAY4INITEv
                0x080251c8      0x790 ./Core/Src/main.o
                0x080251c8                NEOWAY::INIT()
 .text._ZN6NEOWAY7AWS_CONEv
                0x08025958      0x76c ./Core/Src/main.o
                0x08025958                NEOWAY::AWS_CON()
 .text._ZN10UART_DEBUGC2EP12DynamicArrayIP9VARIABLESEP12UART_PRINTERP6NEOWAY
                0x080260c4       0x64 ./Core/Src/main.o
                0x080260c4                UART_DEBUG::UART_DEBUG(DynamicArray<VARIABLES*>*, UART_PRINTER*, NEOWAY*)
                0x080260c4                UART_DEBUG::UART_DEBUG(DynamicArray<VARIABLES*>*, UART_PRINTER*, NEOWAY*)
 .text._ZN10UART_DEBUG6Print2ENSt7__cxx1112basic_stringIcSt11char_traitsIcESaIcEEE
                0x08026128       0x5e ./Core/Src/main.o
                0x08026128                UART_DEBUG::Print2(std::__cxx11::basic_string<char, std::char_traits<char>, std::allocator<char> >)
 *fill*         0x08026186        0x2 
 .text._ZN10UART_DEBUG10Json_printENSt7__cxx1112basic_stringIcSt11char_traitsIcESaIcEEES5_b
                0x08026188      0x164 ./Core/Src/main.o
                0x08026188                UART_DEBUG::Json_print(std::__cxx11::basic_string<char, std::char_traits<char>, std::allocator<char> >, std::__cxx11::basic_string<char, std::char_traits<char>, std::allocator<char> >, bool)
 .text._ZN10UART_DEBUG6Print2ER12DynamicArrayIhE
                0x080262ec       0x46 ./Core/Src/main.o
                0x080262ec                UART_DEBUG::Print2(DynamicArray<unsigned char>&)
 *fill*         0x08026332        0x2 
 .text._ZN10UART_DEBUG14convert_dy_strB5cxx11ER12DynamicArrayIhE
                0x08026334       0xcc ./Core/Src/main.o
                0x08026334                UART_DEBUG::convert_dy_str[abi:cxx11](DynamicArray<unsigned char>&)
 .text._ZN10UART_DEBUG8BLE_ReadB5cxx11Em
                0x08026400       0x22 ./Core/Src/main.o
                0x08026400                UART_DEBUG::BLE_Read[abi:cxx11](unsigned long)
 .text._ZN10UART_DEBUG8Ser_ReadB5cxx11Em
                0x08026422       0x22 ./Core/Src/main.o
                0x08026422                UART_DEBUG::Ser_Read[abi:cxx11](unsigned long)
 .text._ZN10UART_DEBUG13Both_Get_passB5cxx11EmPi
                0x08026444      0x184 ./Core/Src/main.o
                0x08026444                UART_DEBUG::Both_Get_pass[abi:cxx11](unsigned long, int*)
 .text._ZN10UART_DEBUG9Both_ReadB5cxx11Em
                0x080265c8      0x16c ./Core/Src/main.o
                0x080265c8                UART_DEBUG::Both_Read[abi:cxx11](unsigned long)
 .text._ZN10UART_DEBUG15Both_read_checkENSt7__cxx1112basic_stringIcSt11char_traitsIcESaIcEEEmS5_PS5_
                0x08026734      0x184 ./Core/Src/main.o
                0x08026734                UART_DEBUG::Both_read_check(std::__cxx11::basic_string<char, std::char_traits<char>, std::allocator<char> >, unsigned long, std::__cxx11::basic_string<char, std::char_traits<char>, std::allocator<char> >, std::__cxx11::basic_string<char, std::char_traits<char>, std::allocator<char> >*)
 .text._ZN10UART_DEBUG14CHECK_RESPONSEEPNSt7__cxx1112basic_stringIcSt11char_traitsIcESaIcEEES6_
                0x080268b8       0x8c ./Core/Src/main.o
                0x080268b8                UART_DEBUG::CHECK_RESPONSE(std::__cxx11::basic_string<char, std::char_traits<char>, std::allocator<char> >*, std::__cxx11::basic_string<char, std::char_traits<char>, std::allocator<char> >*)
 .text._ZN9VARIABLESD2Ev
                0x08026944       0x24 ./Core/Src/main.o
                0x08026944                VARIABLES::~VARIABLES()
                0x08026944                VARIABLES::~VARIABLES()
 .text._ZN11BUTTON_READC2EP12DynamicArrayIP9VARIABLESENSt7__cxx1112basic_stringIcSt11char_traitsIcESaIcEEEb
                0x08026968       0x4e ./Core/Src/main.o
                0x08026968                BUTTON_READ::BUTTON_READ(DynamicArray<VARIABLES*>*, std::__cxx11::basic_string<char, std::char_traits<char>, std::allocator<char> >, bool)
                0x08026968                BUTTON_READ::BUTTON_READ(DynamicArray<VARIABLES*>*, std::__cxx11::basic_string<char, std::char_traits<char>, std::allocator<char> >, bool)
 .text._ZN5RS485C2EP20__UART_HandleTypeDefP12DynamicArrayIP9VARIABLESENSt7__cxx1112basic_stringIcSt11char_traitsIcESaIcEEEb
                0x080269b6       0x84 ./Core/Src/main.o
                0x080269b6                RS485::RS485(__UART_HandleTypeDef*, DynamicArray<VARIABLES*>*, std::__cxx11::basic_string<char, std::char_traits<char>, std::allocator<char> >, bool)
                0x080269b6                RS485::RS485(__UART_HandleTypeDef*, DynamicArray<VARIABLES*>*, std::__cxx11::basic_string<char, std::char_traits<char>, std::allocator<char> >, bool)
 *fill*         0x08026a3a        0x2 
 .text._ZN5RS48510RS485_READEbb
                0x08026a3c      0x294 ./Core/Src/main.o
                0x08026a3c                RS485::RS485_READ(bool, bool)
 .text._ZN5RS48512CUSTOM_FRAMEESt16initializer_listIhEm
                0x08026cd0      0x2ac ./Core/Src/main.o
                0x08026cd0                RS485::CUSTOM_FRAME(std::initializer_list<unsigned char>, unsigned long)
 .text._ZN5RS48511WRITE_FRAMEEP12DynamicArrayIhE
                0x08026f7c       0x34 ./Core/Src/main.o
                0x08026f7c                RS485::WRITE_FRAME(DynamicArray<unsigned char>*)
 .text._ZN5RS48510READ_FRAMEEP12DynamicArrayIhE
                0x08026fb0       0xd4 ./Core/Src/main.o
                0x08026fb0                RS485::READ_FRAME(DynamicArray<unsigned char>*)
 *fill*         0x08027084        0x4 
 .text._ZN5RS4859SET_VALUEEP12DynamicArrayIhE
                0x08027088      0x5dc ./Core/Src/main.o
                0x08027088                RS485::SET_VALUE(DynamicArray<unsigned char>*)
 .text._ZN5RS48510WRITE_REDEE13GPIO_PinStatem
                0x08027664       0x40 ./Core/Src/main.o
                0x08027664                RS485::WRITE_REDE(GPIO_PinState, unsigned long)
 .text._ZN5RS4858ADD_PARAENSt7__cxx1112basic_stringIcSt11char_traitsIcESaIcEEEdh
                0x080276a4       0x9a ./Core/Src/main.o
                0x080276a4                RS485::ADD_PARA(std::__cxx11::basic_string<char, std::char_traits<char>, std::allocator<char> >, double, unsigned char)
 .text._ZN5RS4857ADD_CRCEP12DynamicArrayIhE
                0x0802773e       0x3c ./Core/Src/main.o
                0x0802773e                RS485::ADD_CRC(DynamicArray<unsigned char>*)
 .text._ZN5RS4857GET_CRCEP12DynamicArrayIhEb
                0x0802777a       0x9c ./Core/Src/main.o
                0x0802777a                RS485::GET_CRC(DynamicArray<unsigned char>*, bool)
 .text._ZN5RS4859SET_frameESt16initializer_listIhE
                0x08027816       0x38 ./Core/Src/main.o
                0x08027816                RS485::SET_frame(std::initializer_list<unsigned char>)
 .text._ZN5RS48515ADD_NO_OF_BYTESEv
                0x0802784e       0x80 ./Core/Src/main.o
                0x0802784e                RS485::ADD_NO_OF_BYTES()
 *fill*         0x080278ce        0x2 
 .text._ZN5RS4858SET_REDEEi
                0x080278d0      0x178 ./Core/Src/main.o
                0x080278d0                RS485::SET_REDE(int)
 .text._ZN5RS48515SET_manual_baudEm
                0x08027a48       0x1c ./Core/Src/main.o
                0x08027a48                RS485::SET_manual_baud(unsigned long)
 .text._ZN5RS48524HAL_UARTEx_ReceiveToIdleEP12DynamicArrayIhEm
                0x08027a64      0x27c ./Core/Src/main.o
                0x08027a64                RS485::HAL_UARTEx_ReceiveToIdle(DynamicArray<unsigned char>*, unsigned long)
 .text._ZN6ANALOGC2EP12DynamicArrayIP9VARIABLESENSt7__cxx1112basic_stringIcSt11char_traitsIcESaIcEEEb
                0x08027ce0       0x78 ./Core/Src/main.o
                0x08027ce0                ANALOG::ANALOG(DynamicArray<VARIABLES*>*, std::__cxx11::basic_string<char, std::char_traits<char>, std::allocator<char> >, bool)
                0x08027ce0                ANALOG::ANALOG(DynamicArray<VARIABLES*>*, std::__cxx11::basic_string<char, std::char_traits<char>, std::allocator<char> >, bool)
 .text._ZN6ANALOG11ANALOG_READEb
                0x08027d58      0x344 ./Core/Src/main.o
                0x08027d58                ANALOG::ANALOG_READ(bool)
 .text._ZN6ANALOG14ANALOG_CONVERTEb
                0x0802809c      0x2e8 ./Core/Src/main.o
                0x0802809c                ANALOG::ANALOG_CONVERT(bool)
 .text._ZN6ANALOG22ANALOG_CONVERT_AVERAGEEmb
                0x08028384      0x3d8 ./Core/Src/main.o
                0x08028384                ANALOG::ANALOG_CONVERT_AVERAGE(unsigned long, bool)
 .text._ZN6ANALOG13CONVERT_VALUEERd
                0x0802875c       0x54 ./Core/Src/main.o
                0x0802875c                ANALOG::CONVERT_VALUE(double&)
 .text._ZN6ANALOG9SET_VALUEEtRd
                0x080287b0       0xae ./Core/Src/main.o
                0x080287b0                ANALOG::SET_VALUE(unsigned short, double&)
 .text._ZN6ANALOG11SET_channelEm
                0x0802885e       0x1c ./Core/Src/main.o
                0x0802885e                ANALOG::SET_channel(unsigned long)
 .text._ZN6ANALOG10SET_factorEd
                0x0802887a       0x22 ./Core/Src/main.o
                0x0802887a                ANALOG::SET_factor(double)
 .text._ZN6ANALOG10SET_offsetEd
                0x0802889c       0x22 ./Core/Src/main.o
                0x0802889c                ANALOG::SET_offset(double)
 .text._ZN6ANALOGD2Ev
                0x080288be       0x1a ./Core/Src/main.o
                0x080288be                ANALOG::~ANALOG()
                0x080288be                ANALOG::~ANALOG()
 .text._ZN9IRROMETERC2EP12DynamicArrayIP9VARIABLESENSt7__cxx1112basic_stringIcSt11char_traitsIcESaIcEEEb
                0x080288d8       0x3e ./Core/Src/main.o
                0x080288d8                IRROMETER::IRROMETER(DynamicArray<VARIABLES*>*, std::__cxx11::basic_string<char, std::char_traits<char>, std::allocator<char> >, bool)
                0x080288d8                IRROMETER::IRROMETER(DynamicArray<VARIABLES*>*, std::__cxx11::basic_string<char, std::char_traits<char>, std::allocator<char> >, bool)
 .text._ZN9IRROMETER15POLARITY_SELECTE13GPIO_PinStateS0_
                0x08028916       0x3c ./Core/Src/main.o
                0x08028916                IRROMETER::POLARITY_SELECT(GPIO_PinState, GPIO_PinState)
 .text._ZN9IRROMETER8SET_PIN1EP12GPIO_TypeDeft
                0x08028952       0x28 ./Core/Src/main.o
                0x08028952                IRROMETER::SET_PIN1(GPIO_TypeDef*, unsigned short)
 .text._ZN9IRROMETER8SET_PIN2EP12GPIO_TypeDeft
                0x0802897a       0x28 ./Core/Src/main.o
                0x0802897a                IRROMETER::SET_PIN2(GPIO_TypeDef*, unsigned short)
 *fill*         0x080289a2        0x6 
 .text._ZN9IRROMETER9IRRO_READEmb
                0x080289a8      0x414 ./Core/Src/main.o
                0x080289a8                IRROMETER::IRRO_READ(unsigned long, bool)
 *fill*         0x08028dbc        0x4 
 .text._ZN9IRROMETER12IRRO_CONVERTEd
                0x08028dc0      0x4dc ./Core/Src/main.o
                0x08028dc0                IRROMETER::IRRO_CONVERT(double)
 .text._ZN9IRROMETER20SET_soil_temperatureEPd
                0x0802929c       0x1c ./Core/Src/main.o
                0x0802929c                IRROMETER::SET_soil_temperature(double*)
 .text._ZN9IRROMETER18SET_soil_connectedEPd
                0x080292b8       0x1c ./Core/Src/main.o
                0x080292b8                IRROMETER::SET_soil_connected(double*)
 .text._ZN8WIND_DIRC2EP12DynamicArrayIP9VARIABLESENSt7__cxx1112basic_stringIcSt11char_traitsIcESaIcEEEb
                0x080292d4       0x4e ./Core/Src/main.o
                0x080292d4                WIND_DIR::WIND_DIR(DynamicArray<VARIABLES*>*, std::__cxx11::basic_string<char, std::char_traits<char>, std::allocator<char> >, bool)
                0x080292d4                WIND_DIR::WIND_DIR(DynamicArray<VARIABLES*>*, std::__cxx11::basic_string<char, std::char_traits<char>, std::allocator<char> >, bool)
 *fill*         0x08029322        0x2 
 .text._ZN8WIND_DIR14DIRECTION_READB5cxx11Emb
                0x08029324      0x22c ./Core/Src/main.o
                0x08029324                WIND_DIR::DIRECTION_READ[abi:cxx11](unsigned long, bool)
 .text._ZN8WIND_DIR16SET_VALUE_STRINGEtNSt7__cxx1112basic_stringIcSt11char_traitsIcESaIcEEE
                0x08029550       0xb4 ./Core/Src/main.o
                0x08029550                WIND_DIR::SET_VALUE_STRING(unsigned short, std::__cxx11::basic_string<char, std::char_traits<char>, std::allocator<char> >)
 .text._ZN8WIND_DIR8IN_RANGEEdm
                0x08029604       0x66 ./Core/Src/main.o
                0x08029604                WIND_DIR::IN_RANGE(double, unsigned long)
 *fill*         0x0802966a        0x6 
 .text._ZN8WIND_DIR9DIR_SETUPEv
                0x08029670      0x564 ./Core/Src/main.o
                0x08029670                WIND_DIR::DIR_SETUP()
 .text._ZN8WIND_DIR9DirectionC2Ev
                0x08029bd4       0x68 ./Core/Src/main.o
                0x08029bd4                WIND_DIR::Direction::Direction()
                0x08029bd4                WIND_DIR::Direction::Direction()
 .text._ZN8WIND_DIR9DirectionD2Ev
                0x08029c3c       0x1c ./Core/Src/main.o
                0x08029c3c                WIND_DIR::Direction::~Direction()
                0x08029c3c                WIND_DIR::Direction::~Direction()
 .text._ZN8WIND_DIR9DirectionC2ERKS0_
                0x08029c58       0x52 ./Core/Src/main.o
                0x08029c58                WIND_DIR::Direction::Direction(WIND_DIR::Direction const&)
                0x08029c58                WIND_DIR::Direction::Direction(WIND_DIR::Direction const&)
 .text._ZN8WIND_DIR7ADD_DIREmNSt7__cxx1112basic_stringIcSt11char_traitsIcESaIcEEEd
                0x08029caa       0x72 ./Core/Src/main.o
                0x08029caa                WIND_DIR::ADD_DIR(unsigned long, std::__cxx11::basic_string<char, std::char_traits<char>, std::allocator<char> >, double)
 .text._ZN8WIND_DIR13SORT_VOLTAGESEv
                0x08029d1c       0xc2 ./Core/Src/main.o
                0x08029d1c                WIND_DIR::SORT_VOLTAGES()
 *fill*         0x08029dde        0x2 
 .text._ZN8WIND_DIR10SET_RANGESEv
                0x08029de0      0x138 ./Core/Src/main.o
                0x08029de0                WIND_DIR::SET_RANGES()
 .text._ZN10WIND_SPEEDC2EP12DynamicArrayIP9VARIABLESENSt7__cxx1112basic_stringIcSt11char_traitsIcESaIcEEEb
                0x08029f18       0x58 ./Core/Src/main.o
                0x08029f18                WIND_SPEED::WIND_SPEED(DynamicArray<VARIABLES*>*, std::__cxx11::basic_string<char, std::char_traits<char>, std::allocator<char> >, bool)
                0x08029f18                WIND_SPEED::WIND_SPEED(DynamicArray<VARIABLES*>*, std::__cxx11::basic_string<char, std::char_traits<char>, std::allocator<char> >, bool)
 .text._ZN10WIND_SPEED7SET_PINEP12GPIO_TypeDeft
                0x08029f70       0x26 ./Core/Src/main.o
                0x08029f70                WIND_SPEED::SET_PIN(GPIO_TypeDef*, unsigned short)
 *fill*         0x08029f96        0x2 
 .text._ZN10WIND_SPEED10SPEED_READEmb
                0x08029f98      0x1ac ./Core/Src/main.o
                0x08029f98                WIND_SPEED::SPEED_READ(unsigned long, bool)
 *fill*         0x0802a144        0x4 
 .text._ZN10WIND_SPEED9SET_VALUEEtPd
                0x0802a148       0xb0 ./Core/Src/main.o
                0x0802a148                WIND_SPEED::SET_VALUE(unsigned short, double*)
 .text._ZN10WIND_SPEED13READ_PIN_EDGEEb
                0x0802a1f8       0x5c ./Core/Src/main.o
                0x0802a1f8                WIND_SPEED::READ_PIN_EDGE(bool)
 *fill*         0x0802a254        0x4 
 .text._ZN10RAIN_GAUGEC2EP12DynamicArrayIP9VARIABLESENSt7__cxx1112basic_stringIcSt11char_traitsIcESaIcEEEb
                0x0802a258       0x68 ./Core/Src/main.o
                0x0802a258                RAIN_GAUGE::RAIN_GAUGE(DynamicArray<VARIABLES*>*, std::__cxx11::basic_string<char, std::char_traits<char>, std::allocator<char> >, bool)
                0x0802a258                RAIN_GAUGE::RAIN_GAUGE(DynamicArray<VARIABLES*>*, std::__cxx11::basic_string<char, std::char_traits<char>, std::allocator<char> >, bool)
 .text._ZN10RAIN_GAUGE7ADD_TIPEv
                0x0802a2c0       0x3a ./Core/Src/main.o
                0x0802a2c0                RAIN_GAUGE::ADD_TIP()
 .text._ZN10RAIN_GAUGE9CLEAR_TIPEv
                0x0802a2fa       0x1a ./Core/Src/main.o
                0x0802a2fa                RAIN_GAUGE::CLEAR_TIP()
 .text._ZN10RAIN_GAUGE11GET_READINGEb
                0x0802a314      0x100 ./Core/Src/main.o
                0x0802a314                RAIN_GAUGE::GET_READING(bool)
 *fill*         0x0802a414        0x4 
 .text._ZN10RAIN_GAUGE9SET_VALUEEtPd
                0x0802a418       0xb0 ./Core/Src/main.o
                0x0802a418                RAIN_GAUGE::SET_VALUE(unsigned short, double*)
 .text._ZN11ArduinoJson7V6211HB18StaticJsonDocumentILj1512EED2Ev
                0x0802a4c8       0x1a ./Core/Src/main.o
                0x0802a4c8                ArduinoJson::V6211HB::StaticJsonDocument<1512u>::~StaticJsonDocument()
                0x0802a4c8                ArduinoJson::V6211HB::StaticJsonDocument<1512u>::~StaticJsonDocument()
 *fill*         0x0802a4e2        0x2 
 .text._ZN12JSON_HANDLERC2ER12DynamicArrayIP9VARIABLESE
                0x0802a4e4       0x84 ./Core/Src/main.o
                0x0802a4e4                JSON_HANDLER::JSON_HANDLER(DynamicArray<VARIABLES*>&)
                0x0802a4e4                JSON_HANDLER::JSON_HANDLER(DynamicArray<VARIABLES*>&)
 .text._ZN11ArduinoJson7V6211HB6detail11MemberProxyIRNS0_12JsonDocumentENSt7__cxx1112basic_stringIcSt11char_traitsIcESaIcEEEED2Ev
                0x0802a568       0x1c ./Core/Src/main.o
                0x0802a568                ArduinoJson::V6211HB::detail::MemberProxy<ArduinoJson::V6211HB::JsonDocument&, std::__cxx11::basic_string<char, std::char_traits<char>, std::allocator<char> > >::~MemberProxy()
                0x0802a568                ArduinoJson::V6211HB::detail::MemberProxy<ArduinoJson::V6211HB::JsonDocument&, std::__cxx11::basic_string<char, std::char_traits<char>, std::allocator<char> > >::~MemberProxy()
 .text._ZN12JSON_HANDLER14MAKE_DATA_JSONENS_10clear_enumEb
                0x0802a584      0x570 ./Core/Src/main.o
                0x0802a584                JSON_HANDLER::MAKE_DATA_JSON(JSON_HANDLER::clear_enum, bool)
 .text._ZN12JSON_HANDLER14MAKE_META_JSONENS_10clear_enumEb
                0x0802aaf4      0x270 ./Core/Src/main.o
                0x0802aaf4                JSON_HANDLER::MAKE_META_JSON(JSON_HANDLER::clear_enum, bool)
 .text._ZN12JSON_HANDLER15GET_JSON_STRINGB5cxx11Ev
                0x0802ad64       0x20 ./Core/Src/main.o
                0x0802ad64                JSON_HANDLER::GET_JSON_STRING[abi:cxx11]()
 .text._ZN12JSON_HANDLER19GET_JSON_STRING_LENEv
                0x0802ad84       0x1e ./Core/Src/main.o
                0x0802ad84                JSON_HANDLER::GET_JSON_STRING_LEN()
 .text._ZN12JSON_HANDLER20GET_META_JSON_STRINGB5cxx11Ev
                0x0802ada2       0x20 ./Core/Src/main.o
                0x0802ada2                JSON_HANDLER::GET_META_JSON_STRING[abi:cxx11]()
 .text._ZN12JSON_HANDLER5CLEARENS_10clear_enumE
                0x0802adc2       0x58 ./Core/Src/main.o
                0x0802adc2                JSON_HANDLER::CLEAR(JSON_HANDLER::clear_enum)
 .text._ZN12JSON_HANDLER10CLEAR_METAENS_10clear_enumE
                0x0802ae1a       0x60 ./Core/Src/main.o
                0x0802ae1a                JSON_HANDLER::CLEAR_META(JSON_HANDLER::clear_enum)
 .text._ZN11ArduinoJson7V6211HB18StaticJsonDocumentILj1024EED2Ev
                0x0802ae7a       0x1a ./Core/Src/main.o
                0x0802ae7a                ArduinoJson::V6211HB::StaticJsonDocument<1024u>::~StaticJsonDocument()
                0x0802ae7a                ArduinoJson::V6211HB::StaticJsonDocument<1024u>::~StaticJsonDocument()
 .text._ZNK12JSON_HANDLER22COMPARE_META_DATA_JSONERN11ArduinoJson7V6211HB18StaticJsonDocumentILj1512EEE
                0x0802ae94       0x24 ./Core/Src/main.o
                0x0802ae94                JSON_HANDLER::COMPARE_META_DATA_JSON(ArduinoJson::V6211HB::StaticJsonDocument<1512u>&) const
 .text._Z20change_address_rs485v
                0x0802aeb8      0x220 ./Core/Src/main.o
                0x0802aeb8                change_address_rs485()
 .text._Z10PassAuthenv
                0x0802b0d8      0x1a0 ./Core/Src/main.o
                0x0802b0d8                PassAuthen()
 .text._Z10MENU_PRINTb
                0x0802b278      0x92c ./Core/Src/main.o
                0x0802b278                MENU_PRINT(bool)
 .text._Z16save_meta_neowayv
                0x0802bba4       0x3c ./Core/Src/main.o
                0x0802bba4                save_meta_neoway()
 .text._Z13UPDATE_CONFIGRKN11ArduinoJson7V6211HB18StaticJsonDocumentILj1024EEE
                0x0802bbe0       0xf0 ./Core/Src/main.o
                0x0802bbe0                UPDATE_CONFIG(ArduinoJson::V6211HB::StaticJsonDocument<1024u> const&)
 .text._Z10write_fileRNSt7__cxx1112basic_stringIcSt11char_traitsIcESaIcEEES4_
                0x0802bcd0      0x244 ./Core/Src/main.o
                0x0802bcd0                write_file(std::__cxx11::basic_string<char, std::char_traits<char>, std::allocator<char> >&, std::__cxx11::basic_string<char, std::char_traits<char>, std::allocator<char> >)
 .text._Z11config_filev
                0x0802bf14      0x1fc ./Core/Src/main.o
                0x0802bf14                config_file()
 .text._Z14JSON_EXTRACTERPNSt7__cxx1112basic_stringIcSt11char_traitsIcESaIcEEEPN11ArduinoJson7V6211HB18StaticJsonDocumentILj1512EEE
                0x0802c110       0xd0 ./Core/Src/main.o
                0x0802c110                JSON_EXTRACTER(std::__cxx11::basic_string<char, std::char_traits<char>, std::allocator<char> >*, ArduinoJson::V6211HB::StaticJsonDocument<1512u>*)
 .text._ZNKSt16initializer_listIhE5beginEv
                0x0802c1e0       0x18 ./Core/Src/main.o
                0x0802c1e0                std::initializer_list<unsigned char>::begin() const
 .text._Z10print_timeNSt7__cxx1112basic_stringIcSt11char_traitsIcESaIcEEESt16initializer_listIhE
                0x0802c1f8      0x308 ./Core/Src/main.o
                0x0802c1f8                print_time(std::__cxx11::basic_string<char, std::char_traits<char>, std::allocator<char> >, std::initializer_list<unsigned char>)
 .text._Z15Print_save_timev
                0x0802c500       0xb0 ./Core/Src/main.o
                0x0802c500                Print_save_time()
 .text._Z13Get_save_timev
                0x0802c5b0      0x680 ./Core/Src/main.o
                0x0802c5b0                Get_save_time()
 .text._Z13Set_RTC_ALARMR15RTC_TimeTypeDefm
                0x0802cc30       0xf8 ./Core/Src/main.o
                0x0802cc30                Set_RTC_ALARM(RTC_TimeTypeDef&, unsigned long)
 .text._Z14neoway_publishNSt7__cxx1112basic_stringIcSt11char_traitsIcESaIcEEE
                0x0802cd28      0x290 ./Core/Src/main.o
                0x0802cd28                neoway_publish(std::__cxx11::basic_string<char, std::char_traits<char>, std::allocator<char> >)
 .text._Z12object_setupv
                0x0802cfb8      0xcbc ./Core/Src/main.o
                0x0802cfb8                object_setup()
 .text._Z16SENSOR_ONLY_FUNCv
                0x0802dc74      0x1cc ./Core/Src/main.o
                0x0802dc74                SENSOR_ONLY_FUNC()
 .text._Z13fetch_readingv
                0x0802de40      0x18c ./Core/Src/main.o
                0x0802de40                fetch_reading()
 .text.HAL_GPIO_EXTI_Callback
                0x0802dfcc       0x40 ./Core/Src/main.o
                0x0802dfcc                HAL_GPIO_EXTI_Callback
 .text.HAL_RTC_AlarmAEventCallback
                0x0802e00c       0x20 ./Core/Src/main.o
                0x0802e00c                HAL_RTC_AlarmAEventCallback
 .text.HAL_RTCEx_AlarmBEventCallback
                0x0802e02c       0x14 ./Core/Src/main.o
                0x0802e02c                HAL_RTCEx_AlarmBEventCallback
 .text.HAL_RTCEx_WakeUpTimerEventCallback
                0x0802e040       0x48 ./Core/Src/main.o
                0x0802e040                HAL_RTCEx_WakeUpTimerEventCallback