../Drivers/CMSIS/Include/core_cm4.h:1933:34:void __NVIC_SystemReset()	4	static,ignoring_inline_asm
C:\ST\STM32CubeIDE_1.16.0\STM32CubeIDE\plugins\com.st.stm32cube.ide.mcu.externaltools.gnu-tools-for-stm32.12.3.rel1.win32_1.0.200.202406191623\tools\arm-none-eabi\include\c++\12.3.1\bits\char_traits.h:374:7:static int std::char_traits<char>::compare(const char_type*, const char_type*, std::size_t)	24	static
C:\ST\STM32CubeIDE_1.16.0\STM32CubeIDE\plugins\com.st.stm32cube.ide.mcu.externaltools.gnu-tools-for-stm32.12.3.rel1.win32_1.0.200.202406191623\tools\arm-none-eabi\include\c++\12.3.1\bits\char_traits.h:393:7:static std::size_t std::char_traits<char>::length(const char_type*)	16	static
C:\ST\STM32CubeIDE_1.16.0\STM32CubeIDE\plugins\com.st.stm32cube.ide.mcu.externaltools.gnu-tools-for-stm32.12.3.rel1.win32_1.0.200.202406191623\tools\arm-none-eabi\include\c++\12.3.1\bits\basic_string.h:4020:3:std::string std::__cxx11::to_string(int)	40	static
C:\ST\STM32CubeIDE_1.16.0\STM32CubeIDE\plugins\com.st.stm32cube.ide.mcu.externaltools.gnu-tools-for-stm32.12.3.rel1.win32_1.0.200.202406191623\tools\arm-none-eabi\include\c++\12.3.1\bits\basic_string.h:4059:3:std::string std::__cxx11::to_string(long unsigned int)	32	static
C:\ST\STM32CubeIDE_1.16.0\STM32CubeIDE\plugins\com.st.stm32cube.ide.mcu.externaltools.gnu-tools-for-stm32.12.3.rel1.win32_1.0.200.202406191623\tools\arm-none-eabi\include\c++\12.3.1\bits\basic_string.h:4082:3:std::string std::__cxx11::to_string(long long unsigned int)	40	static
C:\ST\STM32CubeIDE_1.16.0\STM32CubeIDE\plugins\com.st.stm32cube.ide.mcu.externaltools.gnu-tools-for-stm32.12.3.rel1.win32_1.0.200.202406191623\tools\bin/../lib/gcc/arm-none-eabi/12.3.1/../../../../arm-none-eabi/include/c++/12.3.1/type_traits:67:17:constexpr std::integral_constant<_Tp, __v>::operator value_type() const [with _Tp = bool; _Tp __v = true]	16	static
D:/CWSI_2_1/LIBRARY/CUSTOM/../CUSTOM/double_to_string.h:11:8:std::string d_t_h_s(uint32_t)	104	static
D:/CWSI_2_1/LIBRARY/CUSTOM/../CUSTOM/double_to_string.h:29:8:std::string d_t_s(double, int, bool)	120	static
D:/CWSI_2_1/LIBRARY/CUSTOM/../CUSTOM/double_to_string.h:61:8:double s_t_d(const std::string&)	80	static
D:/CWSI_2_1/LIBRARY/CUSTOM/../CUSTOM/double_to_string.h:108:8:std::string d_t_b_s(uint32_t, uint32_t, uint32_t)	56	static
D:/CWSI_2_1/LIBRARY/CUSTOM/../CUSTOM/M_USART.h:11:19:HAL_StatusTypeDef HAL_UARTEx_ReceiveToIdle(UART_HandleTypeDef*, std::string&, uint32_t)	48	static
D:/CWSI_2_1/LIBRARY/CUSTOM/../CUSTOM/M_USART.h:106:6:void UART_Init(UART_HandleTypeDef*, USART_TypeDef*, uint32_t)	24	static
D:/CWSI_2_1/LIBRARY/CUSTOM/../CUSTOM/M_USART.h:123:6:void ADC1_CHANNEL_INIT(uint32_t)	40	static
D:/CWSI_2_1/LIBRARY/CUSTOM/../ArduinoJson-6.x/src/ArduinoJson/Array/../Variant/../Variant/../Memory/../Strings/../Strings/Adapters/../../Strings/Adapters/RamString.hpp:24:3:ArduinoJson::V6211HB::detail::ZeroTerminatedRamString::ZeroTerminatedRamString(const char*)	16	static
D:/CWSI_2_1/LIBRARY/CUSTOM/../ArduinoJson-6.x/src/ArduinoJson/Array/../Variant/../Variant/../Memory/../Strings/../Strings/Adapters/../../Strings/Adapters/RamString.hpp:26:8:bool ArduinoJson::V6211HB::detail::ZeroTerminatedRamString::isNull() const	16	static
D:/CWSI_2_1/LIBRARY/CUSTOM/../ArduinoJson-6.x/src/ArduinoJson/Array/../Variant/../Variant/../Memory/../Strings/../Strings/Adapters/../../Strings/Adapters/RamString.hpp:30:10:size_t ArduinoJson::V6211HB::detail::ZeroTerminatedRamString::size() const	16	static
D:/CWSI_2_1/LIBRARY/CUSTOM/../ArduinoJson-6.x/src/ArduinoJson/Array/../Variant/../Variant/../Memory/../Strings/../Strings/Adapters/../../Strings/Adapters/RamString.hpp:34:8:char ArduinoJson::V6211HB::detail::ZeroTerminatedRamString::operator[](size_t) const	16	static
D:/CWSI_2_1/LIBRARY/CUSTOM/../ArduinoJson-6.x/src/ArduinoJson/Array/../Variant/../Variant/../Memory/../Strings/../Strings/Adapters/../../Strings/Adapters/RamString.hpp:84:3:ArduinoJson::V6211HB::detail::StaticStringAdapter::StaticStringAdapter(const char*)	16	static
D:/CWSI_2_1/LIBRARY/CUSTOM/../ArduinoJson-6.x/src/ArduinoJson/Array/../Variant/../Variant/../Memory/../Strings/../Strings/Adapters/../../Strings/Adapters/RamString.hpp:95:24:static ArduinoJson::V6211HB::detail::StringAdapter<const char*, void>::AdaptedString ArduinoJson::V6211HB::detail::StringAdapter<const char*, void>::adapt(const char*)	24	static
D:/CWSI_2_1/LIBRARY/CUSTOM/../ArduinoJson-6.x/src/ArduinoJson/Array/../Variant/../Variant/../Memory/../Strings/../Strings/Adapters/../../Strings/Adapters/RamString.hpp:104:3:ArduinoJson::V6211HB::detail::SizedRamString::SizedRamString(const char*, size_t)	24	static
D:/CWSI_2_1/LIBRARY/CUSTOM/../ArduinoJson-6.x/src/ArduinoJson/Array/../Variant/../Variant/../Memory/../Strings/../Strings/Adapters/../../Strings/Adapters/RamString.hpp:106:8:bool ArduinoJson::V6211HB::detail::SizedRamString::isNull() const	16	static
D:/CWSI_2_1/LIBRARY/CUSTOM/../ArduinoJson-6.x/src/ArduinoJson/Array/../Variant/../Variant/../Memory/../Strings/../Strings/Adapters/../../Strings/Adapters/RamString.hpp:110:10:size_t ArduinoJson::V6211HB::detail::SizedRamString::size() const	16	static
D:/CWSI_2_1/LIBRARY/CUSTOM/../ArduinoJson-6.x/src/ArduinoJson/Array/../Variant/../Variant/../Memory/../Strings/../Strings/Adapters/../../Strings/Adapters/RamString.hpp:114:8:char ArduinoJson::V6211HB::detail::SizedRamString::operator[](size_t) const	16	static
D:/CWSI_2_1/LIBRARY/CUSTOM/../ArduinoJson-6.x/src/ArduinoJson/Array/../Variant/../Variant/../Memory/../Strings/../Strings/Adapters/../../Strings/Adapters/RamString.hpp:120:15:const char* ArduinoJson::V6211HB::detail::SizedRamString::data() const	16	static
D:/CWSI_2_1/LIBRARY/CUSTOM/../ArduinoJson-6.x/src/ArduinoJson/Array/../Variant/../Variant/../Memory/../Strings/../Strings/Adapters/../../Strings/Adapters/RamString.hpp:124:29:ArduinoJson::V6211HB::detail::StringStoragePolicy::Copy ArduinoJson::V6211HB::detail::SizedRamString::storagePolicy() const	16	static
C:\ST\STM32CubeIDE_1.16.0\STM32CubeIDE\plugins\com.st.stm32cube.ide.mcu.externaltools.gnu-tools-for-stm32.12.3.rel1.win32_1.0.200.202406191623\tools\arm-none-eabi\include\c++\12.3.1\arm-none-eabi\thumb\v7e-m+fp\hard\bits\gthr-default.h:229:1:int __gthread_key_delete(__gthread_key_t)	16	static
D:/CWSI_2_1/LIBRARY/CUSTOM/../ArduinoJson-6.x/src/ArduinoJson/Array/../Variant/../Variant/../Memory/../Strings/../Strings/Adapters/../../Strings/JsonString.hpp:19:3:ArduinoJson::V6211HB::JsonString::JsonString()	16	static
D:/CWSI_2_1/LIBRARY/CUSTOM/../ArduinoJson-6.x/src/ArduinoJson/Array/../Variant/../Variant/../Memory/../Strings/../Strings/Adapters/../../Strings/JsonString.hpp:21:3:ArduinoJson::V6211HB::JsonString::JsonString(const char*, Ownership)	24	static
D:/CWSI_2_1/LIBRARY/CUSTOM/../ArduinoJson-6.x/src/ArduinoJson/Array/../Variant/../Variant/../Memory/../Strings/../Strings/Adapters/../../Strings/JsonString.hpp:24:3:ArduinoJson::V6211HB::JsonString::JsonString(const char*, size_t, Ownership)	24	static
D:/CWSI_2_1/LIBRARY/CUSTOM/../ArduinoJson-6.x/src/ArduinoJson/Array/../Variant/../Variant/../Memory/../Strings/../Strings/Adapters/../../Strings/JsonString.hpp:28:15:const char* ArduinoJson::V6211HB::JsonString::c_str() const	16	static
D:/CWSI_2_1/LIBRARY/CUSTOM/../ArduinoJson-6.x/src/ArduinoJson/Array/../Variant/../Variant/../Memory/../Strings/../Strings/Adapters/../../Strings/JsonString.hpp:39:8:bool ArduinoJson::V6211HB::JsonString::isLinked() const	16	static
D:/CWSI_2_1/LIBRARY/CUSTOM/../ArduinoJson-6.x/src/ArduinoJson/Array/../Variant/../Variant/../Memory/../Strings/../Strings/Adapters/../../Strings/JsonString.hpp:44:10:size_t ArduinoJson::V6211HB::JsonString::size() const	16	static
D:/CWSI_2_1/LIBRARY/CUSTOM/../ArduinoJson-6.x/src/ArduinoJson/Array/../Variant/../Variant/../Memory/../Strings/../Strings/Adapters/../../Strings/JsonString.hpp:49:12:ArduinoJson::V6211HB::JsonString::operator bool() const	16	static
D:/CWSI_2_1/LIBRARY/CUSTOM/../ArduinoJson-6.x/src/ArduinoJson/Array/../Variant/../Variant/../Memory/../Strings/../Strings/Adapters/JsonString.hpp:15:3:ArduinoJson::V6211HB::detail::JsonStringAdapter::JsonStringAdapter(const ArduinoJson::V6211HB::JsonString&)	24	static
D:/CWSI_2_1/LIBRARY/CUSTOM/../ArduinoJson-6.x/src/ArduinoJson/Array/../Variant/../Variant/../Memory/../Strings/../Strings/Adapters/JsonString.hpp:18:35:ArduinoJson::V6211HB::detail::StringStoragePolicy::LinkOrCopy ArduinoJson::V6211HB::detail::JsonStringAdapter::storagePolicy() const	24	static
D:/CWSI_2_1/LIBRARY/CUSTOM/../ArduinoJson-6.x/src/ArduinoJson/Array/../Variant/../Variant/../Memory/../Strings/../Strings/Adapters/JsonString.hpp:31:24:static ArduinoJson::V6211HB::detail::StringAdapter<ArduinoJson::V6211HB::JsonString>::AdaptedString ArduinoJson::V6211HB::detail::StringAdapter<ArduinoJson::V6211HB::JsonString>::adapt(const ArduinoJson::V6211HB::JsonString&)	16	static
D:/CWSI_2_1/LIBRARY/CUSTOM/../ArduinoJson-6.x/src/ArduinoJson/Array/../Variant/../Variant/../Memory/../Variant/../Variant/../Collection/CollectionData.hpp:69:16:ArduinoJson::V6211HB::detail::VariantSlot* ArduinoJson::V6211HB::detail::CollectionData::head() const	16	static
D:/CWSI_2_1/LIBRARY/CUSTOM/../ArduinoJson-6.x/src/ArduinoJson/Array/../Variant/../Variant/../Memory/../Variant/VariantSlot.hpp:32:16:ArduinoJson::V6211HB::detail::VariantData* ArduinoJson::V6211HB::detail::VariantSlot::data()	16	static
D:/CWSI_2_1/LIBRARY/CUSTOM/../ArduinoJson-6.x/src/ArduinoJson/Array/../Variant/../Variant/../Memory/../Variant/VariantSlot.hpp:36:22:const ArduinoJson::V6211HB::detail::VariantData* ArduinoJson::V6211HB::detail::VariantSlot::data() const	16	static
D:/CWSI_2_1/LIBRARY/CUSTOM/../ArduinoJson-6.x/src/ArduinoJson/Array/../Variant/../Variant/../Memory/../Variant/VariantSlot.hpp:40:16:ArduinoJson::V6211HB::detail::VariantSlot* ArduinoJson::V6211HB::detail::VariantSlot::next()	16	static
D:/CWSI_2_1/LIBRARY/CUSTOM/../ArduinoJson-6.x/src/ArduinoJson/Array/../Variant/../Variant/../Memory/../Variant/VariantSlot.hpp:44:22:const ArduinoJson::V6211HB::detail::VariantSlot* ArduinoJson::V6211HB::detail::VariantSlot::next() const	16	static
D:/CWSI_2_1/LIBRARY/CUSTOM/../ArduinoJson-6.x/src/ArduinoJson/Array/../Variant/../Variant/../Memory/../Variant/VariantSlot.hpp:62:8:void ArduinoJson::V6211HB::detail::VariantSlot::setNext(ArduinoJson::V6211HB::detail::VariantSlot*)	16	static
D:/CWSI_2_1/LIBRARY/CUSTOM/../ArduinoJson-6.x/src/ArduinoJson/Array/../Variant/../Variant/../Memory/../Variant/VariantSlot.hpp:70:8:void ArduinoJson::V6211HB::detail::VariantSlot::setNextNotNull(ArduinoJson::V6211HB::detail::VariantSlot*)	16	static
D:/CWSI_2_1/LIBRARY/CUSTOM/../ArduinoJson-6.x/src/ArduinoJson/Array/../Variant/../Variant/../Memory/../Variant/VariantSlot.hpp:79:8:void ArduinoJson::V6211HB::detail::VariantSlot::setKey(ArduinoJson::V6211HB::JsonString)	24	static
D:/CWSI_2_1/LIBRARY/CUSTOM/../ArduinoJson-6.x/src/ArduinoJson/Array/../Variant/../Variant/../Memory/../Variant/VariantSlot.hpp:88:15:const char* ArduinoJson::V6211HB::detail::VariantSlot::key() const	16	static
D:/CWSI_2_1/LIBRARY/CUSTOM/../ArduinoJson-6.x/src/ArduinoJson/Array/../Variant/../Variant/../Memory/../Variant/VariantSlot.hpp:92:8:bool ArduinoJson::V6211HB::detail::VariantSlot::ownsKey() const	16	static
D:/CWSI_2_1/LIBRARY/CUSTOM/../ArduinoJson-6.x/src/ArduinoJson/Array/../Variant/../Variant/../Memory/../Variant/VariantSlot.hpp:96:8:void ArduinoJson::V6211HB::detail::VariantSlot::clear()	16	static
D:/CWSI_2_1/LIBRARY/CUSTOM/../ArduinoJson-6.x/src/ArduinoJson/Array/../Variant/../Variant/../Memory/MemoryPool.hpp:39:3:ArduinoJson::V6211HB::detail::MemoryPool::MemoryPool(char*, size_t)	24	static
D:/CWSI_2_1/LIBRARY/CUSTOM/../ArduinoJson-6.x/src/ArduinoJson/Array/../Variant/../Variant/../Memory/MemoryPool.hpp:64:8:bool ArduinoJson::V6211HB::detail::MemoryPool::overflowed() const	16	static
D:/CWSI_2_1/LIBRARY/CUSTOM/../ArduinoJson-6.x/src/ArduinoJson/Array/../Variant/../Variant/../Memory/MemoryPool.hpp:68:16:ArduinoJson::V6211HB::detail::VariantSlot* ArduinoJson::V6211HB::detail::MemoryPool::allocVariant()	16	static
D:/CWSI_2_1/LIBRARY/CUSTOM/../ArduinoJson-6.x/src/ArduinoJson/Array/../Variant/../Variant/../Memory/MemoryPool.hpp:93:8:void ArduinoJson::V6211HB::detail::MemoryPool::getFreeZone(char**, size_t*) const	24	static
D:/CWSI_2_1/LIBRARY/CUSTOM/../ArduinoJson-6.x/src/ArduinoJson/Array/../Variant/../Variant/../Memory/MemoryPool.hpp:98:15:const char* ArduinoJson::V6211HB::detail::MemoryPool::saveStringFromFreeZone(size_t)	32	static
D:/CWSI_2_1/LIBRARY/CUSTOM/../ArduinoJson-6.x/src/ArduinoJson/Array/../Variant/../Variant/../Memory/MemoryPool.hpp:112:8:void ArduinoJson::V6211HB::detail::MemoryPool::markAsOverflowed()	16	static
D:/CWSI_2_1/LIBRARY/CUSTOM/../ArduinoJson-6.x/src/ArduinoJson/Array/../Variant/../Variant/../Memory/MemoryPool.hpp:116:8:void ArduinoJson::V6211HB::detail::MemoryPool::clear()	16	static
D:/CWSI_2_1/LIBRARY/CUSTOM/../ArduinoJson-6.x/src/ArduinoJson/Array/../Variant/../Variant/../Memory/MemoryPool.hpp:122:8:bool ArduinoJson::V6211HB::detail::MemoryPool::canAlloc(size_t) const	16	static
D:/CWSI_2_1/LIBRARY/CUSTOM/../ArduinoJson-6.x/src/ArduinoJson/Array/../Variant/../Variant/../Memory/MemoryPool.hpp:170:8:void ArduinoJson::V6211HB::detail::MemoryPool::checkInvariants()	16	static
D:/CWSI_2_1/LIBRARY/CUSTOM/../ArduinoJson-6.x/src/ArduinoJson/Array/../Variant/../Variant/../Memory/MemoryPool.hpp:193:9:char* ArduinoJson::V6211HB::detail::MemoryPool::allocString(size_t)	24	static
D:/CWSI_2_1/LIBRARY/CUSTOM/../ArduinoJson-6.x/src/ArduinoJson/Array/../Variant/../Variant/../Memory/MemoryPool.hpp:209:9:void* ArduinoJson::V6211HB::detail::MemoryPool::allocRight(size_t)	16	static
D:/CWSI_2_1/LIBRARY/CUSTOM/../ArduinoJson-6.x/src/ArduinoJson/Array/../Variant/../Variant/../Variant/../Variant/VariantData.hpp:21:3:ArduinoJson::V6211HB::detail::VariantData::VariantData()	16	static
D:/CWSI_2_1/LIBRARY/CUSTOM/../ArduinoJson-6.x/src/ArduinoJson/Array/../Variant/../Variant/../Variant/../Variant/VariantData.hpp:86:19:ArduinoJson::V6211HB::detail::CollectionData* ArduinoJson::V6211HB::detail::VariantData::asObject()	16	static
D:/CWSI_2_1/LIBRARY/CUSTOM/../ArduinoJson-6.x/src/ArduinoJson/Array/../Variant/../Variant/../Variant/../Variant/VariantData.hpp:90:25:const ArduinoJson::V6211HB::detail::CollectionData* ArduinoJson::V6211HB::detail::VariantData::asObject() const	16	static
D:/CWSI_2_1/LIBRARY/CUSTOM/../ArduinoJson-6.x/src/ArduinoJson/Array/../Variant/../Variant/../Variant/../Variant/VariantData.hpp:122:8:bool ArduinoJson::V6211HB::detail::VariantData::isFloat() const	16	static
D:/CWSI_2_1/LIBRARY/CUSTOM/../ArduinoJson-6.x/src/ArduinoJson/Array/../Variant/../Variant/../Variant/../Variant/VariantData.hpp:130:8:bool ArduinoJson::V6211HB::detail::VariantData::isObject() const	16	static
D:/CWSI_2_1/LIBRARY/CUSTOM/../ArduinoJson-6.x/src/ArduinoJson/Array/../Variant/../Variant/../Variant/../Variant/VariantData.hpp:134:8:bool ArduinoJson::V6211HB::detail::VariantData::isNull() const	16	static
D:/CWSI_2_1/LIBRARY/CUSTOM/../ArduinoJson-6.x/src/ArduinoJson/Array/../Variant/../Variant/../Variant/../Variant/VariantData.hpp:138:8:bool ArduinoJson::V6211HB::detail::VariantData::isEnclosed() const	16	static
D:/CWSI_2_1/LIBRARY/CUSTOM/../ArduinoJson-6.x/src/ArduinoJson/Array/../Variant/../Variant/../Variant/../Variant/VariantData.hpp:153:8:void ArduinoJson::V6211HB::detail::VariantData::setBoolean(bool)	16	static
D:/CWSI_2_1/LIBRARY/CUSTOM/../ArduinoJson-6.x/src/ArduinoJson/Array/../Variant/../Variant/../Variant/../Variant/VariantData.hpp:158:8:void ArduinoJson::V6211HB::detail::VariantData::setFloat(ArduinoJson::V6211HB::JsonFloat)	24	static
D:/CWSI_2_1/LIBRARY/CUSTOM/../ArduinoJson-6.x/src/ArduinoJson/Array/../Variant/../Variant/../Variant/../Variant/VariantData.hpp:199:8:void ArduinoJson::V6211HB::detail::VariantData::setNull()	16	static
D:/CWSI_2_1/LIBRARY/CUSTOM/../ArduinoJson-6.x/src/ArduinoJson/Array/../Variant/../Variant/../Variant/../Variant/VariantData.hpp:203:8:void ArduinoJson::V6211HB::detail::VariantData::setString(ArduinoJson::V6211HB::JsonString)	24	static
D:/CWSI_2_1/LIBRARY/CUSTOM/../ArduinoJson-6.x/src/ArduinoJson/Array/../Variant/../Variant/../Variant/../Variant/VariantData.hpp:213:19:ArduinoJson::V6211HB::detail::CollectionData& ArduinoJson::V6211HB::detail::VariantData::toArray()	16	static
D:/CWSI_2_1/LIBRARY/CUSTOM/../ArduinoJson-6.x/src/ArduinoJson/Array/../Variant/../Variant/../Variant/../Variant/VariantData.hpp:219:19:ArduinoJson::V6211HB::detail::CollectionData& ArduinoJson::V6211HB::detail::VariantData::toObject()	16	static
D:/CWSI_2_1/LIBRARY/CUSTOM/../ArduinoJson-6.x/src/ArduinoJson/Array/../Variant/../Variant/../Variant/../Variant/VariantData.hpp:287:11:uint8_t ArduinoJson::V6211HB::detail::VariantData::type() const	16	static
D:/CWSI_2_1/LIBRARY/CUSTOM/../ArduinoJson-6.x/src/ArduinoJson/Array/../Variant/../Variant/../Variant/../Variant/VariantData.hpp:302:8:void ArduinoJson::V6211HB::detail::VariantData::setType(uint8_t)	16	static
D:/CWSI_2_1/LIBRARY/CUSTOM/../ArduinoJson-6.x/src/ArduinoJson/Array/../Variant/../Variant/../Variant/../Variant/VariantData.hpp:308:5:ArduinoJson::V6211HB::detail::VariantData::VariantStringSetter::VariantStringSetter(ArduinoJson::V6211HB::detail::VariantData*)	16	static
D:/CWSI_2_1/LIBRARY/CUSTOM/../ArduinoJson-6.x/src/ArduinoJson/Array/../Variant/../Variant/../Variant/VariantFunctions.hpp:23:13:bool ArduinoJson::V6211HB::detail::variantCopyFrom(VariantData*, const VariantData*, MemoryPool*)	24	static
D:/CWSI_2_1/LIBRARY/CUSTOM/../ArduinoJson-6.x/src/ArduinoJson/Array/../Variant/../Variant/../Variant/VariantFunctions.hpp:34:13:void ArduinoJson::V6211HB::detail::variantSetNull(VariantData*)	16	static
D:/CWSI_2_1/LIBRARY/CUSTOM/../ArduinoJson-6.x/src/ArduinoJson/Array/../Variant/../Variant/JsonVariantConst.hpp:33:3:ArduinoJson::V6211HB::JsonVariantConst::JsonVariantConst()	16	static
D:/CWSI_2_1/LIBRARY/CUSTOM/../ArduinoJson-6.x/src/ArduinoJson/Array/../Variant/../Variant/JsonVariantConst.hpp:36:12:ArduinoJson::V6211HB::JsonVariantConst::JsonVariantConst(const ArduinoJson::V6211HB::detail::VariantData*)	16	static
D:/CWSI_2_1/LIBRARY/CUSTOM/../ArduinoJson-6.x/src/ArduinoJson/Array/../Variant/../Variant/JsonVariantConst.hpp:136:30:const ArduinoJson::V6211HB::detail::VariantData* ArduinoJson::V6211HB::JsonVariantConst::getData() const	16	static
D:/CWSI_2_1/LIBRARY/CUSTOM/../ArduinoJson-6.x/src/ArduinoJson/Array/../Array/../Variant/JsonVariant.hpp:22:3:ArduinoJson::V6211HB::JsonVariant::JsonVariant(ArduinoJson::V6211HB::detail::MemoryPool*, ArduinoJson::V6211HB::detail::VariantData*)	24	static
D:/CWSI_2_1/LIBRARY/CUSTOM/../ArduinoJson-6.x/src/ArduinoJson/Array/../Array/../Variant/JsonVariant.hpp:48:22:static ArduinoJson::V6211HB::JsonVariant ArduinoJson::V6211HB::Converter<ArduinoJson::V6211HB::JsonVariant>::fromJson(ArduinoJson::V6211HB::JsonVariant)	24	static
D:/CWSI_2_1/LIBRARY/CUSTOM/../ArduinoJson-6.x/src/ArduinoJson/Array/../Array/../Variant/JsonVariant.hpp:67:15:static void ArduinoJson::V6211HB::Converter<ArduinoJson::V6211HB::JsonVariantConst>::toJson(ArduinoJson::V6211HB::JsonVariantConst, ArduinoJson::V6211HB::JsonVariant)	40	static
D:/CWSI_2_1/LIBRARY/CUSTOM/../ArduinoJson-6.x/src/ArduinoJson/Array/../Array/../Variant/JsonVariant.hpp:71:27:static ArduinoJson::V6211HB::JsonVariantConst ArduinoJson::V6211HB::Converter<ArduinoJson::V6211HB::JsonVariantConst>::fromJson(ArduinoJson::V6211HB::JsonVariantConst)	24	static
D:/CWSI_2_1/LIBRARY/CUSTOM/../ArduinoJson-6.x/src/ArduinoJson/Array/../Array/../Variant/SlotFunctions.hpp:13:3:ArduinoJson::V6211HB::detail::SlotKeySetter::SlotKeySetter(ArduinoJson::V6211HB::detail::VariantSlot*)	16	static
D:/CWSI_2_1/LIBRARY/CUSTOM/../ArduinoJson-6.x/src/ArduinoJson/Array/../Array/../Variant/SlotFunctions.hpp:33:15:size_t ArduinoJson::V6211HB::detail::slotSize(const VariantSlot*)	24	static
D:/CWSI_2_1/LIBRARY/CUSTOM/../ArduinoJson-6.x/src/ArduinoJson/Array/../Array/../Variant/SlotFunctions.hpp:42:21:ArduinoJson::V6211HB::detail::VariantData* ArduinoJson::V6211HB::detail::slotData(VariantSlot*)	16	static
D:/CWSI_2_1/LIBRARY/CUSTOM/../ArduinoJson-6.x/src/ArduinoJson/Array/../Array/JsonArrayIterator.hpp:88:3:ArduinoJson::V6211HB::JsonArrayConstIterator::JsonArrayConstIterator()	16	static
D:/CWSI_2_1/LIBRARY/CUSTOM/../ArduinoJson-6.x/src/ArduinoJson/Array/../Array/JsonArrayIterator.hpp:89:12:ArduinoJson::V6211HB::JsonArrayConstIterator::JsonArrayConstIterator(const ArduinoJson::V6211HB::detail::VariantSlot*)	16	static
D:/CWSI_2_1/LIBRARY/CUSTOM/../ArduinoJson-6.x/src/ArduinoJson/Array/../Array/JsonArrayIterator.hpp:92:20:ArduinoJson::V6211HB::JsonVariantConst ArduinoJson::V6211HB::JsonArrayConstIterator::operator*() const	24	static
D:/CWSI_2_1/LIBRARY/CUSTOM/../ArduinoJson-6.x/src/ArduinoJson/Array/../Array/JsonArrayIterator.hpp:99:8:bool ArduinoJson::V6211HB::JsonArrayConstIterator::operator==(const ArduinoJson::V6211HB::JsonArrayConstIterator&) const	16	static
D:/CWSI_2_1/LIBRARY/CUSTOM/../ArduinoJson-6.x/src/ArduinoJson/Array/../Array/JsonArrayIterator.hpp:107:27:ArduinoJson::V6211HB::JsonArrayConstIterator& ArduinoJson::V6211HB::JsonArrayConstIterator::operator++()	16	static
D:/CWSI_2_1/LIBRARY/CUSTOM/../ArduinoJson-6.x/src/ArduinoJson/Object/../Object/../Object/../Object/JsonPair.hpp:45:3:ArduinoJson::V6211HB::JsonPairConst::JsonPairConst(const ArduinoJson::V6211HB::detail::VariantSlot*)	40	static
D:/CWSI_2_1/LIBRARY/CUSTOM/../ArduinoJson-6.x/src/ArduinoJson/Object/../Object/../Object/../Object/JsonPair.hpp:54:14:ArduinoJson::V6211HB::JsonString ArduinoJson::V6211HB::JsonPairConst::key() const	16	static
D:/CWSI_2_1/LIBRARY/CUSTOM/../ArduinoJson-6.x/src/ArduinoJson/Object/../Object/../Object/../Object/JsonPair.hpp:59:20:ArduinoJson::V6211HB::JsonVariantConst ArduinoJson::V6211HB::JsonPairConst::value() const	16	static
D:/CWSI_2_1/LIBRARY/CUSTOM/../ArduinoJson-6.x/src/ArduinoJson/Object/../Object/../Object/JsonObjectIterator.hpp:71:3:ArduinoJson::V6211HB::JsonPairConstPtr::JsonPairConstPtr(const ArduinoJson::V6211HB::detail::VariantSlot*)	16	static
D:/CWSI_2_1/LIBRARY/CUSTOM/../ArduinoJson-6.x/src/ArduinoJson/Object/../Object/../Object/JsonObjectIterator.hpp:73:24:const ArduinoJson::V6211HB::JsonPairConst* ArduinoJson::V6211HB::JsonPairConstPtr::operator->() const	16	static
D:/CWSI_2_1/LIBRARY/CUSTOM/../ArduinoJson-6.x/src/ArduinoJson/Object/../Object/../Object/JsonObjectIterator.hpp:89:3:ArduinoJson::V6211HB::JsonObjectConstIterator::JsonObjectConstIterator()	16	static
D:/CWSI_2_1/LIBRARY/CUSTOM/../ArduinoJson-6.x/src/ArduinoJson/Object/../Object/../Object/JsonObjectIterator.hpp:91:12:ArduinoJson::V6211HB::JsonObjectConstIterator::JsonObjectConstIterator(const ArduinoJson::V6211HB::detail::VariantSlot*)	16	static
D:/CWSI_2_1/LIBRARY/CUSTOM/../ArduinoJson-6.x/src/ArduinoJson/Object/../Object/../Object/JsonObjectIterator.hpp:97:20:ArduinoJson::V6211HB::JsonPairConstPtr ArduinoJson::V6211HB::JsonObjectConstIterator::operator->()	16	static
D:/CWSI_2_1/LIBRARY/CUSTOM/../ArduinoJson-6.x/src/ArduinoJson/Object/../Object/../Object/JsonObjectIterator.hpp:105:8:bool ArduinoJson::V6211HB::JsonObjectConstIterator::operator!=(const ArduinoJson::V6211HB::JsonObjectConstIterator&) const	16	static
D:/CWSI_2_1/LIBRARY/CUSTOM/../ArduinoJson-6.x/src/ArduinoJson/Object/../Object/../Object/JsonObjectIterator.hpp:109:28:ArduinoJson::V6211HB::JsonObjectConstIterator& ArduinoJson::V6211HB::JsonObjectConstIterator::operator++()	16	static
D:/CWSI_2_1/LIBRARY/CUSTOM/../ArduinoJson-6.x/src/ArduinoJson/Object/../Object/JsonObjectConst.hpp:25:3:ArduinoJson::V6211HB::JsonObjectConst::JsonObjectConst(const ArduinoJson::V6211HB::detail::CollectionData*)	16	static
D:/CWSI_2_1/LIBRARY/CUSTOM/../ArduinoJson-6.x/src/ArduinoJson/Document/../Document/../Document/JsonDocument.hpp:42:8:void ArduinoJson::V6211HB::JsonDocument::clear()	16	static
D:/CWSI_2_1/LIBRARY/CUSTOM/../ArduinoJson-6.x/src/ArduinoJson/Document/../Document/../Document/JsonDocument.hpp:99:8:bool ArduinoJson::V6211HB::JsonDocument::set(const ArduinoJson::V6211HB::JsonDocument&)	88	static
D:/CWSI_2_1/LIBRARY/CUSTOM/../ArduinoJson-6.x/src/ArduinoJson/Document/../Document/../Document/JsonDocument.hpp:284:3:ArduinoJson::V6211HB::JsonDocument::JsonDocument(char*, size_t)	24	static
D:/CWSI_2_1/LIBRARY/CUSTOM/../ArduinoJson-6.x/src/ArduinoJson/Document/../Document/../Document/JsonDocument.hpp:286:3:ArduinoJson::V6211HB::JsonDocument::~JsonDocument()	16	static
D:/CWSI_2_1/LIBRARY/CUSTOM/../ArduinoJson-6.x/src/ArduinoJson/Document/../Document/../Document/JsonDocument.hpp:292:15:ArduinoJson::V6211HB::JsonVariant ArduinoJson::V6211HB::JsonDocument::getVariant()	16	static
D:/CWSI_2_1/LIBRARY/CUSTOM/../ArduinoJson-6.x/src/ArduinoJson/Document/../Document/../Document/JsonDocument.hpp:296:20:ArduinoJson::V6211HB::JsonVariantConst ArduinoJson::V6211HB::JsonDocument::getVariant() const	24	static
D:/CWSI_2_1/LIBRARY/CUSTOM/../ArduinoJson-6.x/src/ArduinoJson/Document/../Document/../Document/JsonDocument.hpp:304:23:ArduinoJson::V6211HB::detail::MemoryPool* ArduinoJson::V6211HB::JsonDocument::getPool()	16	static
D:/CWSI_2_1/LIBRARY/CUSTOM/../ArduinoJson-6.x/src/ArduinoJson/Document/../Document/../Document/JsonDocument.hpp:308:24:ArduinoJson::V6211HB::detail::VariantData* ArduinoJson::V6211HB::JsonDocument::getData()	16	static
D:/CWSI_2_1/LIBRARY/CUSTOM/../ArduinoJson-6.x/src/ArduinoJson/Document/../Document/../Document/JsonDocument.hpp:312:30:const ArduinoJson::V6211HB::detail::VariantData* ArduinoJson::V6211HB::JsonDocument::getData() const	16	static
D:/CWSI_2_1/LIBRARY/CUSTOM/../ArduinoJson-6.x/src/ArduinoJson/Document/../Document/../Document/JsonDocument.hpp:316:24:ArduinoJson::V6211HB::detail::VariantData* ArduinoJson::V6211HB::JsonDocument::getOrCreateData()	16	static
D:/CWSI_2_1/LIBRARY/CUSTOM/../ArduinoJson-6.x/src/ArduinoJson/Collection/CollectionImpl.hpp:14:21:ArduinoJson::V6211HB::detail::VariantSlot* ArduinoJson::V6211HB::detail::CollectionData::addSlot(ArduinoJson::V6211HB::detail::MemoryPool*)	24	static
D:/CWSI_2_1/LIBRARY/CUSTOM/../ArduinoJson-6.x/src/ArduinoJson/Collection/CollectionImpl.hpp:32:21:ArduinoJson::V6211HB::detail::VariantData* ArduinoJson::V6211HB::detail::CollectionData::addElement(ArduinoJson::V6211HB::detail::MemoryPool*)	16	static
D:/CWSI_2_1/LIBRARY/CUSTOM/../ArduinoJson-6.x/src/ArduinoJson/Collection/CollectionImpl.hpp:47:13:void ArduinoJson::V6211HB::detail::CollectionData::clear()	16	static
D:/CWSI_2_1/LIBRARY/CUSTOM/../ArduinoJson-6.x/src/ArduinoJson/Collection/CollectionImpl.hpp:57:13:bool ArduinoJson::V6211HB::detail::CollectionData::copyFrom(const ArduinoJson::V6211HB::detail::CollectionData&, ArduinoJson::V6211HB::detail::MemoryPool*)	72	static
D:/CWSI_2_1/LIBRARY/CUSTOM/../ArduinoJson-6.x/src/ArduinoJson/Collection/CollectionImpl.hpp:96:21:ArduinoJson::V6211HB::detail::VariantSlot* ArduinoJson::V6211HB::detail::CollectionData::getPreviousSlot(ArduinoJson::V6211HB::detail::VariantSlot*) const	24	static
D:/CWSI_2_1/LIBRARY/CUSTOM/../ArduinoJson-6.x/src/ArduinoJson/Collection/CollectionImpl.hpp:149:13:void ArduinoJson::V6211HB::detail::CollectionData::removeSlot(ArduinoJson::V6211HB::detail::VariantSlot*)	24	static
D:/CWSI_2_1/LIBRARY/CUSTOM/../ArduinoJson-6.x/src/ArduinoJson/Collection/CollectionImpl.hpp:176:15:size_t ArduinoJson::V6211HB::detail::CollectionData::size() const	16	static
D:/CWSI_2_1/LIBRARY/CUSTOM/../ArduinoJson-6.x/src/ArduinoJson/Variant/../Json/../Json/../Json/EscapeSequence.hpp:14:15:static char ArduinoJson::V6211HB::detail::EscapeSequence::escapeChar(char)	24	static
D:/CWSI_2_1/LIBRARY/CUSTOM/../ArduinoJson-6.x/src/ArduinoJson/Variant/../Json/../Json/../Json/EscapeSequence.hpp:23:15:static char ArduinoJson::V6211HB::detail::EscapeSequence::unescapeChar(char)	24	static
D:/CWSI_2_1/LIBRARY/CUSTOM/../ArduinoJson-6.x/src/ArduinoJson/Variant/../Json/../Json/../Json/EscapeSequence.hpp:35:22:static const char* ArduinoJson::V6211HB::detail::EscapeSequence::escapeTable(bool)	16	static
D:/CWSI_2_1/LIBRARY/CUSTOM/../ArduinoJson-6.x/src/ArduinoJson/Variant/ConverterImpl.hpp:143:21:static ArduinoJson::V6211HB::JsonString ArduinoJson::V6211HB::Converter<ArduinoJson::V6211HB::JsonString>::fromJson(ArduinoJson::V6211HB::JsonVariantConst)	24	static
D:/CWSI_2_1/LIBRARY/CUSTOM/../ArduinoJson-6.x/src/ArduinoJson/Variant/ConverterImpl.hpp:283:13:void ArduinoJson::V6211HB::convertFromJson(JsonVariantConst, std::string&)	40	static
D:/CWSI_2_1/LIBRARY/CUSTOM/../ArduinoJson-6.x/src/ArduinoJson/Variant/VariantCompare.hpp:73:17:ArduinoJson::V6211HB::detail::CompareResult ArduinoJson::V6211HB::detail::NullComparer::visitNull()	16	static
D:/CWSI_2_1/LIBRARY/CUSTOM/../ArduinoJson-6.x/src/ArduinoJson/Variant/VariantCompare.hpp:86:12:ArduinoJson::V6211HB::detail::ArrayComparer::ArrayComparer(const ArduinoJson::V6211HB::detail::CollectionData&)	16	static
D:/CWSI_2_1/LIBRARY/CUSTOM/../ArduinoJson-6.x/src/ArduinoJson/Variant/VariantCompare.hpp:88:17:ArduinoJson::V6211HB::detail::CompareResult ArduinoJson::V6211HB::detail::ArrayComparer::visitArray(const ArduinoJson::V6211HB::detail::CollectionData&)	96	static
D:/CWSI_2_1/LIBRARY/CUSTOM/../ArduinoJson-6.x/src/ArduinoJson/Variant/VariantCompare.hpp:99:12:ArduinoJson::V6211HB::detail::ObjectComparer::ObjectComparer(const ArduinoJson::V6211HB::detail::CollectionData&)	16	static
D:/CWSI_2_1/LIBRARY/CUSTOM/../ArduinoJson-6.x/src/ArduinoJson/Variant/VariantCompare.hpp:101:17:ArduinoJson::V6211HB::detail::CompareResult ArduinoJson::V6211HB::detail::ObjectComparer::visitObject(const ArduinoJson::V6211HB::detail::CollectionData&)	128	static
D:/CWSI_2_1/LIBRARY/CUSTOM/../ArduinoJson-6.x/src/ArduinoJson/Variant/VariantCompare.hpp:113:12:ArduinoJson::V6211HB::detail::RawComparer::RawComparer(const char*, size_t)	24	static
D:/CWSI_2_1/LIBRARY/CUSTOM/../ArduinoJson-6.x/src/ArduinoJson/Variant/VariantCompare.hpp:116:17:ArduinoJson::V6211HB::detail::CompareResult ArduinoJson::V6211HB::detail::RawComparer::visitRawJson(const char*, size_t)	32	static
D:/CWSI_2_1/LIBRARY/CUSTOM/../ArduinoJson-6.x/src/ArduinoJson/Variant/VariantCompare.hpp:131:12:ArduinoJson::V6211HB::detail::VariantComparer::VariantComparer(const ArduinoJson::V6211HB::detail::VariantData*)	16	static
D:/CWSI_2_1/LIBRARY/CUSTOM/../ArduinoJson-6.x/src/ArduinoJson/Variant/VariantCompare.hpp:133:17:ArduinoJson::V6211HB::detail::CompareResult ArduinoJson::V6211HB::detail::VariantComparer::visitArray(const ArduinoJson::V6211HB::detail::CollectionData&)	24	static
D:/CWSI_2_1/LIBRARY/CUSTOM/../ArduinoJson-6.x/src/ArduinoJson/Variant/VariantCompare.hpp:138:17:ArduinoJson::V6211HB::detail::CompareResult ArduinoJson::V6211HB::detail::VariantComparer::visitObject(const ArduinoJson::V6211HB::detail::CollectionData&)	24	static
D:/CWSI_2_1/LIBRARY/CUSTOM/../ArduinoJson-6.x/src/ArduinoJson/Variant/VariantCompare.hpp:143:17:ArduinoJson::V6211HB::detail::CompareResult ArduinoJson::V6211HB::detail::VariantComparer::visitFloat(ArduinoJson::V6211HB::JsonFloat)	32	static
D:/CWSI_2_1/LIBRARY/CUSTOM/../ArduinoJson-6.x/src/ArduinoJson/Variant/VariantCompare.hpp:148:17:ArduinoJson::V6211HB::detail::CompareResult ArduinoJson::V6211HB::detail::VariantComparer::visitString(const char*, size_t)	32	static
D:/CWSI_2_1/LIBRARY/CUSTOM/../ArduinoJson-6.x/src/ArduinoJson/Variant/VariantCompare.hpp:153:17:ArduinoJson::V6211HB::detail::CompareResult ArduinoJson::V6211HB::detail::VariantComparer::visitRawJson(const char*, size_t)	32	static
D:/CWSI_2_1/LIBRARY/CUSTOM/../ArduinoJson-6.x/src/ArduinoJson/Variant/VariantCompare.hpp:158:17:ArduinoJson::V6211HB::detail::CompareResult ArduinoJson::V6211HB::detail::VariantComparer::visitSignedInteger(ArduinoJson::V6211HB::JsonInteger)	32	static
D:/CWSI_2_1/LIBRARY/CUSTOM/../ArduinoJson-6.x/src/ArduinoJson/Variant/VariantCompare.hpp:163:17:ArduinoJson::V6211HB::detail::CompareResult ArduinoJson::V6211HB::detail::VariantComparer::visitUnsignedInteger(ArduinoJson::V6211HB::JsonUInt)	32	static
D:/CWSI_2_1/LIBRARY/CUSTOM/../ArduinoJson-6.x/src/ArduinoJson/Variant/VariantCompare.hpp:168:17:ArduinoJson::V6211HB::detail::CompareResult ArduinoJson::V6211HB::detail::VariantComparer::visitBoolean(bool)	24	static
D:/CWSI_2_1/LIBRARY/CUSTOM/../ArduinoJson-6.x/src/ArduinoJson/Variant/VariantCompare.hpp:173:17:ArduinoJson::V6211HB::detail::CompareResult ArduinoJson::V6211HB::detail::VariantComparer::visitNull()	24	static
D:/CWSI_2_1/LIBRARY/CUSTOM/../ArduinoJson-6.x/src/ArduinoJson/Variant/../Numbers/../Polyfills/ctype.hpp:12:13:bool ArduinoJson::V6211HB::detail::isdigit(char)	16	static
D:/CWSI_2_1/LIBRARY/CUSTOM/../ArduinoJson-6.x/src/ArduinoJson/Variant/../Numbers/parseNumber.hpp:21:13:bool ArduinoJson::V6211HB::detail::parseNumber(const char*, VariantData&)	192	static
D:/CWSI_2_1/LIBRARY/CUSTOM/../ArduinoJson-6.x/src/ArduinoJson/Variant/VariantImpl.hpp:73:19:ArduinoJson::V6211HB::JsonString ArduinoJson::V6211HB::detail::VariantData::asString() const	16	static
D:/CWSI_2_1/LIBRARY/CUSTOM/../ArduinoJson-6.x/src/ArduinoJson/Variant/VariantImpl.hpp:86:13:bool ArduinoJson::V6211HB::detail::VariantData::copyFrom(const ArduinoJson::V6211HB::detail::VariantData&, ArduinoJson::V6211HB::detail::MemoryPool*)	64	static
D:/CWSI_2_1/LIBRARY/CUSTOM/../ArduinoJson-6.x/src/ArduinoJson/Json/../Deserialization/../Deserialization/DeserializationError.hpp:29:3:ArduinoJson::V6211HB::DeserializationError::DeserializationError(Code)	16	static
D:/CWSI_2_1/LIBRARY/CUSTOM/../ArduinoJson-6.x/src/ArduinoJson/Json/../Deserialization/../Deserialization/../Deserialization/Filter.hpp:47:8:bool ArduinoJson::V6211HB::detail::AllowAllFilter::allow() const	16	static
D:/CWSI_2_1/LIBRARY/CUSTOM/../ArduinoJson-6.x/src/ArduinoJson/Json/../Deserialization/../Deserialization/../Deserialization/Filter.hpp:51:8:bool ArduinoJson::V6211HB::detail::AllowAllFilter::allowArray() const	16	static
D:/CWSI_2_1/LIBRARY/CUSTOM/../ArduinoJson-6.x/src/ArduinoJson/Json/../Deserialization/../Deserialization/../Deserialization/Filter.hpp:55:8:bool ArduinoJson::V6211HB::detail::AllowAllFilter::allowObject() const	16	static
D:/CWSI_2_1/LIBRARY/CUSTOM/../ArduinoJson-6.x/src/ArduinoJson/Json/../Deserialization/../Deserialization/../Deserialization/Filter.hpp:59:8:bool ArduinoJson::V6211HB::detail::AllowAllFilter::allowValue() const	16	static
D:/CWSI_2_1/LIBRARY/CUSTOM/../ArduinoJson-6.x/src/ArduinoJson/Json/../Deserialization/../Deserialization/../Deserialization/NestingLimit.hpp:15:3:ArduinoJson::V6211HB::DeserializationOption::NestingLimit::NestingLimit()	16	static
D:/CWSI_2_1/LIBRARY/CUSTOM/../ArduinoJson-6.x/src/ArduinoJson/Json/../Deserialization/../Deserialization/../Deserialization/NestingLimit.hpp:16:12:ArduinoJson::V6211HB::DeserializationOption::NestingLimit::NestingLimit(uint8_t)	16	static
D:/CWSI_2_1/LIBRARY/CUSTOM/../ArduinoJson-6.x/src/ArduinoJson/Json/../Deserialization/../Deserialization/../Deserialization/NestingLimit.hpp:18:16:ArduinoJson::V6211HB::DeserializationOption::NestingLimit ArduinoJson::V6211HB::DeserializationOption::NestingLimit::decrement() const	24	static
D:/CWSI_2_1/LIBRARY/CUSTOM/../ArduinoJson-6.x/src/ArduinoJson/Json/../Deserialization/../Deserialization/../Deserialization/NestingLimit.hpp:23:8:bool ArduinoJson::V6211HB::DeserializationOption::NestingLimit::reached() const	16	static
D:/CWSI_2_1/LIBRARY/CUSTOM/../ArduinoJson-6.x/src/ArduinoJson/Json/../Deserialization/../Deserialization/DeserializationOptions.hpp:30:47:ArduinoJson::V6211HB::detail::DeserializationOptions<ArduinoJson::V6211HB::detail::AllowAllFilter> ArduinoJson::V6211HB::detail::makeDeserializationOptions(ArduinoJson::V6211HB::DeserializationOption::NestingLimit)	24	static
D:/CWSI_2_1/LIBRARY/CUSTOM/../ArduinoJson-6.x/src/ArduinoJson/Json/../Deserialization/../StringStorage/../StringStorage/StringCopier.hpp:13:3:ArduinoJson::V6211HB::detail::StringCopier::StringCopier(ArduinoJson::V6211HB::detail::MemoryPool*)	16	static
D:/CWSI_2_1/LIBRARY/CUSTOM/../ArduinoJson-6.x/src/ArduinoJson/Json/../Deserialization/../StringStorage/../StringStorage/StringCopier.hpp:15:8:void ArduinoJson::V6211HB::detail::StringCopier::startString()	16	static
D:/CWSI_2_1/LIBRARY/CUSTOM/../ArduinoJson-6.x/src/ArduinoJson/Json/../Deserialization/../StringStorage/../StringStorage/StringCopier.hpp:22:14:ArduinoJson::V6211HB::JsonString ArduinoJson::V6211HB::detail::StringCopier::save()	16	static
D:/CWSI_2_1/LIBRARY/CUSTOM/../ArduinoJson-6.x/src/ArduinoJson/Json/../Deserialization/../StringStorage/../StringStorage/StringCopier.hpp:39:8:void ArduinoJson::V6211HB::detail::StringCopier::append(char)	16	static
D:/CWSI_2_1/LIBRARY/CUSTOM/../ArduinoJson-6.x/src/ArduinoJson/Json/../Deserialization/../StringStorage/../StringStorage/StringCopier.hpp:46:8:bool ArduinoJson::V6211HB::detail::StringCopier::isValid() const	16	static
D:/CWSI_2_1/LIBRARY/CUSTOM/../ArduinoJson-6.x/src/ArduinoJson/Json/../Deserialization/../StringStorage/../StringStorage/StringCopier.hpp:54:14:ArduinoJson::V6211HB::JsonString ArduinoJson::V6211HB::detail::StringCopier::str() const	16	static
D:/CWSI_2_1/LIBRARY/CUSTOM/../ArduinoJson-6.x/src/ArduinoJson/Json/../Json/Utf16.hpp:24:13:bool ArduinoJson::V6211HB::detail::Utf16::isHighSurrogate(uint16_t)	16	static
D:/CWSI_2_1/LIBRARY/CUSTOM/../ArduinoJson-6.x/src/ArduinoJson/Json/../Json/Utf16.hpp:28:13:bool ArduinoJson::V6211HB::detail::Utf16::isLowSurrogate(uint16_t)	16	static
D:/CWSI_2_1/LIBRARY/CUSTOM/../ArduinoJson-6.x/src/ArduinoJson/Json/../Json/Utf16.hpp:34:3:ArduinoJson::V6211HB::detail::Utf16::Codepoint::Codepoint()	16	static
D:/CWSI_2_1/LIBRARY/CUSTOM/../ArduinoJson-6.x/src/ArduinoJson/Json/../Json/Utf16.hpp:36:8:bool ArduinoJson::V6211HB::detail::Utf16::Codepoint::append(uint16_t)	16	static
D:/CWSI_2_1/LIBRARY/CUSTOM/../ArduinoJson-6.x/src/ArduinoJson/Json/../Json/Utf16.hpp:52:12:uint32_t ArduinoJson::V6211HB::detail::Utf16::Codepoint::value() const	16	static
D:/CWSI_2_1/LIBRARY/CUSTOM/INCLUDER.h:58:6:void delay(uint32_t)	24	static
D:/CWSI_2_1/LIBRARY/CUSTOM/INCLUDER.h:68:13:void refresh_counter()	4	static
D:/CWSI_2_1/LIBRARY/CUSTOM/../CUSTOM/VARIABLES.h:43:3:VARIABLES::VARIABLES(DynamicArray<VARIABLES*>*, std::string, bool)	40	static
D:/CWSI_2_1/LIBRARY/CUSTOM/INCLUDER.h:42:8:Parameter::Parameter()	32	static
D:/CWSI_2_1/LIBRARY/CUSTOM/INCLUDER.h:42:8:Parameter::~Parameter()	16	static
D:/CWSI_2_1/LIBRARY/CUSTOM/INCLUDER.h:42:8:Parameter::Parameter(const Parameter&)	16	static
D:/CWSI_2_1/LIBRARY/CUSTOM/../CUSTOM/VARIABLES.h:56:12:uint32_t VARIABLES::ADD_PARA(std::string)	136	static
D:/CWSI_2_1/LIBRARY/CUSTOM/../CUSTOM/VARIABLES.h:69:17:SENSOR_RETURN VARIABLES::SET_PARA_VALUE(uint16_t, double, int)	64	static
D:/CWSI_2_1/LIBRARY/CUSTOM/../CUSTOM/VARIABLES.h:86:17:SENSOR_RETURN VARIABLES::SET_PARA_VALUE(uint16_t, std::string)	32	static
D:/CWSI_2_1/LIBRARY/CUSTOM/../CUSTOM/VARIABLES.h:109:10:double VARIABLES::GET_VALUE_DOUBLE(uint8_t)	16	static
D:/CWSI_2_1/LIBRARY/CUSTOM/../CUSTOM/VARIABLES.h:117:10:std::string VARIABLES::GET_VALUE(uint8_t)	24	static
D:/CWSI_2_1/LIBRARY/CUSTOM/../CUSTOM/VARIABLES.h:125:10:std::string VARIABLES::GET_NAME(uint8_t)	24	static
D:/CWSI_2_1/LIBRARY/CUSTOM/../CUSTOM/VARIABLES.h:132:12:uint32_t VARIABLES::GET_PARA_SIZE()	16	static
D:/CWSI_2_1/LIBRARY/CUSTOM/../CUSTOM/VARIABLES.h:139:7:int VARIABLES::GET_index() const	16	static
D:/CWSI_2_1/LIBRARY/CUSTOM/../CUSTOM/VARIABLES.h:146:17:const std::string& VARIABLES::GET_VAR_NAME() const	16	static
D:/CWSI_2_1/LIBRARY/CUSTOM/../CUSTOM/VARIABLES.h:153:8:bool VARIABLES::IS_add_to_json() const	16	static
D:/CWSI_2_1/LIBRARY/CUSTOM/../CUSTOM/VARIABLES.h:160:8:void VARIABLES::SET_add_to_json(bool)	16	static
D:/CWSI_2_1/LIBRARY/CUSTOM/../CUSTOM/VARIABLES.h:167:10:double VARIABLES::GET_VAR_VALUE_CONN() const	16	static
D:/CWSI_2_1/LIBRARY/CUSTOM/../CUSTOM/VARIABLES.h:174:8:void VARIABLES::SET_VAR_VALUE_CONN(double)	24	static
D:/CWSI_2_1/LIBRARY/CUSTOM/../CUSTOM/VARIABLES.h:177:11:double* VARIABLES::GET_VAR_VALUE_CONN_PTR()	16	static
D:/CWSI_2_1/LIBRARY/CUSTOM/../CUSTOM/PWR_PIN.h:18:3:PWR_PIN::PWR_PIN(GPIO_TypeDef*, uint16_t)	24	static
D:/CWSI_2_1/LIBRARY/CUSTOM/../CUSTOM/PWR_PIN.h:24:8:void PWR_PIN::SET_PWRPIN(GPIO_TypeDef*, uint16_t)	24	static
D:/CWSI_2_1/LIBRARY/CUSTOM/../CUSTOM/PWR_PIN.h:34:8:void PWR_PIN::SET(bool, uint32_t)	24	static
D:/CWSI_2_1/LIBRARY/CUSTOM/../CUSTOM/PWR_PIN.h:38:8:void PWR_PIN::PULSE(bool, uint32_t, uint32_t)	24	static
D:/CWSI_2_1/LIBRARY/CUSTOM/../CUSTOM/MUX.h:15:2:MUX::MUX(PWR_PIN*, PWR_PIN*, PWR_PIN*)	24	static
D:/CWSI_2_1/LIBRARY/CUSTOM/../CUSTOM/MUX.h:21:7:void MUX::SELECT(uint16_t, uint32_t)	24	static
D:/CWSI_2_1/LIBRARY/CUSTOM/../CUSTOM/PRINT_CONTROL.h:19:6:void set_both_print(bool)	16	static
D:/CWSI_2_1/LIBRARY/CUSTOM/../CUSTOM/PRINT_CONTROL.h:24:6:void set_uart_print(bool)	16	static
D:/CWSI_2_1/LIBRARY/CUSTOM/../CUSTOM/PRINT_CONTROL.h:27:6:bool is_uart_print()	4	static
D:/CWSI_2_1/LIBRARY/CUSTOM/../CUSTOM/PRINT_CONTROL.h:31:6:void set_ble_print(bool)	16	static
D:/CWSI_2_1/LIBRARY/CUSTOM/../CUSTOM/PRINT_CONTROL.h:34:6:bool is_ble_print()	4	static
D:/CWSI_2_1/LIBRARY/CUSTOM/../CUSTOM/PRINT_CONTROL.h:40:6:void save_ble_print(bool)	16	static
D:/CWSI_2_1/LIBRARY/CUSTOM/../CUSTOM/PRINT_CONTROL.h:44:6:void restore_ble_print()	8	static
D:/CWSI_2_1/LIBRARY/CUSTOM/../CUSTOM/PRINT_CONTROL.h:48:6:void save_uart_print(bool)	16	static
D:/CWSI_2_1/LIBRARY/CUSTOM/../CUSTOM/PRINT_CONTROL.h:52:6:void restore_uart_print()	8	static
D:/CWSI_2_1/LIBRARY/CUSTOM/../CUSTOM/PRINT_CONTROL.h:56:6:bool is_any_print()	4	static
D:/CWSI_2_1/LIBRARY/CUSTOM/../CUSTOM/PRINT_CONTROL.h:59:6:void save_both_print(bool)	16	static
D:/CWSI_2_1/LIBRARY/CUSTOM/../CUSTOM/PRINT_CONTROL.h:63:6:void restore_both_print()	8	static
D:/CWSI_2_1/LIBRARY/CUSTOM/../CUSTOM/UART_PRINTER.h:17:3:UART_PRINTER::UART_PRINTER(UART_HandleTypeDef*, std::string)	24	static
D:/CWSI_2_1/LIBRARY/CUSTOM/../CUSTOM/UART_PRINTER.h:47:10:std::string UART_PRINTER::Read(uint32_t)	24	static
D:/CWSI_2_1/LIBRARY/CUSTOM/../CUSTOM/UART_PRINTER.h:73:8:void UART_PRINTER::Print(std::string)	24	static
D:/CWSI_2_1/LIBRARY/CUSTOM/../CUSTOM/UART_PRINTER.h:86:8:void UART_PRINTER::Print(DynamicArray<unsigned char>&)	144	static
D:/CWSI_2_1/LIBRARY/CUSTOM/../CUSTOM/UART_PRINTER.h:101:10:std::string UART_PRINTER::get_pass()	16	static
D:/CWSI_2_1/LIBRARY/CUSTOM/../CUSTOM/NEOWAY.h:36:3:NEOWAY::NEOWAY(UART_HandleTypeDef*)	56	static
D:/CWSI_2_1/LIBRARY/CUSTOM/../CUSTOM/NEOWAY.h:49:8:void NEOWAY::START()	16	static
D:/CWSI_2_1/LIBRARY/CUSTOM/../CUSTOM/NEOWAY.h:62:10:std::string NEOWAY::GET_BLE_RESP()	16	static
D:/CWSI_2_1/LIBRARY/CUSTOM/../CUSTOM/NEOWAY.h:68:10:std::string NEOWAY::GET_SUB_RESP()	16	static
C:\ST\STM32CubeIDE_1.16.0\STM32CubeIDE\plugins\com.st.stm32cube.ide.mcu.externaltools.gnu-tools-for-stm32.12.3.rel1.win32_1.0.200.202406191623\tools\bin/../lib/gcc/arm-none-eabi/12.3.1/../../../../arm-none-eabi/include/c++/12.3.1/initializer_list:71:7:constexpr std::initializer_list<_E>::size_type std::initializer_list<_E>::size() const [with _E = long unsigned int]	16	static
C:\ST\STM32CubeIDE_1.16.0\STM32CubeIDE\plugins\com.st.stm32cube.ide.mcu.externaltools.gnu-tools-for-stm32.12.3.rel1.win32_1.0.200.202406191623\tools\bin/../lib/gcc/arm-none-eabi/12.3.1/../../../../arm-none-eabi/include/c++/12.3.1/initializer_list:71:7:constexpr std::initializer_list<_E>::size_type std::initializer_list<_E>::size() const [with _E = std::__cxx11::basic_string<char>]	16	static
D:/CWSI_2_1/LIBRARY/CUSTOM/../CUSTOM/NEOWAY.h:89:10:std::string NEOWAY::SEND_RECIEVE(std::string, std::initializer_list<long unsigned int>, uint16_t, std::initializer_list<std::__cxx11::basic_string<char> >)	688	static
D:/CWSI_2_1/LIBRARY/CUSTOM/../CUSTOM/NEOWAY.h:198:8:void NEOWAY::SEND_RECIEVE_POINTER(std::string, std::initializer_list<long unsigned int>, uint16_t, std::initializer_list<std::__cxx11::basic_string<char> >, std::string&)	512	static
D:/CWSI_2_1/LIBRARY/CUSTOM/../CUSTOM/NEOWAY.h:288:17:NEOWAY_RETURN NEOWAY::CHECK_RESPONSE(std::string*, std::string*)	32	static
D:/CWSI_2_1/LIBRARY/CUSTOM/../CUSTOM/NEOWAY.h:315:17:const std::string& NEOWAY::GET_data_pub_topic() const	16	static
D:/CWSI_2_1/LIBRARY/CUSTOM/../CUSTOM/NEOWAY.h:323:8:void NEOWAY::SET_data_pub_topic(const std::string&)	16	static
D:/CWSI_2_1/LIBRARY/CUSTOM/../CUSTOM/NEOWAY.h:343:8:void NEOWAY::BLE_NAME(std::string)	280	static
D:/CWSI_2_1/LIBRARY/CUSTOM/../CUSTOM/NEOWAY.h:352:8:void NEOWAY::BLE_SETUP(std::string)	664	static
D:/CWSI_2_1/LIBRARY/CUSTOM/../CUSTOM/NEOWAY.h:379:10:std::string NEOWAY::BLE_READ(uint32_t)	152	static
D:/CWSI_2_1/LIBRARY/CUSTOM/../CUSTOM/NEOWAY.h:395:8:void NEOWAY::BLE_SEND(std::string)	288	static
D:/CWSI_2_1/LIBRARY/CUSTOM/../CUSTOM/NEOWAY.h:411:8:void NEOWAY::POWER_ON()	352	static
D:/CWSI_2_1/LIBRARY/CUSTOM/../CUSTOM/NEOWAY.h:424:8:void NEOWAY::POWER_OFF()	16	static
D:/CWSI_2_1/LIBRARY/CUSTOM/../CUSTOM/NEOWAY.h:429:8:void NEOWAY::INIT()	848	static
D:/CWSI_2_1/LIBRARY/CUSTOM/../CUSTOM/NEOWAY.h:466:8:void NEOWAY::AWS_CON()	840	static
D:/CWSI_2_1/LIBRARY/CUSTOM/../CUSTOM/UART_DEBUG.h:23:3:UART_DEBUG::UART_DEBUG(DynamicArray<VARIABLES*>*, UART_PRINTER*, NEOWAY*)	40	static
D:/CWSI_2_1/LIBRARY/CUSTOM/../CUSTOM/UART_DEBUG.h:29:8:void UART_DEBUG::Print2(std::string)	72	static
D:/CWSI_2_1/LIBRARY/CUSTOM/../CUSTOM/UART_DEBUG.h:36:8:void UART_DEBUG::Json_print(std::string, std::string, bool)	152	static
D:/CWSI_2_1/LIBRARY/CUSTOM/../CUSTOM/UART_DEBUG.h:66:8:void UART_DEBUG::Print2(DynamicArray<unsigned char>&)	48	static
D:/CWSI_2_1/LIBRARY/CUSTOM/../CUSTOM/UART_DEBUG.h:71:10:std::string UART_DEBUG::convert_dy_str(DynamicArray<unsigned char>&)	88	static
D:/CWSI_2_1/LIBRARY/CUSTOM/../CUSTOM/UART_DEBUG.h:96:10:std::string UART_DEBUG::BLE_Read(uint32_t)	24	static
D:/CWSI_2_1/LIBRARY/CUSTOM/../CUSTOM/UART_DEBUG.h:101:10:std::string UART_DEBUG::Ser_Read(uint32_t)	24	static
D:/CWSI_2_1/LIBRARY/CUSTOM/../CUSTOM/UART_DEBUG.h:110:10:std::string UART_DEBUG::Both_Get_pass(uint32_t, int*)	160	static
D:/CWSI_2_1/LIBRARY/CUSTOM/../CUSTOM/UART_DEBUG.h:137:10:std::string UART_DEBUG::Both_Read(uint32_t)	136	static
D:/CWSI_2_1/LIBRARY/CUSTOM/../CUSTOM/UART_DEBUG.h:156:17:NEOWAY_RETURN UART_DEBUG::Both_read_check(std::string, uint32_t, std::string, std::string*)	184	static
D:/CWSI_2_1/LIBRARY/CUSTOM/../CUSTOM/UART_DEBUG.h:186:17:NEOWAY_RETURN UART_DEBUG::CHECK_RESPONSE(std::string*, std::string*)	24	static
D:/CWSI_2_1/LIBRARY/CUSTOM/../CUSTOM/VARIABLES.h:22:7:VARIABLES::~VARIABLES()	16	static
D:/CWSI_2_1/LIBRARY/CUSTOM/../CUSTOM/BUTTON_READ.h:22:3:BUTTON_READ::BUTTON_READ(DynamicArray<VARIABLES*>*, std::string, bool)	56	static
D:/CWSI_2_1/LIBRARY/CUSTOM/../CUSTOM/RS485.h:39:3:RS485::RS485(UART_HandleTypeDef*, DynamicArray<VARIABLES*>*, std::string, bool)	56	static
D:/CWSI_2_1/LIBRARY/CUSTOM/../CUSTOM/RS485.h:66:8:void RS485::RS485_READ(bool, bool)	256	static
D:/CWSI_2_1/LIBRARY/CUSTOM/../CUSTOM/RS485.h:117:8:void RS485::CUSTOM_FRAME(std::initializer_list<unsigned char>, uint32_t)	272	static
D:/CWSI_2_1/LIBRARY/CUSTOM/../CUSTOM/RS485.h:175:21:HAL_StatusTypeDef RS485::WRITE_FRAME(DynamicArray<unsigned char>*)	24	static
D:/CWSI_2_1/LIBRARY/CUSTOM/../CUSTOM/RS485.h:186:8:void RS485::READ_FRAME(DynamicArray<unsigned char>*)	56	static
D:/CWSI_2_1/LIBRARY/CUSTOM/../CUSTOM/RS485.h:201:17:SENSOR_RETURN RS485::SET_VALUE(DynamicArray<unsigned char>*)	496	static
D:/CWSI_2_1/LIBRARY/CUSTOM/../CUSTOM/RS485.h:259:8:void RS485::WRITE_REDE(GPIO_PinState, uint32_t)	24	static
D:/CWSI_2_1/LIBRARY/CUSTOM/../CUSTOM/RS485.h:273:12:uint32_t RS485::ADD_PARA(std::string, double, uint8_t)	152	static
D:/CWSI_2_1/LIBRARY/CUSTOM/../CUSTOM/RS485.h:289:8:void RS485::ADD_CRC(DynamicArray<unsigned char>*)	24	static
D:/CWSI_2_1/LIBRARY/CUSTOM/../CUSTOM/RS485.h:325:12:uint16_t RS485::GET_CRC(DynamicArray<unsigned char>*, bool)	40	static
D:/CWSI_2_1/LIBRARY/CUSTOM/../CUSTOM/RS485.h:364:8:void RS485::SET_frame(std::initializer_list<unsigned char>)	24	static
D:/CWSI_2_1/LIBRARY/CUSTOM/../CUSTOM/RS485.h:376:8:void RS485::ADD_NO_OF_BYTES()	24	static
D:/CWSI_2_1/LIBRARY/CUSTOM/../CUSTOM/RS485.h:390:8:void RS485::SET_REDE(int)	16	static
D:/CWSI_2_1/LIBRARY/CUSTOM/../CUSTOM/RS485.h:453:8:void RS485::SET_manual_baud(uint32_t)	16	static
D:/CWSI_2_1/LIBRARY/CUSTOM/../CUSTOM/RS485.h:463:21:HAL_StatusTypeDef RS485::HAL_UARTEx_ReceiveToIdle(DynamicArray<unsigned char>*, uint32_t)	48	static
D:/CWSI_2_1/LIBRARY/CUSTOM/../CUSTOM/ANALOG.h:25:3:ANALOG::ANALOG(DynamicArray<VARIABLES*>*, std::string, bool)	56	static
D:/CWSI_2_1/LIBRARY/CUSTOM/../CUSTOM/ANALOG.h:45:10:double ANALOG::ANALOG_READ(bool)	400	static
D:/CWSI_2_1/LIBRARY/CUSTOM/../CUSTOM/ANALOG.h:84:10:double ANALOG::ANALOG_CONVERT(bool)	400	static
D:/CWSI_2_1/LIBRARY/CUSTOM/../CUSTOM/ANALOG.h:106:10:double ANALOG::ANALOG_CONVERT_AVERAGE(uint32_t, bool)	432	static
D:/CWSI_2_1/LIBRARY/CUSTOM/../CUSTOM/ANALOG.h:142:10:double ANALOG::CONVERT_VALUE(double&)	24	static
D:/CWSI_2_1/LIBRARY/CUSTOM/../CUSTOM/ANALOG.h:180:17:SENSOR_RETURN ANALOG::SET_VALUE(uint16_t, double&)	24	static
D:/CWSI_2_1/LIBRARY/CUSTOM/../CUSTOM/ANALOG.h:208:8:void ANALOG::SET_channel(uint32_t)	16	static
D:/CWSI_2_1/LIBRARY/CUSTOM/../CUSTOM/ANALOG.h:217:8:void ANALOG::SET_factor(double)	24	static
D:/CWSI_2_1/LIBRARY/CUSTOM/../CUSTOM/ANALOG.h:226:8:void ANALOG::SET_offset(double)	24	static
D:/CWSI_2_1/LIBRARY/CUSTOM/../CUSTOM/ANALOG.h:18:7:ANALOG::~ANALOG()	16	static
D:/CWSI_2_1/LIBRARY/CUSTOM/../CUSTOM/IRROMETER.h:31:3:IRROMETER::IRROMETER(DynamicArray<VARIABLES*>*, std::string, bool)	56	static
D:/CWSI_2_1/LIBRARY/CUSTOM/../CUSTOM/IRROMETER.h:40:8:void IRROMETER::POLARITY_SELECT(GPIO_PinState, GPIO_PinState)	16	static
D:/CWSI_2_1/LIBRARY/CUSTOM/../CUSTOM/IRROMETER.h:51:8:void IRROMETER::SET_PIN1(GPIO_TypeDef*, uint16_t)	24	static
D:/CWSI_2_1/LIBRARY/CUSTOM/../CUSTOM/IRROMETER.h:62:8:void IRROMETER::SET_PIN2(GPIO_TypeDef*, uint16_t)	24	static
D:/CWSI_2_1/LIBRARY/CUSTOM/../CUSTOM/IRROMETER.h:79:10:double IRROMETER::IRRO_READ(uint32_t, bool)	400	static
D:/CWSI_2_1/LIBRARY/CUSTOM/../CUSTOM/IRROMETER.h:138:10:double IRROMETER::IRRO_CONVERT(double)	112	static
D:/CWSI_2_1/LIBRARY/CUSTOM/../CUSTOM/IRROMETER.h:183:8:void IRROMETER::SET_soil_temperature(double*)	16	static
D:/CWSI_2_1/LIBRARY/CUSTOM/../CUSTOM/IRROMETER.h:191:8:void IRROMETER::SET_soil_connected(double*)	16	static
D:/CWSI_2_1/LIBRARY/CUSTOM/../CUSTOM/WIND_DIR.h:32:3:WIND_DIR::WIND_DIR(DynamicArray<VARIABLES*>*, std::string, bool)	56	static
D:/CWSI_2_1/LIBRARY/CUSTOM/../CUSTOM/WIND_DIR.h:44:10:std::string WIND_DIR::DIRECTION_READ(uint32_t, bool)	208	static
D:/CWSI_2_1/LIBRARY/CUSTOM/../CUSTOM/WIND_DIR.h:72:17:SENSOR_RETURN WIND_DIR::SET_VALUE_STRING(uint16_t, std::string)	56	static
D:/CWSI_2_1/LIBRARY/CUSTOM/../CUSTOM/WIND_DIR.h:96:8:bool WIND_DIR::IN_RANGE(double, uint32_t)	24	static
D:/CWSI_2_1/LIBRARY/CUSTOM/../CUSTOM/WIND_DIR.h:106:8:void WIND_DIR::DIR_SETUP()	464	static
D:/CWSI_2_1/LIBRARY/CUSTOM/../CUSTOM/WIND_DIR.h:21:10:WIND_DIR::Direction::Direction()	32	static
D:/CWSI_2_1/LIBRARY/CUSTOM/../CUSTOM/WIND_DIR.h:21:10:WIND_DIR::Direction::~Direction()	16	static
D:/CWSI_2_1/LIBRARY/CUSTOM/../CUSTOM/WIND_DIR.h:21:10:WIND_DIR::Direction::Direction(const WIND_DIR::Direction&)	16	static
D:/CWSI_2_1/LIBRARY/CUSTOM/../CUSTOM/WIND_DIR.h:133:8:void WIND_DIR::ADD_DIR(uint32_t, std::string, double)	152	static
D:/CWSI_2_1/LIBRARY/CUSTOM/../CUSTOM/WIND_DIR.h:144:8:void WIND_DIR::SORT_VOLTAGES()	40	static
D:/CWSI_2_1/LIBRARY/CUSTOM/../CUSTOM/WIND_DIR.h:157:8:void WIND_DIR::SET_RANGES()	40	static
D:/CWSI_2_1/LIBRARY/CUSTOM/../CUSTOM/WIND_SPEED.h:35:3:WIND_SPEED::WIND_SPEED(DynamicArray<VARIABLES*>*, std::string, bool)	56	static
D:/CWSI_2_1/LIBRARY/CUSTOM/../CUSTOM/WIND_SPEED.h:44:8:void WIND_SPEED::SET_PIN(GPIO_TypeDef*, uint16_t)	24	static
D:/CWSI_2_1/LIBRARY/CUSTOM/../CUSTOM/WIND_SPEED.h:56:10:double WIND_SPEED::SPEED_READ(uint32_t, bool)	144	static
D:/CWSI_2_1/LIBRARY/CUSTOM/../CUSTOM/WIND_SPEED.h:83:17:SENSOR_RETURN WIND_SPEED::SET_VALUE(uint16_t, double*)	24	static
D:/CWSI_2_1/LIBRARY/CUSTOM/../CUSTOM/WIND_SPEED.h:112:8:bool WIND_SPEED::READ_PIN_EDGE(bool)	24	static
D:/CWSI_2_1/LIBRARY/CUSTOM/../CUSTOM/RAIN_GAUGE.h:22:3:RAIN_GAUGE::RAIN_GAUGE(DynamicArray<VARIABLES*>*, std::string, bool)	56	static
D:/CWSI_2_1/LIBRARY/CUSTOM/../CUSTOM/RAIN_GAUGE.h:31:12:uint32_t RAIN_GAUGE::ADD_TIP()	24	static
D:/CWSI_2_1/LIBRARY/CUSTOM/../CUSTOM/RAIN_GAUGE.h:44:8:void RAIN_GAUGE::CLEAR_TIP()	16	static
D:/CWSI_2_1/LIBRARY/CUSTOM/../CUSTOM/RAIN_GAUGE.h:54:10:double RAIN_GAUGE::GET_READING(bool)	104	static
D:/CWSI_2_1/LIBRARY/CUSTOM/../CUSTOM/RAIN_GAUGE.h:74:17:SENSOR_RETURN RAIN_GAUGE::SET_VALUE(uint16_t, double*)	24	static
D:/CWSI_2_1/LIBRARY/CUSTOM/../ArduinoJson-6.x/src/ArduinoJson/Document/StaticJsonDocument.hpp:13:7:ArduinoJson::V6211HB::StaticJsonDocument<1512>::~StaticJsonDocument()	16	static
D:/CWSI_2_1/LIBRARY/CUSTOM/../CUSTOM/JSON_HANDLER.h:29:3:JSON_HANDLER::JSON_HANDLER(DynamicArray<VARIABLES*>&)	32	static
D:/CWSI_2_1/LIBRARY/CUSTOM/../ArduinoJson-6.x/src/ArduinoJson/Object/../Object/MemberProxy.hpp:14:7:ArduinoJson::V6211HB::detail::MemberProxy<ArduinoJson::V6211HB::JsonDocument&, std::__cxx11::basic_string<char> >::~MemberProxy()	16	static
D:/CWSI_2_1/LIBRARY/CUSTOM/../CUSTOM/JSON_HANDLER.h:50:8:void JSON_HANDLER::MAKE_DATA_JSON(clear_enum, bool)	440	static
D:/CWSI_2_1/LIBRARY/CUSTOM/../CUSTOM/JSON_HANDLER.h:87:8:void JSON_HANDLER::MAKE_META_JSON(clear_enum, bool)	216	static
D:/CWSI_2_1/LIBRARY/CUSTOM/../CUSTOM/JSON_HANDLER.h:100:10:std::string JSON_HANDLER::GET_JSON_STRING()	16	static
D:/CWSI_2_1/LIBRARY/CUSTOM/../CUSTOM/JSON_HANDLER.h:104:12:uint32_t JSON_HANDLER::GET_JSON_STRING_LEN()	16	static
D:/CWSI_2_1/LIBRARY/CUSTOM/../CUSTOM/JSON_HANDLER.h:108:10:std::string JSON_HANDLER::GET_META_JSON_STRING()	16	static
D:/CWSI_2_1/LIBRARY/CUSTOM/../CUSTOM/JSON_HANDLER.h:126:8:void JSON_HANDLER::CLEAR(clear_enum)	16	static
D:/CWSI_2_1/LIBRARY/CUSTOM/../CUSTOM/JSON_HANDLER.h:142:8:void JSON_HANDLER::CLEAR_META(clear_enum)	16	static
D:/CWSI_2_1/LIBRARY/CUSTOM/../ArduinoJson-6.x/src/ArduinoJson/Document/StaticJsonDocument.hpp:13:7:ArduinoJson::V6211HB::StaticJsonDocument<1024>::~StaticJsonDocument()	16	static
D:/CWSI_2_1/LIBRARY/CUSTOM/../CUSTOM/JSON_HANDLER.h:169:8:bool JSON_HANDLER::COMPARE_META_DATA_JSON(ArduinoJson::V6211HB::StaticJsonDocument<1512>&) const	16	static
../Core/Src/main.cpp:66:6:void go2app(uint32_t)	152	static
D:/CWSI_2_1/LIBRARY/CUSTOM/FUNCTIONS.h:52:6:void check_analog()	152	static
D:/CWSI_2_1/LIBRARY/CUSTOM/FUNCTIONS.h:69:6:void change_address_rs485()	192	static
D:/CWSI_2_1/LIBRARY/CUSTOM/FUNCTIONS.h:137:6:void PassAuthen()	184	static
D:/CWSI_2_1/LIBRARY/CUSTOM/FUNCTIONS.h:178:8:double Get_entered_value(uint16_t)	56	static
D:/CWSI_2_1/LIBRARY/CUSTOM/FUNCTIONS.h:189:6:void MENU_PRINT(bool)	2512	static
D:/CWSI_2_1/LIBRARY/CUSTOM/FUNCTIONS.h:269:6:void save_meta_neoway()	32	static
D:/CWSI_2_1/LIBRARY/CUSTOM/FUNCTIONS.h:281:6:void UPDATE_CONFIG(const ArduinoJson::V6211HB::StaticJsonDocument<1024>&)	88	static
D:/CWSI_2_1/LIBRARY/CUSTOM/FUNCTIONS.h:299:6:void write_file(std::string&, std::string)	328	static
D:/CWSI_2_1/LIBRARY/CUSTOM/FUNCTIONS.h:313:6:void config_file()	1304	static
D:/CWSI_2_1/LIBRARY/CUSTOM/FUNCTIONS.h:332:6:void neoway_sub(std::string)	160	static
D:/CWSI_2_1/LIBRARY/CUSTOM/FUNCTIONS.h:342:6:void neoway_read()	1632	static
D:/CWSI_2_1/LIBRARY/CUSTOM/FUNCTIONS.h:357:6:void GET_LINKS(std::string&, std::string&)	1872	static
D:/CWSI_2_1/LIBRARY/CUSTOM/FUNCTIONS.h:420:6:void add_certificate(std::string, std::string*)	384	static
D:/CWSI_2_1/LIBRARY/CUSTOM/FUNCTIONS.h:439:8:std::string delete_certificate(std::string)	112	static
D:/CWSI_2_1/LIBRARY/CUSTOM/FUNCTIONS.h:450:8:std::string check_certificate(std::string)	112	static
D:/CWSI_2_1/LIBRARY/CUSTOM/FUNCTIONS.h:461:6:void check_all_certificates()	536	static
D:/CWSI_2_1/LIBRARY/CUSTOM/FUNCTIONS.h:500:11:LOOP_CONT JSON_EXTRACTER(std::string*, ArduinoJson::V6211HB::StaticJsonDocument<1512>*)	104	static
D:/CWSI_2_1/LIBRARY/CUSTOM/FUNCTIONS.h:523:6:void cert_add()	2408	static
D:/CWSI_2_1/LIBRARY/CUSTOM/FUNCTIONS.h:566:6:void getcertificate(std::string*)	128	static
D:/CWSI_2_1/LIBRARY/CUSTOM/FUNCTIONS.h:580:6:void https_setup()	464	static
D:/CWSI_2_1/LIBRARY/CUSTOM/FUNCTIONS.h:597:8:std::string https_req(std::string, uint16_t)	440	static
D:/CWSI_2_1/LIBRARY/CUSTOM/FUNCTIONS.h:614:6:void neoway_flash_clean()	136	static
C:\ST\STM32CubeIDE_1.16.0\STM32CubeIDE\plugins\com.st.stm32cube.ide.mcu.externaltools.gnu-tools-for-stm32.12.3.rel1.win32_1.0.200.202406191623\tools\bin/../lib/gcc/arm-none-eabi/12.3.1/../../../../arm-none-eabi/include/c++/12.3.1/initializer_list:75:7:constexpr const _E* std::initializer_list<_E>::begin() const [with _E = unsigned char]	16	static
D:/CWSI_2_1/LIBRARY/CUSTOM/FUNCTIONS.h:626:6:void print_time(std::string, std::initializer_list<unsigned char>)	488	static
D:/CWSI_2_1/LIBRARY/CUSTOM/FUNCTIONS.h:633:6:void Print_save_time()	80	static
D:/CWSI_2_1/LIBRARY/CUSTOM/FUNCTIONS.h:646:6:void Get_save_time()	576	static
D:/CWSI_2_1/LIBRARY/CUSTOM/FUNCTIONS.h:733:6:void Set_RTC_ALARM(RTC_TimeTypeDef&, uint32_t)	112	static
D:/CWSI_2_1/LIBRARY/CUSTOM/FUNCTIONS.h:757:6:void Set_RTC_TIME(std::string)	64	static
D:/CWSI_2_1/LIBRARY/CUSTOM/FUNCTIONS.h:796:6:void httpget(const std::string&)	400	static
D:/CWSI_2_1/LIBRARY/CUSTOM/FUNCTIONS.h:811:6:void get_file_name(const std::string&, std::string&)	96	static
D:/CWSI_2_1/LIBRARY/CUSTOM/FUNCTIONS.h:826:6:void https_file_download(std::string&)	16	static
D:/CWSI_2_1/LIBRARY/CUSTOM/FUNCTIONS.h:837:6:void neoway_publish(std::string)	368	static
D:/CWSI_2_1/LIBRARY/CUSTOM/FUNCTIONS.h:854:6:void object_setup()	984	static
D:/CWSI_2_1/LIBRARY/CUSTOM/FUNCTIONS.h:1176:6:void SENSOR_ONLY_FUNC()	136	static
D:/CWSI_2_1/LIBRARY/CUSTOM/FUNCTIONS.h:1218:6:void fetch_reading()	64	static
D:/CWSI_2_1/LIBRARY/CUSTOM/FUNCTIONS.h:1264:6:void HAL_GPIO_EXTI_Callback(uint16_t)	16	static
D:/CWSI_2_1/LIBRARY/CUSTOM/FUNCTIONS.h:1289:6:void HAL_RTC_AlarmAEventCallback(RTC_HandleTypeDef*)	16	static
D:/CWSI_2_1/LIBRARY/CUSTOM/FUNCTIONS.h:1306:6:void HAL_RTCEx_AlarmBEventCallback(RTC_HandleTypeDef*)	16	static
D:/CWSI_2_1/LIBRARY/CUSTOM/FUNCTIONS.h:1318:6:void HAL_RTCEx_WakeUpTimerEventCallback(RTC_HandleTypeDef*)	16	static
D:/CWSI_2_1/LIBRARY/CUSTOM/FUNCTIONS.h:1346:17:RTC_TimeTypeDef ADD_seconds(RTC_TimeTypeDef&, RTC_DateTypeDef&, uint32_t)	872	static
D:/CWSI_2_1/LIBRARY/CUSTOM/FUNCTIONS.h:1408:6:void SET_WAKEUP_INTERVAL(uint32_t)	240	static
D:/CWSI_2_1/LIBRARY/CUSTOM/FUNCTIONS.h:1439:6:bool check_no_rtc()	56	static
D:/CWSI_2_1/LIBRARY/CUSTOM/FUNCTIONS.h:1456:10:uint32_t get_file_size(std::string&)	312	static
D:/CWSI_2_1/LIBRARY/CUSTOM/FUNCTIONS.h:1484:6:bool check_cont_flags()	16	static
D:/CWSI_2_1/LIBRARY/CUSTOM/FUNCTIONS.h:1497:6:void ota_break(bool, std::string)	40	static
D:/CWSI_2_1/LIBRARY/CUSTOM/FUNCTIONS.h:1514:6:void ota_proc(std::string&, uint32_t)	576	static
D:/CWSI_2_1/LIBRARY/CUSTOM/FUNCTIONS.h:1562:6:void neoway_delete_file(std::string&)	360	static
D:/CWSI_2_1/LIBRARY/CUSTOM/FUNCTIONS.h:1574:6:void update_ota_cont()	4	static
D:/CWSI_2_1/LIBRARY/CUSTOM/FUNCTIONS.h:1590:6:void OTA_FUNCTION()	1568	static
D:/CWSI_2_1/LIBRARY/CUSTOM/FUNCTIONS.h:1684:9:uint8_t if_in_range(std::string&, uint32_t)	16	static
D:/CWSI_2_1/LIBRARY/CUSTOM/FUNCTIONS.h:1699:10:uint64_t str_to_64(std::string&, uint32_t)	72	static
D:/CWSI_2_1/LIBRARY/CUSTOM/FUNCTIONS.h:1718:6:void FLASH_ERASE2(uint32_t, uint32_t)	128	static
D:/CWSI_2_1/LIBRARY/CUSTOM/FUNCTIONS.h:1747:26:HAL_StatusTypeDef write_data_to_flash_app(std::string&, bool)	216	static
D:/CWSI_2_1/LIBRARY/CUSTOM/FUNCTIONS.h:1796:6:void STOPPER(std::string, std::string)	144	static
D:/CWSI_2_1/LIBRARY/CUSTOM/FUNCTIONS.h:1803:6:void STOPPER_1(std::string)	40	static
D:/CWSI_2_1/LIBRARY/CUSTOM/FUNCTIONS.h:1861:6:void ALL_POWER_OFF()	8	static
D:/CWSI_2_1/LIBRARY/CUSTOM/FUNCTIONS.h:1868:6:void ALL_POWER_ON()	8	static
D:/CWSI_2_1/LIBRARY/CUSTOM/FUNCTIONS.h:1878:6:void GO_TO_SLEEP()	232	static
../Core/Src/main.cpp:151:5:int main()	296	static
../Core/Src/main.cpp:285:6:void SystemClock_Config()	96	static
../Core/Src/main.cpp:332:6:void Error_Handler()	4	static,ignoring_inline_asm
C:\ST\STM32CubeIDE_1.16.0\STM32CubeIDE\plugins\com.st.stm32cube.ide.mcu.externaltools.gnu-tools-for-stm32.12.3.rel1.win32_1.0.200.202406191623\tools\bin/../lib/gcc/arm-none-eabi/12.3.1/../../../../arm-none-eabi/include/c++/12.3.1/bits/charconv.h:47:5:constexpr unsigned int std::__detail::__to_chars_len(_Tp, int) [with _Tp = unsigned int]	32	static
C:\ST\STM32CubeIDE_1.16.0\STM32CubeIDE\plugins\com.st.stm32cube.ide.mcu.externaltools.gnu-tools-for-stm32.12.3.rel1.win32_1.0.200.202406191623\tools\bin/../lib/gcc/arm-none-eabi/12.3.1/../../../../arm-none-eabi/include/c++/12.3.1/bits/charconv.h:72:5:void std::__detail::__to_chars_10_impl(char*, unsigned int, _Tp) [with _Tp = unsigned int]	40	static
C:\ST\STM32CubeIDE_1.16.0\STM32CubeIDE\plugins\com.st.stm32cube.ide.mcu.externaltools.gnu-tools-for-stm32.12.3.rel1.win32_1.0.200.202406191623\tools\bin/../lib/gcc/arm-none-eabi/12.3.1/../../../../arm-none-eabi/include/c++/12.3.1/bits/charconv.h:47:5:constexpr unsigned int std::__detail::__to_chars_len(_Tp, int) [with _Tp = long unsigned int]	32	static
C:\ST\STM32CubeIDE_1.16.0\STM32CubeIDE\plugins\com.st.stm32cube.ide.mcu.externaltools.gnu-tools-for-stm32.12.3.rel1.win32_1.0.200.202406191623\tools\bin/../lib/gcc/arm-none-eabi/12.3.1/../../../../arm-none-eabi/include/c++/12.3.1/bits/charconv.h:72:5:void std::__detail::__to_chars_10_impl(char*, unsigned int, _Tp) [with _Tp = long unsigned int]	40	static
C:\ST\STM32CubeIDE_1.16.0\STM32CubeIDE\plugins\com.st.stm32cube.ide.mcu.externaltools.gnu-tools-for-stm32.12.3.rel1.win32_1.0.200.202406191623\tools\bin/../lib/gcc/arm-none-eabi/12.3.1/../../../../arm-none-eabi/include/c++/12.3.1/bits/charconv.h:47:5:constexpr unsigned int std::__detail::__to_chars_len(_Tp, int) [with _Tp = long long unsigned int]	80	static
C:\ST\STM32CubeIDE_1.16.0\STM32CubeIDE\plugins\com.st.stm32cube.ide.mcu.externaltools.gnu-tools-for-stm32.12.3.rel1.win32_1.0.200.202406191623\tools\bin/../lib/gcc/arm-none-eabi/12.3.1/../../../../arm-none-eabi/include/c++/12.3.1/bits/charconv.h:72:5:void std::__detail::__to_chars_10_impl(char*, unsigned int, _Tp) [with _Tp = long long unsigned int]	80	static
C:\ST\STM32CubeIDE_1.16.0\STM32CubeIDE\plugins\com.st.stm32cube.ide.mcu.externaltools.gnu-tools-for-stm32.12.3.rel1.win32_1.0.200.202406191623\tools\arm-none-eabi\include\c++\12.3.1\bits\basic_string.tcc:631:5:std::__cxx11::basic_string<_CharT, _Traits, _Alloc> std::operator+(_CharT, const __cxx11::basic_string<_CharT, _Traits, _Alloc>&) [with _CharT = char; _Traits = char_traits<char>; _Alloc = allocator<char>]	40	static
C:\ST\STM32CubeIDE_1.16.0\STM32CubeIDE\plugins\com.st.stm32cube.ide.mcu.externaltools.gnu-tools-for-stm32.12.3.rel1.win32_1.0.200.202406191623\tools\arm-none-eabi\include\c++\12.3.1\bits\basic_string.tcc:610:5:std::__cxx11::basic_string<_CharT, _Traits, _Alloc> std::operator+(const _CharT*, const __cxx11::basic_string<_CharT, _Traits, _Alloc>&) [with _CharT = char; _Traits = char_traits<char>; _Alloc = allocator<char>]	40	static
C:\ST\STM32CubeIDE_1.16.0\STM32CubeIDE\plugins\com.st.stm32cube.ide.mcu.externaltools.gnu-tools-for-stm32.12.3.rel1.win32_1.0.200.202406191623\tools\arm-none-eabi\include\c++\12.3.1\bits\stl_iterator.h:1237:5:bool __gnu_cxx::operator!=(const __normal_iterator<_Iterator, _Container>&, const __normal_iterator<_Iterator, _Container>&) [with _Iterator = const char*; _Container = std::__cxx11::basic_string<char>]	24	static
C:\ST\STM32CubeIDE_1.16.0\STM32CubeIDE\plugins\com.st.stm32cube.ide.mcu.externaltools.gnu-tools-for-stm32.12.3.rel1.win32_1.0.200.202406191623\tools\arm-none-eabi\include\c++\12.3.1\bits\stl_iterator.h:1105:7:__gnu_cxx::__normal_iterator<_Iterator, _Container>& __gnu_cxx::__normal_iterator<_Iterator, _Container>::operator++() [with _Iterator = const char*; _Container = std::__cxx11::basic_string<char>]	16	static
C:\ST\STM32CubeIDE_1.16.0\STM32CubeIDE\plugins\com.st.stm32cube.ide.mcu.externaltools.gnu-tools-for-stm32.12.3.rel1.win32_1.0.200.202406191623\tools\arm-none-eabi\include\c++\12.3.1\bits\stl_iterator.h:1095:7:__gnu_cxx::__normal_iterator<_Iterator, _Container>::reference __gnu_cxx::__normal_iterator<_Iterator, _Container>::operator*() const [with _Iterator = const char*; _Container = std::__cxx11::basic_string<char>]	16	static
C:\ST\STM32CubeIDE_1.16.0\STM32CubeIDE\plugins\com.st.stm32cube.ide.mcu.externaltools.gnu-tools-for-stm32.12.3.rel1.win32_1.0.200.202406191623\tools\arm-none-eabi\include\c++\12.3.1\bits\basic_string.h:3480:5:std::__cxx11::basic_string<_CharT, _Traits, _Alloc> std::operator+(const __cxx11::basic_string<_CharT, _Traits, _Alloc>&, const _CharT*) [with _CharT = char; _Traits = char_traits<char>; _Alloc = allocator<char>]	24	static
C:\ST\STM32CubeIDE_1.16.0\STM32CubeIDE\plugins\com.st.stm32cube.ide.mcu.externaltools.gnu-tools-for-stm32.12.3.rel1.win32_1.0.200.202406191623\tools\arm-none-eabi\include\c++\12.3.1\bits\basic_string.h:3524:5:std::__cxx11::basic_string<_CharT, _Traits, _Alloc> std::operator+(__cxx11::basic_string<_CharT, _Traits, _Alloc>&&, __cxx11::basic_string<_CharT, _Traits, _Alloc>&&) [with _CharT = char; _Traits = char_traits<char>; _Alloc = allocator<char>]	56	static
C:\ST\STM32CubeIDE_1.16.0\STM32CubeIDE\plugins\com.st.stm32cube.ide.mcu.externaltools.gnu-tools-for-stm32.12.3.rel1.win32_1.0.200.202406191623\tools\arm-none-eabi\include\c++\12.3.1\bits\basic_string.h:3547:5:std::__cxx11::basic_string<_CharT, _Traits, _Alloc> std::operator+(const _CharT*, __cxx11::basic_string<_CharT, _Traits, _Alloc>&&) [with _CharT = char; _Traits = char_traits<char>; _Alloc = allocator<char>]	24	static
D:/CWSI_2_1/LIBRARY/CUSTOM/../ArduinoJson-6.x/src/ArduinoJson/Array/../Variant/../Variant/../Memory/MemoryPool.hpp:205:6:T* ArduinoJson::V6211HB::detail::MemoryPool::allocRight() [with T = ArduinoJson::V6211HB::detail::VariantSlot]	16	static
D:/CWSI_2_1/LIBRARY/CUSTOM/../ArduinoJson-6.x/src/ArduinoJson/Array/../Variant/../Variant/../Memory/../Strings/../Strings/Adapters/../../Strings/Adapters/../../Strings/StringAdapter.hpp:26:52:typename ArduinoJson::V6211HB::detail::SizedStringAdapter<TChar*>::AdaptedString ArduinoJson::V6211HB::detail::adaptString(TChar*, size_t) [with TChar = char]	24	static
D:/CWSI_2_1/LIBRARY/CUSTOM/../ArduinoJson-6.x/src/ArduinoJson/Array/../Variant/../Variant/../Memory/MemoryPool.hpp:179:15:const char* ArduinoJson::V6211HB::detail::MemoryPool::findString(const TAdaptedString&) const [with TAdaptedString = ArduinoJson::V6211HB::detail::SizedRamString]	32	static
D:/CWSI_2_1/LIBRARY/CUSTOM/../ArduinoJson-6.x/src/ArduinoJson/Array/../Variant/../Variant/../Variant/../Variant/../Misc/SerializedValue.hpp:41:10:TChar* ArduinoJson::V6211HB::SerializedValue<TChar*>::data() const [with TChar = const char]	16	static
D:/CWSI_2_1/LIBRARY/CUSTOM/../ArduinoJson-6.x/src/ArduinoJson/Array/../Variant/../Variant/../Variant/../Variant/../Misc/SerializedValue.hpp:45:10:size_t ArduinoJson::V6211HB::SerializedValue<TChar*>::size() const [with TChar = const char]	16	static
D:/CWSI_2_1/LIBRARY/CUSTOM/../ArduinoJson-6.x/src/ArduinoJson/Array/../Variant/../Variant/../Variant/VariantOperators.hpp:90:15:bool ArduinoJson::V6211HB::detail::operator!=(const T&, TVariant) [with T = ArduinoJson::V6211HB::JsonVariantConst; TVariant = ArduinoJson::V6211HB::JsonVariantConst]	16	static
D:/CWSI_2_1/LIBRARY/CUSTOM/../ArduinoJson-6.x/src/ArduinoJson/Document/../Document/../Document/JsonDocument.hpp:115:39:typename ArduinoJson::V6211HB::detail::VariantTo<T>::type ArduinoJson::V6211HB::JsonDocument::to() [with T = ArduinoJson::V6211HB::JsonVariant]	24	static
D:/CWSI_2_1/LIBRARY/CUSTOM/../ArduinoJson-6.x/src/ArduinoJson/Document/../Document/../Document/JsonDocument.hpp:36:5:T ArduinoJson::V6211HB::JsonDocument::as() const [with T = ArduinoJson::V6211HB::JsonVariantConst]	24	static
D:/CWSI_2_1/LIBRARY/CUSTOM/../ArduinoJson-6.x/src/ArduinoJson/Array/../Variant/../Variant/../Memory/../Strings/../Strings/Adapters/../../Strings/Adapters/../../Strings/StringAdapter.hpp:16:48:typename ArduinoJson::V6211HB::detail::StringAdapter<TString>::AdaptedString ArduinoJson::V6211HB::detail::adaptString(const TString&) [with TString = ArduinoJson::V6211HB::JsonString]	16	static
D:/CWSI_2_1/LIBRARY/CUSTOM/../ArduinoJson-6.x/src/ArduinoJson/Collection/CollectionImpl.hpp:37:21:ArduinoJson::V6211HB::detail::VariantData* ArduinoJson::V6211HB::detail::CollectionData::addMember(TAdaptedString, ArduinoJson::V6211HB::detail::MemoryPool*) [with TAdaptedString = ArduinoJson::V6211HB::detail::JsonStringAdapter]	40	static
D:/CWSI_2_1/LIBRARY/CUSTOM/../ArduinoJson-6.x/src/ArduinoJson/Array/../Variant/../Variant/../Memory/../Strings/../Strings/Adapters/../../Strings/Adapters/../../Strings/StringAdapter.hpp:21:47:typename ArduinoJson::V6211HB::detail::StringAdapter<TChar*>::AdaptedString ArduinoJson::V6211HB::detail::adaptString(TChar*) [with TChar = const char]	16	static
D:/CWSI_2_1/LIBRARY/CUSTOM/../ArduinoJson-6.x/src/ArduinoJson/Variant/../Json/JsonSerializer.hpp:125:8:size_t ArduinoJson::V6211HB::serializeJson(JsonVariantConst, TDestination&) [with TDestination = std::__cxx11::basic_string<char>]	16	static
D:/CWSI_2_1/LIBRARY/CUSTOM/../ArduinoJson-6.x/src/ArduinoJson/Variant/VariantCompare.hpp:180:17:ArduinoJson::V6211HB::detail::CompareResult ArduinoJson::V6211HB::detail::VariantComparer::accept(TComparer&) [with TComparer = ArduinoJson::V6211HB::detail::ArrayComparer]	24	static
D:/CWSI_2_1/LIBRARY/CUSTOM/../ArduinoJson-6.x/src/ArduinoJson/Variant/VariantCompare.hpp:180:17:ArduinoJson::V6211HB::detail::CompareResult ArduinoJson::V6211HB::detail::VariantComparer::accept(TComparer&) [with TComparer = ArduinoJson::V6211HB::detail::ObjectComparer]	24	static
D:/CWSI_2_1/LIBRARY/CUSTOM/../ArduinoJson-6.x/src/ArduinoJson/Variant/VariantCompare.hpp:53:12:ArduinoJson::V6211HB::detail::Comparer<T, typename ArduinoJson::V6211HB::detail::enable_if<(ArduinoJson::V6211HB::detail::is_integral<T>::value || ArduinoJson::V6211HB::detail::is_floating_point<T>::value)>::type>::Comparer(T) [with T = double]	24	static
D:/CWSI_2_1/LIBRARY/CUSTOM/../ArduinoJson-6.x/src/ArduinoJson/Variant/VariantCompare.hpp:180:17:ArduinoJson::V6211HB::detail::CompareResult ArduinoJson::V6211HB::detail::VariantComparer::accept(TComparer&) [with TComparer = ArduinoJson::V6211HB::detail::Comparer<double>]	24	static
D:/CWSI_2_1/LIBRARY/CUSTOM/../ArduinoJson-6.x/src/ArduinoJson/Variant/VariantCompare.hpp:27:12:ArduinoJson::V6211HB::detail::Comparer<T, typename ArduinoJson::V6211HB::detail::enable_if<ArduinoJson::V6211HB::detail::IsString<TString>::value, void>::type>::Comparer(T) [with T = const char*]	16	static
D:/CWSI_2_1/LIBRARY/CUSTOM/../ArduinoJson-6.x/src/ArduinoJson/Variant/VariantCompare.hpp:180:17:ArduinoJson::V6211HB::detail::CompareResult ArduinoJson::V6211HB::detail::VariantComparer::accept(TComparer&) [with TComparer = ArduinoJson::V6211HB::detail::Comparer<const char*>]	24	static
D:/CWSI_2_1/LIBRARY/CUSTOM/../ArduinoJson-6.x/src/ArduinoJson/Variant/VariantCompare.hpp:180:17:ArduinoJson::V6211HB::detail::CompareResult ArduinoJson::V6211HB::detail::VariantComparer::accept(TComparer&) [with TComparer = ArduinoJson::V6211HB::detail::RawComparer]	24	static
D:/CWSI_2_1/LIBRARY/CUSTOM/../ArduinoJson-6.x/src/ArduinoJson/Variant/VariantCompare.hpp:53:12:ArduinoJson::V6211HB::detail::Comparer<T, typename ArduinoJson::V6211HB::detail::enable_if<(ArduinoJson::V6211HB::detail::is_integral<T>::value || ArduinoJson::V6211HB::detail::is_floating_point<T>::value)>::type>::Comparer(T) [with T = long long int]	24	static
D:/CWSI_2_1/LIBRARY/CUSTOM/../ArduinoJson-6.x/src/ArduinoJson/Variant/VariantCompare.hpp:180:17:ArduinoJson::V6211HB::detail::CompareResult ArduinoJson::V6211HB::detail::VariantComparer::accept(TComparer&) [with TComparer = ArduinoJson::V6211HB::detail::Comparer<long long int>]	24	static
D:/CWSI_2_1/LIBRARY/CUSTOM/../ArduinoJson-6.x/src/ArduinoJson/Variant/VariantCompare.hpp:53:12:ArduinoJson::V6211HB::detail::Comparer<T, typename ArduinoJson::V6211HB::detail::enable_if<(ArduinoJson::V6211HB::detail::is_integral<T>::value || ArduinoJson::V6211HB::detail::is_floating_point<T>::value)>::type>::Comparer(T) [with T = long long unsigned int]	24	static
D:/CWSI_2_1/LIBRARY/CUSTOM/../ArduinoJson-6.x/src/ArduinoJson/Variant/VariantCompare.hpp:180:17:ArduinoJson::V6211HB::detail::CompareResult ArduinoJson::V6211HB::detail::VariantComparer::accept(TComparer&) [with TComparer = ArduinoJson::V6211HB::detail::Comparer<long long unsigned int>]	24	static
D:/CWSI_2_1/LIBRARY/CUSTOM/../ArduinoJson-6.x/src/ArduinoJson/Variant/VariantCompare.hpp:53:12:ArduinoJson::V6211HB::detail::Comparer<T, typename ArduinoJson::V6211HB::detail::enable_if<(ArduinoJson::V6211HB::detail::is_integral<T>::value || ArduinoJson::V6211HB::detail::is_floating_point<T>::value)>::type>::Comparer(T) [with T = bool]	16	static
D:/CWSI_2_1/LIBRARY/CUSTOM/../ArduinoJson-6.x/src/ArduinoJson/Variant/VariantCompare.hpp:180:17:ArduinoJson::V6211HB::detail::CompareResult ArduinoJson::V6211HB::detail::VariantComparer::accept(TComparer&) [with TComparer = ArduinoJson::V6211HB::detail::Comparer<bool>]	24	static
D:/CWSI_2_1/LIBRARY/CUSTOM/../ArduinoJson-6.x/src/ArduinoJson/Variant/VariantCompare.hpp:180:17:ArduinoJson::V6211HB::detail::CompareResult ArduinoJson::V6211HB::detail::VariantComparer::accept(TComparer&) [with TComparer = ArduinoJson::V6211HB::detail::NullComparer]	24	static
D:/CWSI_2_1/LIBRARY/CUSTOM/../ArduinoJson-6.x/src/ArduinoJson/Array/../Variant/../Variant/../Variant/../Variant/VariantData.hpp:194:49:typename ArduinoJson::V6211HB::detail::enable_if<ArduinoJson::V6211HB::detail::is_signed<T>::value>::type ArduinoJson::V6211HB::detail::VariantData::setInteger(T) [with T = long long int]	24	static
D:/CWSI_2_1/LIBRARY/CUSTOM/../ArduinoJson-6.x/src/ArduinoJson/Array/../Variant/../Variant/../Variant/../Variant/VariantData.hpp:188:51:typename ArduinoJson::V6211HB::detail::enable_if<ArduinoJson::V6211HB::detail::is_unsigned<T>::value>::type ArduinoJson::V6211HB::detail::VariantData::setInteger(T) [with T = long long unsigned int]	24	static
D:/CWSI_2_1/LIBRARY/CUSTOM/../ArduinoJson-6.x/src/ArduinoJson/Array/../Variant/../Variant/../Variant/../Variant/../Numbers/../Numbers/FloatTraits.hpp:70:12:static T ArduinoJson::V6211HB::detail::FloatTraits<T, 8>::inf() [with T = double]	8	static
D:/CWSI_2_1/LIBRARY/CUSTOM/../ArduinoJson-6.x/src/ArduinoJson/Array/../Variant/../Variant/../Variant/../Variant/../Numbers/../Numbers/FloatTraits.hpp:196:15:TFloat ArduinoJson::V6211HB::detail::make_float(TFloat, TExponent) [with TFloat = double; TExponent = int]	32	static
D:/CWSI_2_1/LIBRARY/CUSTOM/../ArduinoJson-6.x/src/ArduinoJson/Array/../Variant/../Variant/../Variant/../Variant/VariantData.hpp:292:15:bool ArduinoJson::V6211HB::detail::VariantData::setString(TAdaptedString, ArduinoJson::V6211HB::detail::MemoryPool*) [with TAdaptedString = ArduinoJson::V6211HB::detail::JsonStringAdapter]	40	static
D:/CWSI_2_1/LIBRARY/CUSTOM/../ArduinoJson-6.x/src/ArduinoJson/Array/../Variant/../Variant/../Variant/../Variant/../Misc/SerializedValue.hpp:65:32:ArduinoJson::V6211HB::SerializedValue<TChar*> ArduinoJson::V6211HB::serialized(TChar*, size_t) [with TChar = const char]	24	static
D:/CWSI_2_1/LIBRARY/CUSTOM/../ArduinoJson-6.x/src/ArduinoJson/Array/../Variant/../Variant/../Variant/../Variant/VariantData.hpp:174:8:bool ArduinoJson::V6211HB::detail::VariantData::storeOwnedRaw(ArduinoJson::V6211HB::SerializedValue<T>, ArduinoJson::V6211HB::detail::MemoryPool*) [with T = const char*]	48	static
D:/CWSI_2_1/LIBRARY/CUSTOM/../CUSTOM/DYNAMIC_ARRAY.h:38:3:DynamicArray<Tda>::DynamicArray() [with Tda = Parameter]	32	static
D:/CWSI_2_1/LIBRARY/CUSTOM/../CUSTOM/DYNAMIC_ARRAY.h:55:3:DynamicArray<Tda>::~DynamicArray() [with Tda = Parameter]	16	static
D:/CWSI_2_1/LIBRARY/CUSTOM/../CUSTOM/DYNAMIC_ARRAY.h:90:8:void DynamicArray<Tda>::push_back(Tda) [with Tda = VARIABLES*]	16	static
D:/CWSI_2_1/LIBRARY/CUSTOM/INCLUDER.h:42:8:Parameter& Parameter::operator=(const Parameter&)	16	static
D:/CWSI_2_1/LIBRARY/CUSTOM/../CUSTOM/DYNAMIC_ARRAY.h:90:8:void DynamicArray<Tda>::push_back(Tda) [with Tda = Parameter]	16	static
D:/CWSI_2_1/LIBRARY/CUSTOM/../CUSTOM/DYNAMIC_ARRAY.h:80:12:uint32_t DynamicArray<Tda>::size() [with Tda = Parameter]	16	static
D:/CWSI_2_1/LIBRARY/CUSTOM/../CUSTOM/DYNAMIC_ARRAY.h:173:8:Tda* DynamicArray<Tda>::at(uint32_t) [with Tda = Parameter]	16	static
D:/CWSI_2_1/LIBRARY/CUSTOM/../CUSTOM/DYNAMIC_ARRAY.h:38:3:DynamicArray<Tda>::DynamicArray() [with Tda = VARIABLES*]	16	static
D:/CWSI_2_1/LIBRARY/CUSTOM/../CUSTOM/DYNAMIC_ARRAY.h:38:3:DynamicArray<Tda>::DynamicArray() [with Tda = bool]	16	static
D:/CWSI_2_1/LIBRARY/CUSTOM/../CUSTOM/DYNAMIC_ARRAY.h:90:8:void DynamicArray<Tda>::push_back(Tda) [with Tda = bool]	16	static
D:/CWSI_2_1/LIBRARY/CUSTOM/../CUSTOM/DYNAMIC_ARRAY.h:104:7:Tda DynamicArray<Tda>::pop_back() [with Tda = bool]	24	static
C:\ST\STM32CubeIDE_1.16.0\STM32CubeIDE\plugins\com.st.stm32cube.ide.mcu.externaltools.gnu-tools-for-stm32.12.3.rel1.win32_1.0.200.202406191623\tools\arm-none-eabi\include\c++\12.3.1\bits\basic_string.h:3561:5:std::__cxx11::basic_string<_CharT, _Traits, _Alloc> std::operator+(__cxx11::basic_string<_CharT, _Traits, _Alloc>&&, const _CharT*) [with _CharT = char; _Traits = char_traits<char>; _Alloc = allocator<char>]	24	static
D:/CWSI_2_1/LIBRARY/CUSTOM/../CUSTOM/DYNAMIC_ARRAY.h:206:8:bool DynamicArray<Tda>::is_empty() [with Tda = unsigned char]	16	static
D:/CWSI_2_1/LIBRARY/CUSTOM/../CUSTOM/DYNAMIC_ARRAY.h:80:12:uint32_t DynamicArray<Tda>::size() [with Tda = unsigned char]	16	static
D:/CWSI_2_1/LIBRARY/CUSTOM/../CUSTOM/DYNAMIC_ARRAY.h:173:8:Tda* DynamicArray<Tda>::at(uint32_t) [with Tda = unsigned char]	16	static
C:\ST\STM32CubeIDE_1.16.0\STM32CubeIDE\plugins\com.st.stm32cube.ide.mcu.externaltools.gnu-tools-for-stm32.12.3.rel1.win32_1.0.200.202406191623\tools\bin/../lib/gcc/arm-none-eabi/12.3.1/../../../../arm-none-eabi/include/c++/12.3.1/initializer_list:75:7:constexpr const _E* std::initializer_list<_E>::begin() const [with _E = long unsigned int]	16	static
C:\ST\STM32CubeIDE_1.16.0\STM32CubeIDE\plugins\com.st.stm32cube.ide.mcu.externaltools.gnu-tools-for-stm32.12.3.rel1.win32_1.0.200.202406191623\tools\bin/../lib/gcc/arm-none-eabi/12.3.1/../../../../arm-none-eabi/include/c++/12.3.1/initializer_list:75:7:constexpr const _E* std::initializer_list<_E>::begin() const [with _E = std::__cxx11::basic_string<char>]	16	static
C:\ST\STM32CubeIDE_1.16.0\STM32CubeIDE\plugins\com.st.stm32cube.ide.mcu.externaltools.gnu-tools-for-stm32.12.3.rel1.win32_1.0.200.202406191623\tools\arm-none-eabi\include\c++\12.3.1\bits\basic_string.h:3440:5:std::__cxx11::basic_string<_CharT, _Traits, _Alloc> std::operator+(const __cxx11::basic_string<_CharT, _Traits, _Alloc>&, const __cxx11::basic_string<_CharT, _Traits, _Alloc>&) [with _CharT = char; _Traits = char_traits<char>; _Alloc = allocator<char>]	24	static
C:\ST\STM32CubeIDE_1.16.0\STM32CubeIDE\plugins\com.st.stm32cube.ide.mcu.externaltools.gnu-tools-for-stm32.12.3.rel1.win32_1.0.200.202406191623\tools\arm-none-eabi\include\c++\12.3.1\bits\basic_string.h:3607:5:bool std::operator==(const __cxx11::basic_string<_CharT, _Traits, _Alloc>&, const _CharT*) [with _CharT = char; _Traits = char_traits<char>; _Alloc = allocator<char>]	16	static
C:\ST\STM32CubeIDE_1.16.0\STM32CubeIDE\plugins\com.st.stm32cube.ide.mcu.externaltools.gnu-tools-for-stm32.12.3.rel1.win32_1.0.200.202406191623\tools\arm-none-eabi\include\c++\12.3.1\bits\basic_string.h:3592:5:typename __gnu_cxx::__enable_if<std::__is_char<_Tp>::__value, bool>::__type std::operator==(const __cxx11::basic_string<_CharT>&, const __cxx11::basic_string<_CharT>&) [with _CharT = char]	24	static
[...]
D:/CWSI_2_1/LIBRARY/CUSTOM/../ArduinoJson-6.x/src/ArduinoJson/Json/JsonDeserializer.hpp:55:8:bool ArduinoJson::V6211HB::detail::JsonDeserializer<TReader, TStringStorage>::eat(char) [with TReader = ArduinoJson::V6211HB::detail::Reader<std::__cxx11::basic_string<char>, void>; TStringStorage = ArduinoJson::V6211HB::detail::StringCopier]	16	static
D:/CWSI_2_1/LIBRARY/CUSTOM/../ArduinoJson-6.x/src/ArduinoJson/Json/../Deserialization/../Deserialization/../Deserialization/Filter.hpp:64:18:ArduinoJson::V6211HB::detail::AllowAllFilter ArduinoJson::V6211HB::detail::AllowAllFilter::operator[](const TKey&) const [with TKey = long unsigned int]	16	static
D:/CWSI_2_1/LIBRARY/CUSTOM/../ArduinoJson-6.x/src/ArduinoJson/Json/JsonDeserializer.hpp:115:30:ArduinoJson::V6211HB::DeserializationError::Code ArduinoJson::V6211HB::detail::JsonDeserializer<TReader, TStringStorage>::skipVariant(ArduinoJson::V6211HB::DeserializationOption::NestingLimit) [with TReader = ArduinoJson::V6211HB::detail::Reader<std::__cxx11::basic_string<char>, void>; TStringStorage = ArduinoJson::V6211HB::detail::StringCopier]	24	static
D:/CWSI_2_1/LIBRARY/CUSTOM/../ArduinoJson-6.x/src/ArduinoJson/Json/JsonDeserializer.hpp:379:30:ArduinoJson::V6211HB::DeserializationError::Code ArduinoJson::V6211HB::detail::JsonDeserializer<TReader, TStringStorage>::parseKey() [with TReader = ArduinoJson::V6211HB::detail::Reader<std::__cxx11::basic_string<char>, void>; TStringStorage = ArduinoJson::V6211HB::detail::StringCopier]	16	static
D:/CWSI_2_1/LIBRARY/CUSTOM/../ArduinoJson-6.x/src/ArduinoJson/Json/../Deserialization/../Deserialization/../Deserialization/Filter.hpp:64:18:ArduinoJson::V6211HB::detail::AllowAllFilter ArduinoJson::V6211HB::detail::AllowAllFilter::operator[](const TKey&) const [with TKey = const char*]	16	static
D:/CWSI_2_1/LIBRARY/CUSTOM/../ArduinoJson-6.x/src/ArduinoJson/Json/JsonDeserializer.hpp:476:30:ArduinoJson::V6211HB::DeserializationError::Code ArduinoJson::V6211HB::detail::JsonDeserializer<TReader, TStringStorage>::skipKey() [with TReader = ArduinoJson::V6211HB::detail::Reader<std::__cxx11::basic_string<char>, void>; TStringStorage = ArduinoJson::V6211HB::detail::StringCopier]	16	static
D:/CWSI_2_1/LIBRARY/CUSTOM/../ArduinoJson-6.x/src/ArduinoJson/Json/JsonDeserializer.hpp:402:30:ArduinoJson::V6211HB::DeserializationError::Code ArduinoJson::V6211HB::detail::JsonDeserializer<TReader, TStringStorage>::parseQuotedString() [with TReader = ArduinoJson::V6211HB::detail::Reader<std::__cxx11::basic_string<char>, void>; TStringStorage = ArduinoJson::V6211HB::detail::StringCopier]	32	static
D:/CWSI_2_1/LIBRARY/CUSTOM/../ArduinoJson-6.x/src/ArduinoJson/Json/JsonDeserializer.hpp:558:22:static bool ArduinoJson::V6211HB::detail::JsonDeserializer<TReader, TStringStorage>::canBeInNumber(char) [with TReader = ArduinoJson::V6211HB::detail::Reader<std::__cxx11::basic_string<char>, void>; TStringStorage = ArduinoJson::V6211HB::detail::StringCopier]	16	static
D:/CWSI_2_1/LIBRARY/CUSTOM/../ArduinoJson-6.x/src/ArduinoJson/Variant/../Json/../Json/../Numbers/FloatParts.hpp:57:18:static int16_t ArduinoJson::V6211HB::detail::FloatParts<TFloat>::normalize(TFloat&) [with TFloat = double]	56	static
D:/CWSI_2_1/LIBRARY/CUSTOM/../ArduinoJson-6.x/src/ArduinoJson/Variant/../Json/../Json/TextFormatter.hpp:68:8:void ArduinoJson::V6211HB::detail::TextFormatter<TWriter>::writeFloat(T) [with T = double; TWriter = ArduinoJson::V6211HB::detail::Writer<std::__cxx11::basic_string<char>, void>]	48	static
D:/CWSI_2_1/LIBRARY/CUSTOM/../ArduinoJson-6.x/src/ArduinoJson/Variant/../Json/JsonSerializer.hpp:106:8:void ArduinoJson::V6211HB::detail::JsonSerializer<TWriter>::write(char) [with TWriter = ArduinoJson::V6211HB::detail::Writer<std::__cxx11::basic_string<char>, void>]	16	static
D:/CWSI_2_1/LIBRARY/CUSTOM/../ArduinoJson-6.x/src/ArduinoJson/Variant/../Json/../Json/TextFormatter.hpp:39:8:void ArduinoJson::V6211HB::detail::TextFormatter<TWriter>::writeString(const char*) [with TWriter = ArduinoJson::V6211HB::detail::Writer<std::__cxx11::basic_string<char>, void>]	16	static
D:/CWSI_2_1/LIBRARY/CUSTOM/../ArduinoJson-6.x/src/ArduinoJson/Variant/../Json/../Json/TextFormatter.hpp:47:8:void ArduinoJson::V6211HB::detail::TextFormatter<TWriter>::writeString(const char*, size_t) [with TWriter = ArduinoJson::V6211HB::detail::Writer<std::__cxx11::basic_string<char>, void>]	24	static
D:/CWSI_2_1/LIBRARY/CUSTOM/../ArduinoJson-6.x/src/ArduinoJson/Variant/../Json/../Json/TextFormatter.hpp:152:8:void ArduinoJson::V6211HB::detail::TextFormatter<TWriter>::writeRaw(const char*, size_t) [with TWriter = ArduinoJson::V6211HB::detail::Writer<std::__cxx11::basic_string<char>, void>]	24	static
D:/CWSI_2_1/LIBRARY/CUSTOM/../ArduinoJson-6.x/src/ArduinoJson/Variant/../Json/../Json/TextFormatter.hpp:103:49:typename ArduinoJson::V6211HB::detail::enable_if<ArduinoJson::V6211HB::detail::is_signed<TOut>::value>::type ArduinoJson::V6211HB::detail::TextFormatter<TWriter>::writeInteger(T) [with T = long long int; TWriter = ArduinoJson::V6211HB::detail::Writer<std::__cxx11::basic_string<char>, void>]	40	static
D:/CWSI_2_1/LIBRARY/CUSTOM/../ArduinoJson-6.x/src/ArduinoJson/Variant/../Json/../Json/TextFormatter.hpp:116:51:typename ArduinoJson::V6211HB::detail::enable_if<ArduinoJson::V6211HB::detail::is_unsigned<TOut>::value>::type ArduinoJson::V6211HB::detail::TextFormatter<TWriter>::writeInteger(T) [with T = long long unsigned int; TWriter = ArduinoJson::V6211HB::detail::Writer<std::__cxx11::basic_string<char>, void>]	56	static
D:/CWSI_2_1/LIBRARY/CUSTOM/../ArduinoJson-6.x/src/ArduinoJson/Variant/../Json/../Json/TextFormatter.hpp:32:8:void ArduinoJson::V6211HB::detail::TextFormatter<TWriter>::writeBoolean(bool) [with TWriter = ArduinoJson::V6211HB::detail::Writer<std::__cxx11::basic_string<char>, void>]	16	static
D:/CWSI_2_1/LIBRARY/CUSTOM/../ArduinoJson-6.x/src/ArduinoJson/Variant/../Json/../Json/../Serialization/CountingDecorator.hpp:20:8:void ArduinoJson::V6211HB::detail::CountingDecorator<TWriter>::write(const uint8_t*, size_t) [with TWriter = ArduinoJson::V6211HB::detail::Writer<std::__cxx11::basic_string<char>, void>]	24	static
D:/CWSI_2_1/LIBRARY/CUSTOM/../ArduinoJson-6.x/src/ArduinoJson/Variant/../Json/../Json/TextFormatter.hpp:28:10:size_t ArduinoJson::V6211HB::detail::TextFormatter<TWriter>::bytesWritten() const [with TWriter = ArduinoJson::V6211HB::detail::Writer<std::__cxx11::basic_string<char>, void>]	16	static
D:/CWSI_2_1/LIBRARY/CUSTOM/../ArduinoJson-6.x/src/ArduinoJson/Array/../Variant/../Variant/../Memory/../Strings/StringAdapters.hpp:48:1:typename ArduinoJson::V6211HB::detail::enable_if<(TAdaptedString1::typeSortKey <= TAdaptedString2::typeSortKey), bool>::type ArduinoJson::V6211HB::detail::stringEquals(TAdaptedString1, TAdaptedString2) [with TAdaptedString1 = JsonStringAdapter; TAdaptedString2 = SizedRamString]	48	static
D:/CWSI_2_1/LIBRARY/CUSTOM/../ArduinoJson-6.x/src/ArduinoJson/Array/../Variant/../Variant/../Variant/VariantFunctions.hpp:85:14:ArduinoJson::V6211HB::detail::VariantData* ArduinoJson::V6211HB::detail::variantGetOrAddMember(VariantData*, TAdaptedString, MemoryPool*) [with TAdaptedString = SizedRamString]	24	static
D:/CWSI_2_1/LIBRARY/CUSTOM/../ArduinoJson-6.x/src/ArduinoJson/Array/../Variant/../Variant/../Memory/MemoryPool.hpp:249:6:bool ArduinoJson::V6211HB::detail::storeString(MemoryPool*, TAdaptedString, TCallback) [with TAdaptedString = SizedRamString; TCallback = VariantData::VariantStringSetter]	40	static
D:/CWSI_2_1/LIBRARY/CUSTOM/../ArduinoJson-6.x/src/ArduinoJson/Json/../Json/Latch.hpp:20:8:void ArduinoJson::V6211HB::detail::Latch<TReader>::clear() [with TReader = ArduinoJson::V6211HB::detail::Reader<std::__cxx11::basic_string<char>, void>]	16	static
D:/CWSI_2_1/LIBRARY/CUSTOM/../ArduinoJson-6.x/src/ArduinoJson/Json/../Json/Latch.hpp:36:8:void ArduinoJson::V6211HB::detail::Latch<TReader>::load() [with TReader = ArduinoJson::V6211HB::detail::Reader<std::__cxx11::basic_string<char>, void>]	24	static
D:/CWSI_2_1/LIBRARY/CUSTOM/../ArduinoJson-6.x/src/ArduinoJson/Json/JsonDeserializer.hpp:572:22:static bool ArduinoJson::V6211HB::detail::JsonDeserializer<TReader, TStringStorage>::isQuote(char) [with TReader = ArduinoJson::V6211HB::detail::Reader<std::__cxx11::basic_string<char>, void>; TStringStorage = ArduinoJson::V6211HB::detail::StringCopier]	16	static
D:/CWSI_2_1/LIBRARY/CUSTOM/../ArduinoJson-6.x/src/ArduinoJson/Json/JsonDeserializer.hpp:456:30:ArduinoJson::V6211HB::DeserializationError::Code ArduinoJson::V6211HB::detail::JsonDeserializer<TReader, TStringStorage>::parseNonQuotedString() [with TReader = ArduinoJson::V6211HB::detail::Reader<std::__cxx11::basic_string<char>, void>; TStringStorage = ArduinoJson::V6211HB::detail::StringCopier]	24	static
D:/CWSI_2_1/LIBRARY/CUSTOM/../ArduinoJson-6.x/src/ArduinoJson/Json/JsonDeserializer.hpp:504:30:ArduinoJson::V6211HB::DeserializationError::Code ArduinoJson::V6211HB::detail::JsonDeserializer<TReader, TStringStorage>::skipNonQuotedString() [with TReader = ArduinoJson::V6211HB::detail::Reader<std::__cxx11::basic_string<char>, void>; TStringStorage = ArduinoJson::V6211HB::detail::StringCopier]	24	static
D:/CWSI_2_1/LIBRARY/CUSTOM/../ArduinoJson-6.x/src/ArduinoJson/Json/JsonDeserializer.hpp:539:30:ArduinoJson::V6211HB::DeserializationError::Code ArduinoJson::V6211HB::detail::JsonDeserializer<TReader, TStringStorage>::parseHex4(uint16_t&) [with TReader = ArduinoJson::V6211HB::detail::Reader<std::__cxx11::basic_string<char>, void>; TStringStorage = ArduinoJson::V6211HB::detail::StringCopier]	24	static
D:/CWSI_2_1/LIBRARY/CUSTOM/../ArduinoJson-6.x/src/ArduinoJson/Json/../Json/Utf8.hpp:13:13:void ArduinoJson::V6211HB::detail::Utf8::encodeCodepoint(uint32_t, TStringBuilder&) [with TStringBuilder = ArduinoJson::V6211HB::detail::StringCopier]	32	static
D:/CWSI_2_1/LIBRARY/CUSTOM/../ArduinoJson-6.x/src/ArduinoJson/Json/JsonDeserializer.hpp:554:22:static bool ArduinoJson::V6211HB::detail::JsonDeserializer<TReader, TStringStorage>::isBetween(char, char, char) [with TReader = ArduinoJson::V6211HB::detail::Reader<std::__cxx11::basic_string<char>, void>; TStringStorage = ArduinoJson::V6211HB::detail::StringCopier]	16	static
D:/CWSI_2_1/LIBRARY/CUSTOM/../ArduinoJson-6.x/src/ArduinoJson/Array/../Variant/../Variant/../Variant/VariantFunctions.hpp:78:14:ArduinoJson::V6211HB::detail::VariantData* ArduinoJson::V6211HB::detail::variantGetMember(const VariantData*, TAdaptedString) [with TAdaptedString = StaticStringAdapter]	16	static
D:/CWSI_2_1/LIBRARY/CUSTOM/../ArduinoJson-6.x/src/ArduinoJson/Variant/../Json/../Json/TextFormatter.hpp:165:8:void ArduinoJson::V6211HB::detail::TextFormatter<TWriter>::writeRaw(char) [with TWriter = ArduinoJson::V6211HB::detail::Writer<std::__cxx11::basic_string<char>, void>]	16	static
D:/CWSI_2_1/LIBRARY/CUSTOM/../ArduinoJson-6.x/src/ArduinoJson/Variant/../Json/../Json/TextFormatter.hpp:116:51:typename ArduinoJson::V6211HB::detail::enable_if<ArduinoJson::V6211HB::detail::is_unsigned<TOut>::value>::type ArduinoJson::V6211HB::detail::TextFormatter<TWriter>::writeInteger(T) [with T = long unsigned int; TWriter = ArduinoJson::V6211HB::detail::Writer<std::__cxx11::basic_string<char>, void>]	48	static
D:/CWSI_2_1/LIBRARY/CUSTOM/../ArduinoJson-6.x/src/ArduinoJson/Variant/../Json/../Json/TextFormatter.hpp:131:8:void ArduinoJson::V6211HB::detail::TextFormatter<TWriter>::writeDecimals(uint32_t, int8_t) [with TWriter = ArduinoJson::V6211HB::detail::Writer<std::__cxx11::basic_string<char>, void>]	48	static
D:/CWSI_2_1/LIBRARY/CUSTOM/../ArduinoJson-6.x/src/ArduinoJson/Variant/../Json/../Json/TextFormatter.hpp:103:49:typename ArduinoJson::V6211HB::detail::enable_if<ArduinoJson::V6211HB::detail::is_signed<TOut>::value>::type ArduinoJson::V6211HB::detail::TextFormatter<TWriter>::writeInteger(T) [with T = short int; TWriter = ArduinoJson::V6211HB::detail::Writer<std::__cxx11::basic_string<char>, void>]	24	static
D:/CWSI_2_1/LIBRARY/CUSTOM/../ArduinoJson-6.x/src/ArduinoJson/Variant/../Json/../Json/TextFormatter.hpp:55:8:void ArduinoJson::V6211HB::detail::TextFormatter<TWriter>::writeChar(char) [with TWriter = ArduinoJson::V6211HB::detail::Writer<std::__cxx11::basic_string<char>, void>]	24	static
D:/CWSI_2_1/LIBRARY/CUSTOM/../ArduinoJson-6.x/src/ArduinoJson/Variant/../Json/../Json/TextFormatter.hpp:156:8:void ArduinoJson::V6211HB::detail::TextFormatter<TWriter>::writeRaw(const char*, const char*) [with TWriter = ArduinoJson::V6211HB::detail::Writer<std::__cxx11::basic_string<char>, void>]	24	static
D:/CWSI_2_1/LIBRARY/CUSTOM/../ArduinoJson-6.x/src/ArduinoJson/Variant/../Json/../Serialization/../Serialization/../Serialization/Writers/StdStringWriter.hpp:34:10:size_t ArduinoJson::V6211HB::detail::Writer<TDestination, typename ArduinoJson::V6211HB::detail::enable_if<ArduinoJson::V6211HB::detail::is_std_string<TDestination>::value>::type>::write(const uint8_t*, size_t) [with TDestination = std::__cxx11::basic_string<char>]	24	static
D:/CWSI_2_1/LIBRARY/CUSTOM/../ArduinoJson-6.x/src/ArduinoJson/Variant/../Json/../Json/../Serialization/CountingDecorator.hpp:24:10:size_t ArduinoJson::V6211HB::detail::CountingDecorator<TWriter>::count() const [with TWriter = ArduinoJson::V6211HB::detail::Writer<std::__cxx11::basic_string<char>, void>]	16	static
D:/CWSI_2_1/LIBRARY/CUSTOM/../ArduinoJson-6.x/src/ArduinoJson/Array/../Variant/../Variant/../Variant/../Variant/VariantData.hpp:272:16:ArduinoJson::V6211HB::detail::VariantData* ArduinoJson::V6211HB::detail::VariantData::getOrAddMember(TAdaptedString, ArduinoJson::V6211HB::detail::MemoryPool*) [with TAdaptedString = ArduinoJson::V6211HB::detail::SizedRamString]	24	static
D:/CWSI_2_1/LIBRARY/CUSTOM/../ArduinoJson-6.x/src/ArduinoJson/Array/../Variant/../Variant/../Memory/MemoryPool.hpp:223:6:bool ArduinoJson::V6211HB::detail::storeString(MemoryPool*, TAdaptedString, StringStoragePolicy::Copy, TCallback) [with TAdaptedString = SizedRamString; TCallback = VariantData::VariantStringSetter]	40	static
D:/CWSI_2_1/LIBRARY/CUSTOM/../ArduinoJson-6.x/src/ArduinoJson/Json/../Deserialization/../Deserialization/../Deserialization/Readers/IteratorReader.hpp:17:7:int ArduinoJson::V6211HB::detail::IteratorReader<TIterator>::read() [with TIterator = __gnu_cxx::__normal_iterator<const char*, std::__cxx11::basic_string<char> >]	24	static
D:/CWSI_2_1/LIBRARY/CUSTOM/../ArduinoJson-6.x/src/ArduinoJson/Json/JsonDeserializer.hpp:567:22:static bool ArduinoJson::V6211HB::detail::JsonDeserializer<TReader, TStringStorage>::canBeInNonQuotedString(char) [with TReader = ArduinoJson::V6211HB::detail::Reader<std::__cxx11::basic_string<char>, void>; TStringStorage = ArduinoJson::V6211HB::detail::StringCopier]	16	static
D:/CWSI_2_1/LIBRARY/CUSTOM/../ArduinoJson-6.x/src/ArduinoJson/Json/JsonDeserializer.hpp:576:25:static uint8_t ArduinoJson::V6211HB::detail::JsonDeserializer<TReader, TStringStorage>::decodeHex(char) [with TReader = ArduinoJson::V6211HB::detail::Reader<std::__cxx11::basic_string<char>, void>; TStringStorage = ArduinoJson::V6211HB::detail::StringCopier]	16	static
D:/CWSI_2_1/LIBRARY/CUSTOM/../ArduinoJson-6.x/src/ArduinoJson/Variant/../Json/../Json/../Serialization/CountingDecorator.hpp:16:8:void ArduinoJson::V6211HB::detail::CountingDecorator<TWriter>::write(uint8_t) [with TWriter = ArduinoJson::V6211HB::detail::Writer<std::__cxx11::basic_string<char>, void>]	16	static
D:/CWSI_2_1/LIBRARY/CUSTOM/../ArduinoJson-6.x/src/ArduinoJson/Variant/../Json/../Json/TextFormatter.hpp:116:51:typename ArduinoJson::V6211HB::detail::enable_if<ArduinoJson::V6211HB::detail::is_unsigned<TOut>::value>::type ArduinoJson::V6211HB::detail::TextFormatter<TWriter>::writeInteger(T) [with T = short unsigned int; TWriter = ArduinoJson::V6211HB::detail::Writer<std::__cxx11::basic_string<char>, void>]	48	static
D:/CWSI_2_1/LIBRARY/CUSTOM/../ArduinoJson-6.x/src/ArduinoJson/Collection/CollectionImpl.hpp:114:21:ArduinoJson::V6211HB::detail::VariantData* ArduinoJson::V6211HB::detail::CollectionData::getOrAddMember(TAdaptedString, ArduinoJson::V6211HB::detail::MemoryPool*) [with TAdaptedString = ArduinoJson::V6211HB::detail::SizedRamString]	32	static
C:\ST\STM32CubeIDE_1.16.0\STM32CubeIDE\plugins\com.st.stm32cube.ide.mcu.externaltools.gnu-tools-for-stm32.12.3.rel1.win32_1.0.200.202406191623\tools\arm-none-eabi\include\c++\12.3.1\bits\stl_iterator.h:1254:5:bool __gnu_cxx::operator<(const __normal_iterator<_Iterator, _Container>&, const __normal_iterator<_Iterator, _Container>&) [with _Iterator = const char*; _Container = std::__cxx11::basic_string<char>]	24	static
C:\ST\STM32CubeIDE_1.16.0\STM32CubeIDE\plugins\com.st.stm32cube.ide.mcu.externaltools.gnu-tools-for-stm32.12.3.rel1.win32_1.0.200.202406191623\tools\arm-none-eabi\include\c++\12.3.1\bits\stl_iterator.h:1113:7:__gnu_cxx::__normal_iterator<_Iterator, _Container> __gnu_cxx::__normal_iterator<_Iterator, _Container>::operator++(int) [with _Iterator = const char*; _Container = std::__cxx11::basic_string<char>]	24	static
D:/CWSI_2_1/LIBRARY/CUSTOM/../ArduinoJson-6.x/src/ArduinoJson/Variant/../Json/../Serialization/../Serialization/../Serialization/Writers/StdStringWriter.hpp:29:10:size_t ArduinoJson::V6211HB::detail::Writer<TDestination, typename ArduinoJson::V6211HB::detail::enable_if<ArduinoJson::V6211HB::detail::is_std_string<TDestination>::value>::type>::write(uint8_t) [with TDestination = std::__cxx11::basic_string<char>]	16	static
D:/CWSI_2_1/LIBRARY/CUSTOM/../ArduinoJson-6.x/src/ArduinoJson/Collection/CollectionImpl.hpp:37:21:ArduinoJson::V6211HB::detail::VariantData* ArduinoJson::V6211HB::detail::CollectionData::addMember(TAdaptedString, ArduinoJson::V6211HB::detail::MemoryPool*) [with TAdaptedString = ArduinoJson::V6211HB::detail::SizedRamString]	32	static
D:/CWSI_2_1/LIBRARY/CUSTOM/../ArduinoJson-6.x/src/ArduinoJson/Array/../Array/../Variant/SlotFunctions.hpp:27:13:bool ArduinoJson::V6211HB::detail::slotSetKey(VariantSlot*, TAdaptedString, MemoryPool*) [with TAdaptedString = SizedRamString]	32	static
D:/CWSI_2_1/LIBRARY/CUSTOM/../ArduinoJson-6.x/src/ArduinoJson/Array/../Variant/../Variant/../Memory/MemoryPool.hpp:249:6:bool ArduinoJson::V6211HB::detail::storeString(MemoryPool*, TAdaptedString, TCallback) [with TAdaptedString = SizedRamString; TCallback = SlotKeySetter]	40	static
D:/CWSI_2_1/LIBRARY/CUSTOM/../ArduinoJson-6.x/src/ArduinoJson/Array/../Variant/../Variant/../Memory/MemoryPool.hpp:223:6:bool ArduinoJson::V6211HB::detail::storeString(MemoryPool*, TAdaptedString, StringStoragePolicy::Copy, TCallback) [with TAdaptedString = SizedRamString; TCallback = SlotKeySetter]	40	static
D:/CWSI_2_1/LIBRARY/CUSTOM/../CUSTOM/JSON_HANDLER.h:14:7:JSON_HANDLER::~JSON_HANDLER()	16	static
D:/CWSI_2_1/LIBRARY/CUSTOM/../CUSTOM/BUTTON_READ.h:10:7:BUTTON_READ::~BUTTON_READ()	16	static
D:/CWSI_2_1/LIBRARY/CUSTOM/../CUSTOM/RAIN_GAUGE.h:16:7:RAIN_GAUGE::~RAIN_GAUGE()	16	static
D:/CWSI_2_1/LIBRARY/CUSTOM/../CUSTOM/WIND_SPEED.h:19:7:WIND_SPEED::~WIND_SPEED()	16	static
D:/CWSI_2_1/LIBRARY/CUSTOM/../CUSTOM/IRROMETER.h:14:7:IRROMETER::~IRROMETER()	16	static
D:/CWSI_2_1/LIBRARY/CUSTOM/../CUSTOM/WIND_DIR.h:16:7:WIND_DIR::~WIND_DIR()	16	static
D:/CWSI_2_1/LIBRARY/CUSTOM/../CUSTOM/RS485.h:23:7:RS485::~RS485()	16	static
D:/CWSI_2_1/LIBRARY/CUSTOM/../CUSTOM/UART_DEBUG.h:13:7:UART_DEBUG::~UART_DEBUG()	16	static
D:/CWSI_2_1/LIBRARY/CUSTOM/../CUSTOM/NEOWAY.h:14:7:NEOWAY::~NEOWAY()	16	static
D:/CWSI_2_1/LIBRARY/CUSTOM/../CUSTOM/UART_PRINTER.h:11:7:UART_PRINTER::~UART_PRINTER()	16	static
../Core/Src/main.cpp:339:1:void __static_initialization_and_destruction_0(int, int)	928	static
D:/CWSI_2_1/LIBRARY/CUSTOM/../CUSTOM/DYNAMIC_ARRAY.h:55:3:DynamicArray<Tda>::~DynamicArray() [with Tda = bool]	16	static
D:/CWSI_2_1/LIBRARY/CUSTOM/../CUSTOM/DYNAMIC_ARRAY.h:55:3:DynamicArray<Tda>::~DynamicArray() [with Tda = VARIABLES*]	16	static
../Core/Src/main.cpp:339:1:cpp)	8	static
../Core/Src/main.cpp:339:1:cpp)	8	static
