../Drivers/CMSIS/Include/core_cm4.h:1933:34:void __NVIC_SystemReset()	0	static,ignoring_inline_asm
E:/CWSI_2_10_USA/CWSI_2_11_USA/LIBRARY/CUSTOM/../CUSTOM/NEOWAY.h:288:17:NEOWAY_RETURN NEOWAY::CHECK_RESPONSE(std::string*, std::string*)	8	static
E:\Programs\STM32CubeIDE_1.14.1\STM32CubeIDE\plugins\com.st.stm32cube.ide.mcu.externaltools.gnu-tools-for-stm32.11.3.rel1.win32_1.1.100.202309141235\tools\arm-none-eabi\include\c++\11.3.1\bits\basic_string.h:533:7:std::__cxx11::basic_string<_CharT, _Traits, _Alloc>::basic_string(const _CharT*, const _Alloc&) [with _CharT = char; _Traits = std::char_traits<char>; _Alloc = std::allocator<char>]	24	static
E:/CWSI_2_10_USA/CWSI_2_11_USA/LIBRARY/CUSTOM/../CUSTOM/WIND_DIR.h:21:10:WIND_DIR::Direction& WIND_DIR::Direction::operator=(const WIND_DIR::Direction&)	16	static
E:\Programs\STM32CubeIDE_1.14.1\STM32CubeIDE\plugins\com.st.stm32cube.ide.mcu.externaltools.gnu-tools-for-stm32.11.3.rel1.win32_1.1.100.202309141235\tools\arm-none-eabi\include\c++\11.3.1\bits\basic_string.h:1981:7:std::__cxx11::basic_string<_CharT, _Traits, _Alloc>& std::__cxx11::basic_string<_CharT, _Traits, _Alloc>::replace(std::__cxx11::basic_string<_CharT, _Traits, _Alloc>::size_type, std::__cxx11::basic_string<_CharT, _Traits, _Alloc>::size_type, const _CharT*) [with _CharT = char; _Traits = std::char_traits<char>; _Alloc = std::allocator<char>]	32	static
E:\Programs\STM32CubeIDE_1.14.1\STM32CubeIDE\plugins\com.st.stm32cube.ide.mcu.externaltools.gnu-tools-for-stm32.11.3.rel1.win32_1.1.100.202309141235\tools\arm-none-eabi\include\c++\11.3.1\bits\basic_string.h:456:7:std::__cxx11::basic_string<_CharT, _Traits, _Alloc>::basic_string(const std::__cxx11::basic_string<_CharT, _Traits, _Alloc>&) [with _CharT = char; _Traits = std::char_traits<char>; _Alloc = std::allocator<char>]	24	static
E:/CWSI_2_10_USA/CWSI_2_11_USA/LIBRARY/CUSTOM/../ArduinoJson-6.x/src/ArduinoJson/Array/../Variant/../Variant/../Variant/../Variant/VariantData.hpp:29:34:typename TVisitor::result_type ArduinoJson::V6211HB::detail::VariantData::accept(TVisitor&) const [with TVisitor = ArduinoJson::V6211HB::detail::Comparer<ArduinoJson::V6211HB::StaticJsonDocument<1200>, void>]	8	static
E:\Programs\STM32CubeIDE_1.14.1\STM32CubeIDE\plugins\com.st.stm32cube.ide.mcu.externaltools.gnu-tools-for-stm32.11.3.rel1.win32_1.1.100.202309141235\tools\arm-none-eabi\include\c++\11.3.1\bits\basic_string.h:1169:7:std::__cxx11::basic_string<_CharT, _Traits, _Alloc>& std::__cxx11::basic_string<_CharT, _Traits, _Alloc>::operator+=(const _CharT*) [with _CharT = char; _Traits = std::char_traits<char>; _Alloc = std::allocator<char>]	0	static
E:\Programs\STM32CubeIDE_1.14.1\STM32CubeIDE\plugins\com.st.stm32cube.ide.mcu.externaltools.gnu-tools-for-stm32.11.3.rel1.win32_1.1.100.202309141235\tools\arm-none-eabi\include\c++\11.3.1\bits\basic_string.h:717:7:std::__cxx11::basic_string<_CharT, _Traits, _Alloc>& std::__cxx11::basic_string<_CharT, _Traits, _Alloc>::operator=(std::__cxx11::basic_string<_CharT, _Traits, _Alloc>&&) [with _CharT = char; _Traits = std::char_traits<char>; _Alloc = std::allocator<char>]	16	static
E:\Programs\STM32CubeIDE_1.14.1\STM32CubeIDE\plugins\com.st.stm32cube.ide.mcu.externaltools.gnu-tools-for-stm32.11.3.rel1.win32_1.1.100.202309141235\tools\arm-none-eabi\include\c++\11.3.1\bits\basic_string.h:689:7:std::__cxx11::basic_string<_CharT, _Traits, _Alloc>& std::__cxx11::basic_string<_CharT, _Traits, _Alloc>::operator=(const _CharT*) [with _CharT = char; _Traits = std::char_traits<char>; _Alloc = std::allocator<char>]	24	static
E:/CWSI_2_10_USA/CWSI_2_11_USA/LIBRARY/CUSTOM/../ArduinoJson-6.x/src/ArduinoJson/Variant/VariantCompare.hpp:173:17:ArduinoJson::V6211HB::detail::CompareResult ArduinoJson::V6211HB::detail::VariantComparer::visitNull()	0	static
E:/CWSI_2_10_USA/CWSI_2_11_USA/LIBRARY/CUSTOM/../ArduinoJson-6.x/src/ArduinoJson/Array/../Variant/../Variant/../Memory/../Strings/../Strings/Adapters/../../Strings/Adapters/RamString.hpp:30:10:size_t ArduinoJson::V6211HB::detail::ZeroTerminatedRamString::size() const	0	static
E:/CWSI_2_10_USA/CWSI_2_11_USA/LIBRARY/CUSTOM/../ArduinoJson-6.x/src/ArduinoJson/Variant/VariantCompare.hpp:180:17:ArduinoJson::V6211HB::detail::CompareResult ArduinoJson::V6211HB::detail::VariantComparer::accept(TComparer&) [with TComparer = ArduinoJson::V6211HB::detail::Comparer<const char*>]	24	static
E:\Programs\STM32CubeIDE_1.14.1\STM32CubeIDE\plugins\com.st.stm32cube.ide.mcu.externaltools.gnu-tools-for-stm32.11.3.rel1.win32_1.1.100.202309141235\tools\arm-none-eabi\include\c++\11.3.1\bits\basic_string.h:1242:7:std::__cxx11::basic_string<_CharT, _Traits, _Alloc>& std::__cxx11::basic_string<_CharT, _Traits, _Alloc>::append(const _CharT*, std::__cxx11::basic_string<_CharT, _Traits, _Alloc>::size_type) [with _CharT = char; _Traits = std::char_traits<char>; _Alloc = std::allocator<char>]	8	static
E:\Programs\STM32CubeIDE_1.14.1\STM32CubeIDE\plugins\com.st.stm32cube.ide.mcu.externaltools.gnu-tools-for-stm32.11.3.rel1.win32_1.1.100.202309141235\tools\arm-none-eabi\include\c++\11.3.1\bits\basic_string.h:565:7:std::__cxx11::basic_string<_CharT, _Traits, _Alloc>::basic_string(std::__cxx11::basic_string<_CharT, _Traits, _Alloc>&&) [with _CharT = char; _Traits = std::char_traits<char>; _Alloc = std::allocator<char>]	16	static
E:\Programs\STM32CubeIDE_1.14.1\STM32CubeIDE\plugins\com.st.stm32cube.ide.mcu.externaltools.gnu-tools-for-stm32.11.3.rel1.win32_1.1.100.202309141235\tools\arm-none-eabi\include\c++\11.3.1\bits\charconv.h:47:5:constexpr unsigned int std::__detail::__to_chars_len(_Tp, int) [with _Tp = unsigned int]	12	static
E:/CWSI_2_10_USA/CWSI_2_11_USA/LIBRARY/CUSTOM/../CUSTOM/double_to_string.h:61:8:double s_t_d(const string&)	56	static
E:/CWSI_2_10_USA/CWSI_2_11_USA/LIBRARY/CUSTOM/../CUSTOM/M_USART.h:11:19:HAL_StatusTypeDef HAL_UARTEx_ReceiveToIdle(UART_HandleTypeDef*, std::string&, uint32_t)	32	static
E:/CWSI_2_10_USA/CWSI_2_11_USA/LIBRARY/CUSTOM/../CUSTOM/M_USART.h:106:6:void UART_Init(UART_HandleTypeDef*, USART_TypeDef*, uint32_t)	8	static,ignoring_inline_asm
E:/CWSI_2_10_USA/CWSI_2_11_USA/LIBRARY/CUSTOM/../CUSTOM/M_USART.h:123:6:void ADC1_CHANNEL_INIT(uint32_t)	32	static,ignoring_inline_asm
E:/CWSI_2_10_USA/CWSI_2_11_USA/LIBRARY/CUSTOM/../ArduinoJson-6.x/src/ArduinoJson/Array/../Variant/../Variant/../Memory/../Variant/VariantSlot.hpp:40:16:ArduinoJson::V6211HB::detail::VariantSlot* ArduinoJson::V6211HB::detail::VariantSlot::next()	0	static
E:/CWSI_2_10_USA/CWSI_2_11_USA/LIBRARY/CUSTOM/../ArduinoJson-6.x/src/ArduinoJson/Object/../Object/../Object/../Object/JsonPair.hpp:45:3:ArduinoJson::V6211HB::JsonPairConst::JsonPairConst(const ArduinoJson::V6211HB::detail::VariantSlot*)	24	static
E:/CWSI_2_10_USA/CWSI_2_11_USA/LIBRARY/CUSTOM/../ArduinoJson-6.x/src/ArduinoJson/Document/../Document/../Document/JsonDocument.hpp:42:8:void ArduinoJson::V6211HB::JsonDocument::clear()	0	static
E:/CWSI_2_10_USA/CWSI_2_11_USA/LIBRARY/CUSTOM/../ArduinoJson-6.x/src/ArduinoJson/Collection/CollectionImpl.hpp:14:21:ArduinoJson::V6211HB::detail::VariantSlot* ArduinoJson::V6211HB::detail::CollectionData::addSlot(ArduinoJson::V6211HB::detail::MemoryPool*)	8	static
E:/CWSI_2_10_USA/CWSI_2_11_USA/LIBRARY/CUSTOM/../ArduinoJson-6.x/src/ArduinoJson/Variant/../Numbers/parseNumber.hpp:21:13:bool ArduinoJson::V6211HB::detail::parseNumber(const char*, ArduinoJson::V6211HB::detail::VariantData&)	32	static
E:/CWSI_2_10_USA/CWSI_2_11_USA/LIBRARY/CUSTOM/../ArduinoJson-6.x/src/ArduinoJson/Json/../Deserialization/../StringStorage/../StringStorage/StringCopier.hpp:15:8:void ArduinoJson::V6211HB::detail::StringCopier::startString()	0	static
E:/CWSI_2_10_USA/CWSI_2_11_USA/LIBRARY/CUSTOM/../ArduinoJson-6.x/src/ArduinoJson/Json/../Deserialization/../StringStorage/../StringStorage/StringCopier.hpp:39:8:void ArduinoJson::V6211HB::detail::StringCopier::append(char)	8	static
E:/CWSI_2_10_USA/CWSI_2_11_USA/LIBRARY/CUSTOM/INCLUDER.h:60:6:void delay(uint32_t)	16	static
E:/CWSI_2_10_USA/CWSI_2_11_USA/LIBRARY/CUSTOM/INCLUDER.h:42:8:Parameter::Parameter()	8	static
E:/CWSI_2_10_USA/CWSI_2_11_USA/LIBRARY/CUSTOM/../CUSTOM/VARIABLES.h:44:3:VARIABLES::VARIABLES(DynamicArray<VARIABLES*>*, std::string, bool)	24	static
E:/CWSI_2_10_USA/CWSI_2_11_USA/LIBRARY/CUSTOM/INCLUDER.h:42:8:Parameter::~Parameter()	8	static
E:/CWSI_2_10_USA/CWSI_2_11_USA/LIBRARY/CUSTOM/../CUSTOM/PWR_PIN.h:34:8:void PWR_PIN::SET(bool, uint32_t)	8	static
E:/CWSI_2_10_USA/CWSI_2_11_USA/LIBRARY/CUSTOM/../CUSTOM/MUX.h:21:7:void MUX::SELECT(uint16_t, uint32_t)	16	static
E:/CWSI_2_10_USA/CWSI_2_11_USA/LIBRARY/CUSTOM/../CUSTOM/PRINT_CONTROL.h:19:6:void set_both_print(bool)	0	static
E:/CWSI_2_10_USA/CWSI_2_11_USA/LIBRARY/CUSTOM/../CUSTOM/PRINT_CONTROL.h:24:6:void set_uart_print(bool)	0	static
E:/CWSI_2_10_USA/CWSI_2_11_USA/LIBRARY/CUSTOM/../CUSTOM/PRINT_CONTROL.h:27:6:bool is_uart_print()	0	static
E:/CWSI_2_10_USA/CWSI_2_11_USA/LIBRARY/CUSTOM/../CUSTOM/PRINT_CONTROL.h:31:6:void set_ble_print(bool)	0	static
E:/CWSI_2_10_USA/CWSI_2_11_USA/LIBRARY/CUSTOM/../CUSTOM/PRINT_CONTROL.h:34:6:bool is_ble_print()	0	static
E:/CWSI_2_10_USA/CWSI_2_11_USA/LIBRARY/CUSTOM/../CUSTOM/PRINT_CONTROL.h:56:6:bool is_any_print()	0	static
E:/CWSI_2_10_USA/CWSI_2_11_USA/LIBRARY/CUSTOM/../CUSTOM/UART_PRINTER.h:47:10:std::string UART_PRINTER::Read(uint32_t)	24	static
E:/CWSI_2_10_USA/CWSI_2_11_USA/LIBRARY/CUSTOM/../CUSTOM/UART_PRINTER.h:73:8:void UART_PRINTER::Print(std::string)	16	static
E:/CWSI_2_10_USA/CWSI_2_11_USA/LIBRARY/CUSTOM/../CUSTOM/RS485.h:259:8:void RS485::WRITE_REDE(GPIO_PinState, uint32_t)	16	static
E:/CWSI_2_10_USA/CWSI_2_11_USA/LIBRARY/CUSTOM/../CUSTOM/RS485.h:393:8:void RS485::SET_REDE(int)	8	static
E:/CWSI_2_10_USA/CWSI_2_11_USA/LIBRARY/CUSTOM/../CUSTOM/ANALOG.h:25:3:ANALOG::ANALOG(DynamicArray<VARIABLES*>*, std::string, bool)	48	static
E:/CWSI_2_10_USA/CWSI_2_11_USA/LIBRARY/CUSTOM/../CUSTOM/IRROMETER.h:40:8:void IRROMETER::POLARITY_SELECT(GPIO_PinState, GPIO_PinState)	16	static
E:/CWSI_2_10_USA/CWSI_2_11_USA/LIBRARY/CUSTOM/../CUSTOM/IRROMETER.h:138:10:double IRROMETER::IRRO_CONVERT(double)	40	static
E:/CWSI_2_10_USA/CWSI_2_11_USA/LIBRARY/CUSTOM/../CUSTOM/WIND_DIR.h:21:10:WIND_DIR::Direction::Direction()	8	static
E:/CWSI_2_10_USA/CWSI_2_11_USA/LIBRARY/CUSTOM/../CUSTOM/RAIN_GAUGE.h:31:8:void RAIN_GAUGE::save_no_tips_to_backup()	8	static
E:/CWSI_2_10_USA/CWSI_2_11_USA/LIBRARY/CUSTOM/../CUSTOM/RAIN_GAUGE.h:37:7:void RAIN_GAUGE::load_no_tips_from_backup()	8	static
E:/CWSI_2_10_USA/CWSI_2_11_USA/LIBRARY/CUSTOM/Sandisk.h:63:7:void SD2::write4(const char*)	24	static
E:/CWSI_2_10_USA/CWSI_2_11_USA/LIBRARY/CUSTOM/FUNCTIONS.h:762:6:void Set_RTC_TIME(std::string)	56	static,ignoring_inline_asm
E:/CWSI_2_10_USA/CWSI_2_11_USA/LIBRARY/CUSTOM/FUNCTIONS.h:1288:6:void HAL_GPIO_EXTI_Callback(uint16_t)	8	static
E:/CWSI_2_10_USA/CWSI_2_11_USA/LIBRARY/CUSTOM/FUNCTIONS.h:1313:6:void HAL_RTC_AlarmAEventCallback(RTC_HandleTypeDef*)	0	static
E:/CWSI_2_10_USA/CWSI_2_11_USA/LIBRARY/CUSTOM/FUNCTIONS.h:1343:6:void HAL_RTCEx_WakeUpTimerEventCallback(RTC_HandleTypeDef*)	8	static
E:/CWSI_2_10_USA/CWSI_2_11_USA/LIBRARY/CUSTOM/FUNCTIONS.h:1510:6:bool check_cont_flags()	0	static
E:/CWSI_2_10_USA/CWSI_2_11_USA/LIBRARY/CUSTOM/FUNCTIONS.h:1600:6:void update_ota_cont()	0	static
E:/CWSI_2_10_USA/CWSI_2_11_USA/LIBRARY/CUSTOM/FUNCTIONS.h:1710:9:uint8_t if_in_range(std::string&, uint32_t)	0	static
E:/CWSI_2_10_USA/CWSI_2_11_USA/LIBRARY/CUSTOM/FUNCTIONS.h:1725:10:uint64_t str_to_64(std::string&, uint32_t)	32	static
E:/CWSI_2_10_USA/CWSI_2_11_USA/LIBRARY/CUSTOM/FUNCTIONS.h:1887:6:void ALL_POWER_OFF()	8	static
../Core/Src/main.cpp:161:6:bool isLeap1(int)	0	static
../Core/Src/main.cpp:164:5:int daysInMonth1(int, int)	8	static
../Core/Src/main.cpp:207:6:void storeCounter1(uint32_t)	16	static
../Core/Src/main.cpp:211:10:uint32_t loadCounter1()	8	static
../Core/Src/main.cpp:445:6:void SystemClock_Config()	104	static,ignoring_inline_asm
../Core/Src/main.cpp:492:6:void Error_Handler()	0	static,ignoring_inline_asm
E:\Programs\STM32CubeIDE_1.14.1\STM32CubeIDE\plugins\com.st.stm32cube.ide.mcu.externaltools.gnu-tools-for-stm32.11.3.rel1.win32_1.1.100.202309141235\tools\arm-none-eabi\include\c++\11.3.1\bits\charconv.h:72:5:void std::__detail::__to_chars_10_impl(char*, unsigned int, _Tp) [with _Tp = unsigned int]	16	static
E:/CWSI_2_10_USA/CWSI_2_11_USA/LIBRARY/CUSTOM/../CUSTOM/double_to_string.h:29:8:std::string d_t_s(double, int, bool)	72	static
E:/CWSI_2_10_USA/CWSI_2_11_USA/LIBRARY/CUSTOM/../CUSTOM/double_to_string.h:108:8:std::string d_t_b_s(uint32_t, uint32_t, uint32_t)	64	static
E:\Programs\STM32CubeIDE_1.14.1\STM32CubeIDE\plugins\com.st.stm32cube.ide.mcu.externaltools.gnu-tools-for-stm32.11.3.rel1.win32_1.1.100.202309141235\tools\arm-none-eabi\include\c++\11.3.1\bits\basic_string.tcc:1169:5:std::__cxx11::basic_string<_CharT, _Traits, _Alloc> std::operator+(const _CharT*, const std::__cxx11::basic_string<_CharT, _Traits, _Alloc>&) [with _CharT = char; _Traits = std::char_traits<char>; _Alloc = std::allocator<char>]	24	static
E:/CWSI_2_10_USA/CWSI_2_11_USA/LIBRARY/CUSTOM/../CUSTOM/double_to_string.h:11:8:std::string d_t_h_s(uint32_t)	88	static
E:\Programs\STM32CubeIDE_1.14.1\STM32CubeIDE\plugins\com.st.stm32cube.ide.mcu.externaltools.gnu-tools-for-stm32.11.3.rel1.win32_1.1.100.202309141235\tools\arm-none-eabi\include\c++\11.3.1\bits\basic_string.h:6172:5:std::__cxx11::basic_string<_CharT, _Traits, _Alloc> std::operator+(std::__cxx11::basic_string<_CharT, _Traits, _Alloc>&&, std::__cxx11::basic_string<_CharT, _Traits, _Alloc>&&) [with _CharT = char; _Traits = std::char_traits<char>; _Alloc = std::allocator<char>]	16	static
E:/CWSI_2_10_USA/CWSI_2_11_USA/LIBRARY/CUSTOM/FUNCTIONS.h:632:8:std::string timestring(std::initializer_list<unsigned char>)	384	static
E:\Programs\STM32CubeIDE_1.14.1\STM32CubeIDE\plugins\com.st.stm32cube.ide.mcu.externaltools.gnu-tools-for-stm32.11.3.rel1.win32_1.1.100.202309141235\tools\arm-none-eabi\include\c++\11.3.1\bits\basic_string.h:6194:5:std::__cxx11::basic_string<_CharT, _Traits, _Alloc> std::operator+(const _CharT*, std::__cxx11::basic_string<_CharT, _Traits, _Alloc>&&) [with _CharT = char; _Traits = std::char_traits<char>; _Alloc = std::allocator<char>]	8	static
E:/CWSI_2_10_USA/CWSI_2_11_USA/LIBRARY/CUSTOM/../ArduinoJson-6.x/src/ArduinoJson/Array/../Variant/../Variant/../Memory/MemoryPool.hpp:179:15:const char* ArduinoJson::V6211HB::detail::MemoryPool::findString(const TAdaptedString&) const [with TAdaptedString = ArduinoJson::V6211HB::detail::SizedRamString]	20	static
E:/CWSI_2_10_USA/CWSI_2_11_USA/LIBRARY/CUSTOM/../ArduinoJson-6.x/src/ArduinoJson/Array/../Variant/../Variant/../Memory/MemoryPool.hpp:98:15:const char* ArduinoJson::V6211HB::detail::MemoryPool::saveStringFromFreeZone(size_t)	24	static
E:/CWSI_2_10_USA/CWSI_2_11_USA/LIBRARY/CUSTOM/../CUSTOM/DYNAMIC_ARRAY.h:173:8:Tda* DynamicArray<Tda>::at(uint32_t) [with Tda = Parameter]	0	static
E:/CWSI_2_10_USA/CWSI_2_11_USA/LIBRARY/CUSTOM/../CUSTOM/VARIABLES.h:96:17:SENSOR_RETURN VARIABLES::SET_PARA_VALUE(uint16_t, std::string)	16	static
E:/CWSI_2_10_USA/CWSI_2_11_USA/LIBRARY/CUSTOM/../CUSTOM/VARIABLES.h:70:17:SENSOR_RETURN VARIABLES::SET_PARA_VALUE(uint16_t, double, int)	56	static
E:/CWSI_2_10_USA/CWSI_2_11_USA/LIBRARY/CUSTOM/../CUSTOM/ANALOG.h:180:17:SENSOR_RETURN ANALOG::SET_VALUE(uint16_t, double&)	8	static
E:/CWSI_2_10_USA/CWSI_2_11_USA/LIBRARY/CUSTOM/../CUSTOM/DYNAMIC_ARRAY.h:90:8:void DynamicArray<Tda>::push_back(Tda) [with Tda = bool]	16	static
E:/CWSI_2_10_USA/CWSI_2_11_USA/LIBRARY/CUSTOM/../CUSTOM/PRINT_CONTROL.h:40:6:void save_ble_print(bool)	16	static
E:/CWSI_2_10_USA/CWSI_2_11_USA/LIBRARY/CUSTOM/../CUSTOM/PRINT_CONTROL.h:48:6:void save_uart_print(bool)	16	static
E:/CWSI_2_10_USA/CWSI_2_11_USA/LIBRARY/CUSTOM/../CUSTOM/PRINT_CONTROL.h:59:6:void save_both_print(bool)	8	static
E:/CWSI_2_10_USA/CWSI_2_11_USA/LIBRARY/CUSTOM/../CUSTOM/DYNAMIC_ARRAY.h:104:7:Tda DynamicArray<Tda>::pop_back() [with Tda = bool]	16	static
E:/CWSI_2_10_USA/CWSI_2_11_USA/LIBRARY/CUSTOM/../CUSTOM/PRINT_CONTROL.h:44:6:void restore_ble_print()	8	static
E:/CWSI_2_10_USA/CWSI_2_11_USA/LIBRARY/CUSTOM/../CUSTOM/PRINT_CONTROL.h:52:6:void restore_uart_print()	8	static
E:/CWSI_2_10_USA/CWSI_2_11_USA/LIBRARY/CUSTOM/../CUSTOM/PRINT_CONTROL.h:63:6:void restore_both_print()	8	static
E:/CWSI_2_10_USA/CWSI_2_11_USA/LIBRARY/CUSTOM/../CUSTOM/DYNAMIC_ARRAY.h:173:8:Tda* DynamicArray<Tda>::at(uint32_t) [with Tda = unsigned char]	0	static
E:/CWSI_2_10_USA/CWSI_2_11_USA/LIBRARY/CUSTOM/../CUSTOM/UART_PRINTER.h:86:8:void UART_PRINTER::Print(DynamicArray<unsigned char>&)	48	static
E:/CWSI_2_10_USA/CWSI_2_11_USA/LIBRARY/CUSTOM/../CUSTOM/RS485.h:328:12:uint16_t RS485::GET_CRC(DynamicArray<unsigned char>*, bool)	24	static
E:\Programs\STM32CubeIDE_1.14.1\STM32CubeIDE\plugins\com.st.stm32cube.ide.mcu.externaltools.gnu-tools-for-stm32.11.3.rel1.win32_1.1.100.202309141235\tools\arm-none-eabi\include\c++\11.3.1\bits\basic_string.h:6248:5:bool std::operator==(const std::__cxx11::basic_string<_CharT, _Traits, _Alloc>&, const _CharT*) [with _CharT = char; _Traits = std::char_traits<char>; _Alloc = std::allocator<char>]	8	static
E:/CWSI_2_10_USA/CWSI_2_11_USA/LIBRARY/CUSTOM/../CUSTOM/WIND_DIR.h:72:17:SENSOR_RETURN WIND_DIR::SET_VALUE_STRING(uint16_t, std::string)	40	static
E:/CWSI_2_10_USA/CWSI_2_11_USA/LIBRARY/CUSTOM/../CUSTOM/NEOWAY.h:288:17:NEOWAY_RETURN NEOWAY::CHECK_RESPONSE(std::string*, std::string*)	16	static
E:/CWSI_2_10_USA/CWSI_2_11_USA/LIBRARY/CUSTOM/../CUSTOM/NEOWAY.h:89:10:std::string NEOWAY::SEND_RECIEVE(std::string, std::initializer_list<long unsigned int>, uint16_t, std::initializer_list<std::__cxx11::basic_string<char> >)	248	static
E:/CWSI_2_10_USA/CWSI_2_11_USA/LIBRARY/CUSTOM/../CUSTOM/NEOWAY.h:395:8:void NEOWAY::BLE_SEND(std::string)	224	static
E:/CWSI_2_10_USA/CWSI_2_11_USA/LIBRARY/CUSTOM/../CUSTOM/UART_DEBUG.h:29:8:void UART_DEBUG::Print2(std::string)	40	static
../Core/Src/main.cpp:80:6:void go2app(uint32_t)	56	static
E:/CWSI_2_10_USA/CWSI_2_11_USA/LIBRARY/CUSTOM/FUNCTIONS.h:54:6:void check_analog()	160	static
E:/CWSI_2_10_USA/CWSI_2_11_USA/LIBRARY/CUSTOM/../CUSTOM/UART_DEBUG.h:36:8:void UART_DEBUG::Json_print(std::string, std::string, bool)	88	static
E:/CWSI_2_10_USA/CWSI_2_11_USA/LIBRARY/CUSTOM/FUNCTIONS.h:568:6:void getcertificate(std::string*)	88	static
E:/CWSI_2_10_USA/CWSI_2_11_USA/LIBRARY/CUSTOM/FUNCTIONS.h:628:6:void print_time(std::string, std::initializer_list<unsigned char>)	480	static
E:/CWSI_2_10_USA/CWSI_2_11_USA/LIBRARY/CUSTOM/FUNCTIONS.h:639:6:void Print_save_time()	72	static
E:/CWSI_2_10_USA/CWSI_2_11_USA/LIBRARY/CUSTOM/FUNCTIONS.h:738:6:void Set_RTC_ALARM(RTC_TimeTypeDef&, uint32_t)	104	static,ignoring_inline_asm
E:/CWSI_2_10_USA/CWSI_2_11_USA/LIBRARY/CUSTOM/FUNCTIONS.h:1465:6:bool check_no_rtc()	56	static
E:/CWSI_2_10_USA/CWSI_2_11_USA/LIBRARY/CUSTOM/FUNCTIONS.h:816:6:void get_file_name(const string&, std::string&)	64	static
E:/CWSI_2_10_USA/CWSI_2_11_USA/LIBRARY/CUSTOM/FUNCTIONS.h:1330:6:void HAL_RTCEx_AlarmBEventCallback(RTC_HandleTypeDef*)	32	static
E:/CWSI_2_10_USA/CWSI_2_11_USA/LIBRARY/CUSTOM/FUNCTIONS.h:1372:17:RTC_TimeTypeDef ADD_seconds(RTC_TimeTypeDef&, RTC_DateTypeDef&, uint32_t)	456	static
E:/CWSI_2_10_USA/CWSI_2_11_USA/LIBRARY/CUSTOM/FUNCTIONS.h:1434:6:void SET_WAKEUP_INTERVAL(uint32_t)	128	static
E:/CWSI_2_10_USA/CWSI_2_11_USA/LIBRARY/CUSTOM/FUNCTIONS.h:1523:6:void ota_break(bool, std::string)	32	static
E:/CWSI_2_10_USA/CWSI_2_11_USA/LIBRARY/CUSTOM/FUNCTIONS.h:1744:6:void FLASH_ERASE2(uint32_t, uint32_t)	64	static
E:/CWSI_2_10_USA/CWSI_2_11_USA/LIBRARY/CUSTOM/FUNCTIONS.h:1829:6:void STOPPER_1(std::string)	32	static
E:/CWSI_2_10_USA/CWSI_2_11_USA/LIBRARY/CUSTOM/Sandisk.h:131:9:std::string SD2::readJsonchunk2(size_t)	80	dynamic
E:/CWSI_2_10_USA/CWSI_2_11_USA/LIBRARY/CUSTOM/Sandisk.h:237:8:void SD2::deletefile2()	4176	static
E:/CWSI_2_10_USA/CWSI_2_11_USA/LIBRARY/CUSTOM/../CUSTOM/RAIN_GAUGE.h:84:10:double RAIN_GAUGE::GET_READING(bool)	104	static
E:/CWSI_2_10_USA/CWSI_2_11_USA/LIBRARY/CUSTOM/../CUSTOM/WIND_SPEED.h:56:10:double WIND_SPEED::SPEED_READ(uint32_t, bool)	136	static
E:/CWSI_2_10_USA/CWSI_2_11_USA/LIBRARY/CUSTOM/../CUSTOM/IRROMETER.h:79:10:double IRROMETER::IRRO_READ(uint32_t, bool)	168	static
E:/CWSI_2_10_USA/CWSI_2_11_USA/LIBRARY/CUSTOM/../CUSTOM/UART_DEBUG.h:66:8:void UART_DEBUG::Print2(DynamicArray<unsigned char>&)	96	static
E:/CWSI_2_10_USA/CWSI_2_11_USA/LIBRARY/CUSTOM/../CUSTOM/UART_DEBUG.h:88:8:void UART_DEBUG::Print2(double, double)	48	static
../Core/Src/main.cpp:171:8:std::string getTimestamp(uint32_t, uint32_t)	112	static
E:/CWSI_2_10_USA/CWSI_2_11_USA/LIBRARY/CUSTOM/../CUSTOM/NEOWAY.h:198:8:void NEOWAY::SEND_RECIEVE_POINTER(std::string, std::initializer_list<long unsigned int>, uint16_t, std::initializer_list<std::__cxx11::basic_string<char> >, std::string&)	200	static
E:/CWSI_2_10_USA/CWSI_2_11_USA/LIBRARY/CUSTOM/FUNCTIONS.h:1540:6:void ota_proc(std::string&, uint32_t)	336	static
E:/CWSI_2_10_USA/CWSI_2_11_USA/LIBRARY/CUSTOM/../CUSTOM/NEOWAY.h:379:10:std::string NEOWAY::BLE_READ(uint32_t)	144	static
E:/CWSI_2_10_USA/CWSI_2_11_USA/LIBRARY/CUSTOM/../CUSTOM/UART_DEBUG.h:137:10:std::string UART_DEBUG::Both_Read(uint32_t)	104	static
E:/CWSI_2_10_USA/CWSI_2_11_USA/LIBRARY/CUSTOM/FUNCTIONS.h:301:6:void write_file(std::string&, std::string)	248	static
E:/CWSI_2_10_USA/CWSI_2_11_USA/LIBRARY/CUSTOM/FUNCTIONS.h:334:6:void neoway_sub(std::string)	152	static
E:/CWSI_2_10_USA/CWSI_2_11_USA/LIBRARY/CUSTOM/FUNCTIONS.h:422:6:void add_certificate(std::string, std::string*)	232	static
E:/CWSI_2_10_USA/CWSI_2_11_USA/LIBRARY/CUSTOM/FUNCTIONS.h:441:8:std::string delete_certificate(std::string)	104	static
E:/CWSI_2_10_USA/CWSI_2_11_USA/LIBRARY/CUSTOM/FUNCTIONS.h:452:8:std::string check_certificate(std::string)	112	static
E:/CWSI_2_10_USA/CWSI_2_11_USA/LIBRARY/CUSTOM/FUNCTIONS.h:582:6:void https_setup()	224	static
E:/CWSI_2_10_USA/CWSI_2_11_USA/LIBRARY/CUSTOM/FUNCTIONS.h:599:8:std::string https_req(std::string, uint16_t)	240	static
E:/CWSI_2_10_USA/CWSI_2_11_USA/LIBRARY/CUSTOM/FUNCTIONS.h:616:6:void neoway_flash_clean()	128	static
E:/CWSI_2_10_USA/CWSI_2_11_USA/LIBRARY/CUSTOM/FUNCTIONS.h:651:6:void Get_save_time()	280	static,ignoring_inline_asm
E:/CWSI_2_10_USA/CWSI_2_11_USA/LIBRARY/CUSTOM/FUNCTIONS.h:801:6:void httpget(const string&)	208	static
E:/CWSI_2_10_USA/CWSI_2_11_USA/LIBRARY/CUSTOM/FUNCTIONS.h:831:6:void https_file_download(std::string&)	8	static
E:/CWSI_2_10_USA/CWSI_2_11_USA/LIBRARY/CUSTOM/FUNCTIONS.h:1482:10:uint32_t get_file_size(std::string&)	152	static
E:/CWSI_2_10_USA/CWSI_2_11_USA/LIBRARY/CUSTOM/FUNCTIONS.h:1588:6:void neoway_delete_file(std::string&)	208	static
E:/CWSI_2_10_USA/CWSI_2_11_USA/LIBRARY/CUSTOM/../CUSTOM/NEOWAY.h:411:8:void NEOWAY::POWER_ON()	176	static
E:/CWSI_2_10_USA/CWSI_2_11_USA/LIBRARY/CUSTOM/FUNCTIONS.h:1894:6:void ALL_POWER_ON()	8	static
E:/CWSI_2_10_USA/CWSI_2_11_USA/LIBRARY/CUSTOM/../CUSTOM/NEOWAY.h:343:8:void NEOWAY::BLE_NAME(std::string)	200	static
E:/CWSI_2_10_USA/CWSI_2_11_USA/LIBRARY/CUSTOM/../CUSTOM/NEOWAY.h:352:8:void NEOWAY::BLE_SETUP(std::string)	248	static
E:/CWSI_2_10_USA/CWSI_2_11_USA/LIBRARY/CUSTOM/../CUSTOM/NEOWAY.h:429:8:void NEOWAY::INIT()	256	static
E:/CWSI_2_10_USA/CWSI_2_11_USA/LIBRARY/CUSTOM/../CUSTOM/NEOWAY.h:466:8:void NEOWAY::AWS_CON()	256	static
E:\Programs\STM32CubeIDE_1.14.1\STM32CubeIDE\plugins\com.st.stm32cube.ide.mcu.externaltools.gnu-tools-for-stm32.11.3.rel1.win32_1.1.100.202309141235\tools\arm-none-eabi\include\c++\11.3.1\bits\basic_string.h:6234:5:typename __gnu_cxx::__enable_if<std::__is_char<_Tp>::__value, bool>::__type std::operator==(const std::__cxx11::basic_string<_CharT>&, const std::__cxx11::basic_string<_CharT>&) [with _CharT = char]	8	static
E:/CWSI_2_10_USA/CWSI_2_11_USA/LIBRARY/CUSTOM/../CUSTOM/UART_DEBUG.h:110:10:std::string UART_DEBUG::Both_Get_pass(uint32_t, int*)	120	static
E:/CWSI_2_10_USA/CWSI_2_11_USA/LIBRARY/CUSTOM/FUNCTIONS.h:139:6:void PassAuthen()	80	static
E:/CWSI_2_10_USA/CWSI_2_11_USA/LIBRARY/CUSTOM/FUNCTIONS.h:180:8:double Get_entered_value(uint16_t)	40	static
E:/CWSI_2_10_USA/CWSI_2_11_USA/LIBRARY/CUSTOM/../CUSTOM/UART_DEBUG.h:156:17:NEOWAY_RETURN UART_DEBUG::Both_read_check(std::string, uint32_t, std::string, std::string*)	112	static
E:/CWSI_2_10_USA/CWSI_2_11_USA/LIBRARY/CUSTOM/FUNCTIONS.h:1822:6:void STOPPER(std::string, std::string)	136	static
E:/CWSI_2_10_USA/CWSI_2_11_USA/LIBRARY/CUSTOM/FUNCTIONS.h:1904:6:void GO_TO_SLEEP()	96	static
E:/CWSI_2_10_USA/CWSI_2_11_USA/LIBRARY/CUSTOM/Sandisk.h:76:7:void SD2::read2()	72	static
E:/CWSI_2_10_USA/CWSI_2_11_USA/LIBRARY/CUSTOM/../CUSTOM/DYNAMIC_ARRAY.h:38:3:DynamicArray<Tda>::DynamicArray() [with Tda = unsigned char]	8	static
E:/CWSI_2_10_USA/CWSI_2_11_USA/LIBRARY/CUSTOM/../CUSTOM/RS485.h:39:3:RS485::RS485(UART_HandleTypeDef*, DynamicArray<VARIABLES*>*, std::string, bool)	40	static
E:/CWSI_2_10_USA/CWSI_2_11_USA/LIBRARY/CUSTOM/../CUSTOM/DYNAMIC_ARRAY.h:64:8:void DynamicArray<Tda>::clean() [with Tda = unsigned char]	16	static
E:/CWSI_2_10_USA/CWSI_2_11_USA/LIBRARY/CUSTOM/../CUSTOM/DYNAMIC_ARRAY.h:217:8:void DynamicArray<Tda>::assign(std::initializer_list<Tp>) [with Tp = unsigned char; Tda = unsigned char]	24	static
E:/CWSI_2_10_USA/CWSI_2_11_USA/LIBRARY/CUSTOM/../CUSTOM/DYNAMIC_ARRAY.h:90:8:void DynamicArray<Tda>::push_back(Tda) [with Tda = unsigned char]	16	static
E:/CWSI_2_10_USA/CWSI_2_11_USA/LIBRARY/CUSTOM/../CUSTOM/RS485.h:186:8:void RS485::READ_FRAME(DynamicArray<unsigned char>*)	56	static
E:/CWSI_2_10_USA/CWSI_2_11_USA/LIBRARY/CUSTOM/../CUSTOM/RS485.h:66:8:void RS485::RS485_READ(bool, bool)	248	static
E:/CWSI_2_10_USA/CWSI_2_11_USA/LIBRARY/CUSTOM/../CUSTOM/RS485.h:289:8:void RS485::ADD_CRC(DynamicArray<unsigned char>*)	16	static
E:/CWSI_2_10_USA/CWSI_2_11_USA/LIBRARY/CUSTOM/../CUSTOM/RS485.h:367:8:void RS485::SET_frame(std::initializer_list<unsigned char>)	32	static
E:/CWSI_2_10_USA/CWSI_2_11_USA/LIBRARY/CUSTOM/FUNCTIONS.h:71:6:0()	272	static
E:/CWSI_2_10_USA/CWSI_2_11_USA/LIBRARY/CUSTOM/FUNCTIONS.h:71:6:void change_address_rs485()	8	static
E:/CWSI_2_10_USA/CWSI_2_11_USA/LIBRARY/CUSTOM/../CUSTOM/DYNAMIC_ARRAY.h:90:8:void DynamicArray<Tda>::push_back(Tda) [with Tda = double]	32	static
E:/CWSI_2_10_USA/CWSI_2_11_USA/LIBRARY/CUSTOM/../CUSTOM/ANALOG.h:106:10:double ANALOG::ANALOG_CONVERT_AVERAGE(uint32_t, bool)	424	static
E:/CWSI_2_10_USA/CWSI_2_11_USA/LIBRARY/CUSTOM/../CUSTOM/DYNAMIC_ARRAY.h:173:8:Tda* DynamicArray<Tda>::at(uint32_t) [with Tda = WIND_DIR::Direction]	0	static
E:/CWSI_2_10_USA/CWSI_2_11_USA/LIBRARY/CUSTOM/../CUSTOM/WIND_DIR.h:157:8:void WIND_DIR::SET_RANGES()	40	static
E:/CWSI_2_10_USA/CWSI_2_11_USA/LIBRARY/CUSTOM/../CUSTOM/WIND_DIR.h:144:8:void WIND_DIR::SORT_VOLTAGES()	96	static
E:/CWSI_2_10_USA/CWSI_2_11_USA/LIBRARY/CUSTOM/../CUSTOM/WIND_DIR.h:44:10:std::string WIND_DIR::DIRECTION_READ(uint32_t, bool)	144	static
E:/CWSI_2_10_USA/CWSI_2_11_USA/LIBRARY/CUSTOM/FUNCTIONS.h:1193:6:void SENSOR_ONLY_FUNC()	72	static
E:/CWSI_2_10_USA/CWSI_2_11_USA/LIBRARY/CUSTOM/FUNCTIONS.h:1235:6:void fetch_reading()	80	static
E:/CWSI_2_10_USA/CWSI_2_11_USA/LIBRARY/CUSTOM/../ArduinoJson-6.x/src/ArduinoJson/Document/StaticJsonDocument.hpp:18:3:ArduinoJson::V6211HB::StaticJsonDocument<desiredCapacity>::StaticJsonDocument() [with unsigned int desiredCapacity = 1200]	0	static
E:/CWSI_2_10_USA/CWSI_2_11_USA/LIBRARY/CUSTOM/../CUSTOM/DYNAMIC_ARRAY.h:173:8:Tda* DynamicArray<Tda>::at(uint32_t) [with Tda = VARIABLES*]	0	static
E:/CWSI_2_10_USA/CWSI_2_11_USA/LIBRARY/CUSTOM/../ArduinoJson-6.x/src/ArduinoJson/Array/../Variant/../Variant/../Memory/MemoryPool.hpp:73:15:const char* ArduinoJson::V6211HB::detail::MemoryPool::saveString(TAdaptedString) [with TAdaptedString = ArduinoJson::V6211HB::detail::SizedRamString]	24	static
E:/CWSI_2_10_USA/CWSI_2_11_USA/LIBRARY/CUSTOM/../CUSTOM/DYNAMIC_ARRAY.h:153:8:void DynamicArray<Tda>::expand_1() [with Tda = Parameter]	24	static
E:/CWSI_2_10_USA/CWSI_2_11_USA/LIBRARY/CUSTOM/../CUSTOM/DYNAMIC_ARRAY.h:90:8:void DynamicArray<Tda>::push_back(Tda) [with Tda = Parameter]	16	static
E:/CWSI_2_10_USA/CWSI_2_11_USA/LIBRARY/CUSTOM/../CUSTOM/RS485.h:273:12:uint32_t RS485::ADD_PARA(std::string, double, uint8_t)	152	static
E:/CWSI_2_10_USA/CWSI_2_11_USA/LIBRARY/CUSTOM/../CUSTOM/VARIABLES.h:57:12:uint32_t VARIABLES::ADD_PARA(std::string)	144	static
E:/CWSI_2_10_USA/CWSI_2_11_USA/LIBRARY/CUSTOM/FUNCTIONS.h:861:6:void object_setup()	128	static
E:/CWSI_2_10_USA/CWSI_2_11_USA/LIBRARY/CUSTOM/../CUSTOM/DYNAMIC_ARRAY.h:153:8:void DynamicArray<Tda>::expand_1() [with Tda = WIND_DIR::Direction]	24	static
E:/CWSI_2_10_USA/CWSI_2_11_USA/LIBRARY/CUSTOM/../CUSTOM/WIND_DIR.h:133:8:void WIND_DIR::ADD_DIR(uint32_t, std::string, double)	144	static
E:/CWSI_2_10_USA/CWSI_2_11_USA/LIBRARY/CUSTOM/../CUSTOM/WIND_DIR.h:106:8:void WIND_DIR::DIR_SETUP()	32	static
E:/CWSI_2_10_USA/CWSI_2_11_USA/LIBRARY/CUSTOM/../CUSTOM/WIND_DIR.h:32:3:WIND_DIR::WIND_DIR(DynamicArray<VARIABLES*>*, std::string, bool)	48	static
../Core/Src/main.cpp:499:1:void __static_initialization_and_destruction_0(int, int)	88	static
E:/CWSI_2_10_USA/CWSI_2_11_USA/LIBRARY/CUSTOM/../ArduinoJson-6.x/src/ArduinoJson/Collection/CollectionImpl.hpp:108:21:ArduinoJson::V6211HB::detail::VariantData* ArduinoJson::V6211HB::detail::CollectionData::getMember(TAdaptedString) const [with TAdaptedString = ArduinoJson::V6211HB::detail::StaticStringAdapter]	24	static
E:/CWSI_2_10_USA/CWSI_2_11_USA/LIBRARY/CUSTOM/../ArduinoJson-6.x/src/ArduinoJson/Array/../Variant/../Variant/../Variant/../Variant/VariantData.hpp:266:16:ArduinoJson::V6211HB::detail::VariantData* ArduinoJson::V6211HB::detail::VariantData::getMember(TAdaptedString) const [with TAdaptedString = ArduinoJson::V6211HB::detail::StaticStringAdapter]	8	static
E:/CWSI_2_10_USA/CWSI_2_11_USA/LIBRARY/CUSTOM/../ArduinoJson-6.x/src/ArduinoJson/Collection/CollectionImpl.hpp:78:21:ArduinoJson::V6211HB::detail::VariantSlot* ArduinoJson::V6211HB::detail::CollectionData::getSlot(TAdaptedString) const [with TAdaptedString = ArduinoJson::V6211HB::detail::SizedRamString]	32	static
E:/CWSI_2_10_USA/CWSI_2_11_USA/LIBRARY/CUSTOM/../ArduinoJson-6.x/src/ArduinoJson/Array/../Variant/../Variant/../Variant/../Variant/VariantData.hpp:266:16:ArduinoJson::V6211HB::detail::VariantData* ArduinoJson::V6211HB::detail::VariantData::getMember(TAdaptedString) const [with TAdaptedString = ArduinoJson::V6211HB::detail::SizedRamString]	24	static
E:/CWSI_2_10_USA/CWSI_2_11_USA/LIBRARY/CUSTOM/../ArduinoJson-6.x/src/ArduinoJson/Array/../Variant/../Variant/../Variant/../Numbers/arithmeticCompare.hpp:23:15:ArduinoJson::V6211HB::detail::CompareResult ArduinoJson::V6211HB::detail::arithmeticCompare(const T&, const T&) [with T = double]	24	static
E:/CWSI_2_10_USA/CWSI_2_11_USA/LIBRARY/CUSTOM/../ArduinoJson-6.x/src/ArduinoJson/Variant/VariantCompare.hpp:143:17:ArduinoJson::V6211HB::detail::CompareResult ArduinoJson::V6211HB::detail::VariantComparer::visitFloat(ArduinoJson::V6211HB::JsonFloat)	40	static
E:/CWSI_2_10_USA/CWSI_2_11_USA/LIBRARY/CUSTOM/../ArduinoJson-6.x/src/ArduinoJson/Array/../Variant/../Variant/../Variant/../Numbers/arithmeticCompare.hpp:23:15:ArduinoJson::V6211HB::detail::CompareResult ArduinoJson::V6211HB::detail::arithmeticCompare(const T&, const T&) [with T = long long unsigned int]	8	static
E:/CWSI_2_10_USA/CWSI_2_11_USA/LIBRARY/CUSTOM/../ArduinoJson-6.x/src/ArduinoJson/Variant/VariantCompare.hpp:163:17:ArduinoJson::V6211HB::detail::CompareResult ArduinoJson::V6211HB::detail::VariantComparer::visitUnsignedInteger(ArduinoJson::V6211HB::JsonUInt)	40	static
E:/CWSI_2_10_USA/CWSI_2_11_USA/LIBRARY/CUSTOM/../ArduinoJson-6.x/src/ArduinoJson/Array/../Variant/../Variant/../Variant/../Variant/VariantData.hpp:29:34:typename TVisitor::result_type ArduinoJson::V6211HB::detail::VariantData::accept(TVisitor&) const [with TVisitor = ArduinoJson::V6211HB::detail::Comparer<bool>]	24	static
E:/CWSI_2_10_USA/CWSI_2_11_USA/LIBRARY/CUSTOM/../ArduinoJson-6.x/src/ArduinoJson/Variant/VariantCompare.hpp:168:17:ArduinoJson::V6211HB::detail::CompareResult ArduinoJson::V6211HB::detail::VariantComparer::visitBoolean(bool)	16	static
E:/CWSI_2_10_USA/CWSI_2_11_USA/LIBRARY/CUSTOM/../ArduinoJson-6.x/src/ArduinoJson/Array/../Variant/../Variant/../Variant/../Variant/VariantData.hpp:29:34:typename TVisitor::result_type ArduinoJson::V6211HB::detail::VariantData::accept(TVisitor&) const [with TVisitor = ArduinoJson::V6211HB::detail::Comparer<long long int>]	24	static
E:/CWSI_2_10_USA/CWSI_2_11_USA/LIBRARY/CUSTOM/../ArduinoJson-6.x/src/ArduinoJson/Variant/VariantCompare.hpp:158:17:ArduinoJson::V6211HB::detail::CompareResult ArduinoJson::V6211HB::detail::VariantComparer::visitSignedInteger(ArduinoJson::V6211HB::JsonInteger)	16	static
E:/CWSI_2_10_USA/CWSI_2_11_USA/LIBRARY/CUSTOM/../ArduinoJson-6.x/src/ArduinoJson/Array/../Variant/../Variant/../Variant/../Variant/VariantData.hpp:29:34:typename TVisitor::result_type ArduinoJson::V6211HB::detail::VariantData::accept(TVisitor&) const [with TVisitor = ArduinoJson::V6211HB::detail::Comparer<ArduinoJson::V6211HB::JsonVariantConst, void>]	16	static
E:/CWSI_2_10_USA/CWSI_2_11_USA/LIBRARY/CUSTOM/../ArduinoJson-6.x/src/ArduinoJson/Variant/VariantCompare.hpp:138:17:ArduinoJson::V6211HB::detail::CompareResult ArduinoJson::V6211HB::detail::VariantComparer::visitObject(const ArduinoJson::V6211HB::detail::CollectionData&)	80	static
E:/CWSI_2_10_USA/CWSI_2_11_USA/LIBRARY/CUSTOM/../ArduinoJson-6.x/src/ArduinoJson/Variant/VariantCompare.hpp:133:17:ArduinoJson::V6211HB::detail::CompareResult ArduinoJson::V6211HB::detail::VariantComparer::visitArray(const ArduinoJson::V6211HB::detail::CollectionData&)	24	static
E:/CWSI_2_10_USA/CWSI_2_11_USA/LIBRARY/CUSTOM/../ArduinoJson-6.x/src/ArduinoJson/Array/../Variant/../Variant/../Variant/../Variant/VariantData.hpp:29:34:typename TVisitor::result_type ArduinoJson::V6211HB::detail::VariantData::accept(TVisitor&) const [with TVisitor = ArduinoJson::V6211HB::detail::Comparer<ArduinoJson::V6211HB::StaticJsonDocument<1200>, void>]	16	static
E:/CWSI_2_10_USA/CWSI_2_11_USA/LIBRARY/CUSTOM/../ArduinoJson-6.x/src/ArduinoJson/Json/JsonDeserializer.hpp:47:8:char ArduinoJson::V6211HB::detail::JsonDeserializer<TReader, TStringStorage>::current() [with TReader = ArduinoJson::V6211HB::detail::Reader<std::__cxx11::basic_string<char>, void>; TStringStorage = ArduinoJson::V6211HB::detail::StringCopier]	0	static
E:/CWSI_2_10_USA/CWSI_2_11_USA/LIBRARY/CUSTOM/../ArduinoJson-6.x/src/ArduinoJson/Json/JsonDeserializer.hpp:583:30:ArduinoJson::V6211HB::DeserializationError::Code ArduinoJson::V6211HB::detail::JsonDeserializer<TReader, TStringStorage>::skipSpacesAndComments() [with TReader = ArduinoJson::V6211HB::detail::Reader<std::__cxx11::basic_string<char>, void>; TStringStorage = ArduinoJson::V6211HB::detail::StringCopier]	16	static
E:/CWSI_2_10_USA/CWSI_2_11_USA/LIBRARY/CUSTOM/../ArduinoJson-6.x/src/ArduinoJson/Json/JsonDeserializer.hpp:649:30:ArduinoJson::V6211HB::DeserializationError::Code ArduinoJson::V6211HB::detail::JsonDeserializer<TReader, TStringStorage>::skipKeyword(const char*) [with TReader = ArduinoJson::V6211HB::detail::Reader<std::__cxx11::basic_string<char>, void>; TStringStorage = ArduinoJson::V6211HB::detail::StringCopier]	16	static
E:/CWSI_2_10_USA/CWSI_2_11_USA/LIBRARY/CUSTOM/../ArduinoJson-6.x/src/ArduinoJson/Variant/../Json/../Json/../Numbers/FloatParts.hpp:20:3:ArduinoJson::V6211HB::detail::FloatParts<TFloat>::FloatParts(TFloat) [with TFloat = double]	40	static
E:/CWSI_2_10_USA/CWSI_2_11_USA/LIBRARY/CUSTOM/../ArduinoJson-6.x/src/ArduinoJson/Json/JsonDeserializer.hpp:55:8:bool ArduinoJson::V6211HB::detail::JsonDeserializer<TReader, TStringStorage>::eat(char) [with TReader = ArduinoJson::V6211HB::detail::Reader<std::__cxx11::basic_string<char>, void>; TStringStorage = ArduinoJson::V6211HB::detail::StringCopier]	16	static
E:/CWSI_2_10_USA/CWSI_2_11_USA/LIBRARY/CUSTOM/../ArduinoJson-6.x/src/ArduinoJson/Variant/../Json/../Json/../Serialization/CountingDecorator.hpp:20:8:void ArduinoJson::V6211HB::detail::CountingDecorator<TWriter>::write(const uint8_t*, size_t) [with TWriter = ArduinoJson::V6211HB::detail::Writer<std::__cxx11::basic_string<char>, void>]	16	static
E:/CWSI_2_10_USA/CWSI_2_11_USA/LIBRARY/CUSTOM/../ArduinoJson-6.x/src/ArduinoJson/Variant/../Json/../Json/TextFormatter.hpp:148:8:void ArduinoJson::V6211HB::detail::TextFormatter<TWriter>::writeRaw(const char*) [with TWriter = ArduinoJson::V6211HB::detail::Writer<std::__cxx11::basic_string<char>, void>]	16	static
E:/CWSI_2_10_USA/CWSI_2_11_USA/LIBRARY/CUSTOM/../ArduinoJson-6.x/src/ArduinoJson/Variant/../Json/../Json/TextFormatter.hpp:116:51:typename ArduinoJson::V6211HB::detail::enable_if<ArduinoJson::V6211HB::detail::is_unsigned<TOut>::value>::type ArduinoJson::V6211HB::detail::TextFormatter<TWriter>::writeInteger(T) [with T = long long unsigned int; TWriter = ArduinoJson::V6211HB::detail::Writer<std::__cxx11::basic_string<char>, void>]	48	static
E:/CWSI_2_10_USA/CWSI_2_11_USA/LIBRARY/CUSTOM/../ArduinoJson-6.x/src/ArduinoJson/Array/../Variant/../Variant/../Variant/VariantFunctions.hpp:85:14:ArduinoJson::V6211HB::detail::VariantData* ArduinoJson::V6211HB::detail::variantGetOrAddMember(ArduinoJson::V6211HB::detail::VariantData*, TAdaptedString, ArduinoJson::V6211HB::detail::MemoryPool*) [with TAdaptedString = ArduinoJson::V6211HB::detail::SizedRamString]	48	static
E:/CWSI_2_10_USA/CWSI_2_11_USA/LIBRARY/CUSTOM/../ArduinoJson-6.x/src/ArduinoJson/Json/../Json/Utf8.hpp:13:13:void ArduinoJson::V6211HB::detail::Utf8::encodeCodepoint(uint32_t, TStringBuilder&) [with TStringBuilder = ArduinoJson::V6211HB::detail::StringCopier]	24	static
E:/CWSI_2_10_USA/CWSI_2_11_USA/LIBRARY/CUSTOM/../ArduinoJson-6.x/src/ArduinoJson/Json/JsonDeserializer.hpp:402:30:ArduinoJson::V6211HB::DeserializationError::Code ArduinoJson::V6211HB::detail::JsonDeserializer<TReader, TStringStorage>::parseQuotedString() [with TReader = ArduinoJson::V6211HB::detail::Reader<std::__cxx11::basic_string<char>, void>; TStringStorage = ArduinoJson::V6211HB::detail::StringCopier]	32	static
E:/CWSI_2_10_USA/CWSI_2_11_USA/LIBRARY/CUSTOM/../ArduinoJson-6.x/src/ArduinoJson/Json/JsonDeserializer.hpp:567:22:static bool ArduinoJson::V6211HB::detail::JsonDeserializer<TReader, TStringStorage>::canBeInNonQuotedString(char) [with TReader = ArduinoJson::V6211HB::detail::Reader<std::__cxx11::basic_string<char>, void>; TStringStorage = ArduinoJson::V6211HB::detail::StringCopier]	0	static
E:/CWSI_2_10_USA/CWSI_2_11_USA/LIBRARY/CUSTOM/../ArduinoJson-6.x/src/ArduinoJson/Json/JsonDeserializer.hpp:379:30:ArduinoJson::V6211HB::DeserializationError::Code ArduinoJson::V6211HB::detail::JsonDeserializer<TReader, TStringStorage>::parseKey() [with TReader = ArduinoJson::V6211HB::detail::Reader<std::__cxx11::basic_string<char>, void>; TStringStorage = ArduinoJson::V6211HB::detail::StringCopier]	16	static
E:/CWSI_2_10_USA/CWSI_2_11_USA/LIBRARY/CUSTOM/../ArduinoJson-6.x/src/ArduinoJson/Json/JsonDeserializer.hpp:63:30:ArduinoJson::V6211HB::DeserializationError::Code ArduinoJson::V6211HB::detail::JsonDeserializer<TReader, TStringStorage>::parseVariant(ArduinoJson::V6211HB::detail::VariantData&, TFilter, ArduinoJson::V6211HB::DeserializationOption::NestingLimit) [with TFilter = ArduinoJson::V6211HB::detail::AllowAllFilter; TReader = ArduinoJson::V6211HB::detail::Reader<std::__cxx11::basic_string<char>, void>; TStringStorage = ArduinoJson::V6211HB::detail::StringCopier]	40	static
E:/CWSI_2_10_USA/CWSI_2_11_USA/LIBRARY/CUSTOM/../ArduinoJson-6.x/src/ArduinoJson/Json/../Deserialization/deserialize.hpp:39:22:) [with TDeserializer = ArduinoJson::V6211HB::detail::JsonDeserializer; TStream = std::__cxx11::basic_string<char>&; Args = {}; <template-parameter-1-4> = void]	120	static
E:/CWSI_2_10_USA/CWSI_2_11_USA/LIBRARY/CUSTOM/FUNCTIONS.h:502:11:LOOP_CONT JSON_EXTRACTER(std::string*, ArduinoJson::V6211HB::StaticJsonDocument<1200>*)	64	static
E:/CWSI_2_10_USA/CWSI_2_11_USA/LIBRARY/CUSTOM/FUNCTIONS.h:344:6:void neoway_read()	1320	static
E:/CWSI_2_10_USA/CWSI_2_11_USA/LIBRARY/CUSTOM/../ArduinoJson-6.x/src/ArduinoJson/Variant/../Json/../Json/../Serialization/CountingDecorator.hpp:16:8:void ArduinoJson::V6211HB::detail::CountingDecorator<TWriter>::write(uint8_t) [with TWriter = ArduinoJson::V6211HB::detail::Writer<std::__cxx11::basic_string<char>, void>]	8	static
E:/CWSI_2_10_USA/CWSI_2_11_USA/LIBRARY/CUSTOM/../ArduinoJson-6.x/src/ArduinoJson/Variant/../Json/../Json/TextFormatter.hpp:68:8:void ArduinoJson::V6211HB::detail::TextFormatter<TWriter>::writeFloat(T) [with T = double; TWriter = ArduinoJson::V6211HB::detail::Writer<std::__cxx11::basic_string<char>, void>]	64	static
E:/CWSI_2_10_USA/CWSI_2_11_USA/LIBRARY/CUSTOM/../ArduinoJson-6.x/src/ArduinoJson/Variant/../Json/../Json/TextFormatter.hpp:55:8:void ArduinoJson::V6211HB::detail::TextFormatter<TWriter>::writeChar(char) [with TWriter = ArduinoJson::V6211HB::detail::Writer<std::__cxx11::basic_string<char>, void>]	16	static
E:/CWSI_2_10_USA/CWSI_2_11_USA/LIBRARY/CUSTOM/../ArduinoJson-6.x/src/ArduinoJson/Array/../Variant/../Variant/../Variant/../Variant/VariantData.hpp:29:34:typename TVisitor::result_type ArduinoJson::V6211HB::detail::VariantData::accept(TVisitor&) const [with TVisitor = ArduinoJson::V6211HB::detail::JsonSerializer<ArduinoJson::V6211HB::detail::Writer<std::__cxx11::basic_string<char>, void> >]	16	static
E:/CWSI_2_10_USA/CWSI_2_11_USA/LIBRARY/CUSTOM/../ArduinoJson-6.x/src/ArduinoJson/Variant/../Json/JsonSerializer.hpp:125:8:size_t ArduinoJson::V6211HB::serializeJson(ArduinoJson::V6211HB::JsonVariantConst, TDestination&) [with TDestination = std::__cxx11::basic_string<char>]	16	static
E:/CWSI_2_10_USA/CWSI_2_11_USA/LIBRARY/CUSTOM/../CUSTOM/JSON_HANDLER.h:50:8:void JSON_HANDLER::MAKE_DATA_JSON(JSON_HANDLER::clear_enum, bool)	152	static
E:/CWSI_2_10_USA/CWSI_2_11_USA/LIBRARY/CUSTOM/FUNCTIONS.h:842:6:void neoway_publish(std::string)	248	static
E:/CWSI_2_10_USA/CWSI_2_11_USA/LIBRARY/CUSTOM/../ArduinoJson-6.x/src/ArduinoJson/Variant/ConverterImpl.hpp:283:13:void ArduinoJson::V6211HB::convertFromJson(ArduinoJson::V6211HB::JsonVariantConst, std::string&)	16	static
E:/CWSI_2_10_USA/CWSI_2_11_USA/LIBRARY/CUSTOM/FUNCTIONS.h:283:6:void UPDATE_CONFIG(const ArduinoJson::V6211HB::StaticJsonDocument<1200>&)	88	static
E:/CWSI_2_10_USA/CWSI_2_11_USA/LIBRARY/CUSTOM/FUNCTIONS.h:315:6:void config_file()	200	static
E:/CWSI_2_10_USA/CWSI_2_11_USA/LIBRARY/CUSTOM/FUNCTIONS.h:525:6:void cert_add()	1464	static
E:/CWSI_2_10_USA/CWSI_2_11_USA/LIBRARY/CUSTOM/FUNCTIONS.h:463:6:void check_all_certificates()	144	static
E:/CWSI_2_10_USA/CWSI_2_11_USA/LIBRARY/CUSTOM/FUNCTIONS.h:359:6:0(std::string&, std::string&)	1248	static
E:/CWSI_2_10_USA/CWSI_2_11_USA/LIBRARY/CUSTOM/FUNCTIONS.h:359:6:void GET_LINKS(std::string&, std::string&)	8	static
E:/CWSI_2_10_USA/CWSI_2_11_USA/LIBRARY/CUSTOM/../CUSTOM/JSON_HANDLER.h:87:8:void JSON_HANDLER::MAKE_META_JSON(JSON_HANDLER::clear_enum, bool)	104	static
E:/CWSI_2_10_USA/CWSI_2_11_USA/LIBRARY/CUSTOM/FUNCTIONS.h:191:6:void MENU_PRINT(bool)	1504	static
E:/CWSI_2_10_USA/CWSI_2_11_USA/LIBRARY/CUSTOM/FUNCTIONS.h:271:6:void save_meta_neoway()	32	static
E:/CWSI_2_10_USA/CWSI_2_11_USA/LIBRARY/CUSTOM/FUNCTIONS.h:1616:6:void OTA_FUNCTION()	168	static
../Core/Src/main.cpp:221:5:int main()	13216	static,ignoring_inline_asm
../Core/Src/main.cpp:499:1:cpp)	0	static
../Core/Src/main.cpp:499:1:cpp)	0	static
