../Core/Src/stm32l4xx_it.c:28:6:SDTimer_Handler	0	static
../Core/Src/stm32l4xx_it.c:80:6:NMI_Handler	0	static
../Core/Src/stm32l4xx_it.c:95:6:HardFault_Handler	0	static
../Core/Src/stm32l4xx_it.c:110:6:MemManage_Handler	0	static
../Core/Src/stm32l4xx_it.c:125:6:BusFault_Handler	0	static
../Core/Src/stm32l4xx_it.c:140:6:UsageFault_Handler	0	static
../Core/Src/stm32l4xx_it.c:155:6:SVC_Handler	0	static
../Core/Src/stm32l4xx_it.c:168:6:DebugMon_Handler	0	static
../Core/Src/stm32l4xx_it.c:181:6:PendSV_Handler	0	static
../Core/Src/stm32l4xx_it.c:194:6:SysTick_Handler	8	static
../Core/Src/stm32l4xx_it.c:220:6:RTC_WKUP_IRQHandler	0	static
../Core/Src/stm32l4xx_it.c:234:6:RCC_IRQHandler	0	static
../Core/Src/stm32l4xx_it.c:247:6:EXTI9_5_IRQHandler	0	static
../Core/Src/stm32l4xx_it.c:261:6:RTC_Alarm_IRQHandler	0	static
