Archive member included to satisfy reference by file (symbol)

C:/ST/STM32CubeIDE_1.19.0/STM32CubeIDE/plugins/com.st.stm32cube.ide.mcu.externaltools.gnu-tools-for-stm32.13.3.rel1.win32_1.0.0.202411081344/tools/bin/../lib/gcc/arm-none-eabi/13.3.1/../../../../arm-none-eabi/lib/thumb/v7e-m+fp/hard\libstdc++_nano.a(del_opv.o)
                              ./Core/Src/main.o (operator delete[](void*))
C:/ST/STM32CubeIDE_1.19.0/STM32CubeIDE/plugins/com.st.stm32cube.ide.mcu.externaltools.gnu-tools-for-stm32.13.3.rel1.win32_1.0.0.202411081344/tools/bin/../lib/gcc/arm-none-eabi/13.3.1/../../../../arm-none-eabi/lib/thumb/v7e-m+fp/hard\libstdc++_nano.a(guard.o)
                              ./Core/Src/main.o (__cxa_guard_acquire)
C:/ST/STM32CubeIDE_1.19.0/STM32CubeIDE/plugins/com.st.stm32cube.ide.mcu.externaltools.gnu-tools-for-stm32.13.3.rel1.win32_1.0.0.202411081344/tools/bin/../lib/gcc/arm-none-eabi/13.3.1/../../../../arm-none-eabi/lib/thumb/v7e-m+fp/hard\libstdc++_nano.a(new_opv.o)
                              ./Core/Src/main.o (operator new[](unsigned int))
C:/ST/STM32CubeIDE_1.19.0/STM32CubeIDE/plugins/com.st.stm32cube.ide.mcu.externaltools.gnu-tools-for-stm32.13.3.rel1.win32_1.0.0.202411081344/tools/bin/../lib/gcc/arm-none-eabi/13.3.1/../../../../arm-none-eabi/lib/thumb/v7e-m+fp/hard\libstdc++_nano.a(string-inst.o)
                              ./Core/Src/main.o (std::__cxx11::basic_string<char, std::char_traits<char>, std::allocator<char> >::basic_string())
C:/ST/STM32CubeIDE_1.19.0/STM32CubeIDE/plugins/com.st.stm32cube.ide.mcu.externaltools.gnu-tools-for-stm32.13.3.rel1.win32_1.0.0.202411081344/tools/bin/../lib/gcc/arm-none-eabi/13.3.1/../../../../arm-none-eabi/lib/thumb/v7e-m+fp/hard\libstdc++_nano.a(del_op.o)
                              C:/ST/STM32CubeIDE_1.19.0/STM32CubeIDE/plugins/com.st.stm32cube.ide.mcu.externaltools.gnu-tools-for-stm32.13.3.rel1.win32_1.0.0.202411081344/tools/bin/../lib/gcc/arm-none-eabi/13.3.1/../../../../arm-none-eabi/lib/thumb/v7e-m+fp/hard\libstdc++_nano.a(del_opv.o) (operator delete(void*))
C:/ST/STM32CubeIDE_1.19.0/STM32CubeIDE/plugins/com.st.stm32cube.ide.mcu.externaltools.gnu-tools-for-stm32.13.3.rel1.win32_1.0.0.202411081344/tools/bin/../lib/gcc/arm-none-eabi/13.3.1/../../../../arm-none-eabi/lib/thumb/v7e-m+fp/hard\libstdc++_nano.a(new_op.o)
                              C:/ST/STM32CubeIDE_1.19.0/STM32CubeIDE/plugins/com.st.stm32cube.ide.mcu.externaltools.gnu-tools-for-stm32.13.3.rel1.win32_1.0.0.202411081344/tools/bin/../lib/gcc/arm-none-eabi/13.3.1/../../../../arm-none-eabi/lib/thumb/v7e-m+fp/hard\libstdc++_nano.a(new_opv.o) (operator new(unsigned int))
C:/ST/STM32CubeIDE_1.19.0/STM32CubeIDE/plugins/com.st.stm32cube.ide.mcu.externaltools.gnu-tools-for-stm32.13.3.rel1.win32_1.0.0.202411081344/tools/bin/../lib/gcc/arm-none-eabi/13.3.1/../../../../arm-none-eabi/lib/thumb/v7e-m+fp/hard\libstdc++_nano.a(functexcept.o)
                              C:/ST/STM32CubeIDE_1.19.0/STM32CubeIDE/plugins/com.st.stm32cube.ide.mcu.externaltools.gnu-tools-for-stm32.13.3.rel1.win32_1.0.0.202411081344/tools/bin/../lib/gcc/arm-none-eabi/13.3.1/../../../../arm-none-eabi/lib/thumb/v7e-m+fp/hard\libstdc++_nano.a(string-inst.o) (std::__throw_bad_alloc())
C:/ST/STM32CubeIDE_1.19.0/STM32CubeIDE/plugins/com.st.stm32cube.ide.mcu.externaltools.gnu-tools-for-stm32.13.3.rel1.win32_1.0.0.202411081344/tools/bin/../lib/gcc/arm-none-eabi/13.3.1/../../../../arm-none-eabi/lib/thumb/v7e-m+fp/hard\libstdc++_nano.a(new_handler.o)
                              C:/ST/STM32CubeIDE_1.19.0/STM32CubeIDE/plugins/com.st.stm32cube.ide.mcu.externaltools.gnu-tools-for-stm32.13.3.rel1.win32_1.0.0.202411081344/tools/bin/../lib/gcc/arm-none-eabi/13.3.1/../../../../arm-none-eabi/lib/thumb/v7e-m+fp/hard\libstdc++_nano.a(new_op.o) (std::get_new_handler())
C:/ST/STM32CubeIDE_1.19.0/STM32CubeIDE/plugins/com.st.stm32cube.ide.mcu.externaltools.gnu-tools-for-stm32.13.3.rel1.win32_1.0.0.202411081344/tools/bin/../lib/gcc/arm-none-eabi/13.3.1/../../../../arm-none-eabi/lib/thumb/v7e-m+fp/hard\libc_nano.a(libc_a-abort.o)
                              C:/ST/STM32CubeIDE_1.19.0/STM32CubeIDE/plugins/com.st.stm32cube.ide.mcu.externaltools.gnu-tools-for-stm32.13.3.rel1.win32_1.0.0.202411081344/tools/bin/../lib/gcc/arm-none-eabi/13.3.1/../../../../arm-none-eabi/lib/thumb/v7e-m+fp/hard\libstdc++_nano.a(new_op.o) (abort)
C:/ST/STM32CubeIDE_1.19.0/STM32CubeIDE/plugins/com.st.stm32cube.ide.mcu.externaltools.gnu-tools-for-stm32.13.3.rel1.win32_1.0.0.202411081344/tools/bin/../lib/gcc/arm-none-eabi/13.3.1/../../../../arm-none-eabi/lib/thumb/v7e-m+fp/hard\libc_nano.a(libc_a-exit.o)
                              C:/ST/STM32CubeIDE_1.19.0/STM32CubeIDE/plugins/com.st.stm32cube.ide.mcu.externaltools.gnu-tools-for-stm32.13.3.rel1.win32_1.0.0.202411081344/tools/bin/../lib/gcc/arm-none-eabi/13.3.1/../../../../arm-none-eabi/lib/thumb/v7e-m+fp/hard/crt0.o (exit)
[...]
Memory Configuration

Name             Origin             Length             Attributes
RAM              0x20000000         0x00010000         xrw
RAM2             0x10000000         0x00004000         xrw
FLASH            0x08000000         0x0001f400         xr
*default*        0x00000000         0xffffffff

Linker script and memory map

LOAD C:/ST/STM32CubeIDE_1.19.0/STM32CubeIDE/plugins/com.st.stm32cube.ide.mcu.externaltools.gnu-tools-for-stm32.13.3.rel1.win32_1.0.0.202411081344/tools/bin/../lib/gcc/arm-none-eabi/13.3.1/thumb/v7e-m+fp/hard/crti.o
LOAD C:/ST/STM32CubeIDE_1.19.0/STM32CubeIDE/plugins/com.st.stm32cube.ide.mcu.externaltools.gnu-tools-for-stm32.13.3.rel1.win32_1.0.0.202411081344/tools/bin/../lib/gcc/arm-none-eabi/13.3.1/thumb/v7e-m+fp/hard/crtbegin.o
LOAD C:/ST/STM32CubeIDE_1.19.0/STM32CubeIDE/plugins/com.st.stm32cube.ide.mcu.externaltools.gnu-tools-for-stm32.13.3.rel1.win32_1.0.0.202411081344/tools/bin/../lib/gcc/arm-none-eabi/13.3.1/../../../../arm-none-eabi/lib/thumb/v7e-m+fp/hard/crt0.o
LOAD ./Core/Src/adc.o
LOAD ./Core/Src/gpio.o
LOAD ./Core/Src/iwdg.o
LOAD ./Core/Src/main.o
LOAD ./Core/Src/rtc.o
LOAD ./Core/Src/stm32l4xx_hal_msp.o
LOAD ./Core/Src/stm32l4xx_it.o
LOAD ./Core/Src/syscalls.o
LOAD ./Core/Src/sysmem.o
LOAD ./Core/Src/system_stm32l4xx.o
LOAD ./Core/Src/usart.o
LOAD ./Core/Startup/startup_stm32l433vctx.o
LOAD ./Drivers/STM32L4xx_HAL_Driver/Src/stm32l4xx_hal.o
LOAD ./Drivers/STM32L4xx_HAL_Driver/Src/stm32l4xx_hal_adc.o
LOAD ./Drivers/STM32L4xx_HAL_Driver/Src/stm32l4xx_hal_adc_ex.o
LOAD ./Drivers/STM32L4xx_HAL_Driver/Src/stm32l4xx_hal_cortex.o
LOAD ./Drivers/STM32L4xx_HAL_Driver/Src/stm32l4xx_hal_dma.o
LOAD ./Drivers/STM32L4xx_HAL_Driver/Src/stm32l4xx_hal_dma_ex.o
LOAD ./Drivers/STM32L4xx_HAL_Driver/Src/stm32l4xx_hal_exti.o
LOAD ./Drivers/STM32L4xx_HAL_Driver/Src/stm32l4xx_hal_flash.o
LOAD ./Drivers/STM32L4xx_HAL_Driver/Src/stm32l4xx_hal_flash_ex.o
LOAD ./Drivers/STM32L4xx_HAL_Driver/Src/stm32l4xx_hal_flash_ramfunc.o
LOAD ./Drivers/STM32L4xx_HAL_Driver/Src/stm32l4xx_hal_gpio.o
LOAD ./Drivers/STM32L4xx_HAL_Driver/Src/stm32l4xx_hal_iwdg.o
LOAD ./Drivers/STM32L4xx_HAL_Driver/Src/stm32l4xx_hal_pwr.o
LOAD ./Drivers/STM32L4xx_HAL_Driver/Src/stm32l4xx_hal_pwr_ex.o
LOAD ./Drivers/STM32L4xx_HAL_Driver/Src/stm32l4xx_hal_rcc.o
LOAD ./Drivers/STM32L4xx_HAL_Driver/Src/stm32l4xx_hal_rcc_ex.o
LOAD ./Drivers/STM32L4xx_HAL_Driver/Src/stm32l4xx_hal_rtc.o
LOAD ./Drivers/STM32L4xx_HAL_Driver/Src/stm32l4xx_hal_rtc_ex.o
LOAD ./Drivers/STM32L4xx_HAL_Driver/Src/stm32l4xx_hal_tim.o
LOAD ./Drivers/STM32L4xx_HAL_Driver/Src/stm32l4xx_hal_tim_ex.o
LOAD ./Drivers/STM32L4xx_HAL_Driver/Src/stm32l4xx_hal_uart.o
LOAD ./Drivers/STM32L4xx_HAL_Driver/Src/stm32l4xx_hal_uart_ex.o
START GROUP
LOAD C:/ST/STM32CubeIDE_1.19.0/STM32CubeIDE/plugins/com.st.stm32cube.ide.mcu.externaltools.gnu-tools-for-stm32.13.3.rel1.win32_1.0.0.202411081344/tools/bin/../lib/gcc/arm-none-eabi/13.3.1/../../../../arm-none-eabi/lib/thumb/v7e-m+fp/hard\libstdc++_nano.a
LOAD C:/ST/STM32CubeIDE_1.19.0/STM32CubeIDE/plugins/com.st.stm32cube.ide.mcu.externaltools.gnu-tools-for-stm32.13.3.rel1.win32_1.0.0.202411081344/tools/bin/../lib/gcc/arm-none-eabi/13.3.1/../../../../arm-none-eabi/lib/thumb/v7e-m+fp/hard\libsupc++_nano.a
END GROUP
LOAD C:/ST/STM32CubeIDE_1.19.0/STM32CubeIDE/plugins/com.st.stm32cube.ide.mcu.externaltools.gnu-tools-for-stm32.13.3.rel1.win32_1.0.0.202411081344/tools/bin/../lib/gcc/arm-none-eabi/13.3.1/../../../../arm-none-eabi/lib/thumb/v7e-m+fp/hard\libstdc++_nano.a
LOAD C:/ST/STM32CubeIDE_1.19.0/STM32CubeIDE/plugins/com.st.stm32cube.ide.mcu.externaltools.gnu-tools-for-stm32.13.3.rel1.win32_1.0.0.202411081344/tools/bin/../lib/gcc/arm-none-eabi/13.3.1/../../../../arm-none-eabi/lib/thumb/v7e-m+fp/hard\libm.a
LOAD C:/ST/STM32CubeIDE_1.19.0/STM32CubeIDE/plugins/com.st.stm32cube.ide.mcu.externaltools.gnu-tools-for-stm32.13.3.rel1.win32_1.0.0.202411081344/tools/bin/../lib/gcc/arm-none-eabi/13.3.1/../../../../arm-none-eabi/lib/thumb/v7e-m+fp/hard\libc_nano.a
START GROUP
LOAD C:/ST/STM32CubeIDE_1.19.0/STM32CubeIDE/plugins/com.st.stm32cube.ide.mcu.externaltools.gnu-tools-for-stm32.13.3.rel1.win32_1.0.0.202411081344/tools/bin/../lib/gcc/arm-none-eabi/13.3.1/thumb/v7e-m+fp/hard\libgcc.a
LOAD C:/ST/STM32CubeIDE_1.19.0/STM32CubeIDE/plugins/com.st.stm32cube.ide.mcu.externaltools.gnu-tools-for-stm32.13.3.rel1.win32_1.0.0.202411081344/tools/bin/../lib/gcc/arm-none-eabi/13.3.1/../../../../arm-none-eabi/lib/thumb/v7e-m+fp/hard\libc_nano.a
END GROUP
START GROUP
LOAD C:/ST/STM32CubeIDE_1.19.0/STM32CubeIDE/plugins/com.st.stm32cube.ide.mcu.externaltools.gnu-tools-for-stm32.13.3.rel1.win32_1.0.0.202411081344/tools/bin/../lib/gcc/arm-none-eabi/13.3.1/thumb/v7e-m+fp/hard\libgcc.a
LOAD C:/ST/STM32CubeIDE_1.19.0/STM32CubeIDE/plugins/com.st.stm32cube.ide.mcu.externaltools.gnu-tools-for-stm32.13.3.rel1.win32_1.0.0.202411081344/tools/bin/../lib/gcc/arm-none-eabi/13.3.1/../../../../arm-none-eabi/lib/thumb/v7e-m+fp/hard\libc_nano.a
LOAD C:/ST/STM32CubeIDE_1.19.0/STM32CubeIDE/plugins/com.st.stm32cube.ide.mcu.externaltools.gnu-tools-for-stm32.13.3.rel1.win32_1.0.0.202411081344/tools/bin/../lib/gcc/arm-none-eabi/13.3.1/../../../../arm-none-eabi/lib/thumb/v7e-m+fp/hard\libnosys.a
END GROUP
START GROUP
LOAD C:/ST/STM32CubeIDE_1.19.0/STM32CubeIDE/plugins/com.st.stm32cube.ide.mcu.externaltools.gnu-tools-for-stm32.13.3.rel1.win32_1.0.0.202411081344/tools/bin/../lib/gcc/arm-none-eabi/13.3.1/thumb/v7e-m+fp/hard\libgcc.a
LOAD C:/ST/STM32CubeIDE_1.19.0/STM32CubeIDE/plugins/com.st.stm32cube.ide.mcu.externaltools.gnu-tools-for-stm32.13.3.rel1.win32_1.0.0.202411081344/tools/bin/../lib/gcc/arm-none-eabi/13.3.1/../../../../arm-none-eabi/lib/thumb/v7e-m+fp/hard\libc_nano.a
LOAD C:/ST/STM32CubeIDE_1.19.0/STM32CubeIDE/plugins/com.st.stm32cube.ide.mcu.externaltools.gnu-tools-for-stm32.13.3.rel1.win32_1.0.0.202411081344/tools/bin/../lib/gcc/arm-none-eabi/13.3.1/../../../../arm-none-eabi/lib/thumb/v7e-m+fp/hard\libnosys.a
END GROUP
LOAD C:/ST/STM32CubeIDE_1.19.0/STM32CubeIDE/plugins/com.st.stm32cube.ide.mcu.externaltools.gnu-tools-for-stm32.13.3.rel1.win32_1.0.0.202411081344/tools/bin/../lib/gcc/arm-none-eabi/13.3.1/thumb/v7e-m+fp/hard/crtend.o
LOAD C:/ST/STM32CubeIDE_1.19.0/STM32CubeIDE/plugins/com.st.stm32cube.ide.mcu.externaltools.gnu-tools-for-stm32.13.3.rel1.win32_1.0.0.202411081344/tools/bin/../lib/gcc/arm-none-eabi/13.3.1/thumb/v7e-m+fp/hard/crtn.o
                0x20010000                        _estack = (ORIGIN (RAM) + LENGTH (RAM))
                0x00000200                        _Min_Heap_Size = 0x200
                0x00000400                        _Min_Stack_Size = 0x400

.isr_vector     0x08000000      0x18c
                0x08000000                        . = ALIGN (0x4)
 *(.isr_vector)
 .isr_vector    0x08000000      0x18c ./Core/Startup/startup_stm32l433vctx.o
                0x08000000                g_pfnVectors
                0x0800018c                        . = ALIGN (0x4)

.text           0x08000190    0x17a9c
                0x08000190                        . = ALIGN (0x4)
 *(.text)
 .text          0x08000190       0x40 C:/ST/STM32CubeIDE_1.19.0/STM32CubeIDE/plugins/com.st.stm32cube.ide.mcu.externaltools.gnu-tools-for-stm32.13.3.rel1.win32_1.0.0.202411081344/tools/bin/../lib/gcc/arm-none-eabi/13.3.1/thumb/v7e-m+fp/hard/crtbegin.o
 .text          0x080001d0       0xa0 C:/ST/STM32CubeIDE_1.19.0/STM32CubeIDE/plugins/com.st.stm32cube.ide.mcu.externaltools.gnu-tools-for-stm32.13.3.rel1.win32_1.0.0.202411081344/tools/bin/../lib/gcc/arm-none-eabi/13.3.1/../../../../arm-none-eabi/lib/thumb/v7e-m+fp/hard\libc_nano.a(libc_a-memchr.o)
                0x080001d0                memchr
 .text          0x08000270       0x10 C:/ST/STM32CubeIDE_1.19.0/STM32CubeIDE/plugins/com.st.stm32cube.ide.mcu.externaltools.gnu-tools-for-stm32.13.3.rel1.win32_1.0.0.202411081344/tools/bin/../lib/gcc/arm-none-eabi/13.3.1/../../../../arm-none-eabi/lib/thumb/v7e-m+fp/hard\libc_nano.a(libc_a-strlen.o)
                0x08000270                strlen
 .text          0x08000280      0x378 C:/ST/STM32CubeIDE_1.19.0/STM32CubeIDE/plugins/com.st.stm32cube.ide.mcu.externaltools.gnu-tools-for-stm32.13.3.rel1.win32_1.0.0.202411081344/tools/bin/../lib/gcc/arm-none-eabi/13.3.1/thumb/v7e-m+fp/hard\libgcc.a(_arm_addsubdf3.o)
                0x08000280                __aeabi_drsub
                0x08000288                __aeabi_dsub
                0x08000288                __subdf3
                0x0800028c                __aeabi_dadd
                0x0800028c                __adddf3
                0x08000504                __floatunsidf
                0x08000504                __aeabi_ui2d
                0x08000524                __floatsidf
                0x08000524                __aeabi_i2d
                0x08000548                __aeabi_f2d
                0x08000548                __extendsfdf2
                0x0800058c                __floatundidf
                0x0800058c                __aeabi_ul2d
                0x0800059c                __floatdidf
                0x0800059c                __aeabi_l2d
 .text          0x080005f8      0x424 C:/ST/STM32CubeIDE_1.19.0/STM32CubeIDE/plugins/com.st.stm32cube.ide.mcu.externaltools.gnu-tools-for-stm32.13.3.rel1.win32_1.0.0.202411081344/tools/bin/../lib/gcc/arm-none-eabi/13.3.1/thumb/v7e-m+fp/hard\libgcc.a(_arm_muldivdf3.o)
                0x080005f8                __aeabi_dmul
                0x080005f8                __muldf3
                0x0800084c                __divdf3
                0x0800084c                __aeabi_ddiv
 .text          0x08000a1c      0x110 C:/ST/STM32CubeIDE_1.19.0/STM32CubeIDE/plugins/com.st.stm32cube.ide.mcu.externaltools.gnu-tools-for-stm32.13.3.rel1.win32_1.0.0.202411081344/tools/bin/../lib/gcc/arm-none-eabi/13.3.1/thumb/v7e-m+fp/hard\libgcc.a(_arm_cmpdf2.o)
                0x08000a1c                __gtdf2
                0x08000a1c                __gedf2
                0x08000a24                __ltdf2
                0x08000a24                __ledf2
                0x08000a2c                __nedf2
                0x08000a2c                __eqdf2
                0x08000a2c                __cmpdf2
                0x08000aa8                __aeabi_cdrcmple
                0x08000ab8                __aeabi_cdcmpeq
                0x08000ab8                __aeabi_cdcmple
                0x08000ac8                __aeabi_dcmpeq
                0x08000adc                __aeabi_dcmplt
                0x08000af0                __aeabi_dcmple
                0x08000b04                __aeabi_dcmpge
                0x08000b18                __aeabi_dcmpgt
 .text          0x08000b2c       0x50 C:/ST/STM32CubeIDE_1.19.0/STM32CubeIDE/plugins/com.st.stm32cube.ide.mcu.externaltools.gnu-tools-for-stm32.13.3.rel1.win32_1.0.0.202411081344/tools/bin/../lib/gcc/arm-none-eabi/13.3.1/thumb/v7e-m+fp/hard\libgcc.a(_arm_fixdfsi.o)
                0x08000b2c                __aeabi_d2iz
                0x08000b2c                __fixdfsi
 .text          0x08000b7c       0x40 C:/ST/STM32CubeIDE_1.19.0/STM32CubeIDE/plugins/com.st.stm32cube.ide.mcu.externaltools.gnu-tools-for-stm32.13.3.rel1.win32_1.0.0.202411081344/tools/bin/../lib/gcc/arm-none-eabi/13.3.1/thumb/v7e-m+fp/hard\libgcc.a(_arm_fixunsdfsi.o)
                0x08000b7c                __aeabi_d2uiz
                0x08000b7c                __fixunsdfsi
 .text          0x08000bbc       0x30 C:/ST/STM32CubeIDE_1.19.0/STM32CubeIDE/plugins/com.st.stm32cube.ide.mcu.externaltools.gnu-tools-for-stm32.13.3.rel1.win32_1.0.0.202411081344/tools/bin/../lib/gcc/arm-none-eabi/13.3.1/thumb/v7e-m+fp/hard\libgcc.a(_aeabi_uldivmod.o)
                0x08000bbc                __aeabi_uldivmod
 .text          0x08000bec       0x3c C:/ST/STM32CubeIDE_1.19.0/STM32CubeIDE/plugins/com.st.stm32cube.ide.mcu.externaltools.gnu-tools-for-stm32.13.3.rel1.win32_1.0.0.202411081344/tools/bin/../lib/gcc/arm-none-eabi/13.3.1/thumb/v7e-m+fp/hard\libgcc.a(_fixunsdfdi.o)
                0x08000bec                __fixunsdfdi
                0x08000bec                __aeabi_d2ulz
 .text          0x08000c28      0x2f8 C:/ST/STM32CubeIDE_1.19.0/STM32CubeIDE/plugins/com.st.stm32cube.ide.mcu.externaltools.gnu-tools-for-stm32.13.3.rel1.win32_1.0.0.202411081344/tools/bin/../lib/gcc/arm-none-eabi/13.3.1/thumb/v7e-m+fp/hard\libgcc.a(_udivmoddi4.o)
                0x08000c28                __udivmoddi4
 .text          0x08000f20        0x4 C:/ST/STM32CubeIDE_1.19.0/STM32CubeIDE/plugins/com.st.stm32cube.ide.mcu.externaltools.gnu-tools-for-stm32.13.3.rel1.win32_1.0.0.202411081344/tools/bin/../lib/gcc/arm-none-eabi/13.3.1/thumb/v7e-m+fp/hard\libgcc.a(_dvmd_tls.o)
                0x08000f20                __aeabi_idiv0
                0x08000f20                __aeabi_ldiv0
 *(.text*)
 .text.MX_ADC1_Init
                0x08000f24       0xc8 ./Core/Src/adc.o
                0x08000f24                MX_ADC1_Init
 .text.HAL_ADC_MspInit
                0x08000fec      0x110 ./Core/Src/adc.o
                0x08000fec                HAL_ADC_MspInit
 .text.MX_GPIO_Init
                0x080010fc      0x1f0 ./Core/Src/gpio.o
                0x080010fc                MX_GPIO_Init
 .text.MX_IWDG_Init
                0x080012ec       0x3c ./Core/Src/iwdg.o
                0x080012ec                MX_IWDG_Init
 .text.__NVIC_SystemReset
                0x08001328       0x2c ./Core/Src/main.o
 .text._ZNSt11char_traitsIcE7compareEPKcS2_j
                0x08001354       0x2c ./Core/Src/main.o
                0x08001354                std::char_traits<char>::compare(char const*, char const*, unsigned int)
 .text._ZNSt11char_traitsIcE6lengthEPKc
                0x08001380       0x18 ./Core/Src/main.o
                0x08001380                std::char_traits<char>::length(char const*)
 .text._ZNSt7__cxx119to_stringEi
                0x08001398       0x6c ./Core/Src/main.o
                0x08001398                std::__cxx11::to_string(int)
 .text._ZNSt7__cxx119to_stringEy
                0x08001404       0x5a ./Core/Src/main.o
                0x08001404                std::__cxx11::to_string(unsigned long long)
 .text._ZNKSt17integral_constantIbLb1EEcvbEv
                0x0800145e       0x16 ./Core/Src/main.o
                0x0800145e                std::integral_constant<bool, true>::operator bool() const
 .text._Z7d_t_h_sB5cxx11m
                0x08001474       0xd4 ./Core/Src/main.o
                0x08001474                d_t_h_s[abi:cxx11](unsigned long)
 .text._Z5d_t_sB5cxx11dib
                0x08001548      0x148 ./Core/Src/main.o
                0x08001548                d_t_s[abi:cxx11](double, int, bool)
 .text._Z5s_t_dRKNSt7__cxx1112basic_stringIcSt11char_traitsIcESaIcEEE
                0x08001690      0x1b0 ./Core/Src/main.o
                0x08001690                s_t_d(std::__cxx11::basic_string<char, std::char_traits<char>, std::allocator<char> > const&)
 .text._Z24HAL_UARTEx_ReceiveToIdleP20__UART_HandleTypeDefRNSt7__cxx1112basic_stringIcSt11char_traitsIcESaIcEEEm
                0x08001840      0x22c ./Core/Src/main.o
                0x08001840                HAL_UARTEx_ReceiveToIdle(__UART_HandleTypeDef*, std::__cxx11::basic_string<char, std::char_traits<char>, std::allocator<char> >&, unsigned long)
 .text._ZN11ArduinoJson7V6211HB6detail23ZeroTerminatedRamStringC2EPKc
                0x08001a6c       0x1e ./Core/Src/main.o
                0x08001a6c                ArduinoJson::V6211HB::detail::ZeroTerminatedRamString::ZeroTerminatedRamString(char const*)
                0x08001a6c                ArduinoJson::V6211HB::detail::ZeroTerminatedRamString::ZeroTerminatedRamString(char const*)
 .text._ZNK11ArduinoJson7V6211HB6detail23ZeroTerminatedRamString6isNullEv
                0x08001a8a       0x22 ./Core/Src/main.o
                0x08001a8a                ArduinoJson::V6211HB::detail::ZeroTerminatedRamString::isNull() const
 .text._ZNK11ArduinoJson7V6211HB6detail23ZeroTerminatedRamString4sizeEv
                0x08001aac       0x28 ./Core/Src/main.o
                0x08001aac                ArduinoJson::V6211HB::detail::ZeroTerminatedRamString::size() const
 .text._ZNK11ArduinoJson7V6211HB6detail23ZeroTerminatedRamStringixEj
                0x08001ad4       0x20 ./Core/Src/main.o
                0x08001ad4                ArduinoJson::V6211HB::detail::ZeroTerminatedRamString::operator[](unsigned int) const
 .text._ZN11ArduinoJson7V6211HB6detail19StaticStringAdapterC2EPKc
                0x08001af4       0x1e ./Core/Src/main.o
                0x08001af4                ArduinoJson::V6211HB::detail::StaticStringAdapter::StaticStringAdapter(char const*)
                0x08001af4                ArduinoJson::V6211HB::detail::StaticStringAdapter::StaticStringAdapter(char const*)
 .text._ZN11ArduinoJson7V6211HB6detail13StringAdapterIPKcvE5adaptES4_
                0x08001b12       0x1e ./Core/Src/main.o
                0x08001b12                ArduinoJson::V6211HB::detail::StringAdapter<char const*, void>::adapt(char const*)
 .text._ZN11ArduinoJson7V6211HB6detail14SizedRamStringC2EPKcj
                0x08001b30       0x26 ./Core/Src/main.o
                0x08001b30                ArduinoJson::V6211HB::detail::SizedRamString::SizedRamString(char const*, unsigned int)
                0x08001b30                ArduinoJson::V6211HB::detail::SizedRamString::SizedRamString(char const*, unsigned int)
 .text._ZNK11ArduinoJson7V6211HB6detail14SizedRamString6isNullEv
                0x08001b56       0x22 ./Core/Src/main.o
                0x08001b56                ArduinoJson::V6211HB::detail::SizedRamString::isNull() const
 .text._ZNK11ArduinoJson7V6211HB6detail14SizedRamString4sizeEv
                0x08001b78       0x18 ./Core/Src/main.o
                0x08001b78                ArduinoJson::V6211HB::detail::SizedRamString::size() const
 .text._ZNK11ArduinoJson7V6211HB6detail14SizedRamStringixEj
                0x08001b90       0x20 ./Core/Src/main.o
                0x08001b90                ArduinoJson::V6211HB::detail::SizedRamString::operator[](unsigned int) const
 .text._ZNK11ArduinoJson7V6211HB6detail14SizedRamString13storagePolicyEv
                0x08001bb0       0x16 ./Core/Src/main.o
                0x08001bb0                ArduinoJson::V6211HB::detail::SizedRamString::storagePolicy() const
 .text._ZN11ArduinoJson7V6211HB10JsonStringC2Ev
                0x08001bc6       0x28 ./Core/Src/main.o
                0x08001bc6                ArduinoJson::V6211HB::JsonString::JsonString()
                0x08001bc6                ArduinoJson::V6211HB::JsonString::JsonString()
 .text._ZN11ArduinoJson7V6211HB10JsonStringC2EPKcNS1_9OwnershipE
                0x08001bee       0x3a ./Core/Src/main.o
                0x08001bee                ArduinoJson::V6211HB::JsonString::JsonString(char const*, ArduinoJson::V6211HB::JsonString::Ownership)
                0x08001bee                ArduinoJson::V6211HB::JsonString::JsonString(char const*, ArduinoJson::V6211HB::JsonString::Ownership)
 .text._ZN11ArduinoJson7V6211HB10JsonStringC2EPKcjNS1_9OwnershipE
                0x08001c28       0x2e ./Core/Src/main.o
                0x08001c28                ArduinoJson::V6211HB::JsonString::JsonString(char const*, unsigned int, ArduinoJson::V6211HB::JsonString::Ownership)
                0x08001c28                ArduinoJson::V6211HB::JsonString::JsonString(char const*, unsigned int, ArduinoJson::V6211HB::JsonString::Ownership)
 .text._ZNK11ArduinoJson7V6211HB10JsonString5c_strEv
                0x08001c56       0x18 ./Core/Src/main.o
                0x08001c56                ArduinoJson::V6211HB::JsonString::c_str() const
 .text._ZNK11ArduinoJson7V6211HB10JsonString8isLinkedEv
                0x08001c6e       0x22 ./Core/Src/main.o
                0x08001c6e                ArduinoJson::V6211HB::JsonString::isLinked() const
 .text._ZNK11ArduinoJson7V6211HB10JsonString4sizeEv
                0x08001c90       0x18 ./Core/Src/main.o
                0x08001c90                ArduinoJson::V6211HB::JsonString::size() const
 .text._ZNK11ArduinoJson7V6211HB10JsonStringcvbEv
                0x08001ca8       0x22 ./Core/Src/main.o
                0x08001ca8                ArduinoJson::V6211HB::JsonString::operator bool() const
 .text._ZN11ArduinoJson7V6211HB6detail17JsonStringAdapterC2ERKNS0_10JsonStringE
                0x08001cca       0x3e ./Core/Src/main.o
                0x08001cca                ArduinoJson::V6211HB::detail::JsonStringAdapter::JsonStringAdapter(ArduinoJson::V6211HB::JsonString const&)
                0x08001cca                ArduinoJson::V6211HB::detail::JsonStringAdapter::JsonStringAdapter(ArduinoJson::V6211HB::JsonString const&)
 .text._ZN11ArduinoJson7V6211HB6detail13StringAdapterINS0_10JsonStringEvE5adaptERKS3_
                0x08001d08       0x1a ./Core/Src/main.o
                0x08001d08                ArduinoJson::V6211HB::detail::StringAdapter<ArduinoJson::V6211HB::JsonString, void>::adapt(ArduinoJson::V6211HB::JsonString const&)
 .text._ZNK11ArduinoJson7V6211HB6detail14CollectionData4headEv
                0x08001d22       0x18 ./Core/Src/main.o
                0x08001d22                ArduinoJson::V6211HB::detail::CollectionData::head() const
 .text._ZN11ArduinoJson7V6211HB6detail11VariantSlot4dataEv
                0x08001d3a       0x16 ./Core/Src/main.o
                0x08001d3a                ArduinoJson::V6211HB::detail::VariantSlot::data()
 .text._ZNK11ArduinoJson7V6211HB6detail11VariantSlot4dataEv
                0x08001d50       0x16 ./Core/Src/main.o
                0x08001d50                ArduinoJson::V6211HB::detail::VariantSlot::data() const
 .text._ZN11ArduinoJson7V6211HB6detail11VariantSlot4nextEv
                0x08001d66       0x2e ./Core/Src/main.o
                0x08001d66                ArduinoJson::V6211HB::detail::VariantSlot::next()
 .text._ZNK11ArduinoJson7V6211HB6detail11VariantSlot4nextEv
                0x08001d94       0x18 ./Core/Src/main.o
                0x08001d94                ArduinoJson::V6211HB::detail::VariantSlot::next() const
 .text._ZN11ArduinoJson7V6211HB6detail11VariantSlot7setNextEPS2_
                0x08001dac       0x2e ./Core/Src/main.o
                0x08001dac                ArduinoJson::V6211HB::detail::VariantSlot::setNext(ArduinoJson::V6211HB::detail::VariantSlot*)
 .text._ZN11ArduinoJson7V6211HB6detail11VariantSlot14setNextNotNullEPS2_
                0x08001dda       0x24 ./Core/Src/main.o
                0x08001dda                ArduinoJson::V6211HB::detail::VariantSlot::setNextNotNull(ArduinoJson::V6211HB::detail::VariantSlot*)
 .text._ZN11ArduinoJson7V6211HB6detail11VariantSlot6setKeyENS0_10JsonStringE
                0x08001dfe       0x50 ./Core/Src/main.o
                0x08001dfe                ArduinoJson::V6211HB::detail::VariantSlot::setKey(ArduinoJson::V6211HB::JsonString)
 .text._ZNK11ArduinoJson7V6211HB6detail11VariantSlot3keyEv
                0x08001e4e       0x18 ./Core/Src/main.o
                0x08001e4e                ArduinoJson::V6211HB::detail::VariantSlot::key() const
 .text._ZNK11ArduinoJson7V6211HB6detail11VariantSlot7ownsKeyEv
                0x08001e66       0x20 ./Core/Src/main.o
                0x08001e66                ArduinoJson::V6211HB::detail::VariantSlot::ownsKey() const
 .text._ZN11ArduinoJson7V6211HB6detail11VariantSlot5clearEv
                0x08001e86       0x26 ./Core/Src/main.o
                0x08001e86                ArduinoJson::V6211HB::detail::VariantSlot::clear()
 .text._ZN11ArduinoJson7V6211HB6detail10MemoryPoolC2EPcj
                0x08001eac       0x54 ./Core/Src/main.o
                0x08001eac                ArduinoJson::V6211HB::detail::MemoryPool::MemoryPool(char*, unsigned int)
                0x08001eac                ArduinoJson::V6211HB::detail::MemoryPool::MemoryPool(char*, unsigned int)
 .text._ZNK11ArduinoJson7V6211HB6detail10MemoryPool10overflowedEv
                0x08001f00       0x18 ./Core/Src/main.o
                0x08001f00                ArduinoJson::V6211HB::detail::MemoryPool::overflowed() const
 .text._ZN11ArduinoJson7V6211HB6detail10MemoryPool12allocVariantEv
                0x08001f18       0x18 ./Core/Src/main.o
                0x08001f18                ArduinoJson::V6211HB::detail::MemoryPool::allocVariant()
 .text._ZNK11ArduinoJson7V6211HB6detail10MemoryPool11getFreeZoneEPPcPj
                0x08001f30       0x30 ./Core/Src/main.o
                0x08001f30                ArduinoJson::V6211HB::detail::MemoryPool::getFreeZone(char**, unsigned int*) const
 .text._ZN11ArduinoJson7V6211HB6detail10MemoryPool22saveStringFromFreeZoneEj
                0x08001f60       0x62 ./Core/Src/main.o
                0x08001f60                ArduinoJson::V6211HB::detail::MemoryPool::saveStringFromFreeZone(unsigned int)
 .text._ZN11ArduinoJson7V6211HB6detail10MemoryPool16markAsOverflowedEv
                0x08001fc2       0x1a ./Core/Src/main.o
                0x08001fc2                ArduinoJson::V6211HB::detail::MemoryPool::markAsOverflowed()
 .text._ZN11ArduinoJson7V6211HB6detail10MemoryPool5clearEv
                0x08001fdc       0x2a ./Core/Src/main.o
                0x08001fdc                ArduinoJson::V6211HB::detail::MemoryPool::clear()
 .text._ZNK11ArduinoJson7V6211HB6detail10MemoryPool8canAllocEj
                0x08002006       0x2c ./Core/Src/main.o
                0x08002006                ArduinoJson::V6211HB::detail::MemoryPool::canAlloc(unsigned int) const
 .text._ZN11ArduinoJson7V6211HB6detail10MemoryPool15checkInvariantsEv
                0x08002032       0x14 ./Core/Src/main.o
                0x08002032                ArduinoJson::V6211HB::detail::MemoryPool::checkInvariants()
 .text._ZN11ArduinoJson7V6211HB6detail10MemoryPool11allocStringEj
                0x08002046       0x4a ./Core/Src/main.o
                0x08002046                ArduinoJson::V6211HB::detail::MemoryPool::allocString(unsigned int)
 .text._ZN11ArduinoJson7V6211HB6detail10MemoryPool10allocRightEj
                0x08002090       0x42 ./Core/Src/main.o
                0x08002090                ArduinoJson::V6211HB::detail::MemoryPool::allocRight(unsigned int)
 .text._ZN11ArduinoJson7V6211HB6detail11VariantDataC2Ev
                0x080020d2       0x1c ./Core/Src/main.o
                0x080020d2                ArduinoJson::V6211HB::detail::VariantData::VariantData()
                0x080020d2                ArduinoJson::V6211HB::detail::VariantData::VariantData()
 .text._ZN11ArduinoJson7V6211HB6detail11VariantData8asObjectEv
                0x080020ee       0x22 ./Core/Src/main.o
                0x080020ee                ArduinoJson::V6211HB::detail::VariantData::asObject()
 .text._ZNK11ArduinoJson7V6211HB6detail11VariantData8asObjectEv
                0x08002110       0x18 ./Core/Src/main.o
                0x08002110                ArduinoJson::V6211HB::detail::VariantData::asObject() const
 .text._ZNK11ArduinoJson7V6211HB6detail11VariantData7isFloatEv
                0x08002128       0x26 ./Core/Src/main.o
                0x08002128                ArduinoJson::V6211HB::detail::VariantData::isFloat() const
 .text._ZNK11ArduinoJson7V6211HB6detail11VariantData8isObjectEv
                0x0800214e       0x26 ./Core/Src/main.o
                0x0800214e                ArduinoJson::V6211HB::detail::VariantData::isObject() const
 .text._ZNK11ArduinoJson7V6211HB6detail11VariantData6isNullEv
                0x08002174       0x22 ./Core/Src/main.o
                0x08002174                ArduinoJson::V6211HB::detail::VariantData::isNull() const
 .text._ZNK11ArduinoJson7V6211HB6detail11VariantData10isEnclosedEv
                0x08002196       0x1e ./Core/Src/main.o
                0x08002196                ArduinoJson::V6211HB::detail::VariantData::isEnclosed() const
 .text._ZN11ArduinoJson7V6211HB6detail11VariantData10setBooleanEb
                0x080021b4       0x22 ./Core/Src/main.o
                0x080021b4                ArduinoJson::V6211HB::detail::VariantData::setBoolean(bool)
 .text._ZN11ArduinoJson7V6211HB6detail11VariantData8setFloatEd
                0x080021d6       0x26 ./Core/Src/main.o
                0x080021d6                ArduinoJson::V6211HB::detail::VariantData::setFloat(double)
 .text._ZN11ArduinoJson7V6211HB6detail11VariantData7setNullEv
                0x080021fc       0x18 ./Core/Src/main.o
                0x080021fc                ArduinoJson::V6211HB::detail::VariantData::setNull()
 .text._ZN11ArduinoJson7V6211HB6detail11VariantData9setStringENS0_10JsonStringE
                0x08002214       0x52 ./Core/Src/main.o
                0x08002214                ArduinoJson::V6211HB::detail::VariantData::setString(ArduinoJson::V6211HB::JsonString)
 .text._ZN11ArduinoJson7V6211HB6detail11VariantData7toArrayEv
                0x08002266       0x22 ./Core/Src/main.o
                0x08002266                ArduinoJson::V6211HB::detail::VariantData::toArray()
 .text._ZN11ArduinoJson7V6211HB6detail11VariantData8toObjectEv
                0x08002288       0x22 ./Core/Src/main.o
                0x08002288                ArduinoJson::V6211HB::detail::VariantData::toObject()
 .text._ZNK11ArduinoJson7V6211HB6detail11VariantData4typeEv
                0x080022aa       0x1e ./Core/Src/main.o
                0x080022aa                ArduinoJson::V6211HB::detail::VariantData::type() const
 .text._ZN11ArduinoJson7V6211HB6detail11VariantData7setTypeEh
                0x080022c8       0x34 ./Core/Src/main.o
                0x080022c8                ArduinoJson::V6211HB::detail::VariantData::setType(unsigned char)
 .text._ZN11ArduinoJson7V6211HB16JsonVariantConstC2Ev
                0x080022fc       0x1c ./Core/Src/main.o
                0x080022fc                ArduinoJson::V6211HB::JsonVariantConst::JsonVariantConst()
                0x080022fc                ArduinoJson::V6211HB::JsonVariantConst::JsonVariantConst()
 .text._ZN11ArduinoJson7V6211HB16JsonVariantConstC2EPKNS0_6detail11VariantDataE
                0x08002318       0x1e ./Core/Src/main.o
                0x08002318                ArduinoJson::V6211HB::JsonVariantConst::JsonVariantConst(ArduinoJson::V6211HB::detail::VariantData const*)
                0x08002318                ArduinoJson::V6211HB::JsonVariantConst::JsonVariantConst(ArduinoJson::V6211HB::detail::VariantData const*)
 .text._ZNK11ArduinoJson7V6211HB16JsonVariantConst7getDataEv
                0x08002336       0x18 ./Core/Src/main.o
                0x08002336                ArduinoJson::V6211HB::JsonVariantConst::getData() const
 .text._ZN11ArduinoJson7V6211HB11JsonVariantC2EPNS0_6detail10MemoryPoolEPNS2_11VariantDataE
                0x0800234e       0x26 ./Core/Src/main.o
                0x0800234e                ArduinoJson::V6211HB::JsonVariant::JsonVariant(ArduinoJson::V6211HB::detail::MemoryPool*, ArduinoJson::V6211HB::detail::VariantData*)
                0x0800234e                ArduinoJson::V6211HB::JsonVariant::JsonVariant(ArduinoJson::V6211HB::detail::MemoryPool*, ArduinoJson::V6211HB::detail::VariantData*)
 .text._ZN11ArduinoJson7V6211HB6detail13SlotKeySetterC2EPNS1_11VariantSlotE
                0x08002374       0x1e ./Core/Src/main.o
                0x08002374                ArduinoJson::V6211HB::detail::SlotKeySetter::SlotKeySetter(ArduinoJson::V6211HB::detail::VariantSlot*)
                0x08002374                ArduinoJson::V6211HB::detail::SlotKeySetter::SlotKeySetter(ArduinoJson::V6211HB::detail::VariantSlot*)
 .text._ZN11ArduinoJson7V6211HB6detail8slotSizeEPKNS1_11VariantSlotE
                0x08002392       0x2c ./Core/Src/main.o
                0x08002392                ArduinoJson::V6211HB::detail::slotSize(ArduinoJson::V6211HB::detail::VariantSlot const*)
 .text._ZN11ArduinoJson7V6211HB6detail8slotDataEPNS1_11VariantSlotE
                0x080023be       0x16 ./Core/Src/main.o
                0x080023be                ArduinoJson::V6211HB::detail::slotData(ArduinoJson::V6211HB::detail::VariantSlot*)
 .text._ZN11ArduinoJson7V6211HB22JsonArrayConstIteratorC2Ev
                0x080023d4       0x1c ./Core/Src/main.o
                0x080023d4                ArduinoJson::V6211HB::JsonArrayConstIterator::JsonArrayConstIterator()
                0x080023d4                ArduinoJson::V6211HB::JsonArrayConstIterator::JsonArrayConstIterator()
 .text._ZN11ArduinoJson7V6211HB22JsonArrayConstIteratorC2EPKNS0_6detail11VariantSlotE
                0x080023f0       0x1e ./Core/Src/main.o
                0x080023f0                ArduinoJson::V6211HB::JsonArrayConstIterator::JsonArrayConstIterator(ArduinoJson::V6211HB::detail::VariantSlot const*)
                0x080023f0                ArduinoJson::V6211HB::JsonArrayConstIterator::JsonArrayConstIterator(ArduinoJson::V6211HB::detail::VariantSlot const*)
 .text._ZNK11ArduinoJson7V6211HB22JsonArrayConstIteratordeEv
                0x0800240e       0x2a ./Core/Src/main.o
                0x0800240e                ArduinoJson::V6211HB::JsonArrayConstIterator::operator*() const
 .text._ZNK11ArduinoJson7V6211HB22JsonArrayConstIteratoreqERKS1_
                0x08002438       0x28 ./Core/Src/main.o
                0x08002438                ArduinoJson::V6211HB::JsonArrayConstIterator::operator==(ArduinoJson::V6211HB::JsonArrayConstIterator const&) const
 .text._ZN11ArduinoJson7V6211HB22JsonArrayConstIteratorppEv
                0x08002460       0x22 ./Core/Src/main.o
                0x08002460                ArduinoJson::V6211HB::JsonArrayConstIterator::operator++()
 .text._ZN11ArduinoJson7V6211HB13JsonPairConstC2EPKNS0_6detail11VariantSlotE
                0x08002482       0x7e ./Core/Src/main.o
                0x08002482                ArduinoJson::V6211HB::JsonPairConst::JsonPairConst(ArduinoJson::V6211HB::detail::VariantSlot const*)
                0x08002482                ArduinoJson::V6211HB::JsonPairConst::JsonPairConst(ArduinoJson::V6211HB::detail::VariantSlot const*)
 .text._ZNK11ArduinoJson7V6211HB13JsonPairConst3keyEv
                0x08002500       0x20 ./Core/Src/main.o
                0x08002500                ArduinoJson::V6211HB::JsonPairConst::key() const
 .text._ZNK11ArduinoJson7V6211HB13JsonPairConst5valueEv
                0x08002520       0x18 ./Core/Src/main.o
                0x08002520                ArduinoJson::V6211HB::JsonPairConst::value() const
 .text._ZN11ArduinoJson7V6211HB16JsonPairConstPtrC2EPKNS0_6detail11VariantSlotE
                0x08002538       0x1e ./Core/Src/main.o
                0x08002538                ArduinoJson::V6211HB::JsonPairConstPtr::JsonPairConstPtr(ArduinoJson::V6211HB::detail::VariantSlot const*)
                0x08002538                ArduinoJson::V6211HB::JsonPairConstPtr::JsonPairConstPtr(ArduinoJson::V6211HB::detail::VariantSlot const*)
 .text._ZNK11ArduinoJson7V6211HB16JsonPairConstPtrptEv
                0x08002556       0x16 ./Core/Src/main.o
                0x08002556                ArduinoJson::V6211HB::JsonPairConstPtr::operator->() const
 .text._ZN11ArduinoJson7V6211HB23JsonObjectConstIteratorC2Ev
                0x0800256c       0x1c ./Core/Src/main.o
                0x0800256c                ArduinoJson::V6211HB::JsonObjectConstIterator::JsonObjectConstIterator()
                0x0800256c                ArduinoJson::V6211HB::JsonObjectConstIterator::JsonObjectConstIterator()
 .text._ZN11ArduinoJson7V6211HB23JsonObjectConstIteratorC2EPKNS0_6detail11VariantSlotE
                0x08002588       0x1e ./Core/Src/main.o
                0x08002588                ArduinoJson::V6211HB::JsonObjectConstIterator::JsonObjectConstIterator(ArduinoJson::V6211HB::detail::VariantSlot const*)
                0x08002588                ArduinoJson::V6211HB::JsonObjectConstIterator::JsonObjectConstIterator(ArduinoJson::V6211HB::detail::VariantSlot const*)
 .text._ZN11ArduinoJson7V6211HB23JsonObjectConstIteratorptEv
                0x080025a6       0x1e ./Core/Src/main.o
                0x080025a6                ArduinoJson::V6211HB::JsonObjectConstIterator::operator->()
 .text._ZNK11ArduinoJson7V6211HB23JsonObjectConstIteratorneERKS1_
                0x080025c4       0x28 ./Core/Src/main.o
                0x080025c4                ArduinoJson::V6211HB::JsonObjectConstIterator::operator!=(ArduinoJson::V6211HB::JsonObjectConstIterator const&) const
 .text._ZN11ArduinoJson7V6211HB23JsonObjectConstIteratorppEv
                0x080025ec       0x22 ./Core/Src/main.o
                0x080025ec                ArduinoJson::V6211HB::JsonObjectConstIterator::operator++()
 .text._ZN11ArduinoJson7V6211HB15JsonObjectConstC2EPKNS0_6detail14CollectionDataE
                0x0800260e       0x1e ./Core/Src/main.o
                0x0800260e                ArduinoJson::V6211HB::JsonObjectConst::JsonObjectConst(ArduinoJson::V6211HB::detail::CollectionData const*)
                0x0800260e                ArduinoJson::V6211HB::JsonObjectConst::JsonObjectConst(ArduinoJson::V6211HB::detail::CollectionData const*)
 .text._ZN11ArduinoJson7V6211HB12JsonDocument5clearEv
                0x0800262c       0x22 ./Core/Src/main.o
                0x0800262c                ArduinoJson::V6211HB::JsonDocument::clear()
 .text._ZN11ArduinoJson7V6211HB12JsonDocumentC2EPcj
                0x0800264e       0x2c ./Core/Src/main.o
                0x0800264e                ArduinoJson::V6211HB::JsonDocument::JsonDocument(char*, unsigned int)
                0x0800264e                ArduinoJson::V6211HB::JsonDocument::JsonDocument(char*, unsigned int)
 .text._ZN11ArduinoJson7V6211HB12JsonDocumentD2Ev
                0x0800267a       0x16 ./Core/Src/main.o
                0x0800267a                ArduinoJson::V6211HB::JsonDocument::~JsonDocument()
                0x0800267a                ArduinoJson::V6211HB::JsonDocument::~JsonDocument()
 .text._ZNK11ArduinoJson7V6211HB12JsonDocument10getVariantEv
                0x08002690       0x24 ./Core/Src/main.o
                0x08002690                ArduinoJson::V6211HB::JsonDocument::getVariant() const
 .text._ZN11ArduinoJson7V6211HB12JsonDocument7getPoolEv
                0x080026b4       0x16 ./Core/Src/main.o
                0x080026b4                ArduinoJson::V6211HB::JsonDocument::getPool()
 .text._ZN11ArduinoJson7V6211HB12JsonDocument7getDataEv
                0x080026ca       0x18 ./Core/Src/main.o
                0x080026ca                ArduinoJson::V6211HB::JsonDocument::getData()
 .text._ZNK11ArduinoJson7V6211HB12JsonDocument7getDataEv
                0x080026e2       0x18 ./Core/Src/main.o
                0x080026e2                ArduinoJson::V6211HB::JsonDocument::getData() const
 .text._ZN11ArduinoJson7V6211HB12JsonDocument15getOrCreateDataEv
                0x080026fa       0x18 ./Core/Src/main.o
                0x080026fa                ArduinoJson::V6211HB::JsonDocument::getOrCreateData()
 .text._ZN11ArduinoJson7V6211HB6detail14CollectionData7addSlotEPNS1_10MemoryPoolE
                0x08002712       0x54 ./Core/Src/main.o
                0x08002712                ArduinoJson::V6211HB::detail::CollectionData::addSlot(ArduinoJson::V6211HB::detail::MemoryPool*)
 .text._ZN11ArduinoJson7V6211HB6detail14CollectionData10addElementEPNS1_10MemoryPoolE
                0x08002766       0x24 ./Core/Src/main.o
                0x08002766                ArduinoJson::V6211HB::detail::CollectionData::addElement(ArduinoJson::V6211HB::detail::MemoryPool*)
 .text._ZN11ArduinoJson7V6211HB6detail14CollectionData5clearEv
                0x0800278a       0x20 ./Core/Src/main.o
                0x0800278a                ArduinoJson::V6211HB::detail::CollectionData::clear()
 .text._ZNK11ArduinoJson7V6211HB6detail14CollectionData15getPreviousSlotEPNS1_11VariantSlotE
                0x080027aa       0x3a ./Core/Src/main.o
                0x080027aa                ArduinoJson::V6211HB::detail::CollectionData::getPreviousSlot(ArduinoJson::V6211HB::detail::VariantSlot*) const
 .text._ZN11ArduinoJson7V6211HB6detail14CollectionData10removeSlotEPNS1_11VariantSlotE
                0x080027e4       0x4e ./Core/Src/main.o
                0x080027e4                ArduinoJson::V6211HB::detail::CollectionData::removeSlot(ArduinoJson::V6211HB::detail::VariantSlot*)
 .text._ZNK11ArduinoJson7V6211HB6detail14CollectionData4sizeEv
                0x08002832       0x1c ./Core/Src/main.o
                0x08002832                ArduinoJson::V6211HB::detail::CollectionData::size() const
 .text._ZN11ArduinoJson7V6211HB6detail14EscapeSequence10escapeCharEc
                0x0800284e       0x3a ./Core/Src/main.o
                0x0800284e                ArduinoJson::V6211HB::detail::EscapeSequence::escapeChar(char)
 .text._ZN11ArduinoJson7V6211HB6detail14EscapeSequence12unescapeCharEc
                0x08002888       0x40 ./Core/Src/main.o
                0x08002888                ArduinoJson::V6211HB::detail::EscapeSequence::unescapeChar(char)
 .text._ZN11ArduinoJson7V6211HB6detail14EscapeSequence11escapeTableEb
                0x080028c8       0x2c ./Core/Src/main.o
                0x080028c8                ArduinoJson::V6211HB::detail::EscapeSequence::escapeTable(bool)
 .text._ZN11ArduinoJson7V6211HB9ConverterINS0_10JsonStringEvE8fromJsonENS0_16JsonVariantConstE
                0x080028f4       0x3c ./Core/Src/main.o
                0x080028f4                ArduinoJson::V6211HB::Converter<ArduinoJson::V6211HB::JsonString, void>::fromJson(ArduinoJson::V6211HB::JsonVariantConst)
 .text._ZN11ArduinoJson7V6211HB15convertFromJsonENS0_16JsonVariantConstERNSt7__cxx1112basic_stringIcSt11char_traitsIcESaIcEEE
                0x08002930       0x5c ./Core/Src/main.o
                0x08002930                ArduinoJson::V6211HB::convertFromJson(ArduinoJson::V6211HB::JsonVariantConst, std::__cxx11::basic_string<char, std::char_traits<char>, std::allocator<char> >&)
 .text._ZN11ArduinoJson7V6211HB6detail12NullComparer9visitNullEv
                0x0800298c       0x16 ./Core/Src/main.o
                0x0800298c                ArduinoJson::V6211HB::detail::NullComparer::visitNull()
 .text._ZN11ArduinoJson7V6211HB6detail13ArrayComparerC2ERKNS1_14CollectionDataE
                0x080029a2       0x1e ./Core/Src/main.o
                0x080029a2                ArduinoJson::V6211HB::detail::ArrayComparer::ArrayComparer(ArduinoJson::V6211HB::detail::CollectionData const&)
                0x080029a2                ArduinoJson::V6211HB::detail::ArrayComparer::ArrayComparer(ArduinoJson::V6211HB::detail::CollectionData const&)
 .text._ZN11ArduinoJson7V6211HB6detail13ArrayComparer10visitArrayERKNS1_14CollectionDataE
                0x080029c0      0x170 ./Core/Src/main.o
                0x080029c0                ArduinoJson::V6211HB::detail::ArrayComparer::visitArray(ArduinoJson::V6211HB::detail::CollectionData const&)
 .text._ZN11ArduinoJson7V6211HB6detail14ObjectComparerC2ERKNS1_14CollectionDataE
                0x08002b30       0x1e ./Core/Src/main.o
                0x08002b30                ArduinoJson::V6211HB::detail::ObjectComparer::ObjectComparer(ArduinoJson::V6211HB::detail::CollectionData const&)
                0x08002b30                ArduinoJson::V6211HB::detail::ObjectComparer::ObjectComparer(ArduinoJson::V6211HB::detail::CollectionData const&)
 .text._ZN11ArduinoJson7V6211HB6detail14ObjectComparer11visitObjectERKNS1_14CollectionDataE
                0x08002b4e      0x186 ./Core/Src/main.o
                0x08002b4e                ArduinoJson::V6211HB::detail::ObjectComparer::visitObject(ArduinoJson::V6211HB::detail::CollectionData const&)
 .text._ZN11ArduinoJson7V6211HB6detail11RawComparerC2EPKcj
                0x08002cd4       0x26 ./Core/Src/main.o
                0x08002cd4                ArduinoJson::V6211HB::detail::RawComparer::RawComparer(char const*, unsigned int)
                0x08002cd4                ArduinoJson::V6211HB::detail::RawComparer::RawComparer(char const*, unsigned int)
 .text._ZN11ArduinoJson7V6211HB6detail11RawComparer12visitRawJsonEPKcj
                0x08002cfa       0x4e ./Core/Src/main.o
                0x08002cfa                ArduinoJson::V6211HB::detail::RawComparer::visitRawJson(char const*, unsigned int)
 .text._ZN11ArduinoJson7V6211HB6detail15VariantComparerC2EPKNS1_11VariantDataE
                0x08002d48       0x1e ./Core/Src/main.o
                0x08002d48                ArduinoJson::V6211HB::detail::VariantComparer::VariantComparer(ArduinoJson::V6211HB::detail::VariantData const*)
                0x08002d48                ArduinoJson::V6211HB::detail::VariantComparer::VariantComparer(ArduinoJson::V6211HB::detail::VariantData const*)
 .text._ZN11ArduinoJson7V6211HB6detail15VariantComparer10visitArrayERKNS1_14CollectionDataE
                0x08002d66       0x2c ./Core/Src/main.o
                0x08002d66                ArduinoJson::V6211HB::detail::VariantComparer::visitArray(ArduinoJson::V6211HB::detail::CollectionData const&)
 .text._ZN11ArduinoJson7V6211HB6detail15VariantComparer11visitObjectERKNS1_14CollectionDataE
                0x08002d92       0x2c ./Core/Src/main.o
                0x08002d92                ArduinoJson::V6211HB::detail::VariantComparer::visitObject(ArduinoJson::V6211HB::detail::CollectionData const&)
 .text._ZN11ArduinoJson7V6211HB6detail15VariantComparer10visitFloatEd
                0x08002dbe       0x30 ./Core/Src/main.o
                0x08002dbe                ArduinoJson::V6211HB::detail::VariantComparer::visitFloat(double)
 .text._ZN11ArduinoJson7V6211HB6detail15VariantComparer11visitStringEPKcj
                0x08002dee       0x2e ./Core/Src/main.o
                0x08002dee                ArduinoJson::V6211HB::detail::VariantComparer::visitString(char const*, unsigned int)
 .text._ZN11ArduinoJson7V6211HB6detail15VariantComparer12visitRawJsonEPKcj
                0x08002e1c       0x30 ./Core/Src/main.o
                0x08002e1c                ArduinoJson::V6211HB::detail::VariantComparer::visitRawJson(char const*, unsigned int)
 .text._ZN11ArduinoJson7V6211HB6detail15VariantComparer18visitSignedIntegerEx
                0x08002e4c       0x30 ./Core/Src/main.o
                0x08002e4c                ArduinoJson::V6211HB::detail::VariantComparer::visitSignedInteger(long long)
 .text._ZN11ArduinoJson7V6211HB6detail15VariantComparer20visitUnsignedIntegerEy
                0x08002e7c       0x30 ./Core/Src/main.o
                0x08002e7c                ArduinoJson::V6211HB::detail::VariantComparer::visitUnsignedInteger(unsigned long long)
 .text._ZN11ArduinoJson7V6211HB6detail15VariantComparer12visitBooleanEb
                0x08002eac       0x30 ./Core/Src/main.o
                0x08002eac                ArduinoJson::V6211HB::detail::VariantComparer::visitBoolean(bool)
 .text._ZN11ArduinoJson7V6211HB6detail15VariantComparer9visitNullEv
                0x08002edc       0x1e ./Core/Src/main.o
                0x08002edc                ArduinoJson::V6211HB::detail::VariantComparer::visitNull()
 .text._ZN11ArduinoJson7V6211HB6detail7isdigitEc
                0x08002efa       0x28 ./Core/Src/main.o
                0x08002efa                ArduinoJson::V6211HB::detail::isdigit(char)
 *fill*         0x08002f22        0x6 
 .text._ZN11ArduinoJson7V6211HB6detail11parseNumberEPKcRNS1_11VariantDataE
                0x08002f28      0x420 ./Core/Src/main.o
                0x08002f28                ArduinoJson::V6211HB::detail::parseNumber(char const*, ArduinoJson::V6211HB::detail::VariantData&)
 .text._ZNK11ArduinoJson7V6211HB6detail11VariantData8asStringEv
                0x08003348       0x4e ./Core/Src/main.o
                0x08003348                ArduinoJson::V6211HB::detail::VariantData::asString() const
 .text._ZN11ArduinoJson7V6211HB20DeserializationErrorC2ENS1_4CodeE
                0x08003396       0x20 ./Core/Src/main.o
                0x08003396                ArduinoJson::V6211HB::DeserializationError::DeserializationError(ArduinoJson::V6211HB::DeserializationError::Code)
                0x08003396                ArduinoJson::V6211HB::DeserializationError::DeserializationError(ArduinoJson::V6211HB::DeserializationError::Code)
 .text._ZNK11ArduinoJson7V6211HB6detail14AllowAllFilter5allowEv
                0x080033b6       0x16 ./Core/Src/main.o
                0x080033b6                ArduinoJson::V6211HB::detail::AllowAllFilter::allow() const
 .text._ZNK11ArduinoJson7V6211HB6detail14AllowAllFilter10allowArrayEv
                0x080033cc       0x16 ./Core/Src/main.o
                0x080033cc                ArduinoJson::V6211HB::detail::AllowAllFilter::allowArray() const
 .text._ZNK11ArduinoJson7V6211HB6detail14AllowAllFilter11allowObjectEv
                0x080033e2       0x16 ./Core/Src/main.o
                0x080033e2                ArduinoJson::V6211HB::detail::AllowAllFilter::allowObject() const
 .text._ZNK11ArduinoJson7V6211HB6detail14AllowAllFilter10allowValueEv
                0x080033f8       0x16 ./Core/Src/main.o
                0x080033f8                ArduinoJson::V6211HB::detail::AllowAllFilter::allowValue() const
 .text._ZN11ArduinoJson7V6211HB21DeserializationOption12NestingLimitC2Ev
                0x0800340e       0x1c ./Core/Src/main.o
                0x0800340e                ArduinoJson::V6211HB::DeserializationOption::NestingLimit::NestingLimit()
                0x0800340e                ArduinoJson::V6211HB::DeserializationOption::NestingLimit::NestingLimit()
 .text._ZN11ArduinoJson7V6211HB21DeserializationOption12NestingLimitC2Eh
                0x0800342a       0x20 ./Core/Src/main.o
                0x0800342a                ArduinoJson::V6211HB::DeserializationOption::NestingLimit::NestingLimit(unsigned char)
                0x0800342a                ArduinoJson::V6211HB::DeserializationOption::NestingLimit::NestingLimit(unsigned char)
 .text._ZNK11ArduinoJson7V6211HB21DeserializationOption12NestingLimit9decrementEv
                0x0800344a       0x26 ./Core/Src/main.o
                0x0800344a                ArduinoJson::V6211HB::DeserializationOption::NestingLimit::decrement() const
 .text._ZNK11ArduinoJson7V6211HB21DeserializationOption12NestingLimit7reachedEv
                0x08003470       0x22 ./Core/Src/main.o
                0x08003470                ArduinoJson::V6211HB::DeserializationOption::NestingLimit::reached() const
 .text._ZN11ArduinoJson7V6211HB6detail26makeDeserializationOptionsENS0_21DeserializationOption12NestingLimitE
                0x08003492       0x26 ./Core/Src/main.o
                0x08003492                ArduinoJson::V6211HB::detail::makeDeserializationOptions(ArduinoJson::V6211HB::DeserializationOption::NestingLimit)
 .text._ZN11ArduinoJson7V6211HB6detail12StringCopierC2EPNS1_10MemoryPoolE
                0x080034b8       0x1e ./Core/Src/main.o
                0x080034b8                ArduinoJson::V6211HB::detail::StringCopier::StringCopier(ArduinoJson::V6211HB::detail::MemoryPool*)
                0x080034b8                ArduinoJson::V6211HB::detail::StringCopier::StringCopier(ArduinoJson::V6211HB::detail::MemoryPool*)
 .text._ZN11ArduinoJson7V6211HB6detail12StringCopier11startStringEv
                0x080034d6       0x3a ./Core/Src/main.o
                0x080034d6                ArduinoJson::V6211HB::detail::StringCopier::startString()
 .text._ZN11ArduinoJson7V6211HB6detail12StringCopier4saveEv
                0x08003510       0x30 ./Core/Src/main.o
                0x08003510                ArduinoJson::V6211HB::detail::StringCopier::save()
 .text._ZN11ArduinoJson7V6211HB6detail12StringCopier6appendEc
                0x08003540       0x42 ./Core/Src/main.o
                0x08003540                ArduinoJson::V6211HB::detail::StringCopier::append(char)
 .text._ZNK11ArduinoJson7V6211HB6detail12StringCopier7isValidEv
                0x08003582       0x22 ./Core/Src/main.o
                0x08003582                ArduinoJson::V6211HB::detail::StringCopier::isValid() const
 .text._ZNK11ArduinoJson7V6211HB6detail12StringCopier3strEv
                0x080035a4       0x30 ./Core/Src/main.o
                0x080035a4                ArduinoJson::V6211HB::detail::StringCopier::str() const
 .text._ZN11ArduinoJson7V6211HB6detail5Utf1615isHighSurrogateEt
                0x080035d4       0x2c ./Core/Src/main.o
                0x080035d4                ArduinoJson::V6211HB::detail::Utf16::isHighSurrogate(unsigned short)
 .text._ZN11ArduinoJson7V6211HB6detail5Utf1614isLowSurrogateEt
                0x08003600       0x2c ./Core/Src/main.o
                0x08003600                ArduinoJson::V6211HB::detail::Utf16::isLowSurrogate(unsigned short)
 .text._ZN11ArduinoJson7V6211HB6detail5Utf169CodepointC2Ev
                0x0800362c       0x22 ./Core/Src/main.o
                0x0800362c                ArduinoJson::V6211HB::detail::Utf16::Codepoint::Codepoint()
                0x0800362c                ArduinoJson::V6211HB::detail::Utf16::Codepoint::Codepoint()
 .text._ZN11ArduinoJson7V6211HB6detail5Utf169Codepoint6appendEt
                0x0800364e       0x64 ./Core/Src/main.o
                0x0800364e                ArduinoJson::V6211HB::detail::Utf16::Codepoint::append(unsigned short)
 .text._ZNK11ArduinoJson7V6211HB6detail5Utf169Codepoint5valueEv
                0x080036b2       0x18 ./Core/Src/main.o
                0x080036b2                ArduinoJson::V6211HB::detail::Utf16::Codepoint::value() const
 *fill*         0x080036ca        0x2 
 .text._Z5delaym
                0x080036cc       0x50 ./Core/Src/main.o
                0x080036cc                delay(unsigned long)
 .text._Z15refresh_counterv
                0x0800371c       0x18 ./Core/Src/main.o
                0x0800371c                refresh_counter()
 .text._ZN9VARIABLESC2EP12DynamicArrayIPS_ENSt7__cxx1112basic_stringIcSt11char_traitsIcESaIcEEEb
                0x08003734       0x98 ./Core/Src/main.o
                0x08003734                VARIABLES::VARIABLES(DynamicArray<VARIABLES*>*, std::__cxx11::basic_string<char, std::char_traits<char>, std::allocator<char> >, bool)
                0x08003734                VARIABLES::VARIABLES(DynamicArray<VARIABLES*>*, std::__cxx11::basic_string<char, std::char_traits<char>, std::allocator<char> >, bool)
 .text._ZN9ParameterC2Ev
                0x080037cc       0x44 ./Core/Src/main.o
                0x080037cc                Parameter::Parameter()
                0x080037cc                Parameter::Parameter()
 .text._ZNK9VARIABLES9GET_indexEv
                0x08003810       0x1a ./Core/Src/main.o
                0x08003810                VARIABLES::GET_index() const
 .text._ZNK9VARIABLES12GET_VAR_NAMEB5cxx11Ev
                0x0800382a       0x16 ./Core/Src/main.o
                0x0800382a                VARIABLES::GET_VAR_NAME[abi:cxx11]() const
 .text._ZNK9VARIABLES18GET_VAR_VALUE_CONNEv
                0x08003840       0x24 ./Core/Src/main.o
                0x08003840                VARIABLES::GET_VAR_VALUE_CONN() const
 .text._ZN9VARIABLES18SET_VAR_VALUE_CONNEd
                0x08003864       0x22 ./Core/Src/main.o
                0x08003864                VARIABLES::SET_VAR_VALUE_CONN(double)
 .text._ZN7PWR_PINC2EP12GPIO_TypeDeft
                0x08003886       0x24 ./Core/Src/main.o
                0x08003886                PWR_PIN::PWR_PIN(GPIO_TypeDef*, unsigned short)
                0x08003886                PWR_PIN::PWR_PIN(GPIO_TypeDef*, unsigned short)
 .text._ZN7PWR_PIN10SET_PWRPINEP12GPIO_TypeDeft
                0x080038aa       0x26 ./Core/Src/main.o
                0x080038aa                PWR_PIN::SET_PWRPIN(GPIO_TypeDef*, unsigned short)
 .text._ZN7PWR_PIN3SETEbm
                0x080038d0       0x36 ./Core/Src/main.o
                0x080038d0                PWR_PIN::SET(bool, unsigned long)
 .text._ZN7PWR_PIN5PULSEEbmm
                0x08003906       0x36 ./Core/Src/main.o
                0x08003906                PWR_PIN::PULSE(bool, unsigned long, unsigned long)
 .text._ZN3MUXC2EP7PWR_PINS1_S1_
                0x0800393c       0x2e ./Core/Src/main.o
                0x0800393c                MUX::MUX(PWR_PIN*, PWR_PIN*, PWR_PIN*)
                0x0800393c                MUX::MUX(PWR_PIN*, PWR_PIN*, PWR_PIN*)
 *fill*         0x0800396a        0x2 
 .text._Z14set_both_printb
                0x0800396c       0x2c ./Core/Src/main.o
                0x0800396c                set_both_print(bool)
 .text._Z14set_uart_printb
                0x08003998       0x20 ./Core/Src/main.o
                0x08003998                set_uart_print(bool)
 .text._Z13is_uart_printv
                0x080039b8       0x18 ./Core/Src/main.o
                0x080039b8                is_uart_print()
 .text._Z13set_ble_printb
                0x080039d0       0x20 ./Core/Src/main.o
                0x080039d0                set_ble_print(bool)
 .text._Z12is_ble_printv
                0x080039f0       0x18 ./Core/Src/main.o
                0x080039f0                is_ble_print()
 .text._Z14save_ble_printb
                0x08003a08       0x2c ./Core/Src/main.o
                0x08003a08                save_ble_print(bool)
 .text._Z17restore_ble_printv
                0x08003a34       0x1c ./Core/Src/main.o
                0x08003a34                restore_ble_print()
 .text._Z15save_uart_printb
                0x08003a50       0x2c ./Core/Src/main.o
                0x08003a50                save_uart_print(bool)
 .text._Z18restore_uart_printv
                0x08003a7c       0x1c ./Core/Src/main.o
                0x08003a7c                restore_uart_print()
 .text._Z12is_any_printv
                0x08003a98       0x30 ./Core/Src/main.o
                0x08003a98                is_any_print()
 .text._Z15save_both_printb
                0x08003ac8       0x22 ./Core/Src/main.o
                0x08003ac8                save_both_print(bool)
 .text._Z18restore_both_printv
                0x08003aea       0x10 ./Core/Src/main.o
                0x08003aea                restore_both_print()
 .text._ZN12UART_PRINTERC2EP20__UART_HandleTypeDefNSt7__cxx1112basic_stringIcSt11char_traitsIcESaIcEEE
                0x08003afa       0x32 ./Core/Src/main.o
                0x08003afa                UART_PRINTER::UART_PRINTER(__UART_HandleTypeDef*, std::__cxx11::basic_string<char, std::char_traits<char>, std::allocator<char> >)
                0x08003afa                UART_PRINTER::UART_PRINTER(__UART_HandleTypeDef*, std::__cxx11::basic_string<char, std::char_traits<char>, std::allocator<char> >)
 .text._ZN12UART_PRINTER4ReadB5cxx11Em
                0x08003b2c       0x6c ./Core/Src/main.o
                0x08003b2c                UART_PRINTER::Read[abi:cxx11](unsigned long)
 .text._ZN12UART_PRINTER5PrintENSt7__cxx1112basic_stringIcSt11char_traitsIcESaIcEEE
                0x08003b98       0x48 ./Core/Src/main.o
                0x08003b98                UART_PRINTER::Print(std::__cxx11::basic_string<char, std::char_traits<char>, std::allocator<char> >)
 .text._ZN12UART_PRINTER8get_passB5cxx11Ev
                0x08003be0       0x1e ./Core/Src/main.o
                0x08003be0                UART_PRINTER::get_pass[abi:cxx11]()
 *fill*         0x08003bfe        0x2 
 .text._ZN6NEOWAYC2EP20__UART_HandleTypeDef
                0x08003c00      0x168 ./Core/Src/main.o
                0x08003c00                NEOWAY::NEOWAY(__UART_HandleTypeDef*)
                0x08003c00                NEOWAY::NEOWAY(__UART_HandleTypeDef*)
 .text._ZN6NEOWAY5STARTEv
                0x08003d68       0x3c ./Core/Src/main.o
                0x08003d68                NEOWAY::START()
 .text._ZN6NEOWAY12GET_BLE_RESPB5cxx11Ev
                0x08003da4       0x2a ./Core/Src/main.o
                0x08003da4                NEOWAY::GET_BLE_RESP[abi:cxx11]()
 .text._ZNKSt16initializer_listImE4sizeEv
                0x08003dce       0x18 ./Core/Src/main.o
                0x08003dce                std::initializer_list<unsigned long>::size() const
 .text._ZNKSt16initializer_listINSt7__cxx1112basic_stringIcSt11char_traitsIcESaIcEEEE4sizeEv
                0x08003de6       0x18 ./Core/Src/main.o
                0x08003de6                std::initializer_list<std::__cxx11::basic_string<char, std::char_traits<char>, std::allocator<char> > >::size() const
 *fill*         0x08003dfe        0x2 
 .text._ZN6NEOWAY12SEND_RECIEVEENSt7__cxx1112basic_stringIcSt11char_traitsIcESaIcEEESt16initializer_listImEtS6_IS5_E
                0x08003e00      0x83c ./Core/Src/main.o
                0x08003e00                NEOWAY::SEND_RECIEVE(std::__cxx11::basic_string<char, std::char_traits<char>, std::allocator<char> >, std::initializer_list<unsigned long>, unsigned short, std::initializer_list<std::__cxx11::basic_string<char, std::char_traits<char>, std::allocator<char> > >)
 .text._ZN6NEOWAY20SEND_RECIEVE_POINTERENSt7__cxx1112basic_stringIcSt11char_traitsIcESaIcEEESt16initializer_listImEtS6_IS5_ERS5_
                0x0800463c      0x5c8 ./Core/Src/main.o
                0x0800463c                NEOWAY::SEND_RECIEVE_POINTER(std::__cxx11::basic_string<char, std::char_traits<char>, std::allocator<char> >, std::initializer_list<unsigned long>, unsigned short, std::initializer_list<std::__cxx11::basic_string<char, std::char_traits<char>, std::allocator<char> > >, std::__cxx11::basic_string<char, std::char_traits<char>, std::allocator<char> >&)
 .text._ZN6NEOWAY14CHECK_RESPONSEEPNSt7__cxx1112basic_stringIcSt11char_traitsIcESaIcEEES6_
                0x08004c04       0xf0 ./Core/Src/main.o
                0x08004c04                NEOWAY::CHECK_RESPONSE(std::__cxx11::basic_string<char, std::char_traits<char>, std::allocator<char> >*, std::__cxx11::basic_string<char, std::char_traits<char>, std::allocator<char> >*)
 .text._ZN6NEOWAY8BLE_NAMEENSt7__cxx1112basic_stringIcSt11char_traitsIcESaIcEEE
                0x08004cf4      0x1d4 ./Core/Src/main.o
                0x08004cf4                NEOWAY::BLE_NAME(std::__cxx11::basic_string<char, std::char_traits<char>, std::allocator<char> >)
 .text._ZN6NEOWAY9BLE_SETUPENSt7__cxx1112basic_stringIcSt11char_traitsIcESaIcEEE
                0x08004ec8      0x624 ./Core/Src/main.o
                0x08004ec8                NEOWAY::BLE_SETUP(std::__cxx11::basic_string<char, std::char_traits<char>, std::allocator<char> >)
 .text._ZN6NEOWAY8BLE_READB5cxx11Em
                0x080054ec      0x134 ./Core/Src/main.o
                0x080054ec                NEOWAY::BLE_READ[abi:cxx11](unsigned long)
 .text._ZN6NEOWAY8BLE_SENDENSt7__cxx1112basic_stringIcSt11char_traitsIcESaIcEEE
                0x08005620      0x2b4 ./Core/Src/main.o
                0x08005620                NEOWAY::BLE_SEND(std::__cxx11::basic_string<char, std::char_traits<char>, std::allocator<char> >)
 .text._ZN6NEOWAY8POWER_ONEv
                0x080058d4      0x2d4 ./Core/Src/main.o
                0x080058d4                NEOWAY::POWER_ON()
 .text._ZN6NEOWAY4INITEv
                0x08005ba8      0x79c ./Core/Src/main.o
                0x08005ba8                NEOWAY::INIT()
 .text._ZN10UART_DEBUGC2EP12DynamicArrayIP9VARIABLESEP12UART_PRINTERP6NEOWAY
                0x08006344       0x5c ./Core/Src/main.o
                0x08006344                UART_DEBUG::UART_DEBUG(DynamicArray<VARIABLES*>*, UART_PRINTER*, NEOWAY*)
                0x08006344                UART_DEBUG::UART_DEBUG(DynamicArray<VARIABLES*>*, UART_PRINTER*, NEOWAY*)
 .text._ZN10UART_DEBUG6Print2ENSt7__cxx1112basic_stringIcSt11char_traitsIcESaIcEEE
                0x080063a0       0x5e ./Core/Src/main.o
                0x080063a0                UART_DEBUG::Print2(std::__cxx11::basic_string<char, std::char_traits<char>, std::allocator<char> >)
 *fill*         0x080063fe        0x2 
 .text._ZN10UART_DEBUG10Json_printENSt7__cxx1112basic_stringIcSt11char_traitsIcESaIcEEES5_b
                0x08006400      0x164 ./Core/Src/main.o
                0x08006400                UART_DEBUG::Json_print(std::__cxx11::basic_string<char, std::char_traits<char>, std::allocator<char> >, std::__cxx11::basic_string<char, std::char_traits<char>, std::allocator<char> >, bool)
 .text._ZN10UART_DEBUG8BLE_ReadB5cxx11Em
                0x08006564       0x22 ./Core/Src/main.o
                0x08006564                UART_DEBUG::BLE_Read[abi:cxx11](unsigned long)
 .text._ZN10UART_DEBUG8Ser_ReadB5cxx11Em
                0x08006586       0x22 ./Core/Src/main.o
                0x08006586                UART_DEBUG::Ser_Read[abi:cxx11](unsigned long)
 .text._ZN10UART_DEBUG13Both_Get_passB5cxx11EmPi
                0x080065a8      0x180 ./Core/Src/main.o
                0x080065a8                UART_DEBUG::Both_Get_pass[abi:cxx11](unsigned long, int*)
 .text._ZN10UART_DEBUG9Both_ReadB5cxx11Em
                0x08006728      0x168 ./Core/Src/main.o
                0x08006728                UART_DEBUG::Both_Read[abi:cxx11](unsigned long)
 .text._ZN10UART_DEBUG15Both_read_checkENSt7__cxx1112basic_stringIcSt11char_traitsIcESaIcEEEmS5_PS5_
                0x08006890      0x180 ./Core/Src/main.o
                0x08006890                UART_DEBUG::Both_read_check(std::__cxx11::basic_string<char, std::char_traits<char>, std::allocator<char> >, unsigned long, std::__cxx11::basic_string<char, std::char_traits<char>, std::allocator<char> >, std::__cxx11::basic_string<char, std::char_traits<char>, std::allocator<char> >*)
 .text._ZN10UART_DEBUG14CHECK_RESPONSEEPNSt7__cxx1112basic_stringIcSt11char_traitsIcESaIcEEES6_
                0x08006a10       0x8c ./Core/Src/main.o
                0x08006a10                UART_DEBUG::CHECK_RESPONSE(std::__cxx11::basic_string<char, std::char_traits<char>, std::allocator<char> >*, std::__cxx11::basic_string<char, std::char_traits<char>, std::allocator<char> >*)
 .text._ZN9VARIABLESD2Ev
                0x08006a9c       0x24 ./Core/Src/main.o
                0x08006a9c                VARIABLES::~VARIABLES()
                0x08006a9c                VARIABLES::~VARIABLES()
 .text._ZN11BUTTON_READC2EP12DynamicArrayIP9VARIABLESENSt7__cxx1112basic_stringIcSt11char_traitsIcESaIcEEEb
                0x08006ac0       0x4e ./Core/Src/main.o
                0x08006ac0                BUTTON_READ::BUTTON_READ(DynamicArray<VARIABLES*>*, std::__cxx11::basic_string<char, std::char_traits<char>, std::allocator<char> >, bool)
                0x08006ac0                BUTTON_READ::BUTTON_READ(DynamicArray<VARIABLES*>*, std::__cxx11::basic_string<char, std::char_traits<char>, std::allocator<char> >, bool)
 .text._ZN11ArduinoJson7V6211HB18StaticJsonDocumentILj1200EED2Ev
                0x08006b0e       0x1a ./Core/Src/main.o
                0x08006b0e                ArduinoJson::V6211HB::StaticJsonDocument<1200u>::~StaticJsonDocument()
                0x08006b0e                ArduinoJson::V6211HB::StaticJsonDocument<1200u>::~StaticJsonDocument()
 .text._ZN12JSON_HANDLERC2ER12DynamicArrayIP9VARIABLESE
                0x08006b28       0x78 ./Core/Src/main.o
                0x08006b28                JSON_HANDLER::JSON_HANDLER(DynamicArray<VARIABLES*>&)
                0x08006b28                JSON_HANDLER::JSON_HANDLER(DynamicArray<VARIABLES*>&)
 .text._ZN11ArduinoJson7V6211HB6detail11MemberProxyIRNS0_12JsonDocumentENSt7__cxx1112basic_stringIcSt11char_traitsIcESaIcEEEED2Ev
                0x08006ba0       0x1c ./Core/Src/main.o
                0x08006ba0                ArduinoJson::V6211HB::detail::MemberProxy<ArduinoJson::V6211HB::JsonDocument&, std::__cxx11::basic_string<char, std::char_traits<char>, std::allocator<char> > >::~MemberProxy()
                0x08006ba0                ArduinoJson::V6211HB::detail::MemberProxy<ArduinoJson::V6211HB::JsonDocument&, std::__cxx11::basic_string<char, std::char_traits<char>, std::allocator<char> > >::~MemberProxy()
 .text._ZN12JSON_HANDLER14MAKE_META_JSONENS_10clear_enumEb
                0x08006bbc      0x270 ./Core/Src/main.o
                0x08006bbc                JSON_HANDLER::MAKE_META_JSON(JSON_HANDLER::clear_enum, bool)
 .text._ZN12JSON_HANDLER20GET_META_JSON_STRINGB5cxx11Ev
                0x08006e2c       0x20 ./Core/Src/main.o
                0x08006e2c                JSON_HANDLER::GET_META_JSON_STRING[abi:cxx11]()
 .text._ZN12JSON_HANDLER10CLEAR_METAENS_10clear_enumE
                0x08006e4c       0x60 ./Core/Src/main.o
                0x08006e4c                JSON_HANDLER::CLEAR_META(JSON_HANDLER::clear_enum)
 .text._ZNK12JSON_HANDLER22COMPARE_META_DATA_JSONERN11ArduinoJson7V6211HB18StaticJsonDocumentILj1200EEE
                0x08006eac       0x24 ./Core/Src/main.o
                0x08006eac                JSON_HANDLER::COMPARE_META_DATA_JSON(ArduinoJson::V6211HB::StaticJsonDocument<1200u>&) const
 .text._Z6go2appm
                0x08006ed0      0x100 ./Core/Src/main.o
                0x08006ed0                go2app(unsigned long)
 .text._Z10PassAuthenv
                0x08006fd0      0x198 ./Core/Src/main.o
                0x08006fd0                PassAuthen()
 .text._Z10MENU_PRINTb
                0x08007168      0x91c ./Core/Src/main.o
                0x08007168                MENU_PRINT(bool)
 .text._Z16save_meta_neowayv
                0x08007a84       0x3c ./Core/Src/main.o
                0x08007a84                save_meta_neoway()
 .text._Z13UPDATE_CONFIGRKN11ArduinoJson7V6211HB18StaticJsonDocumentILj1200EEE
                0x08007ac0       0xf0 ./Core/Src/main.o
                0x08007ac0                UPDATE_CONFIG(ArduinoJson::V6211HB::StaticJsonDocument<1200u> const&)
 .text._Z10write_fileRNSt7__cxx1112basic_stringIcSt11char_traitsIcESaIcEEES4_
                0x08007bb0      0x240 ./Core/Src/main.o
                0x08007bb0                write_file(std::__cxx11::basic_string<char, std::char_traits<char>, std::allocator<char> >&, std::__cxx11::basic_string<char, std::char_traits<char>, std::allocator<char> >)
 .text._Z11config_filev
                0x08007df0      0x19c ./Core/Src/main.o
                0x08007df0                config_file()
 .text._ZN11ArduinoJson7V6211HB18StaticJsonDocumentILj1024EED2Ev
                0x08007f8c       0x1a ./Core/Src/main.o
                0x08007f8c                ArduinoJson::V6211HB::StaticJsonDocument<1024u>::~StaticJsonDocument()
                0x08007f8c                ArduinoJson::V6211HB::StaticJsonDocument<1024u>::~StaticJsonDocument()
 *fill*         0x08007fa6        0x2 
 .text._Z9GET_LINKSRNSt7__cxx1112basic_stringIcSt11char_traitsIcESaIcEEES5_
                0x08007fa8      0x7f8 ./Core/Src/main.o
                0x08007fa8                GET_LINKS(std::__cxx11::basic_string<char, std::char_traits<char>, std::allocator<char> >&, std::__cxx11::basic_string<char, std::char_traits<char>, std::allocator<char> >&)
 .text._Z15add_certificateNSt7__cxx1112basic_stringIcSt11char_traitsIcESaIcEEEPS4_
                0x080087a0      0x2bc ./Core/Src/main.o
                0x080087a0                add_certificate(std::__cxx11::basic_string<char, std::char_traits<char>, std::allocator<char> >, std::__cxx11::basic_string<char, std::char_traits<char>, std::allocator<char> >*)
 .text._Z18delete_certificateNSt7__cxx1112basic_stringIcSt11char_traitsIcESaIcEEE
                0x08008a5c       0xb0 ./Core/Src/main.o
                0x08008a5c                delete_certificate(std::__cxx11::basic_string<char, std::char_traits<char>, std::allocator<char> >)
 .text._Z22check_all_certificatesv
                0x08008b0c      0x424 ./Core/Src/main.o
                0x08008b0c                check_all_certificates()
 .text._Z14JSON_EXTRACTERPNSt7__cxx1112basic_stringIcSt11char_traitsIcESaIcEEEPN11ArduinoJson7V6211HB18StaticJsonDocumentILj1200EEE
                0x08008f30       0xcc ./Core/Src/main.o
                0x08008f30                JSON_EXTRACTER(std::__cxx11::basic_string<char, std::char_traits<char>, std::allocator<char> >*, ArduinoJson::V6211HB::StaticJsonDocument<1200u>*)
 .text._Z8cert_addv
                0x08008ffc      0x654 ./Core/Src/main.o
                0x08008ffc                cert_add()
 .text._Z14getcertificatePNSt7__cxx1112basic_stringIcSt11char_traitsIcESaIcEEE
                0x08009650       0xd4 ./Core/Src/main.o
                0x08009650                getcertificate(std::__cxx11::basic_string<char, std::char_traits<char>, std::allocator<char> >*)
 .text._Z11https_setupv
                0x08009724      0x3a8 ./Core/Src/main.o
                0x08009724                https_setup()
 .text._Z9https_reqNSt7__cxx1112basic_stringIcSt11char_traitsIcESaIcEEEt
                0x08009acc      0x388 ./Core/Src/main.o
                0x08009acc                https_req(std::__cxx11::basic_string<char, std::char_traits<char>, std::allocator<char> >, unsigned short)
 .text._ZNKSt16initializer_listIhE5beginEv
                0x08009e54       0x18 ./Core/Src/main.o
                0x08009e54                std::initializer_list<unsigned char>::begin() const
 .text._Z10print_timeNSt7__cxx1112basic_stringIcSt11char_traitsIcESaIcEEESt16initializer_listIhE
                0x08009e6c      0x308 ./Core/Src/main.o
                0x08009e6c                print_time(std::__cxx11::basic_string<char, std::char_traits<char>, std::allocator<char> >, std::initializer_list<unsigned char>)
 .text._Z15Print_save_timev
                0x0800a174       0xa8 ./Core/Src/main.o
                0x0800a174                Print_save_time()
 .text._Z13Get_save_timev
                0x0800a21c      0x67c ./Core/Src/main.o
                0x0800a21c                Get_save_time()
 .text._Z7httpgetRKNSt7__cxx1112basic_stringIcSt11char_traitsIcESaIcEEE
                0x0800a898      0x300 ./Core/Src/main.o
                0x0800a898                httpget(std::__cxx11::basic_string<char, std::char_traits<char>, std::allocator<char> > const&)
 .text._Z13get_file_nameRKNSt7__cxx1112basic_stringIcSt11char_traitsIcESaIcEEERS4_
                0x0800ab98       0x9c ./Core/Src/main.o
                0x0800ab98                get_file_name(std::__cxx11::basic_string<char, std::char_traits<char>, std::allocator<char> > const&, std::__cxx11::basic_string<char, std::char_traits<char>, std::allocator<char> >&)
 .text._Z19https_file_downloadRNSt7__cxx1112basic_stringIcSt11char_traitsIcESaIcEEE
                0x0800ac34       0x20 ./Core/Src/main.o
                0x0800ac34                https_file_download(std::__cxx11::basic_string<char, std::char_traits<char>, std::allocator<char> >&)
 .text._Z12object_setupv
                0x0800ac54        0xe ./Core/Src/main.o
                0x0800ac54                object_setup()
 *fill*         0x0800ac62        0x2 
 .text.HAL_RTC_AlarmAEventCallback
                0x0800ac64       0x20 ./Core/Src/main.o
                0x0800ac64                HAL_RTC_AlarmAEventCallback
 .text.HAL_RTCEx_AlarmBEventCallback
                0x0800ac84       0x54 ./Core/Src/main.o
                0x0800ac84                HAL_RTCEx_AlarmBEventCallback
 .text.HAL_RTCEx_WakeUpTimerEventCallback
                0x0800acd8       0x48 ./Core/Src/main.o
                0x0800acd8                HAL_RTCEx_WakeUpTimerEventCallback
 .text._Z13get_file_sizeRNSt7__cxx1112basic_stringIcSt11char_traitsIcESaIcEEE
                0x0800ad20      0x290 ./Core/Src/main.o
                0x0800ad20                get_file_size(std::__cxx11::basic_string<char, std::char_traits<char>, std::allocator<char> >&)
 .text._Z16check_cont_flagsv
                0x0800afb0       0x38 ./Core/Src/main.o
                0x0800afb0                check_cont_flags()
 .text._Z9ota_breakbNSt7__cxx1112basic_stringIcSt11char_traitsIcESaIcEEE
                0x0800afe8       0x50 ./Core/Src/main.o
                0x0800afe8                ota_break(bool, std::__cxx11::basic_string<char, std::char_traits<char>, std::allocator<char> >)
 .text._Z8ota_procRNSt7__cxx1112basic_stringIcSt11char_traitsIcESaIcEEEm
                0x0800b038      0x4d4 ./Core/Src/main.o
                0x0800b038                ota_proc(std::__cxx11::basic_string<char, std::char_traits<char>, std::allocator<char> >&, unsigned long)
 .text._Z18neoway_delete_fileRNSt7__cxx1112basic_stringIcSt11char_traitsIcESaIcEEE
                0x0800b50c      0x2a4 ./Core/Src/main.o
                0x0800b50c                neoway_delete_file(std::__cxx11::basic_string<char, std::char_traits<char>, std::allocator<char> >&)
 .text._Z15update_ota_contv
                0x0800b7b0       0x30 ./Core/Src/main.o
                0x0800b7b0                update_ota_cont()
 .text._Z12OTA_FUNCTIONv
                0x0800b7e0      0x528 ./Core/Src/main.o
                0x0800b7e0                OTA_FUNCTION()
 .text._Z11if_in_rangeRNSt7__cxx1112basic_stringIcSt11char_traitsIcESaIcEEEm
                0x0800bd08       0x3a ./Core/Src/main.o
                0x0800bd08                if_in_range(std::__cxx11::basic_string<char, std::char_traits<char>, std::allocator<char> >&, unsigned long)
 .text._Z9str_to_64RNSt7__cxx1112basic_stringIcSt11char_traitsIcESaIcEEEm
                0x0800bd42       0x94 ./Core/Src/main.o
                0x0800bd42                str_to_64(std::__cxx11::basic_string<char, std::char_traits<char>, std::allocator<char> >&, unsigned long)
 *fill*         0x0800bdd6        0x2 
 .text._Z12FLASH_ERASE2mm
                0x0800bdd8      0x104 ./Core/Src/main.o
                0x0800bdd8                FLASH_ERASE2(unsigned long, unsigned long)
 .text._ZL23write_data_to_flash_appRNSt7__cxx1112basic_stringIcSt11char_traitsIcESaIcEEEb
                0x0800bedc      0x23c ./Core/Src/main.o
 .text._Z12ALL_POWER_ONv
                0x0800c118       0x20 ./Core/Src/main.o
                0x0800c118                ALL_POWER_ON()
 .text.main     0x0800c138      0x1ac ./Core/Src/main.o
                0x0800c138                main
 .text._Z18SystemClock_Configv
                0x0800c2e4       0xc4 ./Core/Src/main.o
                0x0800c2e4                SystemClock_Config()
 .text.Error_Handler
                0x0800c3a8        0xc ./Core/Src/main.o
                0x0800c3a8                Error_Handler
 .text._ZNSt8__detail14__to_chars_lenIjEEjT_i
                0x0800c3b4       0x7e ./Core/Src/main.o
                0x0800c3b4                unsigned int std::__detail::__to_chars_len<unsigned int>(unsigned int, int)
 *fill*         0x0800c432        0x2 
 .text._ZNSt8__detail18__to_chars_10_implIjEEvPcjT_
                0x0800c434       0xdc ./Core/Src/main.o
                0x0800c434                void std::__detail::__to_chars_10_impl<unsigned int>(char*, unsigned int, unsigned int)
 .text._ZNSt8__detail14__to_chars_lenIyEEjT_i
                0x0800c510       0xc2 ./Core/Src/main.o
                0x0800c510                unsigned int std::__detail::__to_chars_len<unsigned long long>(unsigned long long, int)
 *fill*         0x0800c5d2        0x2 
 .text._ZNSt8__detail18__to_chars_10_implIyEEvPcjT_
                0x0800c5d4      0x110 ./Core/Src/main.o
                0x0800c5d4                void std::__detail::__to_chars_10_impl<unsigned long long>(char*, unsigned int, unsigned long long)
 .text._ZStplIcSt11char_traitsIcESaIcEENSt7__cxx1112basic_stringIT_T0_T1_EES5_RKS8_
                0x0800c6e4       0x54 ./Core/Src/main.o
                0x0800c6e4                std::__cxx11::basic_string<char, std::char_traits<char>, std::allocator<char> > std::operator+<char, std::char_traits<char>, std::allocator<char> >(char, std::__cxx11::basic_string<char, std::char_traits<char>, std::allocator<char> > const&)
 .text._ZStplIcSt11char_traitsIcESaIcEENSt7__cxx1112basic_stringIT_T0_T1_EEPKS5_RKS8_
                0x0800c738       0x58 ./Core/Src/main.o
                0x0800c738                std::__cxx11::basic_string<char, std::char_traits<char>, std::allocator<char> > std::operator+<char, std::char_traits<char>, std::allocator<char> >(char const*, std::__cxx11::basic_string<char, std::char_traits<char>, std::allocator<char> > const&)
 .text._ZN9__gnu_cxxneIPKcNSt7__cxx1112basic_stringIcSt11char_traitsIcESaIcEEEEEbRKNS_17__normal_iteratorIT_T0_EESE_
                0x0800c790       0x30 ./Core/Src/main.o
                0x0800c790                bool __gnu_cxx::operator!=<char const*, std::__cxx11::basic_string<char, std::char_traits<char>, std::allocator<char> > >(__gnu_cxx::__normal_iterator<char const*, std::__cxx11::basic_string<char, std::char_traits<char>, std::allocator<char> > > const&, __gnu_cxx::__normal_iterator<char const*, std::__cxx11::basic_string<char, std::char_traits<char>, std::allocator<char> > > const&)
 .text._ZN9__gnu_cxx17__normal_iteratorIPKcNSt7__cxx1112basic_stringIcSt11char_traitsIcESaIcEEEEppEv
                0x0800c7c0       0x20 ./Core/Src/main.o
                0x0800c7c0                __gnu_cxx::__normal_iterator<char const*, std::__cxx11::basic_string<char, std::char_traits<char>, std::allocator<char> > >::operator++()
 .text._ZNK9__gnu_cxx17__normal_iteratorIPKcNSt7__cxx1112basic_stringIcSt11char_traitsIcESaIcEEEEdeEv
                0x0800c7e0       0x18 ./Core/Src/main.o
                0x0800c7e0                __gnu_cxx::__normal_iterator<char const*, std::__cxx11::basic_string<char, std::char_traits<char>, std::allocator<char> > >::operator*() const
 .text._ZStplIcSt11char_traitsIcESaIcEENSt7__cxx1112basic_stringIT_T0_T1_EEPKS5_OS8_
                0x0800c7f8       0x30 ./Core/Src/main.o
                0x0800c7f8                std::__cxx11::basic_string<char, std::char_traits<char>, std::allocator<char> > std::operator+<char, std::char_traits<char>, std::allocator<char> >(char const*, std::__cxx11::basic_string<char, std::char_traits<char>, std::allocator<char> >&&)
 .text._ZN11ArduinoJson7V6211HB6detail10MemoryPool10allocRightINS1_11VariantSlotEEEPT_v
                0x0800c828       0x1a ./Core/Src/main.o
                0x0800c828                ArduinoJson::V6211HB::detail::VariantSlot* ArduinoJson::V6211HB::detail::MemoryPool::allocRight<ArduinoJson::V6211HB::detail::VariantSlot>()
 .text._ZN11ArduinoJson7V6211HB6detail11adaptStringIcEENS1_18SizedStringAdapterIPT_vE13AdaptedStringES5_j
                0x0800c842       0x22 ./Core/Src/main.o
                0x0800c842                ArduinoJson::V6211HB::detail::SizedStringAdapter<char*, void>::AdaptedString ArduinoJson::V6211HB::detail::adaptString<char>(char*, unsigned int)
 .text._ZNK11ArduinoJson7V6211HB6detail10MemoryPool10findStringINS1_14SizedRamStringEEEPKcRKT_
                0x0800c864       0x82 ./Core/Src/main.o
                0x0800c864                char const* ArduinoJson::V6211HB::detail::MemoryPool::findString<ArduinoJson::V6211HB::detail::SizedRamString>(ArduinoJson::V6211HB::detail::SizedRamString const&) const
 .text._ZN11ArduinoJson7V6211HB6detailneINS0_16JsonVariantConstEEEbRKT_S3_
                0x0800c8e6       0x26 ./Core/Src/main.o
                0x0800c8e6                bool ArduinoJson::V6211HB::detail::operator!=<ArduinoJson::V6211HB::JsonVariantConst>(ArduinoJson::V6211HB::JsonVariantConst const&, ArduinoJson::V6211HB::JsonVariantConst)
 .text._ZN11ArduinoJson7V6211HB6detail11adaptStringINS0_10JsonStringEEENS1_13StringAdapterIT_vE13AdaptedStringERKS5_
                0x0800c90c       0x1e ./Core/Src/main.o
                0x0800c90c                ArduinoJson::V6211HB::detail::StringAdapter<ArduinoJson::V6211HB::JsonString, void>::AdaptedString ArduinoJson::V6211HB::detail::adaptString<ArduinoJson::V6211HB::JsonString>(ArduinoJson::V6211HB::JsonString const&)
 .text._ZN11ArduinoJson7V6211HB6detail11adaptStringIKcEENS1_13StringAdapterIPT_vE13AdaptedStringES6_
                0x0800c92a       0x18 ./Core/Src/main.o
                0x0800c92a                ArduinoJson::V6211HB::detail::StringAdapter<char const*, void>::AdaptedString ArduinoJson::V6211HB::detail::adaptString<char const>(char const*)
 .text._ZN11ArduinoJson7V6211HB13serializeJsonINSt7__cxx1112basic_stringIcSt11char_traitsIcESaIcEEEEEjNS0_16JsonVariantConstERT_
                0x0800c942       0x1c ./Core/Src/main.o
                0x0800c942                unsigned int ArduinoJson::V6211HB::serializeJson<std::__cxx11::basic_string<char, std::char_traits<char>, std::allocator<char> > >(ArduinoJson::V6211HB::JsonVariantConst, std::__cxx11::basic_string<char, std::char_traits<char>, std::allocator<char> >&)
 .text._ZN11ArduinoJson7V6211HB6detail15VariantComparer6acceptINS1_13ArrayComparerEEENS1_13CompareResultERT_
                0x0800c95e       0x38 ./Core/Src/main.o
                0x0800c95e                ArduinoJson::V6211HB::detail::CompareResult ArduinoJson::V6211HB::detail::VariantComparer::accept<ArduinoJson::V6211HB::detail::ArrayComparer>(ArduinoJson::V6211HB::detail::ArrayComparer&)
 .text._ZN11ArduinoJson7V6211HB6detail15VariantComparer6acceptINS1_14ObjectComparerEEENS1_13CompareResultERT_
                0x0800c996       0x38 ./Core/Src/main.o
                0x0800c996                ArduinoJson::V6211HB::detail::CompareResult ArduinoJson::V6211HB::detail::VariantComparer::accept<ArduinoJson::V6211HB::detail::ObjectComparer>(ArduinoJson::V6211HB::detail::ObjectComparer&)
 .text._ZN11ArduinoJson7V6211HB6detail8ComparerIdvEC2Ed
                0x0800c9ce       0x24 ./Core/Src/main.o
                0x0800c9ce                ArduinoJson::V6211HB::detail::Comparer<double, void>::Comparer(double)
                0x0800c9ce                ArduinoJson::V6211HB::detail::Comparer<double, void>::Comparer(double)
 .text._ZN11ArduinoJson7V6211HB6detail15VariantComparer6acceptINS1_8ComparerIdvEEEENS1_13CompareResultERT_
                0x0800c9f2       0x38 ./Core/Src/main.o
                0x0800c9f2                ArduinoJson::V6211HB::detail::CompareResult ArduinoJson::V6211HB::detail::VariantComparer::accept<ArduinoJson::V6211HB::detail::Comparer<double, void> >(ArduinoJson::V6211HB::detail::Comparer<double, void>&)
 .text._ZN11ArduinoJson7V6211HB6detail8ComparerIPKcvEC2ES4_
                0x0800ca2a       0x1e ./Core/Src/main.o
                0x0800ca2a                ArduinoJson::V6211HB::detail::Comparer<char const*, void>::Comparer(char const*)
                0x0800ca2a                ArduinoJson::V6211HB::detail::Comparer<char const*, void>::Comparer(char const*)
 .text._ZN11ArduinoJson7V6211HB6detail15VariantComparer6acceptINS1_8ComparerIPKcvEEEENS1_13CompareResultERT_
                0x0800ca48       0x38 ./Core/Src/main.o
                0x0800ca48                ArduinoJson::V6211HB::detail::CompareResult ArduinoJson::V6211HB::detail::VariantComparer::accept<ArduinoJson::V6211HB::detail::Comparer<char const*, void> >(ArduinoJson::V6211HB::detail::Comparer<char const*, void>&)
 .text._ZN11ArduinoJson7V6211HB6detail15VariantComparer6acceptINS1_11RawComparerEEENS1_13CompareResultERT_
                0x0800ca80       0x38 ./Core/Src/main.o
                0x0800ca80                ArduinoJson::V6211HB::detail::CompareResult ArduinoJson::V6211HB::detail::VariantComparer::accept<ArduinoJson::V6211HB::detail::RawComparer>(ArduinoJson::V6211HB::detail::RawComparer&)
 .text._ZN11ArduinoJson7V6211HB6detail8ComparerIxvEC2Ex
                0x0800cab8       0x24 ./Core/Src/main.o
                0x0800cab8                ArduinoJson::V6211HB::detail::Comparer<long long, void>::Comparer(long long)
                0x0800cab8                ArduinoJson::V6211HB::detail::Comparer<long long, void>::Comparer(long long)
 .text._ZN11ArduinoJson7V6211HB6detail15VariantComparer6acceptINS1_8ComparerIxvEEEENS1_13CompareResultERT_
                0x0800cadc       0x38 ./Core/Src/main.o
                0x0800cadc                ArduinoJson::V6211HB::detail::CompareResult ArduinoJson::V6211HB::detail::VariantComparer::accept<ArduinoJson::V6211HB::detail::Comparer<long long, void> >(ArduinoJson::V6211HB::detail::Comparer<long long, void>&)
 .text._ZN11ArduinoJson7V6211HB6detail8ComparerIyvEC2Ey
                0x0800cb14       0x24 ./Core/Src/main.o
                0x0800cb14                ArduinoJson::V6211HB::detail::Comparer<unsigned long long, void>::Comparer(unsigned long long)
                0x0800cb14                ArduinoJson::V6211HB::detail::Comparer<unsigned long long, void>::Comparer(unsigned long long)
 .text._ZN11ArduinoJson7V6211HB6detail15VariantComparer6acceptINS1_8ComparerIyvEEEENS1_13CompareResultERT_
                0x0800cb38       0x38 ./Core/Src/main.o
                0x0800cb38                ArduinoJson::V6211HB::detail::CompareResult ArduinoJson::V6211HB::detail::VariantComparer::accept<ArduinoJson::V6211HB::detail::Comparer<unsigned long long, void> >(ArduinoJson::V6211HB::detail::Comparer<unsigned long long, void>&)
 .text._ZN11ArduinoJson7V6211HB6detail8ComparerIbvEC2Eb
                0x0800cb70       0x20 ./Core/Src/main.o
                0x0800cb70                ArduinoJson::V6211HB::detail::Comparer<bool, void>::Comparer(bool)
                0x0800cb70                ArduinoJson::V6211HB::detail::Comparer<bool, void>::Comparer(bool)
 .text._ZN11ArduinoJson7V6211HB6detail15VariantComparer6acceptINS1_8ComparerIbvEEEENS1_13CompareResultERT_
                0x0800cb90       0x38 ./Core/Src/main.o
                0x0800cb90                ArduinoJson::V6211HB::detail::CompareResult ArduinoJson::V6211HB::detail::VariantComparer::accept<ArduinoJson::V6211HB::detail::Comparer<bool, void> >(ArduinoJson::V6211HB::detail::Comparer<bool, void>&)
 .text._ZN11ArduinoJson7V6211HB6detail15VariantComparer6acceptINS1_12NullComparerEEENS1_13CompareResultERT_
                0x0800cbc8       0x38 ./Core/Src/main.o
                0x0800cbc8                ArduinoJson::V6211HB::detail::CompareResult ArduinoJson::V6211HB::detail::VariantComparer::accept<ArduinoJson::V6211HB::detail::NullComparer>(ArduinoJson::V6211HB::detail::NullComparer&)
 .text._ZN11ArduinoJson7V6211HB6detail11VariantData10setIntegerIxEENS1_9enable_ifIXsrNS1_9is_signedIT_EE5valueEvE4typeES6_
                0x0800cc00       0x26 ./Core/Src/main.o
                0x0800cc00                ArduinoJson::V6211HB::detail::enable_if<ArduinoJson::V6211HB::detail::is_signed<long long>::value, void>::type ArduinoJson::V6211HB::detail::VariantData::setInteger<long long>(long long)
 .text._ZN11ArduinoJson7V6211HB6detail11VariantData10setIntegerIyEENS1_9enable_ifIXsrNS1_11is_unsignedIT_EE5valueEvE4typeES6_
                0x0800cc26       0x26 ./Core/Src/main.o
                0x0800cc26                ArduinoJson::V6211HB::detail::enable_if<ArduinoJson::V6211HB::detail::is_unsigned<unsigned long long>::value, void>::type ArduinoJson::V6211HB::detail::VariantData::setInteger<unsigned long long>(unsigned long long)
 .text._ZN11ArduinoJson7V6211HB6detail11FloatTraitsIdLj8EE3infEv
                0x0800cc4c       0x24 ./Core/Src/main.o
                0x0800cc4c                ArduinoJson::V6211HB::detail::FloatTraits<double, 8u>::inf()
 .text._ZN11ArduinoJson7V6211HB6detail10make_floatIdiEET_S3_T0_
                0x0800cc70       0x8a ./Core/Src/main.o
                0x0800cc70                double ArduinoJson::V6211HB::detail::make_float<double, int>(double, int)
 .text._ZN12DynamicArrayI9ParameterEC2Ev
                0x0800ccfa       0x68 ./Core/Src/main.o
                0x0800ccfa                DynamicArray<Parameter>::DynamicArray()
                0x0800ccfa                DynamicArray<Parameter>::DynamicArray()
 .text._ZN12DynamicArrayI9ParameterED2Ev
                0x0800cd62       0x16 ./Core/Src/main.o
                0x0800cd62                DynamicArray<Parameter>::~DynamicArray()
                0x0800cd62                DynamicArray<Parameter>::~DynamicArray()
 .text._ZN12DynamicArrayIP9VARIABLESE9push_backES1_
                0x0800cd78       0x2e ./Core/Src/main.o
                0x0800cd78                DynamicArray<VARIABLES*>::push_back(VARIABLES*)
 .text._ZN12DynamicArrayIP9VARIABLESEC2Ev
                0x0800cda6       0x42 ./Core/Src/main.o
                0x0800cda6                DynamicArray<VARIABLES*>::DynamicArray()
                0x0800cda6                DynamicArray<VARIABLES*>::DynamicArray()
 .text._ZN12DynamicArrayIbEC2Ev
                0x0800cde8       0x32 ./Core/Src/main.o
                0x0800cde8                DynamicArray<bool>::DynamicArray()
                0x0800cde8                DynamicArray<bool>::DynamicArray()
 .text._ZN12DynamicArrayIbE9push_backEb
                0x0800ce1a       0x2a ./Core/Src/main.o
                0x0800ce1a                DynamicArray<bool>::push_back(bool)
 .text._ZN12DynamicArrayIbE8pop_backEv
                0x0800ce44       0x34 ./Core/Src/main.o
                0x0800ce44                DynamicArray<bool>::pop_back()
 .text._ZStplIcSt11char_traitsIcESaIcEENSt7__cxx1112basic_stringIT_T0_T1_EEOS8_PKS5_
                0x0800ce78       0x2e ./Core/Src/main.o
                0x0800ce78                std::__cxx11::basic_string<char, std::char_traits<char>, std::allocator<char> > std::operator+<char, std::char_traits<char>, std::allocator<char> >(std::__cxx11::basic_string<char, std::char_traits<char>, std::allocator<char> >&&, char const*)
 .text._ZStplIcSt11char_traitsIcESaIcEENSt7__cxx1112basic_stringIT_T0_T1_EEOS8_S9_
                0x0800cea6       0xe4 ./Core/Src/main.o
                0x0800cea6                std::__cxx11::basic_string<char, std::char_traits<char>, std::allocator<char> > std::operator+<char, std::char_traits<char>, std::allocator<char> >(std::__cxx11::basic_string<char, std::char_traits<char>, std::allocator<char> >&&, std::__cxx11::basic_string<char, std::char_traits<char>, std::allocator<char> >&&)
 .text._ZNKSt16initializer_listImE5beginEv
                0x0800cf8a       0x18 ./Core/Src/main.o
                0x0800cf8a                std::initializer_list<unsigned long>::begin() const
 .text._ZNKSt16initializer_listINSt7__cxx1112basic_stringIcSt11char_traitsIcESaIcEEEE5beginEv
                0x0800cfa2       0x18 ./Core/Src/main.o
                0x0800cfa2                std::initializer_list<std::__cxx11::basic_string<char, std::char_traits<char>, std::allocator<char> > >::begin() const
 .text._ZStplIcSt11char_traitsIcESaIcEENSt7__cxx1112basic_stringIT_T0_T1_EERKS8_SA_
                0x0800cfba       0x64 ./Core/Src/main.o
                0x0800cfba                std::__cxx11::basic_string<char, std::char_traits<char>, std::allocator<char> > std::operator+<char, std::char_traits<char>, std::allocator<char> >(std::__cxx11::basic_string<char, std::char_traits<char>, std::allocator<char> > const&, std::__cxx11::basic_string<char, std::char_traits<char>, std::allocator<char> > const&)
 .text._ZStplIcSt11char_traitsIcESaIcEENSt7__cxx1112basic_stringIT_T0_T1_EERKS8_PKS5_
                0x0800d01e       0x58 ./Core/Src/main.o
                0x0800d01e                std::__cxx11::basic_string<char, std::char_traits<char>, std::allocator<char> > std::operator+<char, std::char_traits<char>, std::allocator<char> >(std::__cxx11::basic_string<char, std::char_traits<char>, std::allocator<char> > const&, char const*)
 .text._ZSteqIcSt11char_traitsIcESaIcEEbRKNSt7__cxx1112basic_stringIT_T0_T1_EEPKS5_
                0x0800d076       0x4c ./Core/Src/main.o