18:13:41 **** Incremental Build of configuration Release for project AWS_2.0_APP ****
make -j8 all 
arm-none-eabi-g++ "../Core/Src/main.cpp" -mcpu=cortex-m4 -std=gnu++14 -DUSE_HAL_DRIVER -DSTM32L433xx -DAPP_CODE -DAWS_2_0 -c -I"D:/New folder/CWSI_2_11_USA/LIBRARY/CUSTOM" -I"D:/New folder/CWSI_2_11_USA/AWS_2.0_APP/ArduinoJson-6.x" -I../Core/Inc -I../Drivers/STM32L4xx_HAL_Driver/Inc -I../Drivers/STM32L4xx_HAL_Driver/Inc/Legacy -I../Drivers/CMSIS/Device/ST/STM32L4xx/Include -I../Drivers/CMSIS/Include -Os -ffunction-sections -fdata-sections -fno-exceptions -fno-rtti -fno-use-cxa-atexit -Wall -fstack-usage -fcyclomatic-complexity -MMD -MP -MF"Core/Src/main.d" -MT"Core/Src/main.o" --specs=nano.specs -mfpu=fpv4-sp-d16 -mfloat-abi=hard -mthumb -o "Core/Src/main.o"
In file included from ../Core/Src/main.cpp:146:
D:/New folder/CWSI_2_11_USA/LIBRARY/CUSTOM/FUNCTIONS.h: In function 'void change_address_rs485()':
D:/New folder/CWSI_2_11_USA/LIBRARY/CUSTOM/FUNCTIONS.h:96:68: warning: narrowing conversion of 'got_add' from 'int32_t' {aka 'long int'} to 'unsigned char' [-Wnarrowing]
   96 |                                         CHANGE_ADD.CUSTOM_FRAME( { got_add, 0x06, 0x00, 0x0F, 0x00, address_uint });
      |                                                                    ^~~~~~~
D:/New folder/CWSI_2_11_USA/LIBRARY/CUSTOM/FUNCTIONS.h:96:68: warning: narrowing conversion of 'got_add' from 'int32_t' {aka 'long int'} to 'unsigned char' [-Wnarrowing]
In file included from D:/New folder/CWSI_2_11_USA/LIBRARY/CUSTOM/INCLUDER.h:110,
                 from ../Core/Src/main.cpp:46:
D:/New folder/CWSI_2_11_USA/LIBRARY/CUSTOM/../CUSTOM/ANALOG.h: In member function 'double ANALOG::ANALOG_CONVERT(bool)':
D:/New folder/CWSI_2_11_USA/LIBRARY/CUSTOM/../CUSTOM/ANALOG.h:97:17: warning: control reaches end of non-void function [-Wreturn-type]
   97 |                 }
      |                 ^
D:/New folder/CWSI_2_11_USA/LIBRARY/CUSTOM/../CUSTOM/ANALOG.h: In member function 'double ANALOG::ANALOG_CONVERT_AVERAGE(uint32_t, bool)':
D:/New folder/CWSI_2_11_USA/LIBRARY/CUSTOM/../CUSTOM/ANALOG.h:116:37: warning: 'analog_temp' may be used uninitialized [-Wmaybe-uninitialized]
  116 |                         analog_temp = analog_temp / count;
      |                         ~~~~~~~~~~~~^~~~~~~~~~~~~~~~~~~~~
D:/New folder/CWSI_2_11_USA/LIBRARY/CUSTOM/../CUSTOM/ANALOG.h:109:32: note: 'analog_temp' was declared here
  109 |                         double analog_temp;
      |                                ^~~~~~~~~~~
arm-none-eabi-g++ -o "AWS_2.0_APP.elf" @"objects.list"   -mcpu=cortex-m4 -T"D:\New folder\CWSI_2_11_USA\AWS_2.0_APP\STM32L433VCTX_FLASH.ld" --specs=nosys.specs -Wl,-Map="AWS_2.0_APP.map" -Wl,--gc-sections -static --specs=nano.specs -mfpu=fpv4-sp-d16 -mfloat-abi=hard -mthumb -Wl,--start-group -lc -lm -lstdc++ -lsupc++ -Wl,--end-group
C:/ST/STM32CubeIDE_1.16.0/STM32CubeIDE/plugins/com.st.stm32cube.ide.mcu.externaltools.gnu-tools-for-stm32.12.3.rel1.win32_1.0.200.202406191623/tools/bin/../lib/gcc/arm-none-eabi/12.3.1/../../../../arm-none-eabi/bin/ld.exe: warning: AWS_2.0_APP.elf has a LOAD segment with RWX permissions
Finished building target: AWS_2.0_APP.elf
 
arm-none-eabi-size  AWS_2.0_APP.elf 
arm-none-eabi-objdump -h -S AWS_2.0_APP.elf  > "AWS_2.0_APP.list"
arm-none-eabi-objcopy  -O binary AWS_2.0_APP.elf  "AWS_2.0_APP.bin"
   text	   data	    bss	    dec	    hex	filename
  60368	    116	   7880	  68364	  10b0c	AWS_2.0_APP.elf
Finished building: default.size.stdout
 
Finished building: AWS_2.0_APP.bin
 
Finished building: AWS_2.0_APP.list
 
18:14:06 **** Incremental Build of configuration Release for project AWS_2.0_OTA ****
make -j8 all 
arm-none-eabi-size  AWS_2.0_OTA.elf 
   text	   data	    bss	    dec	    hex	filename
  47188	    144	   5976	  53308	   d03c	AWS_2.0_OTA.elf
Finished building: default.size.stdout
 
