11:10:01 **** Incremental Build of configuration Release for project AWS_2.0_APP ****
make -j8 all 
arm-none-eabi-size  AWS_2.0_APP.elf 
   text	   data	    bss	    dec	    hex	filename
  76368	    140	   9792	  86300	  1511c	AWS_2.0_APP.elf
Finished building: default.size.stdout
 
13:19:02 **** Incremental Build of configuration Release for project AWS_2.0_OTA ****
make -j8 all 
arm-none-eabi-size  AWS_2.0_OTA.elf 
   text	   data	    bss	    dec	    hex	filename
  47172	    144	   6000	  53316	   d044	AWS_2.0_OTA.elf
Finished building: default.size.stdout
 
